{
  "action_pipeline": "agent_command -> multiply_by_command_scale -> clip_to_environment_bounds -> command_transform -> clip_to_environment_bounds -> add_seeded_actuator_noise_if_noisy -> clip_to_environment_bounds -> env.step",
  "checkpoint": "/root/hubl_research_20260914/results/inverse_residual_confirm/base_hubl_executed_25k_seed10/latest.pt",
  "checkpoint_sha256": "eba1af040aa73823ceba28048e10d3af2eef54c59f09c1e0194f27aa0ed4944d",
  "checkpoint_step": 25000,
  "clean": {
    "command_saturation_definition": "fraction_of_scaled_command_values_strictly_outside_environment_bounds_before_clip",
    "command_saturation_fraction": 0.0,
    "command_scale": 1.0,
    "command_transform": "identity",
    "command_transform_beta": 1.4,
    "command_transform_saturation_definition": "fraction_of_desired_mean_action_values_outside_the_uniform_clipped_channel_mean_range_achievable_by_bounded_commands",
    "command_transform_saturation_fraction": 0.0,
    "episode_seeds": [
      51700,
      51701,
      51702,
      51703,
      51704,
      51705,
      51706,
      51707,
      51708,
      51709,
      51710,
      51711,
      51712,
      51713,
      51714,
      51715,
      51716,
      51717,
      51718,
      51719,
      51720,
      51721,
      51722,
      51723,
      51724,
      51725,
      51726,
      51727,
      51728,
      51729,
      51730,
      51731,
      51732,
      51733,
      51734,
      51735,
      51736,
      51737,
      51738,
      51739,
      51740,
      51741,
      51742,
      51743,
      51744,
      51745,
      51746,
      51747,
      51748,
      51749
    ],
    "lengths": [
      1000,
      1000,
      1000,
      1000,
      1000,
      1000,
      1000,
      1000,
      1000,
      1000,
      1000,
      1000,
      1000,
      1000,
      1000,
      1000,
      1000,
      1000,
      1000,
      1000,
      1000,
      1000,
      1000,
      1000,
      1000,
      1000,
      1000,
      1000,
      1000,
      1000,
      1000,
      1000,
      1000,
      1000,
      1000,
      1000,
      1000,
      1000,
      1000,
      1000,
      1000,
      1000,
      1000,
      1000,
      1000,
      1000,
      1000,
      1000,
      1000,
      1000
    ],
    "normalized_score_mean": 77.62802085785066,
    "normalized_score_std": 0.5792014083439487,
    "return_mean": 3565.27604318506,
    "return_std": 26.589231038101175,
    "returns": [
      3579.4303455696695,
      3560.7056097082077,
      3582.7353135085236,
      3535.8526122855365,
      3566.89202496885,
      3505.5026920870846,
      3591.5475436388174,
      3632.5514906118988,
      3565.023837378209,
      3550.7417643206563,
      3569.919239230459,
      3565.7626742989182,
      3555.88797770428,
      3566.3699364849417,
      3542.582284119771,
      3564.7198282090003,
      3629.3587631303067,
      3619.7906311669713,
      3556.784031359024,
      3543.464800724084,
      3543.2897882893817,
      3597.417127109063,
      3607.9826535540083,
      3552.6577798022604,
      3565.277034231198,
      3548.5815747728816,
      3583.083807011182,
      3569.2253857677288,
      3563.5794288895922,
      3582.2537945703043,
      3555.6898687489333,
      3544.81072042283,
      3553.0818219482726,
      3554.899860078535,
      3568.639504040096,
      3556.0074496413,
      3561.350290373833,
      3517.1187655760164,
      3526.703052926944,
      3641.170850941966,
      3558.5652890447327,
      3564.702271313546,
      3568.7191257678537,
      3539.708468740279,
      3555.047251732314,
      3569.336778684884,
      3570.353539484524,
      3543.3763948907554,
      3543.577220901661,
      3571.9718594909054
    ],
    "transformed_command_at_bound_fraction": 0.0
  },
  "command_scale": 1.0,
  "command_transform": "identity",
  "command_transform_beta": 1.4,
  "environment": "Walker2d-v4",
  "implementation": {
    "evaluate_td3bc_sha256": "770a690f06ee30ba84213fc35948e9f6f8a242a9976288d32d6a3845d3a4df26",
    "evaluation_controls_sha256": "24318269a6696fd22c8112b2d96913bdceb830d83de9df31ca234e1505f1aec9",
    "train_td3bc_sha256": "28094abb38441633f3e52386a9d3ac0747b9df8a4f2bd03403bf46d1d5234737"
  },
  "implementation_sha256": "770a690f06ee30ba84213fc35948e9f6f8a242a9976288d32d6a3845d3a4df26",
  "persistent_action_noise": {
    "action_clip_fraction": 0.34741959611069556,
    "action_noise_beta": 1.4,
    "action_noise_distribution": "iid_uniform_minus_beta_plus_beta_per_step",
    "action_noise_seeds": [
      61700,
      61701,
      61702,
      61703,
      61704,
      61705,
      61706,
      61707,
      61708,
      61709,
      61710,
      61711,
      61712,
      61713,
      61714,
      61715,
      61716,
      61717,
      61718,
      61719,
      61720,
      61721,
      61722,
      61723,
      61724,
      61725,
      61726,
      61727,
      61728,
      61729,
      61730,
      61731,
      61732,
      61733,
      61734,
      61735,
      61736,
      61737,
      61738,
      61739,
      61740,
      61741,
      61742,
      61743,
      61744,
      61745,
      61746,
      61747,
      61748,
      61749
    ],
    "command_saturation_definition": "fraction_of_scaled_command_values_strictly_outside_environment_bounds_before_clip",
    "command_saturation_fraction": 0.0,
    "command_scale": 1.0,
    "command_transform": "identity",
    "command_transform_beta": 1.4,
    "command_transform_saturation_definition": "fraction_of_desired_mean_action_values_outside_the_uniform_clipped_channel_mean_range_achievable_by_bounded_commands",
    "command_transform_saturation_fraction": 0.0,
    "environment_seeds": [
      51700,
      51701,
      51702,
      51703,
      51704,
      51705,
      51706,
      51707,
      51708,
      51709,
      51710,
      51711,
      51712,
      51713,
      51714,
      51715,
      51716,
      51717,
      51718,
      51719,
      51720,
      51721,
      51722,
      51723,
      51724,
      51725,
      51726,
      51727,
      51728,
      51729,
      51730,
      51731,
      51732,
      51733,
      51734,
      51735,
      51736,
      51737,
      51738,
      51739,
      51740,
      51741,
      51742,
      51743,
      51744,
      51745,
      51746,
      51747,
      51748,
      51749
    ],
    "executed_commanded_action_mse": 0.4188357967484182,
    "lengths": [
      158,
      179,
      165,
      125,
      114,
      142,
      156,
      171,
      16,
      162,
      173,
      156,
      8,
      129,
      170,
      131,
      196,
      219,
      161,
      157,
      102,
      206,
      187,
      181,
      167,
      227,
      132,
      129,
      190,
      144,
      215,
      209,
      134,
      165,
      165,
      248,
      146,
      190,
      150,
      135,
      204,
      220,
      141,
      217,
      15,
      150,
      182,
      163,
      293,
      127
    ],
    "normalized_score_mean": 7.6821846600157615,
    "normalized_score_std": 3.123059586714946,
    "return_mean": 354.29283073921755,
    "return_std": 143.36939051019812,
    "returns": [
      332.9232116657775,
      412.7089706612923,
      329.26339825688603,
      252.45511712232778,
      252.1945099884044,
      289.3945546914062,
      312.66018869579943,
      380.2339153411101,
      2.369771449641031,
      360.0286382075932,
      406.16336187956273,
      303.2088995483232,
      -3.0289455992774474,
      271.008044205445,
      324.53027604269096,
      235.51328643612055,
      499.99672556308246,
      555.5812107169992,
      397.8947189094804,
      403.41005153366933,
      206.77008585924176,
      456.94229484644427,
      393.81790240750706,
      379.28128135646125,
      336.76068966760505,
      641.1608028171125,
      311.3024943876151,
      297.9885188654732,
      401.1128815408937,
      287.23010493652004,
      649.7452136160886,
      399.5804506221437,
      288.4547204262911,
      308.14299590599734,
      260.4870021119913,
      510.603290605299,
      308.0034148288343,
      441.6170817590627,
      308.9346321657517,
      293.0628367964827,
      578.3673095380719,
      619.695051526483,
      262.41351738532296,
      467.814668923314,
      1.2848004061077662,
      308.03612852684734,
      480.5555972784155,
      316.8413632946366,
      635.995016666936,
      244.12948257558938
    ],
    "transformed_command_at_bound_fraction": 0.0
  },
  "status": "complete",
  "wall_time_seconds": 47.39333081495715
}
