{
  "action_pipeline": "agent_command -> multiply_by_command_scale -> clip_to_environment_bounds -> command_transform -> clip_to_environment_bounds -> add_seeded_actuator_noise_if_noisy -> clip_to_environment_bounds -> env.step",
  "checkpoint": "/root/hubl_research_20260914/results/inverse_residual_confirm/base_hubl_executed_25k_seed1/latest.pt",
  "checkpoint_sha256": "22b47965695bfa312533741abaa1e17e3cbbc091f3c5e6ba7fc8953fbc8ca6ae",
  "checkpoint_step": 25000,
  "clean": {
    "command_saturation_definition": "fraction_of_scaled_command_values_strictly_outside_environment_bounds_before_clip",
    "command_saturation_fraction": 0.0,
    "command_scale": 1.0,
    "command_transform": "identity",
    "command_transform_beta": 1.4,
    "command_transform_saturation_definition": "fraction_of_desired_mean_action_values_outside_the_uniform_clipped_channel_mean_range_achievable_by_bounded_commands",
    "command_transform_saturation_fraction": 0.0,
    "episode_seeds": [
      51700,
      51701,
      51702,
      51703,
      51704,
      51705,
      51706,
      51707,
      51708,
      51709,
      51710,
      51711,
      51712,
      51713,
      51714,
      51715,
      51716,
      51717,
      51718,
      51719,
      51720,
      51721,
      51722,
      51723,
      51724,
      51725,
      51726,
      51727,
      51728,
      51729,
      51730,
      51731,
      51732,
      51733,
      51734,
      51735,
      51736,
      51737,
      51738,
      51739,
      51740,
      51741,
      51742,
      51743,
      51744,
      51745,
      51746,
      51747,
      51748,
      51749
    ],
    "lengths": [
      680,
      1000,
      1000,
      1000,
      1000,
      1000,
      1000,
      1000,
      1000,
      1000,
      1000,
      1000,
      1000,
      1000,
      1000,
      1000,
      1000,
      1000,
      1000,
      1000,
      1000,
      1000,
      1000,
      1000,
      529,
      686,
      1000,
      1000,
      1000,
      1000,
      1000,
      1000,
      1000,
      1000,
      1000,
      1000,
      1000,
      1000,
      1000,
      778,
      1000,
      685,
      579,
      1000,
      1000,
      640,
      1000,
      998,
      1000,
      1000
    ],
    "normalized_score_mean": 79.66151705938117,
    "normalized_score_std": 10.767073070682176,
    "return_mean": 3658.627163432143,
    "return_std": 494.2809001432503,
    "returns": [
      2586.1649187731505,
      3860.5236764043293,
      3873.8087678156235,
      3854.7436625990267,
      3861.546692146041,
      3900.6348927119,
      3867.086397346459,
      3929.5509462823734,
      3828.324714312649,
      3826.852216733371,
      3937.975920789026,
      3862.771000520626,
      3794.538569507907,
      3869.8835389802853,
      3818.7373520709248,
      3811.8359677845797,
      3711.3521848858186,
      3873.2187039210053,
      3795.56501408336,
      3829.83028801432,
      3874.595544047976,
      3843.6398836036515,
      3829.51067879961,
      3883.885598259268,
      1954.1870815412426,
      2682.458834249031,
      3851.803135997356,
      3811.9691992055623,
      3802.686481358993,
      3872.483873713897,
      3848.5805875890333,
      3892.746648359739,
      3831.2775065022447,
      3849.44201529066,
      3921.2152897908645,
      3876.599411800305,
      3855.580714189833,
      3897.3158422974857,
      3836.5716619125647,
      2946.896798432044,
      3829.3889861618363,
      2591.248689681081,
      2124.241862245575,
      3842.0001255364436,
      3758.357103511456,
      2424.8796389436425,
      3838.984313314546,
      3945.0818969086145,
      3864.6438561044074,
      3854.1394865754073
    ],
    "transformed_command_at_bound_fraction": 1.7516202487300754e-05
  },
  "command_scale": 1.0,
  "command_transform": "identity",
  "command_transform_beta": 1.4,
  "environment": "Walker2d-v4",
  "implementation": {
    "evaluate_td3bc_sha256": "770a690f06ee30ba84213fc35948e9f6f8a242a9976288d32d6a3845d3a4df26",
    "evaluation_controls_sha256": "24318269a6696fd22c8112b2d96913bdceb830d83de9df31ca234e1505f1aec9",
    "train_td3bc_sha256": "28094abb38441633f3e52386a9d3ac0747b9df8a4f2bd03403bf46d1d5234737"
  },
  "implementation_sha256": "770a690f06ee30ba84213fc35948e9f6f8a242a9976288d32d6a3845d3a4df26",
  "persistent_action_noise": {
    "action_clip_fraction": 0.35512562615864,
    "action_noise_beta": 1.4,
    "action_noise_distribution": "iid_uniform_minus_beta_plus_beta_per_step",
    "action_noise_seeds": [
      61700,
      61701,
      61702,
      61703,
      61704,
      61705,
      61706,
      61707,
      61708,
      61709,
      61710,
      61711,
      61712,
      61713,
      61714,
      61715,
      61716,
      61717,
      61718,
      61719,
      61720,
      61721,
      61722,
      61723,
      61724,
      61725,
      61726,
      61727,
      61728,
      61729,
      61730,
      61731,
      61732,
      61733,
      61734,
      61735,
      61736,
      61737,
      61738,
      61739,
      61740,
      61741,
      61742,
      61743,
      61744,
      61745,
      61746,
      61747,
      61748,
      61749
    ],
    "command_saturation_definition": "fraction_of_scaled_command_values_strictly_outside_environment_bounds_before_clip",
    "command_saturation_fraction": 0.0,
    "command_scale": 1.0,
    "command_transform": "identity",
    "command_transform_beta": 1.4,
    "command_transform_saturation_definition": "fraction_of_desired_mean_action_values_outside_the_uniform_clipped_channel_mean_range_achievable_by_bounded_commands",
    "command_transform_saturation_fraction": 0.0,
    "environment_seeds": [
      51700,
      51701,
      51702,
      51703,
      51704,
      51705,
      51706,
      51707,
      51708,
      51709,
      51710,
      51711,
      51712,
      51713,
      51714,
      51715,
      51716,
      51717,
      51718,
      51719,
      51720,
      51721,
      51722,
      51723,
      51724,
      51725,
      51726,
      51727,
      51728,
      51729,
      51730,
      51731,
      51732,
      51733,
      51734,
      51735,
      51736,
      51737,
      51738,
      51739,
      51740,
      51741,
      51742,
      51743,
      51744,
      51745,
      51746,
      51747,
      51748,
      51749
    ],
    "executed_commanded_action_mse": 0.4144783378161522,
    "lengths": [
      171,
      172,
      163,
      196,
      300,
      141,
      166,
      152,
      16,
      146,
      175,
      101,
      9,
      127,
      252,
      82,
      306,
      142,
      154,
      105,
      158,
      257,
      338,
      218,
      172,
      107,
      227,
      139,
      184,
      252,
      274,
      239,
      131,
      10,
      231,
      237,
      177,
      176,
      177,
      228,
      149,
      158,
      174,
      160,
      15,
      183,
      186,
      159,
      117,
      142
    ],
    "normalized_score_mean": 8.399656827662769,
    "normalized_score_std": 4.455405977688806,
    "return_mean": 387.2296174150622,
    "return_std": 204.53302979359404,
    "returns": [
      389.17181790014706,
      413.4649534618052,
      327.0319686933323,
      484.59483913353466,
      830.9606113527835,
      290.07437220493466,
      381.75628995951985,
      281.66542092292394,
      2.4454938930100854,
      315.7396503228717,
      408.81211123159744,
      182.363139108182,
      -3.9836237295726233,
      268.454628164629,
      531.8569201649258,
      64.92632518297773,
      794.0004515453859,
      302.0421274793647,
      370.04937202939715,
      220.38720163402806,
      386.74783310635814,
      529.2319409867257,
      912.282769774708,
      528.3251392228545,
      420.9611751466071,
      220.59320252609317,
      705.525969042081,
      334.40358535439503,
      390.4045266096157,
      592.3945445413707,
      844.0412149984948,
      484.37921443863615,
      312.12542273984036,
      -0.1592431104696863,
      553.3790861070594,
      465.3386053689654,
      372.7742571839547,
      411.10371769352093,
      385.2208573775956,
      643.7084943262224,
      297.65975135150103,
      367.3618518614541,
      357.63264504989337,
      361.3117840665435,
      1.009511054462207,
      369.08904426504813,
      440.3374003920805,
      325.2726148077721,
      220.7016596844063,
      272.50822412953937
    ],
    "transformed_command_at_bound_fraction": 0.0
  },
  "status": "complete",
  "wall_time_seconds": 41.85630075901281
}
