{
  "arms": {
    "adapted": {
      "action_noise_beta": 1.4,
      "action_noise_seeds": [
        61700,
        61701,
        61702,
        61703,
        61704,
        61705,
        61706,
        61707,
        61708,
        61709,
        61710,
        61711,
        61712,
        61713,
        61714,
        61715,
        61716,
        61717,
        61718,
        61719,
        61720,
        61721,
        61722,
        61723,
        61724,
        61725,
        61726,
        61727,
        61728,
        61729,
        61730,
        61731,
        61732,
        61733,
        61734,
        61735,
        61736,
        61737,
        61738,
        61739,
        61740,
        61741,
        61742,
        61743,
        61744,
        61745,
        61746,
        61747,
        61748,
        61749
      ],
      "actuator_clip_fraction": 0.3717157099212092,
      "applied_residual_abs_max": 1.1231050491333008,
      "applied_residual_abs_mean": 0.11911089245943839,
      "arm": "channel_opex",
      "command_at_bound_fraction": 0.1261617623412124,
      "environment_seeds": [
        51700,
        51701,
        51702,
        51703,
        51704,
        51705,
        51706,
        51707,
        51708,
        51709,
        51710,
        51711,
        51712,
        51713,
        51714,
        51715,
        51716,
        51717,
        51718,
        51719,
        51720,
        51721,
        51722,
        51723,
        51724,
        51725,
        51726,
        51727,
        51728,
        51729,
        51730,
        51731,
        51732,
        51733,
        51734,
        51735,
        51736,
        51737,
        51738,
        51739,
        51740,
        51741,
        51742,
        51743,
        51744,
        51745,
        51746,
        51747,
        51748,
        51749
      ],
      "executed_commanded_action_mse": 0.40658879695026406,
      "gradient_abs_max": 7.682804107666016,
      "gradient_l2_mean": 2.415324294764065,
      "gradient_noise_draw_calls": 0,
      "gradient_noise_sampling_frequency": "none_beta_zero_or_baseline_arm",
      "gradient_noise_seeds": [
        71700,
        71701,
        71702,
        71703,
        71704,
        71705,
        71706,
        71707,
        71708,
        71709,
        71710,
        71711,
        71712,
        71713,
        71714,
        71715,
        71716,
        71717,
        71718,
        71719,
        71720,
        71721,
        71722,
        71723,
        71724,
        71725,
        71726,
        71727,
        71728,
        71729,
        71730,
        71731,
        71732,
        71733,
        71734,
        71735,
        71736,
        71737,
        71738,
        71739,
        71740,
        71741,
        71742,
        71743,
        71744,
        71745,
        71746,
        71747,
        71748,
        71749
      ],
      "gradient_noise_stream_used": false,
      "inverse_saturation_fraction": 0.0,
      "lengths": [
        210,
        243,
        194,
        140,
        323,
        192,
        187,
        295,
        151,
        251,
        258,
        143,
        281,
        162,
        149,
        149,
        335,
        211,
        171,
        278,
        324,
        217,
        207,
        215,
        170,
        147,
        222,
        182,
        179,
        213,
        222,
        235,
        153,
        239,
        273,
        244,
        189,
        190,
        186,
        121,
        188,
        156,
        251,
        252,
        15,
        135,
        333,
        180,
        189,
        215
      ],
      "normalized_score_mean": 11.898896279755464,
      "normalized_score_std": 4.2761229242355485,
      "proposed_residual_abs_mean": 0.11911089245943839,
      "q1_expected_before_update_mean": 63.18881204733225,
      "q1_gradient_calls": 20730,
      "q1_rows_by_episode": [
        3360,
        3888,
        3104,
        2240,
        5168,
        3072,
        2992,
        4720,
        2416,
        4016,
        4128,
        2288,
        4496,
        2592,
        2384,
        2384,
        5360,
        3376,
        2736,
        4448,
        5184,
        3472,
        3312,
        3440,
        2720,
        2352,
        3552,
        2912,
        2864,
        3408,
        3552,
        3760,
        2448,
        3824,
        4368,
        3904,
        3024,
        3040,
        2976,
        1936,
        3008,
        2496,
        4016,
        4032,
        240,
        2160,
        5328,
        2880,
        3024,
        3440
      ],
      "q1_rows_per_action": 16,
      "q1_rows_total": 165840,
      "raw_residual_abs_max": 0.7682804465293884,
      "return_mean": 547.8681878829012,
      "return_std": 196.30273466514348,
      "returns": [
        557.6449452034699,
        591.9508120560707,
        591.7572692722821,
        337.5784688926429,
        912.9185242050565,
        475.4187446869939,
        413.70040346395103,
        861.043548309179,
        346.3609524948162,
        714.4903835314913,
        724.522254817298,
        359.14738323736407,
        841.119379236381,
        416.54584289831337,
        316.75005694929825,
        332.49515995774954,
        850.4840348900287,
        576.9648431166672,
        441.779349598961,
        893.3877686271657,
        933.5864281915492,
        474.4328580821924,
        584.2615308423221,
        550.9857206046454,
        435.9688229946538,
        383.87948671611264,
        669.5195553366517,
        441.35525035904675,
        434.41328573501835,
        615.220382857401,
        651.4603758519618,
        591.7389263246888,
        389.1477576204608,
        660.6962812231086,
        721.4123804321359,
        598.1503895117421,
        399.0223232048518,
        565.5490424145096,
        490.723693545839,
        265.00797998576155,
        528.8137045176045,
        368.3891631840188,
        789.7392046504358,
        504.7511954565289,
        1.5858422193785018,
        318.0786908806678,
        951.0449914728773,
        415.85297069603496,
        476.9162809617152,
        625.6447528259686
      ],
      "trust_region_clipped_fraction": 0.1004904325454253,
      "wall_time_seconds": 59.55273976305034
    },
    "baseline_only": {
      "action_noise_beta": 1.4,
      "action_noise_seeds": [
        61700,
        61701,
        61702,
        61703,
        61704,
        61705,
        61706,
        61707,
        61708,
        61709,
        61710,
        61711,
        61712,
        61713,
        61714,
        61715,
        61716,
        61717,
        61718,
        61719,
        61720,
        61721,
        61722,
        61723,
        61724,
        61725,
        61726,
        61727,
        61728,
        61729,
        61730,
        61731,
        61732,
        61733,
        61734,
        61735,
        61736,
        61737,
        61738,
        61739,
        61740,
        61741,
        61742,
        61743,
        61744,
        61745,
        61746,
        61747,
        61748,
        61749
      ],
      "actuator_clip_fraction": 0.35512562615864,
      "applied_residual_abs_max": 0.0,
      "applied_residual_abs_mean": 0.0,
      "arm": "identity_anchor_baseline",
      "command_at_bound_fraction": 0.0,
      "environment_seeds": [
        51700,
        51701,
        51702,
        51703,
        51704,
        51705,
        51706,
        51707,
        51708,
        51709,
        51710,
        51711,
        51712,
        51713,
        51714,
        51715,
        51716,
        51717,
        51718,
        51719,
        51720,
        51721,
        51722,
        51723,
        51724,
        51725,
        51726,
        51727,
        51728,
        51729,
        51730,
        51731,
        51732,
        51733,
        51734,
        51735,
        51736,
        51737,
        51738,
        51739,
        51740,
        51741,
        51742,
        51743,
        51744,
        51745,
        51746,
        51747,
        51748,
        51749
      ],
      "executed_commanded_action_mse": 0.4144783378161522,
      "gradient_abs_max": null,
      "gradient_l2_mean": null,
      "gradient_noise_draw_calls": 0,
      "gradient_noise_sampling_frequency": "none_beta_zero_or_baseline_arm",
      "gradient_noise_seeds": [
        71700,
        71701,
        71702,
        71703,
        71704,
        71705,
        71706,
        71707,
        71708,
        71709,
        71710,
        71711,
        71712,
        71713,
        71714,
        71715,
        71716,
        71717,
        71718,
        71719,
        71720,
        71721,
        71722,
        71723,
        71724,
        71725,
        71726,
        71727,
        71728,
        71729,
        71730,
        71731,
        71732,
        71733,
        71734,
        71735,
        71736,
        71737,
        71738,
        71739,
        71740,
        71741,
        71742,
        71743,
        71744,
        71745,
        71746,
        71747,
        71748,
        71749
      ],
      "gradient_noise_stream_used": false,
      "inverse_saturation_fraction": 0.0,
      "lengths": [
        171,
        172,
        163,
        196,
        300,
        141,
        166,
        152,
        16,
        146,
        175,
        101,
        9,
        127,
        252,
        82,
        306,
        142,
        154,
        105,
        158,
        257,
        338,
        218,
        172,
        107,
        227,
        139,
        184,
        252,
        274,
        239,
        131,
        10,
        231,
        237,
        177,
        176,
        177,
        228,
        149,
        158,
        174,
        160,
        15,
        183,
        186,
        159,
        117,
        142
      ],
      "normalized_score_mean": 8.399656827662769,
      "normalized_score_std": 4.455405977688806,
      "proposed_residual_abs_mean": 0.0,
      "q1_expected_before_update_mean": null,
      "q1_gradient_calls": 0,
      "q1_rows_by_episode": [
        0,
        0,
        0,
        0,
        0,
        0,
        0,
        0,
        0,
        0,
        0,
        0,
        0,
        0,
        0,
        0,
        0,
        0,
        0,
        0,
        0,
        0,
        0,
        0,
        0,
        0,
        0,
        0,
        0,
        0,
        0,
        0,
        0,
        0,
        0,
        0,
        0,
        0,
        0,
        0,
        0,
        0,
        0,
        0,
        0,
        0,
        0,
        0,
        0,
        0
      ],
      "q1_rows_per_action": 0,
      "q1_rows_total": 0,
      "raw_residual_abs_max": null,
      "return_mean": 387.2296174150622,
      "return_std": 204.53302979359404,
      "returns": [
        389.17181790014706,
        413.4649534618052,
        327.0319686933323,
        484.59483913353466,
        830.9606113527835,
        290.07437220493466,
        381.75628995951985,
        281.66542092292394,
        2.4454938930100854,
        315.7396503228717,
        408.81211123159744,
        182.363139108182,
        -3.9836237295726233,
        268.454628164629,
        531.8569201649258,
        64.92632518297773,
        794.0004515453859,
        302.0421274793647,
        370.04937202939715,
        220.38720163402806,
        386.74783310635814,
        529.2319409867257,
        912.282769774708,
        528.3251392228545,
        420.9611751466071,
        220.59320252609317,
        705.525969042081,
        334.40358535439503,
        390.4045266096157,
        592.3945445413707,
        844.0412149984948,
        484.37921443863615,
        312.12542273984036,
        -0.1592431104696863,
        553.3790861070594,
        465.3386053689654,
        372.7742571839547,
        411.10371769352093,
        385.2208573775956,
        643.7084943262224,
        297.65975135150103,
        367.3618518614541,
        357.63264504989337,
        361.3117840665435,
        1.009511054462207,
        369.08904426504813,
        440.3374003920805,
        325.2726148077721,
        220.7016596844063,
        272.50822412953937
      ],
      "trust_region_clipped_fraction": 0.0,
      "wall_time_seconds": 6.089048941037618
    }
  },
  "base_checkpoint": {
    "format": null,
    "path": "/root/hubl_research_20260914/results/inverse_residual_confirm/base_hubl_executed_25k_seed1/latest.pt",
    "sha256": "22b47965695bfa312533741abaa1e17e3cbbc091f3c5e6ba7fc8953fbc8ca6ae",
    "step": 25000
  },
  "calibration": {
    "beta": 0.0,
    "calibration_path": null,
    "calibration_sha256": null,
    "pair_count": null,
    "source": "cli_known_beta_without_pair_calibration"
  },
  "channel": {
    "beta_mismatch": true,
    "environment_rollout_beta": 1.4,
    "gradient_model": "iid_uniform_additive_then_clip",
    "model_or_calibration_beta": 0.0
  },
  "controller": {
    "K": 8,
    "actor_parameter_updates": 0,
    "baseline_transform": "identity",
    "calibration_mode": "cli_known_beta_without_pair_calibration",
    "critic": "frozen_q1",
    "critic_parameter_updates": 0,
    "delta_max": 2.0,
    "execution_noise_samples": 8,
    "gradient_noise_seed": 71700,
    "gradient_objective": "q1_of_action_bounded_command_with_deterministic_zero_channel_noise",
    "gradient_steps": 2,
    "gradient_steps_per_action": 2,
    "model_beta": 0.0,
    "q_reducer": "mean_q1",
    "step_size": 0.1
  },
  "cost": {
    "adapted_backward_calls": 20730,
    "adapted_q1_rows_per_environment_step": 16,
    "adapted_q1_rows_total": 165840,
    "base_actor_rows": 10365,
    "baseline_base_actor_rows": 8451,
    "baseline_environment_steps": 8451,
    "baseline_q1_rows_total": 0,
    "baseline_wall_time_seconds": 6.089048941037618,
    "cost_scope": "adapted_arm_deployment_controller_only",
    "environment_steps": 10365,
    "paired_evaluation_environment_steps": 18816,
    "paired_evaluation_wall_time_seconds": 66.42808139102999,
    "q1_backward_calls": 20730,
    "q1_backward_rows": 165840,
    "q1_forward_rows": 165840,
    "wall_time_seconds": 59.55273976305034
  },
  "environment": "Walker2d-v4",
  "evaluation_protocol": {
    "action_noise_seed_start": 61700,
    "actuator_noise_rng_namespace": "numpy_generator_per_episode",
    "environment": "Walker2d-v4",
    "environment_rng_namespace": "gymnasium_env_reset",
    "environment_seed_start": 51700,
    "episode_count_per_arm": 50,
    "episode_local_gradient_streams_prevent_cross_episode_call_order_coupling": true,
    "gradient_noise_antithetic": false,
    "gradient_noise_rng_namespace": "none_beta_zero_deterministic_objective",
    "gradient_noise_sampling_frequency": "none_beta_zero",
    "gradient_noise_seed_start": 71700,
    "paired_environment_and_action_noise_seeds": true,
    "selection_rule": "all requested episodes retained"
  },
  "implementation": {
    "evaluate_sha256": "cf659f47fddd8f848c84f5f114be1fcb9081a55470fe59e8c073d4f84af0bff1",
    "evaluation_controls_sha256": "24318269a6696fd22c8112b2d96913bdceb830d83de9df31ca234e1505f1aec9",
    "inverse_residual_core_sha256": "5700efa8bbefac91c991a76878c3b78c5b3e84aea83568987f7a7e8919e50041",
    "td3bc_core_sha256": "e27cec131b533dd542e77ba9de2de492db4890c6fb9723796f59a02002d1f052",
    "train_inverse_residual_adapter_sha256": "fb065682c78e6c058d1165fa68f680fb682d235ec8c9c3abe70b8098177ee0e4",
    "train_td3bc_sha256": "28094abb38441633f3e52386a9d3ac0747b9df8a4f2bd03403bf46d1d5234737"
  },
  "method_id": "channel_aware_opex_identity_anchor",
  "method_scope": "stronger channel-aware extension of OPEX; not an unchanged reproduction of the original paper",
  "normalization": {
    "reference_max_score": 4592.3,
    "reference_min_score": 1.629008
  },
  "opex_reference": {
    "original_single_step_rule": "a <- a + step_size * grad_a Q(s, a)",
    "paper": "Is Value Learning Really the Main Bottleneck in Offline RL?",
    "url": "https://proceedings.neurips.cc/paper_files/paper/2024/hash/8ffb4e3118280a66b192b6f06e0e2596-Abstract-Conference.html",
    "venue": "NeurIPS 2024"
  },
  "paired": {
    "adapted_minus_baseline_returns": [
      168.47312730332283,
      178.48585859426555,
      264.72530057894977,
      -147.01637024089177,
      81.95791285227301,
      185.3443724820592,
      31.944113504431186,
      579.3781273862551,
      343.9154586018061,
      398.7507332086196,
      315.7101435857005,
      176.78424412918207,
      845.1030029659536,
      148.09121473368435,
      -215.10686321562753,
      267.5688347747718,
      56.48358334464285,
      274.92271563730253,
      71.72997756956386,
      673.0005669931376,
      546.8385950851911,
      -54.79908290453329,
      -328.0212389323858,
      22.66058138179085,
      15.007647848046702,
      163.28628419001947,
      -36.00641370542928,
      106.95166500465172,
      44.00875912540266,
      22.825838316030286,
      -192.58083914653298,
      107.35971188605265,
      77.02233488062046,
      660.8555243335783,
      168.03329432507655,
      132.81178414277673,
      26.248066020897056,
      154.44532472098865,
      105.50283616824339,
      -378.70051434046087,
      231.15395316610346,
      1.0273113225646853,
      432.1065596005424,
      143.43941138998537,
      0.5763311649162948,
      -51.01035338438032,
      510.7075910807968,
      90.58035588826289,
      256.2146212773089,
      353.1365286964292
    ],
    "episode_count": 50,
    "positive_episode_count": 42,
    "return_difference_mean": 160.63857046783912,
    "return_difference_std": 242.0612503587492
  },
  "raw_schema": "channel_opex_v1",
  "status": "complete",
  "wall_time_seconds": 66.42808139102999
}
