{
  "arms": {
    "adapted": {
      "action_noise_beta": 1.25,
      "action_noise_seeds": [
        51400,
        51401,
        51402,
        51403,
        51404,
        51405,
        51406,
        51407,
        51408,
        51409,
        51410,
        51411,
        51412,
        51413,
        51414,
        51415,
        51416,
        51417,
        51418,
        51419,
        51420,
        51421,
        51422,
        51423,
        51424,
        51425,
        51426,
        51427,
        51428,
        51429,
        51430,
        51431,
        51432,
        51433,
        51434,
        51435,
        51436,
        51437,
        51438,
        51439,
        51440,
        51441,
        51442,
        51443,
        51444,
        51445,
        51446,
        51447,
        51448,
        51449
      ],
      "actuator_clip_fraction": 0.34596949891067535,
      "applied_residual_abs_max": 1.9134752750396729,
      "applied_residual_abs_mean": 0.4169451548812266,
      "arm": "channel_opex",
      "command_at_bound_fraction": 0.24255628177196806,
      "environment_seeds": [
        41400,
        41401,
        41402,
        41403,
        41404,
        41405,
        41406,
        41407,
        41408,
        41409,
        41410,
        41411,
        41412,
        41413,
        41414,
        41415,
        41416,
        41417,
        41418,
        41419,
        41420,
        41421,
        41422,
        41423,
        41424,
        41425,
        41426,
        41427,
        41428,
        41429,
        41430,
        41431,
        41432,
        41433,
        41434,
        41435,
        41436,
        41437,
        41438,
        41439,
        41440,
        41441,
        41442,
        41443,
        41444,
        41445,
        41446,
        41447,
        41448,
        41449
      ],
      "executed_commanded_action_mse": 0.33504237530275105,
      "gradient_abs_max": 7.5114850997924805,
      "gradient_l2_mean": 2.0973313184004594,
      "gradient_noise_draw_calls": 4590,
      "gradient_noise_sampling_frequency": "per_gradient_step",
      "gradient_noise_seeds": [
        61400,
        61401,
        61402,
        61403,
        61404,
        61405,
        61406,
        61407,
        61408,
        61409,
        61410,
        61411,
        61412,
        61413,
        61414,
        61415,
        61416,
        61417,
        61418,
        61419,
        61420,
        61421,
        61422,
        61423,
        61424,
        61425,
        61426,
        61427,
        61428,
        61429,
        61430,
        61431,
        61432,
        61433,
        61434,
        61435,
        61436,
        61437,
        61438,
        61439,
        61440,
        61441,
        61442,
        61443,
        61444,
        61445,
        61446,
        61447,
        61448,
        61449
      ],
      "gradient_noise_stream_used": true,
      "inverse_saturation_fraction": 0.0,
      "lengths": [
        21,
        18,
        24,
        22,
        21,
        18,
        9,
        448,
        17,
        21,
        17,
        19,
        56,
        18,
        19,
        20,
        22,
        18,
        17,
        33,
        20,
        21,
        184,
        238,
        20,
        19,
        22,
        16,
        221,
        20,
        267,
        19,
        25,
        27,
        24,
        19,
        8,
        26,
        22,
        18,
        17,
        18,
        18,
        37,
        16,
        17,
        17,
        21,
        22,
        18
      ],
      "normalized_score_mean": 3.86467048162255,
      "normalized_score_std": 7.573909380990623,
      "proposed_residual_abs_mean": 0.4169451548812266,
      "q1_expected_before_update_mean": 192.16380255482036,
      "q1_gradient_calls": 4590,
      "q1_rows_by_episode": [
        336,
        288,
        384,
        352,
        336,
        288,
        144,
        7168,
        272,
        336,
        272,
        304,
        896,
        288,
        304,
        320,
        352,
        288,
        272,
        528,
        320,
        336,
        2944,
        3808,
        320,
        304,
        352,
        256,
        3536,
        320,
        4272,
        304,
        400,
        432,
        384,
        304,
        128,
        416,
        352,
        288,
        272,
        288,
        288,
        592,
        256,
        272,
        272,
        336,
        352,
        288
      ],
      "q1_rows_per_action": 16,
      "q1_rows_total": 36720,
      "raw_residual_abs_max": 2.253445625305176,
      "return_mean": 105.50619017439766,
      "return_std": 246.49835711951772,
      "returns": [
        29.666774447385787,
        24.457401075537007,
        34.35633509795686,
        30.275110228258576,
        29.279978928770568,
        23.235864315824077,
        8.564623414873545,
        1338.6396718294236,
        22.538410411169767,
        27.169200996925873,
        22.97860809017789,
        25.60179611126592,
        95.23881211072204,
        24.37602387473923,
        25.567475381308242,
        27.964448840763303,
        31.092066381006234,
        24.333029882897343,
        23.346834454935895,
        51.44459608499827,
        26.37447865678289,
        28.25863484260366,
        532.5084469627121,
        661.5574789524775,
        26.552258992009982,
        26.34967082913518,
        31.488661336052488,
        20.32708973581491,
        658.9206602225928,
        27.16166825262491,
        775.6587202898808,
        26.37773786094568,
        36.343820571964386,
        39.46765899623945,
        32.50742588709166,
        25.408897265611074,
        6.563386381391673,
        37.613841835936334,
        29.94652380044264,
        24.44426501770702,
        23.312202726347643,
        23.864086319453005,
        25.29510032991768,
        59.22079216345068,
        21.266135543049927,
        23.27058932900862,
        21.808315594710873,
        28.265564170753706,
        30.053670416890945,
        24.994663477342158
      ],
      "trust_region_clipped_fraction": 0.18823529411764706,
      "wall_time_seconds": 16.230178458965383
    },
    "baseline_only": {
      "action_noise_beta": 1.25,
      "action_noise_seeds": [
        51400,
        51401,
        51402,
        51403,
        51404,
        51405,
        51406,
        51407,
        51408,
        51409,
        51410,
        51411,
        51412,
        51413,
        51414,
        51415,
        51416,
        51417,
        51418,
        51419,
        51420,
        51421,
        51422,
        51423,
        51424,
        51425,
        51426,
        51427,
        51428,
        51429,
        51430,
        51431,
        51432,
        51433,
        51434,
        51435,
        51436,
        51437,
        51438,
        51439,
        51440,
        51441,
        51442,
        51443,
        51444,
        51445,
        51446,
        51447,
        51448,
        51449
      ],
      "actuator_clip_fraction": 0.31644772075733235,
      "applied_residual_abs_max": 0.0,
      "applied_residual_abs_mean": 0.0,
      "arm": "identity_anchor_baseline",
      "command_at_bound_fraction": 0.0,
      "environment_seeds": [
        41400,
        41401,
        41402,
        41403,
        41404,
        41405,
        41406,
        41407,
        41408,
        41409,
        41410,
        41411,
        41412,
        41413,
        41414,
        41415,
        41416,
        41417,
        41418,
        41419,
        41420,
        41421,
        41422,
        41423,
        41424,
        41425,
        41426,
        41427,
        41428,
        41429,
        41430,
        41431,
        41432,
        41433,
        41434,
        41435,
        41436,
        41437,
        41438,
        41439,
        41440,
        41441,
        41442,
        41443,
        41444,
        41445,
        41446,
        41447,
        41448,
        41449
      ],
      "executed_commanded_action_mse": 0.35161123578935155,
      "gradient_abs_max": null,
      "gradient_l2_mean": null,
      "gradient_noise_draw_calls": 0,
      "gradient_noise_sampling_frequency": "none_beta_zero_or_baseline_arm",
      "gradient_noise_seeds": [
        61400,
        61401,
        61402,
        61403,
        61404,
        61405,
        61406,
        61407,
        61408,
        61409,
        61410,
        61411,
        61412,
        61413,
        61414,
        61415,
        61416,
        61417,
        61418,
        61419,
        61420,
        61421,
        61422,
        61423,
        61424,
        61425,
        61426,
        61427,
        61428,
        61429,
        61430,
        61431,
        61432,
        61433,
        61434,
        61435,
        61436,
        61437,
        61438,
        61439,
        61440,
        61441,
        61442,
        61443,
        61444,
        61445,
        61446,
        61447,
        61448,
        61449
      ],
      "gradient_noise_stream_used": false,
      "inverse_saturation_fraction": 0.0,
      "lengths": [
        197,
        258,
        173,
        225,
        152,
        209,
        231,
        219,
        209,
        304,
        206,
        156,
        207,
        202,
        253,
        311,
        258,
        143,
        177,
        254,
        335,
        303,
        166,
        215,
        201,
        172,
        252,
        210,
        185,
        152,
        136,
        188,
        219,
        234,
        235,
        164,
        212,
        297,
        285,
        233,
        139,
        153,
        262,
        196,
        263,
        178,
        131,
        177,
        186,
        158
      ],
      "normalized_score_mean": 18.404348506557138,
      "normalized_score_std": 4.57012372419807,
      "proposed_residual_abs_mean": 0.0,
      "q1_expected_before_update_mean": null,
      "q1_gradient_calls": 0,
      "q1_rows_by_episode": [
        0,
        0,
        0,
        0,
        0,
        0,
        0,
        0,
        0,
        0,
        0,
        0,
        0,
        0,
        0,
        0,
        0,
        0,
        0,
        0,
        0,
        0,
        0,
        0,
        0,
        0,
        0,
        0,
        0,
        0,
        0,
        0,
        0,
        0,
        0,
        0,
        0,
        0,
        0,
        0,
        0,
        0,
        0,
        0,
        0,
        0,
        0,
        0,
        0,
        0
      ],
      "q1_rows_per_action": 0,
      "q1_rows_total": 0,
      "raw_residual_abs_max": null,
      "return_mean": 578.7105244100898,
      "return_std": 148.73798103198502,
      "returns": [
        569.2317583409238,
        694.5559995742653,
        454.1381585328072,
        561.9797841088259,
        429.20866422533766,
        573.6025491046184,
        622.9588245773331,
        610.1983517409709,
        632.7576907101735,
        827.8644749675058,
        570.7045179015735,
        434.63474330144345,
        575.0294046910197,
        564.7152069607396,
        686.6512421523586,
        940.822547317961,
        700.6098611605814,
        366.4875163959421,
        493.15974223213135,
        769.5343342329106,
        931.3720169800563,
        823.7275800507448,
        456.7417052213856,
        596.2928883498842,
        541.2869166645891,
        440.4517063395106,
        631.2334295508232,
        552.8351546682043,
        512.0680318938519,
        393.6012872695096,
        357.34491994745986,
        517.1095566272452,
        571.633614907861,
        629.6126815158722,
        637.4115107522385,
        461.71332333098786,
        472.7296634890561,
        772.7930363353947,
        725.7725081338784,
        709.775107718973,
        386.62272886129534,
        388.30522544133214,
        796.6733306646289,
        552.8049997878995,
        817.9142842353467,
        486.19341114817524,
        343.9855303598432,
        419.1662304618584,
        503.02360545564596,
        426.4848621115157
      ],
      "trust_region_clipped_fraction": 0.0,
      "wall_time_seconds": 8.004081062972546
    }
  },
  "base_checkpoint": {
    "format": null,
    "path": "/root/hubl_research_20260914/results/crosstask_hopper/hopper_seed3/base/latest.pt",
    "sha256": "39a502818c0ab42f98e4075c9838e8d142a9467add2c7656b1f6d129959813cf",
    "step": 25000
  },
  "calibration": {
    "action_dim": 3,
    "action_high": 1.0,
    "action_low": -1.0,
    "beta": 1.249945044517517,
    "calibration_path": "/root/hubl_research_20260914/results/channel_calibration/hopper_beta125_n512_seed27002_calibration.json",
    "calibration_sha256": "d7f273b39ae935bb31e62d12f41861ca216f89c8c5086899f355b6ebfd7941f0",
    "commands_sha256": "c9243a78dcdad148124a4aeb3a8cc372fd77c0598b5ae423270c25fe9b5b8369",
    "estimator": "censored_uniform_plus_clip_mle",
    "executed_sha256": "785b08dff21c97ec2ae224c1c67dabeebe42109a4146445d2142db3439a3fb5b",
    "input_provenance": {
      "action_dim": 3,
      "action_high": 1.0,
      "action_low": -1.0,
      "beta": 1.25,
      "bit_generator": "PCG64",
      "channel": "iid_uniform_additive_then_clip",
      "commands_sha256": "c9243a78dcdad148124a4aeb3a8cc372fd77c0598b5ae423270c25fe9b5b8369",
      "contains_state_or_transition_fields": false,
      "executed_sha256": "785b08dff21c97ec2ae224c1c67dabeebe42109a4146445d2142db3439a3fb5b",
      "generator_script_sha256": "d12213d8b61d49bc550adb6079d5274058ab64fa194950ec1f911ee74a57e12f",
      "noise_spawn_key": [
        1
      ],
      "pair_count": 512,
      "root_seed": 27002,
      "schema": "paired_uniform_clip_channel_v1",
      "selection": "uniform_without_replacement",
      "selection_spawn_key": [
        0
      ],
      "source_command_count": 1000000,
      "source_dataset_path": "/root/hubl_backup_data/action_noise_dev/hopper_v4_beta1_seed2201.hdf5",
      "source_dataset_sha256": "19bff1e68edef8fdd3ef8b4911a74d0c898e7b81970ca73975b6a0c9f04b9ee1",
      "source_hdf5_schema": "flat"
    },
    "pair_archive_path": "/root/hubl_research_20260914/results/channel_calibration/hopper_beta125_n512_seed27002.npz",
    "pair_archive_sha256": "46ef6df6d2b9f197e7b7e4147ad653e247fc986a618845f290bf761c6117bfa4",
    "pair_count": 512,
    "source": "censored_uniform_plus_clip_pair_calibration",
    "uncertainty_beta_interval": [
      1.2428684413433075,
      1.249893632531166
    ]
  },
  "channel": {
    "beta_mismatch": true,
    "environment_rollout_beta": 1.25,
    "gradient_model": "iid_uniform_additive_then_clip",
    "model_or_calibration_beta": 1.249945044517517
  },
  "controller": {
    "K": 8,
    "actor_parameter_updates": 0,
    "baseline_transform": "identity",
    "calibration_mode": "censored_uniform_plus_clip_pair_calibration",
    "critic": "frozen_q1",
    "critic_parameter_updates": 0,
    "delta_max": 2.0,
    "execution_noise_samples": 8,
    "gradient_noise_seed": 61400,
    "gradient_objective": "mean_k_q1_of_clipped_command_plus_fresh_antithetic_uniform_noise_per_gradient_step",
    "gradient_steps": 2,
    "gradient_steps_per_action": 2,
    "model_beta": 1.249945044517517,
    "q_reducer": "mean_q1",
    "step_size": 0.3
  },
  "cost": {
    "adapted_backward_calls": 4590,
    "adapted_q1_rows_per_environment_step": 16,
    "adapted_q1_rows_total": 36720,
    "base_actor_rows": 2295,
    "baseline_base_actor_rows": 10581,
    "baseline_environment_steps": 10581,
    "baseline_q1_rows_total": 0,
    "baseline_wall_time_seconds": 8.004081062972546,
    "cost_scope": "adapted_arm_deployment_controller_only",
    "environment_steps": 2295,
    "paired_evaluation_environment_steps": 12876,
    "paired_evaluation_wall_time_seconds": 25.213258837989997,
    "q1_backward_calls": 4590,
    "q1_backward_rows": 36720,
    "q1_forward_rows": 36720,
    "wall_time_seconds": 16.230178458965383
  },
  "environment": "Hopper-v4",
  "evaluation_protocol": {
    "action_noise_seed_start": 51400,
    "actuator_noise_rng_namespace": "numpy_generator_per_episode",
    "environment": "Hopper-v4",
    "environment_rng_namespace": "gymnasium_env_reset",
    "environment_seed_start": 41400,
    "episode_count_per_arm": 50,
    "episode_local_gradient_streams_prevent_cross_episode_call_order_coupling": true,
    "gradient_noise_antithetic": true,
    "gradient_noise_rng_namespace": "torch_generator_per_episode_fresh_antithetic_per_gradient_step",
    "gradient_noise_sampling_frequency": "per_gradient_step",
    "gradient_noise_seed_start": 61400,
    "paired_environment_and_action_noise_seeds": true,
    "selection_rule": "all requested episodes retained"
  },
  "implementation": {
    "evaluate_sha256": "cf659f47fddd8f848c84f5f114be1fcb9081a55470fe59e8c073d4f84af0bff1",
    "evaluation_controls_sha256": "24318269a6696fd22c8112b2d96913bdceb830d83de9df31ca234e1505f1aec9",
    "inverse_residual_core_sha256": "5700efa8bbefac91c991a76878c3b78c5b3e84aea83568987f7a7e8919e50041",
    "td3bc_core_sha256": "e27cec131b533dd542e77ba9de2de492db4890c6fb9723796f59a02002d1f052",
    "train_inverse_residual_adapter_sha256": "fb065682c78e6c058d1165fa68f680fb682d235ec8c9c3abe70b8098177ee0e4",
    "train_td3bc_sha256": "28094abb38441633f3e52386a9d3ac0747b9df8a4f2bd03403bf46d1d5234737"
  },
  "method_id": "channel_aware_opex_identity_anchor",
  "method_scope": "stronger channel-aware extension of OPEX; not an unchanged reproduction of the original paper",
  "normalization": {
    "reference_max_score": 3234.3,
    "reference_min_score": -20.272305
  },
  "opex_reference": {
    "original_single_step_rule": "a <- a + step_size * grad_a Q(s, a)",
    "paper": "Is Value Learning Really the Main Bottleneck in Offline RL?",
    "url": "https://proceedings.neurips.cc/paper_files/paper/2024/hash/8ffb4e3118280a66b192b6f06e0e2596-Abstract-Conference.html",
    "venue": "NeurIPS 2024"
  },
  "paired": {
    "adapted_minus_baseline_returns": [
      -539.5649838935379,
      -670.0985984987283,
      -419.78182343485037,
      -531.7046738805674,
      -399.9286852965671,
      -550.3666847887944,
      -614.3942011624596,
      728.4413200884527,
      -610.2192802990037,
      -800.6952739705799,
      -547.7259098113956,
      -409.03294719017754,
      -479.7905925802977,
      -540.3391830860004,
      -661.0837667710504,
      -912.8580984771977,
      -669.5177947795752,
      -342.1544865130448,
      -469.81290777719545,
      -718.0897381479124,
      -904.9975383232734,
      -795.4689452081411,
      75.76674174132654,
      65.26459060259333,
      -514.734657672579,
      -414.10203551037546,
      -599.7447682147707,
      -532.5080649323894,
      146.85262832874093,
      -366.4396190168847,
      418.3138003424209,
      -490.7318187662995,
      -535.2897943358967,
      -590.1450225196327,
      -604.9040848651468,
      -436.3044260653768,
      -466.1662771076644,
      -735.1791944994584,
      -695.8259843334358,
      -685.330842701266,
      -363.3105261349477,
      -364.44113912187913,
      -771.3782303347112,
      -493.5842076244488,
      -796.6481486922968,
      -462.92282181916664,
      -322.17721476513236,
      -390.9006662911047,
      -472.969935038755,
      -401.49019863417357
    ],
    "episode_count": 50,
    "positive_episode_count": 5,
    "return_difference_mean": -473.20433423569216,
    "return_difference_std": 301.94992903675393
  },
  "raw_schema": "channel_opex_v1",
  "status": "complete",
  "wall_time_seconds": 25.213258837989997
}
