{
  "arms": {
    "adapted": {
      "action_noise_beta": 1.25,
      "action_noise_seeds": [
        51400,
        51401,
        51402,
        51403,
        51404,
        51405,
        51406,
        51407,
        51408,
        51409,
        51410,
        51411,
        51412,
        51413,
        51414,
        51415,
        51416,
        51417,
        51418,
        51419,
        51420,
        51421,
        51422,
        51423,
        51424,
        51425,
        51426,
        51427,
        51428,
        51429,
        51430,
        51431,
        51432,
        51433,
        51434,
        51435,
        51436,
        51437,
        51438,
        51439,
        51440,
        51441,
        51442,
        51443,
        51444,
        51445,
        51446,
        51447,
        51448,
        51449
      ],
      "actuator_clip_fraction": 0.3349873650356076,
      "applied_residual_abs_max": 1.2644708156585693,
      "applied_residual_abs_mean": 0.19208030957091482,
      "arm": "channel_opex",
      "command_at_bound_fraction": 0.17330576613829543,
      "environment_seeds": [
        41400,
        41401,
        41402,
        41403,
        41404,
        41405,
        41406,
        41407,
        41408,
        41409,
        41410,
        41411,
        41412,
        41413,
        41414,
        41415,
        41416,
        41417,
        41418,
        41419,
        41420,
        41421,
        41422,
        41423,
        41424,
        41425,
        41426,
        41427,
        41428,
        41429,
        41430,
        41431,
        41432,
        41433,
        41434,
        41435,
        41436,
        41437,
        41438,
        41439,
        41440,
        41441,
        41442,
        41443,
        41444,
        41445,
        41446,
        41447,
        41448,
        41449
      ],
      "executed_commanded_action_mse": 0.3443483726863708,
      "gradient_abs_max": 15.063324928283691,
      "gradient_l2_mean": 3.4428406325847343,
      "gradient_noise_draw_calls": 0,
      "gradient_noise_sampling_frequency": "none_beta_zero_or_baseline_arm",
      "gradient_noise_seeds": [
        61400,
        61401,
        61402,
        61403,
        61404,
        61405,
        61406,
        61407,
        61408,
        61409,
        61410,
        61411,
        61412,
        61413,
        61414,
        61415,
        61416,
        61417,
        61418,
        61419,
        61420,
        61421,
        61422,
        61423,
        61424,
        61425,
        61426,
        61427,
        61428,
        61429,
        61430,
        61431,
        61432,
        61433,
        61434,
        61435,
        61436,
        61437,
        61438,
        61439,
        61440,
        61441,
        61442,
        61443,
        61444,
        61445,
        61446,
        61447,
        61448,
        61449
      ],
      "gradient_noise_stream_used": false,
      "inverse_saturation_fraction": 0.0,
      "lengths": [
        229,
        49,
        183,
        161,
        233,
        218,
        38,
        332,
        247,
        260,
        20,
        192,
        170,
        30,
        37,
        25,
        193,
        189,
        28,
        32,
        262,
        25,
        189,
        206,
        235,
        188,
        172,
        40,
        215,
        31,
        178,
        25,
        357,
        187,
        33,
        42,
        47,
        275,
        304,
        380,
        23,
        218,
        22,
        38,
        18,
        39,
        163,
        278,
        43,
        156
      ],
      "normalized_score_mean": 13.114250467182526,
      "normalized_score_std": 10.379995189462461,
      "proposed_residual_abs_mean": 0.19208030957091482,
      "q1_expected_before_update_mean": 175.70095595669318,
      "q1_gradient_calls": 14510,
      "q1_rows_by_episode": [
        3664,
        784,
        2928,
        2576,
        3728,
        3488,
        608,
        5312,
        3952,
        4160,
        320,
        3072,
        2720,
        480,
        592,
        400,
        3088,
        3024,
        448,
        512,
        4192,
        400,
        3024,
        3296,
        3760,
        3008,
        2752,
        640,
        3440,
        496,
        2848,
        400,
        5712,
        2992,
        528,
        672,
        752,
        4400,
        4864,
        6080,
        368,
        3488,
        352,
        608,
        288,
        624,
        2608,
        4448,
        688,
        2496
      ],
      "q1_rows_per_action": 16,
      "q1_rows_total": 116080,
      "raw_residual_abs_max": 1.506332516670227,
      "return_mean": 406.54045871325565,
      "return_std": 337.8244486965775,
      "returns": [
        674.8681091087057,
        82.69060063260201,
        503.7384614366192,
        415.17538093924503,
        705.5860981802795,
        632.8240704176603,
        58.6950767341197,
        967.8626667196393,
        767.3388417336156,
        792.6690094088348,
        26.523457801762063,
        533.5673045747268,
        495.4071825187102,
        45.656972422025255,
        57.47100647227648,
        35.924631752851,
        539.3015101709489,
        519.7689466189889,
        41.275962092520764,
        49.03836546988202,
        846.4136836201654,
        34.16484306126751,
        537.6453884495851,
        626.3218635574684,
        701.7225038893117,
        524.5714962844092,
        499.8764605353006,
        62.48221899873538,
        607.2674753841528,
        45.93505073294389,
        510.2419536388691,
        35.82262696079844,
        1050.3019818187533,
        536.5462036948721,
        48.87944840430538,
        67.13329239830215,
        78.42380069550515,
        867.840810602703,
        965.1584902732425,
        1139.460042610905,
        32.11168701419528,
        603.0351434597994,
        31.893902810602853,
        59.966677629930714,
        23.498174233689877,
        60.8213137509371,
        447.74777163415274,
        859.6295742415351,
        69.83431566699521,
        406.89108440333325
      ],
      "trust_region_clipped_fraction": 0.1496209510682288,
      "wall_time_seconds": 45.57118372002151
    },
    "baseline_only": {
      "action_noise_beta": 1.25,
      "action_noise_seeds": [
        51400,
        51401,
        51402,
        51403,
        51404,
        51405,
        51406,
        51407,
        51408,
        51409,
        51410,
        51411,
        51412,
        51413,
        51414,
        51415,
        51416,
        51417,
        51418,
        51419,
        51420,
        51421,
        51422,
        51423,
        51424,
        51425,
        51426,
        51427,
        51428,
        51429,
        51430,
        51431,
        51432,
        51433,
        51434,
        51435,
        51436,
        51437,
        51438,
        51439,
        51440,
        51441,
        51442,
        51443,
        51444,
        51445,
        51446,
        51447,
        51448,
        51449
      ],
      "actuator_clip_fraction": 0.31644772075733235,
      "applied_residual_abs_max": 0.0,
      "applied_residual_abs_mean": 0.0,
      "arm": "identity_anchor_baseline",
      "command_at_bound_fraction": 0.0,
      "environment_seeds": [
        41400,
        41401,
        41402,
        41403,
        41404,
        41405,
        41406,
        41407,
        41408,
        41409,
        41410,
        41411,
        41412,
        41413,
        41414,
        41415,
        41416,
        41417,
        41418,
        41419,
        41420,
        41421,
        41422,
        41423,
        41424,
        41425,
        41426,
        41427,
        41428,
        41429,
        41430,
        41431,
        41432,
        41433,
        41434,
        41435,
        41436,
        41437,
        41438,
        41439,
        41440,
        41441,
        41442,
        41443,
        41444,
        41445,
        41446,
        41447,
        41448,
        41449
      ],
      "executed_commanded_action_mse": 0.35161123578935155,
      "gradient_abs_max": null,
      "gradient_l2_mean": null,
      "gradient_noise_draw_calls": 0,
      "gradient_noise_sampling_frequency": "none_beta_zero_or_baseline_arm",
      "gradient_noise_seeds": [
        61400,
        61401,
        61402,
        61403,
        61404,
        61405,
        61406,
        61407,
        61408,
        61409,
        61410,
        61411,
        61412,
        61413,
        61414,
        61415,
        61416,
        61417,
        61418,
        61419,
        61420,
        61421,
        61422,
        61423,
        61424,
        61425,
        61426,
        61427,
        61428,
        61429,
        61430,
        61431,
        61432,
        61433,
        61434,
        61435,
        61436,
        61437,
        61438,
        61439,
        61440,
        61441,
        61442,
        61443,
        61444,
        61445,
        61446,
        61447,
        61448,
        61449
      ],
      "gradient_noise_stream_used": false,
      "inverse_saturation_fraction": 0.0,
      "lengths": [
        197,
        258,
        173,
        225,
        152,
        209,
        231,
        219,
        209,
        304,
        206,
        156,
        207,
        202,
        253,
        311,
        258,
        143,
        177,
        254,
        335,
        303,
        166,
        215,
        201,
        172,
        252,
        210,
        185,
        152,
        136,
        188,
        219,
        234,
        235,
        164,
        212,
        297,
        285,
        233,
        139,
        153,
        262,
        196,
        263,
        178,
        131,
        177,
        186,
        158
      ],
      "normalized_score_mean": 18.404348506557138,
      "normalized_score_std": 4.57012372419807,
      "proposed_residual_abs_mean": 0.0,
      "q1_expected_before_update_mean": null,
      "q1_gradient_calls": 0,
      "q1_rows_by_episode": [
        0,
        0,
        0,
        0,
        0,
        0,
        0,
        0,
        0,
        0,
        0,
        0,
        0,
        0,
        0,
        0,
        0,
        0,
        0,
        0,
        0,
        0,
        0,
        0,
        0,
        0,
        0,
        0,
        0,
        0,
        0,
        0,
        0,
        0,
        0,
        0,
        0,
        0,
        0,
        0,
        0,
        0,
        0,
        0,
        0,
        0,
        0,
        0,
        0,
        0
      ],
      "q1_rows_per_action": 0,
      "q1_rows_total": 0,
      "raw_residual_abs_max": null,
      "return_mean": 578.7105244100898,
      "return_std": 148.73798103198502,
      "returns": [
        569.2317583409238,
        694.5559995742653,
        454.1381585328072,
        561.9797841088259,
        429.20866422533766,
        573.6025491046184,
        622.9588245773331,
        610.1983517409709,
        632.7576907101735,
        827.8644749675058,
        570.7045179015735,
        434.63474330144345,
        575.0294046910197,
        564.7152069607396,
        686.6512421523586,
        940.822547317961,
        700.6098611605814,
        366.4875163959421,
        493.15974223213135,
        769.5343342329106,
        931.3720169800563,
        823.7275800507448,
        456.7417052213856,
        596.2928883498842,
        541.2869166645891,
        440.4517063395106,
        631.2334295508232,
        552.8351546682043,
        512.0680318938519,
        393.6012872695096,
        357.34491994745986,
        517.1095566272452,
        571.633614907861,
        629.6126815158722,
        637.4115107522385,
        461.71332333098786,
        472.7296634890561,
        772.7930363353947,
        725.7725081338784,
        709.775107718973,
        386.62272886129534,
        388.30522544133214,
        796.6733306646289,
        552.8049997878995,
        817.9142842353467,
        486.19341114817524,
        343.9855303598432,
        419.1662304618584,
        503.02360545564596,
        426.4848621115157
      ],
      "trust_region_clipped_fraction": 0.0,
      "wall_time_seconds": 7.939494339982048
    }
  },
  "base_checkpoint": {
    "format": null,
    "path": "/root/hubl_research_20260914/results/crosstask_hopper/hopper_seed3/base/latest.pt",
    "sha256": "39a502818c0ab42f98e4075c9838e8d142a9467add2c7656b1f6d129959813cf",
    "step": 25000
  },
  "calibration": {
    "beta": 0.0,
    "calibration_path": null,
    "calibration_sha256": null,
    "pair_count": null,
    "source": "cli_known_beta_without_pair_calibration"
  },
  "channel": {
    "beta_mismatch": true,
    "environment_rollout_beta": 1.25,
    "gradient_model": "iid_uniform_additive_then_clip",
    "model_or_calibration_beta": 0.0
  },
  "controller": {
    "K": 8,
    "actor_parameter_updates": 0,
    "baseline_transform": "identity",
    "calibration_mode": "cli_known_beta_without_pair_calibration",
    "critic": "frozen_q1",
    "critic_parameter_updates": 0,
    "delta_max": 2.0,
    "execution_noise_samples": 8,
    "gradient_noise_seed": 61400,
    "gradient_objective": "q1_of_action_bounded_command_with_deterministic_zero_channel_noise",
    "gradient_steps": 2,
    "gradient_steps_per_action": 2,
    "model_beta": 0.0,
    "q_reducer": "mean_q1",
    "step_size": 0.1
  },
  "cost": {
    "adapted_backward_calls": 14510,
    "adapted_q1_rows_per_environment_step": 16,
    "adapted_q1_rows_total": 116080,
    "base_actor_rows": 7255,
    "baseline_base_actor_rows": 10581,
    "baseline_environment_steps": 10581,
    "baseline_q1_rows_total": 0,
    "baseline_wall_time_seconds": 7.939494339982048,
    "cost_scope": "adapted_arm_deployment_controller_only",
    "environment_steps": 7255,
    "paired_evaluation_environment_steps": 17836,
    "paired_evaluation_wall_time_seconds": 54.484914011962246,
    "q1_backward_calls": 14510,
    "q1_backward_rows": 116080,
    "q1_forward_rows": 116080,
    "wall_time_seconds": 45.57118372002151
  },
  "environment": "Hopper-v4",
  "evaluation_protocol": {
    "action_noise_seed_start": 51400,
    "actuator_noise_rng_namespace": "numpy_generator_per_episode",
    "environment": "Hopper-v4",
    "environment_rng_namespace": "gymnasium_env_reset",
    "environment_seed_start": 41400,
    "episode_count_per_arm": 50,
    "episode_local_gradient_streams_prevent_cross_episode_call_order_coupling": true,
    "gradient_noise_antithetic": false,
    "gradient_noise_rng_namespace": "none_beta_zero_deterministic_objective",
    "gradient_noise_sampling_frequency": "none_beta_zero",
    "gradient_noise_seed_start": 61400,
    "paired_environment_and_action_noise_seeds": true,
    "selection_rule": "all requested episodes retained"
  },
  "implementation": {
    "evaluate_sha256": "cf659f47fddd8f848c84f5f114be1fcb9081a55470fe59e8c073d4f84af0bff1",
    "evaluation_controls_sha256": "24318269a6696fd22c8112b2d96913bdceb830d83de9df31ca234e1505f1aec9",
    "inverse_residual_core_sha256": "5700efa8bbefac91c991a76878c3b78c5b3e84aea83568987f7a7e8919e50041",
    "td3bc_core_sha256": "e27cec131b533dd542e77ba9de2de492db4890c6fb9723796f59a02002d1f052",
    "train_inverse_residual_adapter_sha256": "fb065682c78e6c058d1165fa68f680fb682d235ec8c9c3abe70b8098177ee0e4",
    "train_td3bc_sha256": "28094abb38441633f3e52386a9d3ac0747b9df8a4f2bd03403bf46d1d5234737"
  },
  "method_id": "channel_aware_opex_identity_anchor",
  "method_scope": "stronger channel-aware extension of OPEX; not an unchanged reproduction of the original paper",
  "normalization": {
    "reference_max_score": 3234.3,
    "reference_min_score": -20.272305
  },
  "opex_reference": {
    "original_single_step_rule": "a <- a + step_size * grad_a Q(s, a)",
    "paper": "Is Value Learning Really the Main Bottleneck in Offline RL?",
    "url": "https://proceedings.neurips.cc/paper_files/paper/2024/hash/8ffb4e3118280a66b192b6f06e0e2596-Abstract-Conference.html",
    "venue": "NeurIPS 2024"
  },
  "paired": {
    "adapted_minus_baseline_returns": [
      105.63635076778189,
      -611.8653989416633,
      49.60030290381201,
      -146.8044031695809,
      276.3774339549418,
      59.221521313041876,
      -564.2637478432134,
      357.66431497866836,
      134.5811510234421,
      -35.195465558671,
      -544.1810600998114,
      98.93256127328334,
      -79.62222217230953,
      -519.0582345387144,
      -629.1802356800821,
      -904.89791556511,
      -161.30835098963257,
      153.2814302230468,
      -451.88378013961056,
      -720.4959687630286,
      -84.95833335989084,
      -789.5627369894772,
      80.9036832281995,
      30.028975207584267,
      160.43558722472267,
      84.11978994489863,
      -131.35696901552257,
      -490.3529356694689,
      95.19944349030095,
      -347.66623653656575,
      152.89703369140926,
      -481.2869296664467,
      478.66836691089236,
      -93.06647782100003,
      -588.5320623479331,
      -394.5800309326857,
      -394.305862793551,
      95.04777426730823,
      239.38598213936405,
      429.684934891932,
      -354.51104184710005,
      214.7299180184673,
      -764.779427854026,
      -492.83832215796883,
      -794.4161100016569,
      -425.3720973972381,
      103.76224127430953,
      440.46334377967673,
      -433.18928978865074,
      -19.593777708182472
    ],
    "episode_count": 50,
    "positive_episode_count": 21,
    "return_difference_mean": -172.17006569683417,
    "return_difference_std": 366.2362721376836
  },
  "raw_schema": "channel_opex_v1",
  "status": "complete",
  "wall_time_seconds": 54.484914011962246
}
