{
  "arms": {
    "adapted": {
      "action_noise_beta": 1.25,
      "action_noise_seeds": [
        51400,
        51401,
        51402,
        51403,
        51404,
        51405,
        51406,
        51407,
        51408,
        51409,
        51410,
        51411,
        51412,
        51413,
        51414,
        51415,
        51416,
        51417,
        51418,
        51419,
        51420,
        51421,
        51422,
        51423,
        51424,
        51425,
        51426,
        51427,
        51428,
        51429,
        51430,
        51431,
        51432,
        51433,
        51434,
        51435,
        51436,
        51437,
        51438,
        51439,
        51440,
        51441,
        51442,
        51443,
        51444,
        51445,
        51446,
        51447,
        51448,
        51449
      ],
      "actuator_clip_fraction": 0.3294344995931652,
      "applied_residual_abs_max": 0.7979139089584351,
      "applied_residual_abs_mean": 0.108391516278753,
      "arm": "channel_opex",
      "command_at_bound_fraction": 0.12910225115269866,
      "environment_seeds": [
        41400,
        41401,
        41402,
        41403,
        41404,
        41405,
        41406,
        41407,
        41408,
        41409,
        41410,
        41411,
        41412,
        41413,
        41414,
        41415,
        41416,
        41417,
        41418,
        41419,
        41420,
        41421,
        41422,
        41423,
        41424,
        41425,
        41426,
        41427,
        41428,
        41429,
        41430,
        41431,
        41432,
        41433,
        41434,
        41435,
        41436,
        41437,
        41438,
        41439,
        41440,
        41441,
        41442,
        41443,
        41444,
        41445,
        41446,
        41447,
        41448,
        41449
      ],
      "executed_commanded_action_mse": 0.3445716330233604,
      "gradient_abs_max": 16.53499984741211,
      "gradient_l2_mean": 3.5389378652563113,
      "gradient_noise_draw_calls": 0,
      "gradient_noise_sampling_frequency": "none_beta_zero_or_baseline_arm",
      "gradient_noise_seeds": [
        61400,
        61401,
        61402,
        61403,
        61404,
        61405,
        61406,
        61407,
        61408,
        61409,
        61410,
        61411,
        61412,
        61413,
        61414,
        61415,
        61416,
        61417,
        61418,
        61419,
        61420,
        61421,
        61422,
        61423,
        61424,
        61425,
        61426,
        61427,
        61428,
        61429,
        61430,
        61431,
        61432,
        61433,
        61434,
        61435,
        61436,
        61437,
        61438,
        61439,
        61440,
        61441,
        61442,
        61443,
        61444,
        61445,
        61446,
        61447,
        61448,
        61449
      ],
      "gradient_noise_stream_used": false,
      "inverse_saturation_fraction": 0.0,
      "lengths": [
        210,
        49,
        163,
        323,
        193,
        184,
        178,
        252,
        215,
        250,
        231,
        99,
        194,
        244,
        258,
        501,
        300,
        185,
        205,
        261,
        253,
        255,
        193,
        179,
        212,
        49,
        152,
        194,
        207,
        34,
        169,
        194,
        309,
        231,
        198,
        253,
        50,
        282,
        244,
        258,
        154,
        199,
        303,
        41,
        21,
        41,
        140,
        254,
        46,
        222
      ],
      "normalized_score_mean": 18.083078400857048,
      "normalized_score_std": 8.890442858303215,
      "proposed_residual_abs_mean": 0.108391516278753,
      "q1_expected_before_update_mean": 170.8460871836366,
      "q1_gradient_calls": 9832,
      "q1_rows_by_episode": [
        210,
        49,
        163,
        323,
        193,
        184,
        178,
        252,
        215,
        250,
        231,
        99,
        194,
        244,
        258,
        501,
        300,
        185,
        205,
        261,
        253,
        255,
        193,
        179,
        212,
        49,
        152,
        194,
        207,
        34,
        169,
        194,
        309,
        231,
        198,
        253,
        50,
        282,
        244,
        258,
        154,
        199,
        303,
        41,
        21,
        41,
        140,
        254,
        46,
        222
      ],
      "q1_rows_per_action": 1,
      "q1_rows_total": 9832,
      "raw_residual_abs_max": 1.653499960899353,
      "return_mean": 568.2545565257303,
      "return_std": 289.34589105818685,
      "returns": [
        624.6980713966261,
        82.94302876011957,
        451.5156767610756,
        1005.2550962448418,
        553.7698469319894,
        525.0699836298411,
        513.8315805271656,
        724.3426882744478,
        654.8485432017135,
        724.7828263674513,
        677.769718064569,
        222.1552150726355,
        561.0553939428953,
        731.4351656649357,
        767.0486315998336,
        1461.281809326249,
        901.6123433272093,
        503.0880941125555,
        579.9093682059965,
        822.8546406371503,
        786.2501398739322,
        788.400981077278,
        547.9890546791461,
        514.0903936153353,
        610.6993625920238,
        82.271889570125,
        434.32632215230836,
        601.8560025806333,
        580.0249592911343,
        51.215692321155146,
        471.2011107994022,
        523.3937645191197,
        895.9346922443478,
        700.2469749158693,
        521.6868961245818,
        763.6818120859448,
        83.24848108179451,
        882.7082404683816,
        763.7509325782928,
        808.0317583517437,
        431.00401780799643,
        536.6740009629923,
        931.4574528612212,
        66.84476917043635,
        28.154322305195986,
        64.53921625647816,
        369.635690346994,
        769.5068286734572,
        76.48211119146202,
        638.152233738434
      ],
      "trust_region_clipped_fraction": 0.12910225115269866,
      "wall_time_seconds": 35.37359966599615
    },
    "baseline_only": {
      "action_noise_beta": 1.25,
      "action_noise_seeds": [
        51400,
        51401,
        51402,
        51403,
        51404,
        51405,
        51406,
        51407,
        51408,
        51409,
        51410,
        51411,
        51412,
        51413,
        51414,
        51415,
        51416,
        51417,
        51418,
        51419,
        51420,
        51421,
        51422,
        51423,
        51424,
        51425,
        51426,
        51427,
        51428,
        51429,
        51430,
        51431,
        51432,
        51433,
        51434,
        51435,
        51436,
        51437,
        51438,
        51439,
        51440,
        51441,
        51442,
        51443,
        51444,
        51445,
        51446,
        51447,
        51448,
        51449
      ],
      "actuator_clip_fraction": 0.31644772075733235,
      "applied_residual_abs_max": 0.0,
      "applied_residual_abs_mean": 0.0,
      "arm": "identity_anchor_baseline",
      "command_at_bound_fraction": 0.0,
      "environment_seeds": [
        41400,
        41401,
        41402,
        41403,
        41404,
        41405,
        41406,
        41407,
        41408,
        41409,
        41410,
        41411,
        41412,
        41413,
        41414,
        41415,
        41416,
        41417,
        41418,
        41419,
        41420,
        41421,
        41422,
        41423,
        41424,
        41425,
        41426,
        41427,
        41428,
        41429,
        41430,
        41431,
        41432,
        41433,
        41434,
        41435,
        41436,
        41437,
        41438,
        41439,
        41440,
        41441,
        41442,
        41443,
        41444,
        41445,
        41446,
        41447,
        41448,
        41449
      ],
      "executed_commanded_action_mse": 0.35161123578935155,
      "gradient_abs_max": null,
      "gradient_l2_mean": null,
      "gradient_noise_draw_calls": 0,
      "gradient_noise_sampling_frequency": "none_beta_zero_or_baseline_arm",
      "gradient_noise_seeds": [
        61400,
        61401,
        61402,
        61403,
        61404,
        61405,
        61406,
        61407,
        61408,
        61409,
        61410,
        61411,
        61412,
        61413,
        61414,
        61415,
        61416,
        61417,
        61418,
        61419,
        61420,
        61421,
        61422,
        61423,
        61424,
        61425,
        61426,
        61427,
        61428,
        61429,
        61430,
        61431,
        61432,
        61433,
        61434,
        61435,
        61436,
        61437,
        61438,
        61439,
        61440,
        61441,
        61442,
        61443,
        61444,
        61445,
        61446,
        61447,
        61448,
        61449
      ],
      "gradient_noise_stream_used": false,
      "inverse_saturation_fraction": 0.0,
      "lengths": [
        197,
        258,
        173,
        225,
        152,
        209,
        231,
        219,
        209,
        304,
        206,
        156,
        207,
        202,
        253,
        311,
        258,
        143,
        177,
        254,
        335,
        303,
        166,
        215,
        201,
        172,
        252,
        210,
        185,
        152,
        136,
        188,
        219,
        234,
        235,
        164,
        212,
        297,
        285,
        233,
        139,
        153,
        262,
        196,
        263,
        178,
        131,
        177,
        186,
        158
      ],
      "normalized_score_mean": 18.404348506557138,
      "normalized_score_std": 4.57012372419807,
      "proposed_residual_abs_mean": 0.0,
      "q1_expected_before_update_mean": null,
      "q1_gradient_calls": 0,
      "q1_rows_by_episode": [
        0,
        0,
        0,
        0,
        0,
        0,
        0,
        0,
        0,
        0,
        0,
        0,
        0,
        0,
        0,
        0,
        0,
        0,
        0,
        0,
        0,
        0,
        0,
        0,
        0,
        0,
        0,
        0,
        0,
        0,
        0,
        0,
        0,
        0,
        0,
        0,
        0,
        0,
        0,
        0,
        0,
        0,
        0,
        0,
        0,
        0,
        0,
        0,
        0,
        0
      ],
      "q1_rows_per_action": 0,
      "q1_rows_total": 0,
      "raw_residual_abs_max": null,
      "return_mean": 578.7105244100898,
      "return_std": 148.73798103198502,
      "returns": [
        569.2317583409238,
        694.5559995742653,
        454.1381585328072,
        561.9797841088259,
        429.20866422533766,
        573.6025491046184,
        622.9588245773331,
        610.1983517409709,
        632.7576907101735,
        827.8644749675058,
        570.7045179015735,
        434.63474330144345,
        575.0294046910197,
        564.7152069607396,
        686.6512421523586,
        940.822547317961,
        700.6098611605814,
        366.4875163959421,
        493.15974223213135,
        769.5343342329106,
        931.3720169800563,
        823.7275800507448,
        456.7417052213856,
        596.2928883498842,
        541.2869166645891,
        440.4517063395106,
        631.2334295508232,
        552.8351546682043,
        512.0680318938519,
        393.6012872695096,
        357.34491994745986,
        517.1095566272452,
        571.633614907861,
        629.6126815158722,
        637.4115107522385,
        461.71332333098786,
        472.7296634890561,
        772.7930363353947,
        725.7725081338784,
        709.775107718973,
        386.62272886129534,
        388.30522544133214,
        796.6733306646289,
        552.8049997878995,
        817.9142842353467,
        486.19341114817524,
        343.9855303598432,
        419.1662304618584,
        503.02360545564596,
        426.4848621115157
      ],
      "trust_region_clipped_fraction": 0.0,
      "wall_time_seconds": 7.831541805004235
    }
  },
  "base_checkpoint": {
    "format": null,
    "path": "/root/hubl_research_20260914/results/crosstask_hopper/hopper_seed3/base/latest.pt",
    "sha256": "39a502818c0ab42f98e4075c9838e8d142a9467add2c7656b1f6d129959813cf",
    "step": 25000
  },
  "calibration": {
    "beta": 0.0,
    "calibration_path": null,
    "calibration_sha256": null,
    "pair_count": null,
    "source": "cli_known_beta_without_pair_calibration"
  },
  "channel": {
    "beta_mismatch": true,
    "environment_rollout_beta": 1.25,
    "gradient_model": "iid_uniform_additive_then_clip",
    "model_or_calibration_beta": 0.0
  },
  "controller": {
    "K": 1,
    "actor_parameter_updates": 0,
    "baseline_transform": "identity",
    "calibration_mode": "cli_known_beta_without_pair_calibration",
    "critic": "frozen_q1",
    "critic_parameter_updates": 0,
    "delta_max": 2.0,
    "execution_noise_samples": 1,
    "gradient_noise_seed": 61400,
    "gradient_objective": "q1_of_action_bounded_command_with_deterministic_zero_channel_noise",
    "gradient_steps": 1,
    "gradient_steps_per_action": 1,
    "model_beta": 0.0,
    "q_reducer": "mean_q1",
    "step_size": 0.1
  },
  "cost": {
    "adapted_backward_calls": 9832,
    "adapted_q1_rows_per_environment_step": 1,
    "adapted_q1_rows_total": 9832,
    "base_actor_rows": 9832,
    "baseline_base_actor_rows": 10581,
    "baseline_environment_steps": 10581,
    "baseline_q1_rows_total": 0,
    "baseline_wall_time_seconds": 7.831541805004235,
    "cost_scope": "adapted_arm_deployment_controller_only",
    "environment_steps": 9832,
    "paired_evaluation_environment_steps": 20413,
    "paired_evaluation_wall_time_seconds": 44.15464950201567,
    "q1_backward_calls": 9832,
    "q1_backward_rows": 9832,
    "q1_forward_rows": 9832,
    "wall_time_seconds": 35.37359966599615
  },
  "environment": "Hopper-v4",
  "evaluation_protocol": {
    "action_noise_seed_start": 51400,
    "actuator_noise_rng_namespace": "numpy_generator_per_episode",
    "environment": "Hopper-v4",
    "environment_rng_namespace": "gymnasium_env_reset",
    "environment_seed_start": 41400,
    "episode_count_per_arm": 50,
    "episode_local_gradient_streams_prevent_cross_episode_call_order_coupling": true,
    "gradient_noise_antithetic": false,
    "gradient_noise_rng_namespace": "none_beta_zero_deterministic_objective",
    "gradient_noise_sampling_frequency": "none_beta_zero",
    "gradient_noise_seed_start": 61400,
    "paired_environment_and_action_noise_seeds": true,
    "selection_rule": "all requested episodes retained"
  },
  "implementation": {
    "evaluate_sha256": "cf659f47fddd8f848c84f5f114be1fcb9081a55470fe59e8c073d4f84af0bff1",
    "evaluation_controls_sha256": "24318269a6696fd22c8112b2d96913bdceb830d83de9df31ca234e1505f1aec9",
    "inverse_residual_core_sha256": "5700efa8bbefac91c991a76878c3b78c5b3e84aea83568987f7a7e8919e50041",
    "td3bc_core_sha256": "e27cec131b533dd542e77ba9de2de492db4890c6fb9723796f59a02002d1f052",
    "train_inverse_residual_adapter_sha256": "fb065682c78e6c058d1165fa68f680fb682d235ec8c9c3abe70b8098177ee0e4",
    "train_td3bc_sha256": "28094abb38441633f3e52386a9d3ac0747b9df8a4f2bd03403bf46d1d5234737"
  },
  "method_id": "original_structure_opex_t1",
  "method_scope": "original single-step OPEX structure with deterministic TD3+BC actor/Q1 and action-bound projection",
  "normalization": {
    "reference_max_score": 3234.3,
    "reference_min_score": -20.272305
  },
  "opex_reference": {
    "original_single_step_rule": "a <- a + step_size * grad_a Q(s, a)",
    "paper": "Is Value Learning Really the Main Bottleneck in Offline RL?",
    "url": "https://proceedings.neurips.cc/paper_files/paper/2024/hash/8ffb4e3118280a66b192b6f06e0e2596-Abstract-Conference.html",
    "venue": "NeurIPS 2024"
  },
  "paired": {
    "adapted_minus_baseline_returns": [
      55.46631305570236,
      -611.6129708141458,
      -2.6224817717316,
      443.2753121360158,
      124.56118270665172,
      -48.53256547477736,
      -109.12724405016752,
      114.14433653347692,
      22.090852491539977,
      -103.08164860005445,
      107.06520016299555,
      -212.47952822880794,
      -13.974010748124442,
      166.71995870419607,
      80.397389447475,
      520.459262008288,
      201.00248216662783,
      136.60057771661337,
      86.7496259738652,
      53.32030640423966,
      -145.1218771061241,
      -35.326598973466844,
      91.24734945776049,
      -82.20249473454885,
      69.41244592743476,
      -358.17981676938564,
      -196.90710739851482,
      49.020847912429076,
      67.95692739728247,
      -342.3855949483545,
      113.85619085194236,
      6.28420789187453,
      324.30107733648686,
      70.63429339999709,
      -115.7246146276567,
      301.9684887549569,
      -389.4811824072616,
      109.9152041329869,
      37.97842444441437,
      98.25665063277074,
      44.38128894670109,
      148.36877552166015,
      134.7841221965923,
      -485.9602306174632,
      -789.7599619301508,
      -421.6541948916971,
      25.6501599871508,
      350.34059821159883,
      -426.54149426418394,
      211.66737162691828
    ],
    "episode_count": 50,
    "positive_episode_count": 31,
    "return_difference_mean": -10.455967884359433,
    "return_difference_std": 253.7546591104184
  },
  "raw_schema": "channel_opex_v1",
  "status": "complete",
  "wall_time_seconds": 44.15464950201567
}
