{
  "action_pipeline": "agent_command -> multiply_by_command_scale -> clip_to_environment_bounds -> command_transform -> clip_to_environment_bounds -> add_seeded_actuator_noise_if_noisy -> clip_to_environment_bounds -> env.step",
  "checkpoint": "/root/hubl_research_20260914/results/inverse_residual_confirm/base_hubl_executed_25k_seed10/latest.pt",
  "checkpoint_sha256": "eba1af040aa73823ceba28048e10d3af2eef54c59f09c1e0194f27aa0ed4944d",
  "checkpoint_step": 25000,
  "clean": {
    "command_saturation_definition": "fraction_of_scaled_command_values_strictly_outside_environment_bounds_before_clip",
    "command_saturation_fraction": 0.0,
    "command_scale": 1.0,
    "command_transform": "identity",
    "command_transform_beta": 1.1,
    "command_transform_saturation_definition": "fraction_of_desired_mean_action_values_outside_the_uniform_clipped_channel_mean_range_achievable_by_bounded_commands",
    "command_transform_saturation_fraction": 0.0,
    "episode_seeds": [
      51600,
      51601,
      51602,
      51603,
      51604,
      51605,
      51606,
      51607,
      51608,
      51609,
      51610,
      51611,
      51612,
      51613,
      51614,
      51615,
      51616,
      51617,
      51618,
      51619,
      51620,
      51621,
      51622,
      51623,
      51624,
      51625,
      51626,
      51627,
      51628,
      51629,
      51630,
      51631,
      51632,
      51633,
      51634,
      51635,
      51636,
      51637,
      51638,
      51639,
      51640,
      51641,
      51642,
      51643,
      51644,
      51645,
      51646,
      51647,
      51648,
      51649
    ],
    "lengths": [
      1000,
      1000,
      1000,
      1000,
      1000,
      1000,
      1000,
      1000,
      1000,
      1000,
      1000,
      1000,
      1000,
      1000,
      1000,
      1000,
      1000,
      1000,
      1000,
      1000,
      1000,
      1000,
      1000,
      1000,
      1000,
      1000,
      1000,
      1000,
      1000,
      1000,
      1000,
      1000,
      1000,
      1000,
      1000,
      1000,
      1000,
      1000,
      1000,
      1000,
      1000,
      1000,
      1000,
      1000,
      1000,
      1000,
      1000,
      1000,
      1000,
      1000
    ],
    "normalized_score_mean": 77.67029034740993,
    "normalized_score_std": 0.7423624669564467,
    "return_mean": 3567.2164963807236,
    "return_std": 34.0794184260652,
    "returns": [
      3621.533882507185,
      3532.9608434141314,
      3590.45075040146,
      3563.9781195623505,
      3555.795963638725,
      3552.877827548768,
      3544.9815595019995,
      3582.0978050157164,
      3556.4501779377274,
      3570.8947792307017,
      3549.233485900924,
      3542.3088281014325,
      3561.864913787382,
      3553.1385199784163,
      3538.048802920933,
      3567.98998481778,
      3564.192405722078,
      3565.403881245924,
      3541.9960592076795,
      3628.3899134176395,
      3531.7587780444105,
      3643.004597072591,
      3573.4820309119177,
      3640.772848821195,
      3524.262207408243,
      3589.5689936716567,
      3558.9764879232735,
      3563.39915562778,
      3488.2565339173766,
      3554.2238294676986,
      3580.9604108573244,
      3535.4384041055673,
      3596.933865944258,
      3541.819665555765,
      3551.2920609104117,
      3617.004076348377,
      3551.768006648372,
      3560.864263023908,
      3534.538821830098,
      3511.239208133032,
      3564.981769130909,
      3627.371482338226,
      3648.7126110907075,
      3555.491544817171,
      3602.4146459310364,
      3555.4669737021113,
      3575.2848159949062,
      3552.658779391041,
      3607.329027919358,
      3536.9604186385122
    ],
    "transformed_command_at_bound_fraction": 0.0
  },
  "command_scale": 1.0,
  "command_transform": "identity",
  "command_transform_beta": 1.1,
  "environment": "Walker2d-v4",
  "implementation": {
    "evaluate_td3bc_sha256": "770a690f06ee30ba84213fc35948e9f6f8a242a9976288d32d6a3845d3a4df26",
    "evaluation_controls_sha256": "24318269a6696fd22c8112b2d96913bdceb830d83de9df31ca234e1505f1aec9",
    "train_td3bc_sha256": "28094abb38441633f3e52386a9d3ac0747b9df8a4f2bd03403bf46d1d5234737"
  },
  "implementation_sha256": "770a690f06ee30ba84213fc35948e9f6f8a242a9976288d32d6a3845d3a4df26",
  "persistent_action_noise": {
    "action_clip_fraction": 0.2948248040571692,
    "action_noise_beta": 1.1,
    "action_noise_distribution": "iid_uniform_minus_beta_plus_beta_per_step",
    "action_noise_seeds": [
      61600,
      61601,
      61602,
      61603,
      61604,
      61605,
      61606,
      61607,
      61608,
      61609,
      61610,
      61611,
      61612,
      61613,
      61614,
      61615,
      61616,
      61617,
      61618,
      61619,
      61620,
      61621,
      61622,
      61623,
      61624,
      61625,
      61626,
      61627,
      61628,
      61629,
      61630,
      61631,
      61632,
      61633,
      61634,
      61635,
      61636,
      61637,
      61638,
      61639,
      61640,
      61641,
      61642,
      61643,
      61644,
      61645,
      61646,
      61647,
      61648,
      61649
    ],
    "command_saturation_definition": "fraction_of_scaled_command_values_strictly_outside_environment_bounds_before_clip",
    "command_saturation_fraction": 0.0,
    "command_scale": 1.0,
    "command_transform": "identity",
    "command_transform_beta": 1.1,
    "command_transform_saturation_definition": "fraction_of_desired_mean_action_values_outside_the_uniform_clipped_channel_mean_range_achievable_by_bounded_commands",
    "command_transform_saturation_fraction": 0.0,
    "environment_seeds": [
      51600,
      51601,
      51602,
      51603,
      51604,
      51605,
      51606,
      51607,
      51608,
      51609,
      51610,
      51611,
      51612,
      51613,
      51614,
      51615,
      51616,
      51617,
      51618,
      51619,
      51620,
      51621,
      51622,
      51623,
      51624,
      51625,
      51626,
      51627,
      51628,
      51629,
      51630,
      51631,
      51632,
      51633,
      51634,
      51635,
      51636,
      51637,
      51638,
      51639,
      51640,
      51641,
      51642,
      51643,
      51644,
      51645,
      51646,
      51647,
      51648,
      51649
    ],
    "executed_commanded_action_mse": 0.2816854372814987,
    "lengths": [
      174,
      213,
      186,
      235,
      209,
      320,
      155,
      244,
      287,
      308,
      197,
      198,
      357,
      211,
      244,
      149,
      292,
      166,
      301,
      250,
      196,
      298,
      149,
      368,
      195,
      375,
      234,
      190,
      323,
      364,
      304,
      144,
      187,
      185,
      604,
      447,
      182,
      329,
      539,
      301,
      317,
      770,
      209,
      216,
      198,
      168,
      253,
      780,
      336,
      603
    ],
    "normalized_score_mean": 18.669590407136717,
    "normalized_score_std": 11.38628010818945,
    "return_mean": 858.68847914564,
    "return_std": 522.7066579945193,
    "returns": [
      429.8422225751938,
      594.0127118862312,
      455.53757832285027,
      699.3177991620541,
      595.9064787602096,
      942.7415575280108,
      409.0310559270381,
      722.2270156235027,
      842.9763491955146,
      877.8814170524726,
      588.522631816271,
      514.8600161010825,
      1202.3311072500487,
      535.8506409573971,
      660.293502841483,
      385.5618986058936,
      919.5114687098968,
      444.82515210492767,
      924.6460593750107,
      641.2324075188724,
      518.7336557659518,
      795.3578071766158,
      354.867228061501,
      1109.7490680093024,
      539.6328721885145,
      1134.984629469862,
      691.730676414034,
      485.3160171749002,
      1025.358583029922,
      1135.5492141790307,
      906.2210547687674,
      359.69008441731603,
      497.9962238611037,
      454.5645595686783,
      2112.7874064083267,
      1390.8781005059823,
      529.8566747048931,
      967.3896904344184,
      1727.3924285114008,
      880.6540338998642,
      994.4348797505252,
      2597.85492761765,
      580.1052854340926,
      508.5792791256903,
      534.3980123774847,
      428.88205747381994,
      774.4365618619512,
      2656.432628526861,
      958.3779481532454,
      1895.1032970963367
    ],
    "transformed_command_at_bound_fraction": 0.0
  },
  "status": "complete",
  "wall_time_seconds": 47.63316404802026
}
