{
  "action_pipeline": "agent_command -> multiply_by_command_scale -> clip_to_environment_bounds -> command_transform -> clip_to_environment_bounds -> add_seeded_actuator_noise_if_noisy -> clip_to_environment_bounds -> env.step",
  "checkpoint": "/root/hubl_research_20260914/results/inverse_residual_confirm/base_hubl_executed_25k_seed10/latest.pt",
  "checkpoint_sha256": "eba1af040aa73823ceba28048e10d3af2eef54c59f09c1e0194f27aa0ed4944d",
  "checkpoint_step": 25000,
  "clean": {
    "command_saturation_definition": "fraction_of_scaled_command_values_strictly_outside_environment_bounds_before_clip",
    "command_saturation_fraction": 0.0,
    "command_scale": 1.0,
    "command_transform": "uniform_mean_inverse",
    "command_transform_beta": 1.1,
    "command_transform_saturation_definition": "fraction_of_desired_mean_action_values_outside_the_uniform_clipped_channel_mean_range_achievable_by_bounded_commands",
    "command_transform_saturation_fraction": 0.19879997550970427,
    "episode_seeds": [
      51600,
      51601,
      51602,
      51603,
      51604,
      51605,
      51606,
      51607,
      51608,
      51609,
      51610,
      51611,
      51612,
      51613,
      51614,
      51615,
      51616,
      51617,
      51618,
      51619,
      51620,
      51621,
      51622,
      51623,
      51624,
      51625,
      51626,
      51627,
      51628,
      51629,
      51630,
      51631,
      51632,
      51633,
      51634,
      51635,
      51636,
      51637,
      51638,
      51639,
      51640,
      51641,
      51642,
      51643,
      51644,
      51645,
      51646,
      51647,
      51648,
      51649
    ],
    "lengths": [
      1000,
      1000,
      869,
      1000,
      1000,
      1000,
      1000,
      1000,
      1000,
      1000,
      1000,
      1000,
      1000,
      679,
      1000,
      1000,
      1000,
      1000,
      1000,
      1000,
      1000,
      1000,
      1000,
      1000,
      1000,
      1000,
      1000,
      1000,
      1000,
      1000,
      1000,
      1000,
      1000,
      1000,
      1000,
      1000,
      1000,
      1000,
      1000,
      844,
      1000,
      607,
      1000,
      1000,
      1000,
      1000,
      1000,
      1000,
      1000,
      1000
    ],
    "normalized_score_mean": 77.76986353552637,
    "normalized_score_std": 6.39210293150159,
    "return_mean": 3571.7875738433945,
    "return_std": 293.4404150552252,
    "returns": [
      3671.3055659197353,
      3717.243181937158,
      3142.4663228571417,
      3576.3489767553174,
      3657.3790234427197,
      3755.057313122176,
      3732.1398660440973,
      3506.9202134095513,
      3758.5968045106383,
      3433.5427200771132,
      3698.021310305298,
      3797.362552823116,
      3566.723217730151,
      2444.037853869681,
      3717.396895058349,
      3653.1537700717504,
      3530.9443859389557,
      3672.3607198366353,
      3586.575075012463,
      3712.4553861733066,
      3595.0307419887276,
      3656.383860825971,
      3644.2773185963915,
      3688.319679641507,
      3679.8965154827943,
      3667.32336294131,
      3693.3305282640517,
      3723.3436094886615,
      3504.9949390415486,
      3653.5560502517806,
      3632.2457171393175,
      3639.216830257825,
      3690.815652249606,
      3704.6289225623887,
      3703.090330534487,
      3792.0147182452,
      3569.702660093328,
      3619.2021156164355,
      3580.1172982453195,
      3189.024775749793,
      3676.1125366569117,
      2102.1419798466554,
      3569.767331857792,
      3608.622301924281,
      3635.445251985461,
      3750.535153471285,
      3504.4562671571316,
      3618.428840196081,
      3562.122659437106,
      3605.19958752521
    ],
    "transformed_command_at_bound_fraction": 0.19879997550970427
  },
  "command_scale": 1.0,
  "command_transform": "uniform_mean_inverse",
  "command_transform_beta": 1.1,
  "environment": "Walker2d-v4",
  "implementation": {
    "evaluate_td3bc_sha256": "770a690f06ee30ba84213fc35948e9f6f8a242a9976288d32d6a3845d3a4df26",
    "evaluation_controls_sha256": "24318269a6696fd22c8112b2d96913bdceb830d83de9df31ca234e1505f1aec9",
    "train_td3bc_sha256": "28094abb38441633f3e52386a9d3ac0747b9df8a4f2bd03403bf46d1d5234737"
  },
  "implementation_sha256": "770a690f06ee30ba84213fc35948e9f6f8a242a9976288d32d6a3845d3a4df26",
  "persistent_action_noise": {
    "action_clip_fraction": 0.35380031262211803,
    "action_noise_beta": 1.1,
    "action_noise_distribution": "iid_uniform_minus_beta_plus_beta_per_step",
    "action_noise_seeds": [
      61600,
      61601,
      61602,
      61603,
      61604,
      61605,
      61606,
      61607,
      61608,
      61609,
      61610,
      61611,
      61612,
      61613,
      61614,
      61615,
      61616,
      61617,
      61618,
      61619,
      61620,
      61621,
      61622,
      61623,
      61624,
      61625,
      61626,
      61627,
      61628,
      61629,
      61630,
      61631,
      61632,
      61633,
      61634,
      61635,
      61636,
      61637,
      61638,
      61639,
      61640,
      61641,
      61642,
      61643,
      61644,
      61645,
      61646,
      61647,
      61648,
      61649
    ],
    "command_saturation_definition": "fraction_of_scaled_command_values_strictly_outside_environment_bounds_before_clip",
    "command_saturation_fraction": 0.0,
    "command_scale": 1.0,
    "command_transform": "uniform_mean_inverse",
    "command_transform_beta": 1.1,
    "command_transform_saturation_definition": "fraction_of_desired_mean_action_values_outside_the_uniform_clipped_channel_mean_range_achievable_by_bounded_commands",
    "command_transform_saturation_fraction": 0.28943365153798917,
    "environment_seeds": [
      51600,
      51601,
      51602,
      51603,
      51604,
      51605,
      51606,
      51607,
      51608,
      51609,
      51610,
      51611,
      51612,
      51613,
      51614,
      51615,
      51616,
      51617,
      51618,
      51619,
      51620,
      51621,
      51622,
      51623,
      51624,
      51625,
      51626,
      51627,
      51628,
      51629,
      51630,
      51631,
      51632,
      51633,
      51634,
      51635,
      51636,
      51637,
      51638,
      51639,
      51640,
      51641,
      51642,
      51643,
      51644,
      51645,
      51646,
      51647,
      51648,
      51649
    ],
    "executed_commanded_action_mse": 0.25922012367824504,
    "lengths": [
      196,
      357,
      440,
      311,
      881,
      328,
      310,
      420,
      303,
      208,
      254,
      262,
      491,
      253,
      408,
      374,
      696,
      429,
      306,
      192,
      574,
      428,
      299,
      1000,
      319,
      767,
      710,
      888,
      844,
      312,
      303,
      199,
      322,
      303,
      703,
      796,
      525,
      928,
      624,
      789,
      657,
      499,
      257,
      383,
      631,
      615,
      221,
      1000,
      326,
      243
    ],
    "normalized_score_mean": 34.61093290452905,
    "normalized_score_std": 18.80513161973507,
    "return_mean": 1590.5030649087985,
    "return_std": 863.2817222745978,
    "returns": [
      523.7210132483193,
      1138.6214236255962,
      1460.5264913410983,
      1017.408211038302,
      3031.626697535392,
      994.3505927709856,
      974.150416326639,
      1482.7052241984043,
      931.5224052611954,
      598.2635451143775,
      782.4399686425961,
      775.1581826423171,
      1741.844693970726,
      711.3729611092936,
      1249.2644464752234,
      1341.0122666736318,
      2466.5006248453305,
      1438.011413918785,
      998.5368032116714,
      453.4112720502468,
      1880.9263820525575,
      1438.7659479695012,
      921.2072436632687,
      3346.4491095425697,
      1030.2257179709975,
      2640.5237607647227,
      2422.163308178655,
      3084.592286490547,
      2893.2774588561556,
      946.8855481034685,
      914.6011296967818,
      576.0148445437854,
      1029.3999065489468,
      917.7946794736217,
      2420.375630199776,
      2806.394845002257,
      1989.0949357533116,
      3194.988161604668,
      2058.50191423064,
      2691.9068732631085,
      2281.4326852729187,
      1701.7161128925743,
      748.9610299515793,
      1212.4519221391915,
      2310.6073728240362,
      2040.979977590817,
      655.5384749990404,
      3554.465735471908,
      1004.3537576365648,
      700.1078387518232
    ],
    "transformed_command_at_bound_fraction": 0.28943365153798917
  },
  "status": "complete",
  "wall_time_seconds": 206.07988375797868
}
