{
  "adapted": {
    "action_noise_beta": 1.25,
    "action_noise_seeds": [
      49300,
      49301,
      49302,
      49303,
      49304,
      49305,
      49306,
      49307,
      49308,
      49309,
      49310,
      49311,
      49312,
      49313,
      49314,
      49315,
      49316,
      49317,
      49318,
      49319,
      49320,
      49321,
      49322,
      49323,
      49324,
      49325,
      49326,
      49327,
      49328,
      49329,
      49330,
      49331,
      49332,
      49333,
      49334,
      49335,
      49336,
      49337,
      49338,
      49339,
      49340,
      49341,
      49342,
      49343,
      49344,
      49345,
      49346,
      49347,
      49348,
      49349
    ],
    "actuator_clip_fraction": 0.3814326210204972,
    "applied_residual_abs_mean": 0.10014987323458047,
    "command_at_bound_fraction": 0.25753198139264427,
    "environment_seeds": [
      39300,
      39301,
      39302,
      39303,
      39304,
      39305,
      39306,
      39307,
      39308,
      39309,
      39310,
      39311,
      39312,
      39313,
      39314,
      39315,
      39316,
      39317,
      39318,
      39319,
      39320,
      39321,
      39322,
      39323,
      39324,
      39325,
      39326,
      39327,
      39328,
      39329,
      39330,
      39331,
      39332,
      39333,
      39334,
      39335,
      39336,
      39337,
      39338,
      39339,
      39340,
      39341,
      39342,
      39343,
      39344,
      39345,
      39346,
      39347,
      39348,
      39349
    ],
    "executed_commanded_action_mse": 0.3188906024344249,
    "inverse_saturation_fraction": 0.35994512283762176,
    "lengths": [
      486,
      445,
      998,
      263,
      533,
      210,
      376,
      435,
      729,
      314,
      736,
      443,
      456,
      253,
      437,
      160,
      1000,
      192,
      162,
      372,
      208,
      187,
      385,
      263,
      784,
      240,
      192,
      189,
      221,
      130,
      145,
      335,
      247,
      272,
      196,
      189,
      469,
      163,
      205,
      277,
      931,
      148,
      161,
      181,
      328,
      495,
      651,
      126,
      173,
      853
    ],
    "normalized_score_mean": 24.5847379911086,
    "normalized_score_std": 17.3943201136884,
    "proposed_residual_abs_max": 0.2499999850988388,
    "proposed_residual_abs_mean": 0.1253627834459287,
    "return_mean": 1130.233443417026,
    "return_std": 798.5160077147149,
    "returns": [
      1577.6351812385235,
      1406.3178712301935,
      3195.1130206103717,
      778.058262675407,
      1685.2967177470316,
      612.9656680309593,
      1143.071874782537,
      1325.084597053668,
      2183.9079101546445,
      1030.616305912107,
      2485.6431852792603,
      1441.177596522819,
      1410.486375556352,
      707.9545353368524,
      1367.1713109534446,
      418.674577273338,
      3137.629132125793,
      465.7307529711413,
      405.5837573953644,
      1154.5139779281694,
      572.4507775992367,
      546.9452018420951,
      1240.501898349312,
      851.5625951714875,
      2594.0802141623813,
      696.7239659386823,
      519.7098427843972,
      487.88553742601766,
      681.375752768703,
      285.60773832572244,
      321.37358694135156,
      1087.3644748721642,
      684.5100405028999,
      833.1751253576622,
      556.5231889228795,
      523.32345912395,
      1485.8498273497714,
      435.5391538565315,
      604.0384852751042,
      786.6656240218542,
      2989.3816990925015,
      379.2216436834749,
      421.7501393629383,
      507.32558445366726,
      1055.353049333659,
      1612.3169716267553,
      2259.4535580983957,
      302.06013976591316,
      464.29450819904736,
      2792.6757758647595
    ],
    "use_residual": true
  },
  "adapter_checkpoint": "/root/hubl_research_20260914/results/inverse_residual_confirm/inverse_p001_k8_u5k_seed10/latest.pt",
  "adapter_checkpoint_sha256": "268727a10f2673fecfc220e114b7011dfb64b741d8374d006f0510f87093cc11",
  "adapter_step": 5000,
  "base_checkpoint": "/root/hubl_research_20260914/results/inverse_residual_confirm/base_hubl_executed_25k_seed10/latest.pt",
  "base_checkpoint_sha256": "eba1af040aa73823ceba28048e10d3af2eef54c59f09c1e0194f27aa0ed4944d",
  "base_checkpoint_step": 25000,
  "base_parameter_sha256": "343ace6ead0326cd030ed70b9ea424c515a8a04086ff6052440064a287b2a05e",
  "baseline_only": {
    "action_noise_beta": 1.25,
    "action_noise_seeds": [
      49300,
      49301,
      49302,
      49303,
      49304,
      49305,
      49306,
      49307,
      49308,
      49309,
      49310,
      49311,
      49312,
      49313,
      49314,
      49315,
      49316,
      49317,
      49318,
      49319,
      49320,
      49321,
      49322,
      49323,
      49324,
      49325,
      49326,
      49327,
      49328,
      49329,
      49330,
      49331,
      49332,
      49333,
      49334,
      49335,
      49336,
      49337,
      49338,
      49339,
      49340,
      49341,
      49342,
      49343,
      49344,
      49345,
      49346,
      49347,
      49348,
      49349
    ],
    "actuator_clip_fraction": 0.38548494675590517,
    "applied_residual_abs_mean": 0.0,
    "command_at_bound_fraction": 0.35108903148646475,
    "environment_seeds": [
      39300,
      39301,
      39302,
      39303,
      39304,
      39305,
      39306,
      39307,
      39308,
      39309,
      39310,
      39311,
      39312,
      39313,
      39314,
      39315,
      39316,
      39317,
      39318,
      39319,
      39320,
      39321,
      39322,
      39323,
      39324,
      39325,
      39326,
      39327,
      39328,
      39329,
      39330,
      39331,
      39332,
      39333,
      39334,
      39335,
      39336,
      39337,
      39338,
      39339,
      39340,
      39341,
      39342,
      39343,
      39344,
      39345,
      39346,
      39347,
      39348,
      39349
    ],
    "executed_commanded_action_mse": 0.31920093889551865,
    "inverse_saturation_fraction": 0.35108903148646475,
    "lengths": [
      157,
      219,
      220,
      501,
      293,
      293,
      286,
      292,
      609,
      316,
      306,
      247,
      194,
      344,
      464,
      258,
      552,
      159,
      208,
      329,
      200,
      239,
      379,
      266,
      471,
      183,
      299,
      242,
      159,
      416,
      178,
      227,
      228,
      293,
      151,
      155,
      377,
      185,
      243,
      201,
      204,
      620,
      217,
      141,
      326,
      634,
      319,
      158,
      167,
      368
    ],
    "normalized_score_mean": 18.886762027046583,
    "normalized_score_std": 10.113214021907725,
    "proposed_residual_abs_max": 0.0,
    "proposed_residual_abs_mean": 0.0,
    "return_mean": 868.6581137036987,
    "return_std": 464.26438246259454,
    "returns": [
      371.93557384064826,
      597.119390562977,
      611.0462201317163,
      1698.329220858973,
      859.323947469122,
      847.8422506669772,
      860.6727569143236,
      952.6386806824783,
      1970.1734956384532,
      1084.329559123515,
      1030.284352475982,
      732.0071546169921,
      438.58798047524425,
      1087.2790010186864,
      1497.7318090320346,
      697.9523358159503,
      1867.8862289433687,
      368.11077192505365,
      594.2974255929784,
      1003.4902958076258,
      514.9736423301799,
      700.39776153171,
      1165.1783790099119,
      784.7880343090804,
      1492.387571533324,
      458.6495580508286,
      934.8667063199081,
      647.110328497884,
      411.24742049179696,
      1248.9519033031925,
      449.4772456765919,
      665.6414852857348,
      652.2598883647516,
      956.2206730136028,
      366.3632552581497,
      388.53509671821683,
      1206.6248813523553,
      497.2918719806482,
      711.3328181508675,
      520.9652947352979,
      544.3551405277888,
      2174.591627270563,
      619.4520325365319,
      346.529063492128,
      951.7374017361116,
      2064.039789520454,
      905.2972059156624,
      413.5784403206226,
      419.03824113629054,
      1049.9844752216504
    ],
    "use_residual": false
  },
  "baseline_transform": "inverse",
  "channel": {
    "beta_mismatch": true,
    "distribution": "iid_uniform_minus_beta_plus_beta_per_step",
    "environment_rollout_beta": 1.25,
    "model_or_calibration_beta": 1.2498948872089386
  },
  "environment": "Walker2d-v4",
  "evaluation_protocol": {
    "episode_count_per_method": 50,
    "paired_environment_and_action_noise_seeds": true,
    "selection_rule": "all requested episodes retained"
  },
  "implementation": {
    "core_sha256": "5700efa8bbefac91c991a76878c3b78c5b3e84aea83568987f7a7e8919e50041",
    "evaluate_sha256": "38747e3a732362734757e6bde3715eb2ac5eb9ecd0870ccead2193670da89eed",
    "train_sha256": "fb065682c78e6c058d1165fa68f680fb682d235ec8c9c3abe70b8098177ee0e4"
  },
  "normalization": {
    "reference_max_score": 4592.3,
    "reference_min_score": 1.629008
  },
  "paired": {
    "adapted_minus_baseline_returns": [
      1205.6996073978753,
      809.1984806672166,
      2584.0668004786553,
      -920.270958183566,
      825.9727702779096,
      -234.87658263601793,
      282.39911786821335,
      372.4459163711897,
      213.73441451619124,
      -53.71325321140807,
      1455.3588328032783,
      709.1704419058268,
      971.8983950811078,
      -379.324465681834,
      -130.56049807858994,
      -279.2777585426123,
      1269.7429031824245,
      97.61998104608767,
      -188.71366819761397,
      151.02368212054364,
      57.47713526905682,
      -153.45255968961487,
      75.32351933940004,
      66.77456086240704,
      1101.6926426290572,
      238.07440788785374,
      -415.15686353551087,
      -159.22479107186632,
      270.12833227690606,
      -963.34416497747,
      -128.10365873524034,
      421.72298958642943,
      32.25015213814822,
      -123.0455476559406,
      190.1599336647298,
      134.78836240573315,
      279.22494599741617,
      -61.752718124116655,
      -107.2943328757633,
      265.7003292865563,
      2445.026558564713,
      -1795.3699835870882,
      -197.7018931735936,
      160.79652096153927,
      103.61564759754754,
      -451.7228178936989,
      1354.1563521827334,
      -111.51830055470941,
      45.25626706275682,
      1742.6913006431091
    ],
    "episode_count": 50,
    "positive_episode_count": 31,
    "return_difference_mean": 261.57532971332716,
    "return_difference_std": 774.6232752114385
  },
  "status": "complete",
  "training_dataset": {
    "considered_observation_count": 1000000,
    "held_out_audit_observation_count": 100060,
    "path": "/root/hubl_backup_data/action_noise_dev/walker2d_v4_beta1_seed1201.hdf5",
    "sha256": "159a49faaa7786a8444369a1aef758b1a43f26eaaa56146358ace6f9c5b3882a",
    "training_observation_count": 899940
  },
  "training_observation_split": {
    "audit_episode_unit_count": 303,
    "audit_episode_units_sha256": "f7cf0ed8e11d6308bd79c2f522fdb50f7b62c6c590427f83a4ec142f7d1b130c",
    "audit_indices_sha256": "e12718e0aa418e07284c04363d65494ce211b3c0d0878a0d3af54f6c3b4019b3",
    "audit_observation_count": 100060,
    "base_critic_training_partition_controlled": false,
    "boundary_source": "terminals+timeouts",
    "considered_observation_count": 1000000,
    "episode_unit_count": 3255,
    "holdout_scope": "adapter_sgd_and_value_scale_calibration",
    "max_observations": null,
    "method": "whole_episode_permutation_to_state_count",
    "realized_audit_fraction": 0.10006,
    "requested_audit_fraction": 0.1,
    "schema": "adapter_observation_split_v1",
    "seed": 424242,
    "source_observation_count": 1000000,
    "storage_layout": "flat",
    "train_indices_sha256": "f90181e680de975cf43be71f477462513b6e9157453abb96302f9bf46adece5d",
    "train_observation_count": 899940
  },
  "wall_time_seconds": 101.1919500020449
}
