{
  "adapted": {
    "action_noise_beta": 0.0,
    "action_noise_seeds": [
      49300,
      49301,
      49302,
      49303,
      49304,
      49305,
      49306,
      49307,
      49308,
      49309,
      49310,
      49311,
      49312,
      49313,
      49314,
      49315,
      49316,
      49317,
      49318,
      49319,
      49320,
      49321,
      49322,
      49323,
      49324,
      49325,
      49326,
      49327,
      49328,
      49329,
      49330,
      49331,
      49332,
      49333,
      49334,
      49335,
      49336,
      49337,
      49338,
      49339,
      49340,
      49341,
      49342,
      49343,
      49344,
      49345,
      49346,
      49347,
      49348,
      49349
    ],
    "actuator_clip_fraction": 0.0,
    "applied_residual_abs_mean": 0.17034502052377715,
    "command_at_bound_fraction": 0.10039666666666666,
    "environment_seeds": [
      39300,
      39301,
      39302,
      39303,
      39304,
      39305,
      39306,
      39307,
      39308,
      39309,
      39310,
      39311,
      39312,
      39313,
      39314,
      39315,
      39316,
      39317,
      39318,
      39319,
      39320,
      39321,
      39322,
      39323,
      39324,
      39325,
      39326,
      39327,
      39328,
      39329,
      39330,
      39331,
      39332,
      39333,
      39334,
      39335,
      39336,
      39337,
      39338,
      39339,
      39340,
      39341,
      39342,
      39343,
      39344,
      39345,
      39346,
      39347,
      39348,
      39349
    ],
    "executed_commanded_action_mse": 0.0,
    "inverse_saturation_fraction": 0.0,
    "lengths": [
      1000,
      1000,
      1000,
      1000,
      1000,
      1000,
      1000,
      1000,
      1000,
      1000,
      1000,
      1000,
      1000,
      1000,
      1000,
      1000,
      1000,
      1000,
      1000,
      1000,
      1000,
      1000,
      1000,
      1000,
      1000,
      1000,
      1000,
      1000,
      1000,
      1000,
      1000,
      1000,
      1000,
      1000,
      1000,
      1000,
      1000,
      1000,
      1000,
      1000,
      1000,
      1000,
      1000,
      1000,
      1000,
      1000,
      1000,
      1000,
      1000,
      1000
    ],
    "normalized_score_mean": 81.81331977334104,
    "normalized_score_std": 0.7766488761652907,
    "proposed_residual_abs_max": 0.25,
    "proposed_residual_abs_mean": 0.1790709373218538,
    "return_mean": 3757.4093464269677,
    "return_std": 35.653394667813956,
    "returns": [
      3719.331595114435,
      3774.5459215848523,
      3755.0899210792504,
      3766.7476873204496,
      3766.595040903461,
      3786.927798868624,
      3769.3425798865674,
      3741.9525940847966,
      3703.5930863494623,
      3768.336197459661,
      3760.1265042292102,
      3754.7154630164155,
      3654.8885237716668,
      3688.200629576782,
      3721.6697632099845,
      3771.168699200648,
      3752.302501672803,
      3799.250534092131,
      3763.509628887471,
      3764.3780978802365,
      3770.8830850375407,
      3703.0382688441846,
      3749.568392077658,
      3748.884642293474,
      3784.214621044208,
      3790.635471870373,
      3772.825444899015,
      3782.287607167255,
      3778.0625027244946,
      3780.249811916096,
      3786.92972973749,
      3754.3171056162955,
      3791.5452325799433,
      3784.6670943672875,
      3756.9369877064296,
      3695.1420836046273,
      3787.1485288504227,
      3780.7042092415422,
      3767.5170742156624,
      3749.300403393601,
      3680.951957342754,
      3801.1829324899995,
      3792.0871275991653,
      3759.1519058848007,
      3795.5764030252517,
      3678.2166921847274,
      3767.2928608200764,
      3765.240124500932,
      3709.4337768338955,
      3823.8024752902497
    ],
    "use_residual": true
  },
  "adapter_checkpoint": "/root/hubl_research_20260914/results/inverse_residual_confirm/identity_p001_k8_u5k_seed1/latest.pt",
  "adapter_checkpoint_sha256": "961f32951e17e4f00886fea754d0db13c0cb31f332471440d08b17f27b822171",
  "adapter_step": 5000,
  "base_checkpoint": "/root/hubl_research_20260914/results/inverse_residual_confirm/base_hubl_executed_25k_seed1/latest.pt",
  "base_checkpoint_sha256": "22b47965695bfa312533741abaa1e17e3cbbc091f3c5e6ba7fc8953fbc8ca6ae",
  "base_checkpoint_step": 25000,
  "base_parameter_sha256": "722268006220148b374b0fd028d6bc9115603510d092d88269a7192e76deac92",
  "baseline_only": {
    "action_noise_beta": 0.0,
    "action_noise_seeds": [
      49300,
      49301,
      49302,
      49303,
      49304,
      49305,
      49306,
      49307,
      49308,
      49309,
      49310,
      49311,
      49312,
      49313,
      49314,
      49315,
      49316,
      49317,
      49318,
      49319,
      49320,
      49321,
      49322,
      49323,
      49324,
      49325,
      49326,
      49327,
      49328,
      49329,
      49330,
      49331,
      49332,
      49333,
      49334,
      49335,
      49336,
      49337,
      49338,
      49339,
      49340,
      49341,
      49342,
      49343,
      49344,
      49345,
      49346,
      49347,
      49348,
      49349
    ],
    "actuator_clip_fraction": 0.0,
    "applied_residual_abs_mean": 0.0,
    "command_at_bound_fraction": 0.0,
    "environment_seeds": [
      39300,
      39301,
      39302,
      39303,
      39304,
      39305,
      39306,
      39307,
      39308,
      39309,
      39310,
      39311,
      39312,
      39313,
      39314,
      39315,
      39316,
      39317,
      39318,
      39319,
      39320,
      39321,
      39322,
      39323,
      39324,
      39325,
      39326,
      39327,
      39328,
      39329,
      39330,
      39331,
      39332,
      39333,
      39334,
      39335,
      39336,
      39337,
      39338,
      39339,
      39340,
      39341,
      39342,
      39343,
      39344,
      39345,
      39346,
      39347,
      39348,
      39349
    ],
    "executed_commanded_action_mse": 0.0,
    "inverse_saturation_fraction": 0.0,
    "lengths": [
      1000,
      1000,
      1000,
      1000,
      645,
      1000,
      1000,
      459,
      1000,
      1000,
      1000,
      1000,
      1000,
      1000,
      1000,
      1000,
      1000,
      1000,
      947,
      1000,
      1000,
      647,
      1000,
      1000,
      1000,
      1000,
      1000,
      554,
      1000,
      1000,
      746,
      1000,
      1000,
      1000,
      1000,
      1000,
      1000,
      1000,
      1000,
      815,
      1000,
      1000,
      1000,
      1000,
      1000,
      1000,
      1000,
      862,
      1000,
      1000
    ],
    "normalized_score_mean": 79.49820758934368,
    "normalized_score_std": 10.463179568653443,
    "proposed_residual_abs_max": 0.0,
    "proposed_residual_abs_mean": 0.0,
    "return_mean": 3651.130162963943,
    "return_std": 480.3301492990444,
    "returns": [
      3833.3657631940196,
      3885.7428401952106,
      3828.527944365867,
      3823.32503831174,
      2435.711464847276,
      3837.9937247054954,
      3863.7375871434556,
      1655.6808720677686,
      3839.068932740945,
      3847.2749283381168,
      3828.7569206740845,
      3784.0401537662005,
      3857.0541524598398,
      3838.0171453449684,
      3823.6642416356094,
      3876.173647327645,
      3800.9385592311683,
      3834.172721090095,
      3683.7191339341493,
      3842.019879409475,
      3802.6018506146906,
      2475.323393269443,
      3797.589290957061,
      3863.4194104907524,
      3837.158607845496,
      3867.261994295179,
      3808.38605963613,
      2052.751963241702,
      3821.65936092193,
      3810.2146310764133,
      2975.7413351951277,
      3899.332068532028,
      3811.9681604672915,
      3792.915356616715,
      3803.0213319012646,
      3879.816060497155,
      3836.4720691188504,
      3856.1396207163375,
      3822.6395272487653,
      3154.1571310139566,
      3757.535082903483,
      3796.241778328909,
      3754.8823783766784,
      3872.250289449964,
      3804.631163803569,
      3870.1852775796706,
      3805.8299827763135,
      3372.6642358917616,
      3798.258756302871,
      3736.4743283444955
    ],
    "use_residual": false
  },
  "baseline_transform": "identity",
  "channel": {
    "beta_mismatch": true,
    "distribution": "iid_uniform_minus_beta_plus_beta_per_step",
    "environment_rollout_beta": 0.0,
    "model_or_calibration_beta": 1.2498948872089386
  },
  "environment": "Walker2d-v4",
  "evaluation_protocol": {
    "episode_count_per_method": 50,
    "paired_environment_and_action_noise_seeds": true,
    "selection_rule": "all requested episodes retained"
  },
  "implementation": {
    "core_sha256": "5700efa8bbefac91c991a76878c3b78c5b3e84aea83568987f7a7e8919e50041",
    "evaluate_sha256": "38747e3a732362734757e6bde3715eb2ac5eb9ecd0870ccead2193670da89eed",
    "train_sha256": "fb065682c78e6c058d1165fa68f680fb682d235ec8c9c3abe70b8098177ee0e4"
  },
  "normalization": {
    "reference_max_score": 4592.3,
    "reference_min_score": 1.629008
  },
  "paired": {
    "adapted_minus_baseline_returns": [
      -114.03416807958456,
      -111.19691861035835,
      -73.4380232866165,
      -56.57735099129059,
      1330.8835760561847,
      -51.06592583687143,
      -94.39500725688822,
      2086.271722017028,
      -135.47584639148272,
      -78.93873087845577,
      -68.6304164448743,
      -29.324690749785077,
      -202.165628688173,
      -149.8165157681865,
      -101.99447842562495,
      -105.00494812699708,
      -48.63605755836534,
      -34.92218699796376,
      79.79049495332174,
      -77.64178152923841,
      -31.718765577149952,
      1227.7148755747417,
      -48.020898879403376,
      -114.53476819727848,
      -52.94398680128825,
      -76.62652242480635,
      -35.560614737114975,
      1729.535643925553,
      -43.59685819743527,
      -29.964819160317347,
      811.1883945423624,
      -145.01496291573267,
      -20.422927887348123,
      -8.248262249427626,
      -46.08434419483501,
      -184.67397689252766,
      -49.32354026842768,
      -75.43541147479527,
      -55.12245303310283,
      595.1432723796443,
      -76.5831255607286,
      4.941154161090708,
      37.20474922248695,
      -113.0983835651632,
      -9.054760778317359,
      -191.96858539494315,
      -38.537121956237115,
      392.5758886091703,
      -88.82497946897547,
      87.32814694575427
    ],
    "episode_count": 50,
    "positive_episode_count": 11,
    "return_difference_mean": 106.27918346302451,
    "return_difference_std": 481.08972163996935
  },
  "status": "complete",
  "training_dataset": {
    "considered_observation_count": 1000000,
    "held_out_audit_observation_count": 100060,
    "path": "/root/hubl_backup_data/action_noise_dev/walker2d_v4_beta1_seed1201.hdf5",
    "sha256": "159a49faaa7786a8444369a1aef758b1a43f26eaaa56146358ace6f9c5b3882a",
    "training_observation_count": 899940
  },
  "training_observation_split": {
    "audit_episode_unit_count": 303,
    "audit_episode_units_sha256": "f7cf0ed8e11d6308bd79c2f522fdb50f7b62c6c590427f83a4ec142f7d1b130c",
    "audit_indices_sha256": "e12718e0aa418e07284c04363d65494ce211b3c0d0878a0d3af54f6c3b4019b3",
    "audit_observation_count": 100060,
    "base_critic_training_partition_controlled": false,
    "boundary_source": "terminals+timeouts",
    "considered_observation_count": 1000000,
    "episode_unit_count": 3255,
    "holdout_scope": "adapter_sgd_and_value_scale_calibration",
    "max_observations": null,
    "method": "whole_episode_permutation_to_state_count",
    "realized_audit_fraction": 0.10006,
    "requested_audit_fraction": 0.1,
    "schema": "adapter_observation_split_v1",
    "seed": 424242,
    "source_observation_count": 1000000,
    "storage_layout": "flat",
    "train_indices_sha256": "f90181e680de975cf43be71f477462513b6e9157453abb96302f9bf46adece5d",
    "train_observation_count": 899940
  },
  "wall_time_seconds": 111.95280284102773
}
