{
  "action_pipeline": "agent_command -> multiply_by_command_scale -> clip_to_environment_bounds -> command_transform -> clip_to_environment_bounds -> add_seeded_actuator_noise_if_noisy -> clip_to_environment_bounds -> env.step",
  "checkpoint": "/root/hubl_research_20260914/results/inverse_residual_confirm/base_hubl_executed_25k_seed10/latest.pt",
  "checkpoint_sha256": "eba1af040aa73823ceba28048e10d3af2eef54c59f09c1e0194f27aa0ed4944d",
  "checkpoint_step": 25000,
  "clean": {
    "command_saturation_definition": "fraction_of_scaled_command_values_strictly_outside_environment_bounds_before_clip",
    "command_saturation_fraction": 0.0,
    "command_scale": 1.0,
    "command_transform": "identity",
    "command_transform_beta": 0.9,
    "command_transform_saturation_definition": "fraction_of_desired_mean_action_values_outside_the_uniform_clipped_channel_mean_range_achievable_by_bounded_commands",
    "command_transform_saturation_fraction": 0.0,
    "episode_seeds": [
      51500,
      51501,
      51502,
      51503,
      51504,
      51505,
      51506,
      51507,
      51508,
      51509,
      51510,
      51511,
      51512,
      51513,
      51514,
      51515,
      51516,
      51517,
      51518,
      51519,
      51520,
      51521,
      51522,
      51523,
      51524,
      51525,
      51526,
      51527,
      51528,
      51529,
      51530,
      51531,
      51532,
      51533,
      51534,
      51535,
      51536,
      51537,
      51538,
      51539,
      51540,
      51541,
      51542,
      51543,
      51544,
      51545,
      51546,
      51547,
      51548,
      51549
    ],
    "lengths": [
      1000,
      1000,
      1000,
      1000,
      1000,
      1000,
      1000,
      1000,
      1000,
      1000,
      1000,
      1000,
      1000,
      1000,
      1000,
      1000,
      1000,
      1000,
      1000,
      1000,
      1000,
      1000,
      1000,
      1000,
      1000,
      1000,
      1000,
      1000,
      1000,
      1000,
      1000,
      1000,
      1000,
      1000,
      1000,
      1000,
      1000,
      1000,
      1000,
      1000,
      1000,
      1000,
      1000,
      1000,
      1000,
      1000,
      1000,
      1000,
      1000,
      1000
    ],
    "normalized_score_mean": 77.55303045437122,
    "normalized_score_std": 0.7912761701922798,
    "return_mean": 3561.8334804857463,
    "return_std": 36.32488561162558,
    "returns": [
      3559.949668378837,
      3555.0478118830933,
      3532.4995479022414,
      3623.7989106021932,
      3564.4275038399674,
      3541.828150357528,
      3650.2285145203023,
      3565.670396215002,
      3591.5607069406974,
      3545.7209702074224,
      3529.031383770011,
      3582.0517426470046,
      3583.910933243166,
      3562.1028190549328,
      3597.7431616750814,
      3586.414392860411,
      3558.904663385723,
      3547.50938103923,
      3556.8818225229784,
      3562.972022574354,
      3537.66881520656,
      3560.612107697673,
      3570.6351368547867,
      3536.7022162470116,
      3653.6985385651433,
      3471.957171074152,
      3494.8982405314537,
      3625.8784935781146,
      3568.9348065189897,
      3563.420614530654,
      3557.5262108242378,
      3534.6154310026013,
      3579.351174286577,
      3566.046119579398,
      3585.174044916081,
      3625.7462249945047,
      3557.6206181884986,
      3565.703088958759,
      3485.9219277144616,
      3525.2089856075686,
      3552.9317952301035,
      3577.7910802235297,
      3538.1945094081534,
      3509.1153923820816,
      3528.0984755078625,
      3557.1874532712036,
      3583.90990256316,
      3553.7984322875222,
      3601.6497482004133,
      3523.4227647158705
    ],
    "transformed_command_at_bound_fraction": 0.0
  },
  "command_scale": 1.0,
  "command_transform": "identity",
  "command_transform_beta": 0.9,
  "environment": "Walker2d-v4",
  "implementation": {
    "evaluate_td3bc_sha256": "770a690f06ee30ba84213fc35948e9f6f8a242a9976288d32d6a3845d3a4df26",
    "evaluation_controls_sha256": "24318269a6696fd22c8112b2d96913bdceb830d83de9df31ca234e1505f1aec9",
    "train_td3bc_sha256": "28094abb38441633f3e52386a9d3ac0747b9df8a4f2bd03403bf46d1d5234737"
  },
  "implementation_sha256": "770a690f06ee30ba84213fc35948e9f6f8a242a9976288d32d6a3845d3a4df26",
  "persistent_action_noise": {
    "action_clip_fraction": 0.2492095570259787,
    "action_noise_beta": 0.9,
    "action_noise_distribution": "iid_uniform_minus_beta_plus_beta_per_step",
    "action_noise_seeds": [
      61500,
      61501,
      61502,
      61503,
      61504,
      61505,
      61506,
      61507,
      61508,
      61509,
      61510,
      61511,
      61512,
      61513,
      61514,
      61515,
      61516,
      61517,
      61518,
      61519,
      61520,
      61521,
      61522,
      61523,
      61524,
      61525,
      61526,
      61527,
      61528,
      61529,
      61530,
      61531,
      61532,
      61533,
      61534,
      61535,
      61536,
      61537,
      61538,
      61539,
      61540,
      61541,
      61542,
      61543,
      61544,
      61545,
      61546,
      61547,
      61548,
      61549
    ],
    "command_saturation_definition": "fraction_of_scaled_command_values_strictly_outside_environment_bounds_before_clip",
    "command_saturation_fraction": 0.0,
    "command_scale": 1.0,
    "command_transform": "identity",
    "command_transform_beta": 0.9,
    "command_transform_saturation_definition": "fraction_of_desired_mean_action_values_outside_the_uniform_clipped_channel_mean_range_achievable_by_bounded_commands",
    "command_transform_saturation_fraction": 0.0,
    "environment_seeds": [
      51500,
      51501,
      51502,
      51503,
      51504,
      51505,
      51506,
      51507,
      51508,
      51509,
      51510,
      51511,
      51512,
      51513,
      51514,
      51515,
      51516,
      51517,
      51518,
      51519,
      51520,
      51521,
      51522,
      51523,
      51524,
      51525,
      51526,
      51527,
      51528,
      51529,
      51530,
      51531,
      51532,
      51533,
      51534,
      51535,
      51536,
      51537,
      51538,
      51539,
      51540,
      51541,
      51542,
      51543,
      51544,
      51545,
      51546,
      51547,
      51548,
      51549
    ],
    "executed_commanded_action_mse": 0.20036375744584775,
    "lengths": [
      621,
      709,
      731,
      408,
      992,
      309,
      237,
      952,
      534,
      220,
      349,
      307,
      1000,
      555,
      773,
      371,
      652,
      429,
      1000,
      253,
      282,
      680,
      682,
      730,
      1000,
      660,
      427,
      199,
      712,
      363,
      624,
      581,
      493,
      749,
      251,
      573,
      419,
      633,
      1000,
      620,
      326,
      281,
      1000,
      1000,
      580,
      1000,
      786,
      965,
      661,
      1000
    ],
    "normalized_score_mean": 44.99112003511013,
    "normalized_score_std": 20.18385654283115,
    "return_mean": 2067.023304427701,
    "return_std": 926.5744473786436,
    "returns": [
      2057.3829567238854,
      2418.0410758742787,
      2598.021367759587,
      1459.9392907891586,
      3400.0606303647155,
      937.8317930660587,
      724.4097707960414,
      3420.6021220690195,
      1736.2779212560583,
      637.6199889588817,
      1062.548039503242,
      972.9951701808812,
      3384.501074676473,
      1899.0117318243379,
      2618.796410461104,
      1221.373194075761,
      2225.925533800603,
      1362.4661604876799,
      3434.414421757289,
      803.6328889424487,
      671.2338235766892,
      2399.872637698395,
      2441.025762781971,
      2421.769391298071,
      3448.5822114780435,
      2235.9254659343724,
      1422.2155798120725,
      507.9758016097626,
      2425.0804802818147,
      1165.4893027449534,
      2156.776572488916,
      1750.2027790057305,
      1660.2338592806364,
      2397.49340584396,
      756.3173920404723,
      2028.94398911487,
      1347.7465189066895,
      2180.524899184253,
      3423.0195660431855,
      2194.8096385864023,
      1042.7499042997617,
      870.6072120744163,
      3417.139148172179,
      3365.0926254037504,
      1906.7816700227625,
      3425.797435074206,
      2890.7976558844616,
      3327.593052551508,
      2369.4170219368657,
      3324.098874886372
    ],
    "transformed_command_at_bound_fraction": 1.6297793278790052e-05
  },
  "status": "complete",
  "wall_time_seconds": 60.27900606102776
}
