{
  "action_pipeline": "agent_command -> multiply_by_command_scale -> clip_to_environment_bounds -> command_transform -> clip_to_environment_bounds -> add_seeded_actuator_noise_if_noisy -> clip_to_environment_bounds -> env.step",
  "checkpoint": "/root/hubl_research_20260914/results/inverse_residual_confirm/base_hubl_executed_25k_seed10/latest.pt",
  "checkpoint_sha256": "eba1af040aa73823ceba28048e10d3af2eef54c59f09c1e0194f27aa0ed4944d",
  "checkpoint_step": 25000,
  "clean": {
    "command_saturation_definition": "fraction_of_scaled_command_values_strictly_outside_environment_bounds_before_clip",
    "command_saturation_fraction": 0.0,
    "command_scale": 1.0,
    "command_transform": "uniform_mean_inverse",
    "command_transform_beta": 0.9,
    "command_transform_saturation_definition": "fraction_of_desired_mean_action_values_outside_the_uniform_clipped_channel_mean_range_achievable_by_bounded_commands",
    "command_transform_saturation_fraction": 0.08925666666666666,
    "episode_seeds": [
      51500,
      51501,
      51502,
      51503,
      51504,
      51505,
      51506,
      51507,
      51508,
      51509,
      51510,
      51511,
      51512,
      51513,
      51514,
      51515,
      51516,
      51517,
      51518,
      51519,
      51520,
      51521,
      51522,
      51523,
      51524,
      51525,
      51526,
      51527,
      51528,
      51529,
      51530,
      51531,
      51532,
      51533,
      51534,
      51535,
      51536,
      51537,
      51538,
      51539,
      51540,
      51541,
      51542,
      51543,
      51544,
      51545,
      51546,
      51547,
      51548,
      51549
    ],
    "lengths": [
      1000,
      1000,
      1000,
      1000,
      1000,
      1000,
      1000,
      1000,
      1000,
      1000,
      1000,
      1000,
      1000,
      1000,
      1000,
      1000,
      1000,
      1000,
      1000,
      1000,
      1000,
      1000,
      1000,
      1000,
      1000,
      1000,
      1000,
      1000,
      1000,
      1000,
      1000,
      1000,
      1000,
      1000,
      1000,
      1000,
      1000,
      1000,
      1000,
      1000,
      1000,
      1000,
      1000,
      1000,
      1000,
      1000,
      1000,
      1000,
      1000,
      1000
    ],
    "normalized_score_mean": 77.28983509780045,
    "normalized_score_std": 1.589665373366557,
    "return_mean": 3549.7510475993604,
    "return_std": 72.97630716500704,
    "returns": [
      3455.9016255193696,
      3578.344769738961,
      3535.2173060609425,
      3604.1728878654017,
      3537.6852910763737,
      3573.009220964737,
      3760.191195267497,
      3466.678722516103,
      3611.0588533023897,
      3581.0258061909612,
      3516.2266558736433,
      3600.578632251099,
      3599.5334450095993,
      3610.1475919612003,
      3552.7353639297144,
      3602.9392493206196,
      3548.229638329321,
      3552.4085410868297,
      3600.4146195300964,
      3545.443399950634,
      3625.502548701744,
      3565.183372057378,
      3496.9451607149317,
      3570.440514890684,
      3537.619222437865,
      3474.3496940205087,
      3572.4968309133096,
      3628.7676147224392,
      3386.699670249357,
      3573.108451710966,
      3614.760519750422,
      3595.445536694191,
      3604.5463210203807,
      3467.966073575275,
      3567.466526290595,
      3621.215365922185,
      3578.8422042689785,
      3594.395225452938,
      3528.870232278787,
      3546.972216113489,
      3486.1413722459306,
      3451.4219506829404,
      3563.3129590237277,
      3487.1730380113736,
      3396.137104125741,
      3634.045674892049,
      3578.9626422125248,
      3330.800743711721,
      3527.010861193502,
      3449.0099163365667
    ],
    "transformed_command_at_bound_fraction": 0.08925666666666666
  },
  "command_scale": 1.0,
  "command_transform": "uniform_mean_inverse",
  "command_transform_beta": 0.9,
  "environment": "Walker2d-v4",
  "implementation": {
    "evaluate_td3bc_sha256": "770a690f06ee30ba84213fc35948e9f6f8a242a9976288d32d6a3845d3a4df26",
    "evaluation_controls_sha256": "24318269a6696fd22c8112b2d96913bdceb830d83de9df31ca234e1505f1aec9",
    "train_td3bc_sha256": "28094abb38441633f3e52386a9d3ac0747b9df8a4f2bd03403bf46d1d5234737"
  },
  "implementation_sha256": "770a690f06ee30ba84213fc35948e9f6f8a242a9976288d32d6a3845d3a4df26",
  "persistent_action_noise": {
    "action_clip_fraction": 0.2919771009093897,
    "action_noise_beta": 0.9,
    "action_noise_distribution": "iid_uniform_minus_beta_plus_beta_per_step",
    "action_noise_seeds": [
      61500,
      61501,
      61502,
      61503,
      61504,
      61505,
      61506,
      61507,
      61508,
      61509,
      61510,
      61511,
      61512,
      61513,
      61514,
      61515,
      61516,
      61517,
      61518,
      61519,
      61520,
      61521,
      61522,
      61523,
      61524,
      61525,
      61526,
      61527,
      61528,
      61529,
      61530,
      61531,
      61532,
      61533,
      61534,
      61535,
      61536,
      61537,
      61538,
      61539,
      61540,
      61541,
      61542,
      61543,
      61544,
      61545,
      61546,
      61547,
      61548,
      61549
    ],
    "command_saturation_definition": "fraction_of_scaled_command_values_strictly_outside_environment_bounds_before_clip",
    "command_saturation_fraction": 0.0,
    "command_scale": 1.0,
    "command_transform": "uniform_mean_inverse",
    "command_transform_beta": 0.9,
    "command_transform_saturation_definition": "fraction_of_desired_mean_action_values_outside_the_uniform_clipped_channel_mean_range_achievable_by_bounded_commands",
    "command_transform_saturation_fraction": 0.17067948577480735,
    "environment_seeds": [
      51500,
      51501,
      51502,
      51503,
      51504,
      51505,
      51506,
      51507,
      51508,
      51509,
      51510,
      51511,
      51512,
      51513,
      51514,
      51515,
      51516,
      51517,
      51518,
      51519,
      51520,
      51521,
      51522,
      51523,
      51524,
      51525,
      51526,
      51527,
      51528,
      51529,
      51530,
      51531,
      51532,
      51533,
      51534,
      51535,
      51536,
      51537,
      51538,
      51539,
      51540,
      51541,
      51542,
      51543,
      51544,
      51545,
      51546,
      51547,
      51548,
      51549
    ],
    "executed_commanded_action_mse": 0.18981612534532114,
    "lengths": [
      800,
      911,
      168,
      1000,
      853,
      378,
      1000,
      981,
      1000,
      1000,
      724,
      935,
      552,
      1000,
      648,
      1000,
      673,
      1000,
      601,
      473,
      692,
      533,
      439,
      1000,
      1000,
      594,
      1000,
      586,
      584,
      675,
      1000,
      1000,
      217,
      540,
      858,
      800,
      661,
      480,
      401,
      499,
      1000,
      209,
      1000,
      371,
      396,
      1000,
      379,
      897,
      1000,
      1000
    ],
    "normalized_score_mean": 55.285329284958415,
    "normalized_score_std": 20.91522231916001,
    "return_mean": 2539.596582316267,
    "return_std": 960.149043917988,
    "returns": [
      2842.5535477247704,
      3337.8188827753743,
      410.1393047296421,
      3409.4472077238306,
      3158.5232906339284,
      1226.185184230412,
      3672.299110237134,
      3525.7313725768217,
      3732.3975411754045,
      3486.1573180303444,
      2478.207160181462,
      3469.5527329434512,
      1804.3223582747896,
      3467.674192352344,
      2288.644099327239,
      3579.1151860537366,
      2459.6595963371815,
      3565.541256080492,
      2179.994244624375,
      1541.4068563696262,
      2440.4604055810455,
      1822.212338681442,
      1409.1712821981687,
      3529.136626734418,
      3535.60437885405,
      2134.5130957374167,
      3471.612749907182,
      2082.9239282078447,
      2026.8928831444796,
      2364.9258898451026,
      3434.9576785544323,
      3399.8671957110637,
      627.1555972059598,
      1674.4395097217462,
      2926.4862834278915,
      2764.800650565354,
      2279.370376809995,
      1661.113846644383,
      1302.655829200273,
      1741.5295669459276,
      3607.8737621826012,
      557.5027457774423,
      3456.5320268876235,
      1111.9393327576897,
      1373.9118269997316,
      3480.7277496255033,
      1351.3008317437661,
      2950.216339377295,
      3540.7573469319564,
      3283.8665974692085
    ],
    "transformed_command_at_bound_fraction": 0.17067948577480735
  },
  "status": "complete",
  "wall_time_seconds": 231.7659467299818
}
