{
  "adapted": {
    "action_noise_beta": 0.0,
    "action_noise_seeds": [
      49300,
      49301,
      49302,
      49303,
      49304,
      49305,
      49306,
      49307,
      49308,
      49309,
      49310,
      49311,
      49312,
      49313,
      49314,
      49315,
      49316,
      49317,
      49318,
      49319,
      49320,
      49321,
      49322,
      49323,
      49324,
      49325,
      49326,
      49327,
      49328,
      49329,
      49330,
      49331,
      49332,
      49333,
      49334,
      49335,
      49336,
      49337,
      49338,
      49339,
      49340,
      49341,
      49342,
      49343,
      49344,
      49345,
      49346,
      49347,
      49348,
      49349
    ],
    "actuator_clip_fraction": 0.0,
    "applied_residual_abs_mean": 0.13391242086544458,
    "command_at_bound_fraction": 0.19503666666666666,
    "environment_seeds": [
      39300,
      39301,
      39302,
      39303,
      39304,
      39305,
      39306,
      39307,
      39308,
      39309,
      39310,
      39311,
      39312,
      39313,
      39314,
      39315,
      39316,
      39317,
      39318,
      39319,
      39320,
      39321,
      39322,
      39323,
      39324,
      39325,
      39326,
      39327,
      39328,
      39329,
      39330,
      39331,
      39332,
      39333,
      39334,
      39335,
      39336,
      39337,
      39338,
      39339,
      39340,
      39341,
      39342,
      39343,
      39344,
      39345,
      39346,
      39347,
      39348,
      39349
    ],
    "executed_commanded_action_mse": 0.0,
    "inverse_saturation_fraction": 0.26793333333333336,
    "lengths": [
      1000,
      1000,
      1000,
      1000,
      1000,
      1000,
      1000,
      1000,
      1000,
      1000,
      1000,
      1000,
      1000,
      1000,
      1000,
      1000,
      1000,
      1000,
      1000,
      1000,
      1000,
      1000,
      1000,
      1000,
      1000,
      1000,
      1000,
      1000,
      1000,
      1000,
      1000,
      1000,
      1000,
      1000,
      1000,
      1000,
      1000,
      1000,
      1000,
      1000,
      1000,
      1000,
      1000,
      1000,
      1000,
      1000,
      1000,
      1000,
      1000,
      1000
    ],
    "normalized_score_mean": 79.06318638345527,
    "normalized_score_std": 0.8589892870072139,
    "proposed_residual_abs_max": 0.2499999701976776,
    "proposed_residual_abs_mean": 0.15424863931406682,
    "return_mean": 3631.159770656175,
    "return_std": 39.4333720230278,
    "returns": [
      3616.518796006275,
      3577.9658521861725,
      3583.185551220921,
      3639.447826638127,
      3602.9947485639636,
      3617.636433024745,
      3585.4569906108886,
      3652.695390717536,
      3735.0765564873022,
      3619.8910746859647,
      3598.2722994552905,
      3629.924824928066,
      3559.6484414303086,
      3676.766946158809,
      3672.909544648141,
      3611.95154870046,
      3575.906419181333,
      3594.938332925759,
      3629.183541704221,
      3587.5749560364284,
      3675.5315044687836,
      3591.7293767189863,
      3661.7147457774404,
      3619.9716143609444,
      3593.7629025105725,
      3638.3334395253714,
      3617.125907427502,
      3728.358882917352,
      3678.8471316393534,
      3669.847401770679,
      3635.7276134623444,
      3611.151622631472,
      3667.0917550408744,
      3657.200656302218,
      3630.2939182513355,
      3603.8963643183515,
      3605.7699372549114,
      3621.746284527133,
      3713.0214876211026,
      3603.3600379065233,
      3647.781512225448,
      3629.0347128059498,
      3608.9250892114674,
      3662.8942262672804,
      3589.2974421416384,
      3633.641441627941,
      3611.4746937171567,
      3694.10035060681,
      3611.011849488681,
      3677.3985549724357
    ],
    "use_residual": true
  },
  "adapter_checkpoint": "/root/hubl_research_20260914/results/inverse_residual_confirm/inverse_p001_k8_u5k_seed10/latest.pt",
  "adapter_checkpoint_sha256": "268727a10f2673fecfc220e114b7011dfb64b741d8374d006f0510f87093cc11",
  "adapter_step": 5000,
  "base_checkpoint": "/root/hubl_research_20260914/results/inverse_residual_confirm/base_hubl_executed_25k_seed10/latest.pt",
  "base_checkpoint_sha256": "eba1af040aa73823ceba28048e10d3af2eef54c59f09c1e0194f27aa0ed4944d",
  "base_checkpoint_step": 25000,
  "base_parameter_sha256": "343ace6ead0326cd030ed70b9ea424c515a8a04086ff6052440064a287b2a05e",
  "baseline_only": {
    "action_noise_beta": 0.0,
    "action_noise_seeds": [
      49300,
      49301,
      49302,
      49303,
      49304,
      49305,
      49306,
      49307,
      49308,
      49309,
      49310,
      49311,
      49312,
      49313,
      49314,
      49315,
      49316,
      49317,
      49318,
      49319,
      49320,
      49321,
      49322,
      49323,
      49324,
      49325,
      49326,
      49327,
      49328,
      49329,
      49330,
      49331,
      49332,
      49333,
      49334,
      49335,
      49336,
      49337,
      49338,
      49339,
      49340,
      49341,
      49342,
      49343,
      49344,
      49345,
      49346,
      49347,
      49348,
      49349
    ],
    "actuator_clip_fraction": 0.0,
    "applied_residual_abs_mean": 0.0,
    "command_at_bound_fraction": 0.2776354101672758,
    "environment_seeds": [
      39300,
      39301,
      39302,
      39303,
      39304,
      39305,
      39306,
      39307,
      39308,
      39309,
      39310,
      39311,
      39312,
      39313,
      39314,
      39315,
      39316,
      39317,
      39318,
      39319,
      39320,
      39321,
      39322,
      39323,
      39324,
      39325,
      39326,
      39327,
      39328,
      39329,
      39330,
      39331,
      39332,
      39333,
      39334,
      39335,
      39336,
      39337,
      39338,
      39339,
      39340,
      39341,
      39342,
      39343,
      39344,
      39345,
      39346,
      39347,
      39348,
      39349
    ],
    "executed_commanded_action_mse": 0.0,
    "inverse_saturation_fraction": 0.2776354101672758,
    "lengths": [
      1000,
      1000,
      1000,
      1000,
      1000,
      1000,
      797,
      1000,
      1000,
      1000,
      1000,
      1000,
      1000,
      676,
      1000,
      476,
      1000,
      1000,
      732,
      1000,
      520,
      1000,
      1000,
      533,
      1000,
      1000,
      1000,
      1000,
      737,
      1000,
      494,
      1000,
      641,
      1000,
      1000,
      1000,
      1000,
      1000,
      1000,
      1000,
      608,
      1000,
      516,
      1000,
      1000,
      1000,
      493,
      653,
      1000,
      1000
    ],
    "normalized_score_mean": 72.18230197980975,
    "normalized_score_std": 15.289489202995735,
    "proposed_residual_abs_max": 0.0,
    "proposed_residual_abs_mean": 0.0,
    "return_mean": 3315.281006344968,
    "return_std": 701.8901456668973,
    "returns": [
      3813.626658204897,
      3683.7390723226085,
      3609.71314749618,
      3758.168327998237,
      3674.879871335733,
      3653.943998996366,
      2958.5813333639676,
      3689.649371763253,
      3765.7289533147186,
      3461.1201975428103,
      3611.434714736466,
      3623.0565361462473,
      3750.271782349187,
      2449.0037560003825,
      3673.814782666456,
      1652.3211540663558,
      3679.344324565227,
      3758.8074903564993,
      2547.6784156843405,
      3780.9255463847853,
      1937.4225908889657,
      3675.351499214183,
      3772.392227256263,
      1942.896171271608,
      3903.8826300630553,
      3569.590478593248,
      3874.883156993273,
      3821.834689233066,
      2692.448161470847,
      3777.680726444333,
      1693.7841262497934,
      3650.357361369555,
      2275.51613166831,
      3973.682730093005,
      3504.2946607154754,
      3621.8778664287843,
      3832.6597467218385,
      3644.195772894049,
      3724.3748116879237,
      3723.3860382668217,
      2218.787756289296,
      3686.200432940209,
      1860.8122511997926,
      3751.3678133166736,
      3667.0775464641433,
      3574.5206531997496,
      1759.0923716141742,
      2521.888248989594,
      3766.88190338811,
      3749.1003270275623
    ],
    "use_residual": false
  },
  "baseline_transform": "inverse",
  "channel": {
    "beta_mismatch": true,
    "distribution": "iid_uniform_minus_beta_plus_beta_per_step",
    "environment_rollout_beta": 0.0,
    "model_or_calibration_beta": 1.2498948872089386
  },
  "environment": "Walker2d-v4",
  "evaluation_protocol": {
    "episode_count_per_method": 50,
    "paired_environment_and_action_noise_seeds": true,
    "selection_rule": "all requested episodes retained"
  },
  "implementation": {
    "core_sha256": "5700efa8bbefac91c991a76878c3b78c5b3e84aea83568987f7a7e8919e50041",
    "evaluate_sha256": "38747e3a732362734757e6bde3715eb2ac5eb9ecd0870ccead2193670da89eed",
    "train_sha256": "fb065682c78e6c058d1165fa68f680fb682d235ec8c9c3abe70b8098177ee0e4"
  },
  "normalization": {
    "reference_max_score": 4592.3,
    "reference_min_score": 1.629008
  },
  "paired": {
    "adapted_minus_baseline_returns": [
      -197.10786219862212,
      -105.77322013643607,
      -26.527596275259384,
      -118.72050136011012,
      -71.88512277176915,
      -36.30756597162099,
      626.875657246921,
      -36.95398104571677,
      -30.652396827416396,
      158.7708771431544,
      -13.162415281175527,
      6.868288781818592,
      -190.6233409188785,
      1227.7631901584264,
      -0.9052380183147761,
      1959.6303946341043,
      -103.43790538389385,
      -163.86915743074042,
      1081.5051260198807,
      -193.35059034835695,
      1738.108913579818,
      -83.62212249519689,
      -110.67748147882276,
      1677.0754430893364,
      -310.1197275524828,
      68.74296093212342,
      -257.75724956577096,
      -93.47580631571418,
      986.3989701685064,
      -107.8333246736538,
      1941.943487212551,
      -39.2057387380828,
      1391.5756233725642,
      -316.4820737907871,
      125.99925753586012,
      -17.981502110432757,
      -226.8898094669271,
      -22.44948836691583,
      -11.353324066821187,
      -120.02600036029844,
      1428.993755936152,
      -57.16572013425912,
      1748.1128380116747,
      -88.47358704939325,
      -77.78010432250494,
      59.12078842819119,
      1852.3823221029825,
      1172.212101617216,
      -155.87005389942897,
      -71.70177205512664
    ],
    "episode_count": 50,
    "positive_episode_count": 18,
    "return_difference_mean": 315.878764311207,
    "return_difference_std": 706.9726952383857
  },
  "status": "complete",
  "training_dataset": {
    "considered_observation_count": 1000000,
    "held_out_audit_observation_count": 100060,
    "path": "/root/hubl_backup_data/action_noise_dev/walker2d_v4_beta1_seed1201.hdf5",
    "sha256": "159a49faaa7786a8444369a1aef758b1a43f26eaaa56146358ace6f9c5b3882a",
    "training_observation_count": 899940
  },
  "training_observation_split": {
    "audit_episode_unit_count": 303,
    "audit_episode_units_sha256": "f7cf0ed8e11d6308bd79c2f522fdb50f7b62c6c590427f83a4ec142f7d1b130c",
    "audit_indices_sha256": "e12718e0aa418e07284c04363d65494ce211b3c0d0878a0d3af54f6c3b4019b3",
    "audit_observation_count": 100060,
    "base_critic_training_partition_controlled": false,
    "boundary_source": "terminals+timeouts",
    "considered_observation_count": 1000000,
    "episode_unit_count": 3255,
    "holdout_scope": "adapter_sgd_and_value_scale_calibration",
    "max_observations": null,
    "method": "whole_episode_permutation_to_state_count",
    "realized_audit_fraction": 0.10006,
    "requested_audit_fraction": 0.1,
    "schema": "adapter_observation_split_v1",
    "seed": 424242,
    "source_observation_count": 1000000,
    "storage_layout": "flat",
    "train_indices_sha256": "f90181e680de975cf43be71f477462513b6e9157453abb96302f9bf46adece5d",
    "train_observation_count": 899940
  },
  "wall_time_seconds": 292.819891600986
}
