{
  "arms": {
    "adapted": {
      "action_noise_beta": 1.1,
      "action_noise_seeds": [
        61600,
        61601,
        61602,
        61603,
        61604,
        61605,
        61606,
        61607,
        61608,
        61609,
        61610,
        61611,
        61612,
        61613,
        61614,
        61615,
        61616,
        61617,
        61618,
        61619,
        61620,
        61621,
        61622,
        61623,
        61624,
        61625,
        61626,
        61627,
        61628,
        61629,
        61630,
        61631,
        61632,
        61633,
        61634,
        61635,
        61636,
        61637,
        61638,
        61639,
        61640,
        61641,
        61642,
        61643,
        61644,
        61645,
        61646,
        61647,
        61648,
        61649
      ],
      "actuator_clip_fraction": 0.35866193603269947,
      "applied_residual_abs_max": 0.2500000298023224,
      "applied_residual_abs_mean": 0.056458419393606525,
      "arm": "channel_opex",
      "command_at_bound_fraction": 0.2294201861130995,
      "environment_seeds": [
        51600,
        51601,
        51602,
        51603,
        51604,
        51605,
        51606,
        51607,
        51608,
        51609,
        51610,
        51611,
        51612,
        51613,
        51614,
        51615,
        51616,
        51617,
        51618,
        51619,
        51620,
        51621,
        51622,
        51623,
        51624,
        51625,
        51626,
        51627,
        51628,
        51629,
        51630,
        51631,
        51632,
        51633,
        51634,
        51635,
        51636,
        51637,
        51638,
        51639,
        51640,
        51641,
        51642,
        51643,
        51644,
        51645,
        51646,
        51647,
        51648,
        51649
      ],
      "executed_commanded_action_mse": 0.25709260049901556,
      "gradient_abs_max": 4.154574871063232,
      "gradient_l2_mean": 1.245123742210946,
      "gradient_noise_draw_calls": 64262,
      "gradient_noise_sampling_frequency": "per_gradient_step",
      "gradient_noise_seeds": [
        71600,
        71601,
        71602,
        71603,
        71604,
        71605,
        71606,
        71607,
        71608,
        71609,
        71610,
        71611,
        71612,
        71613,
        71614,
        71615,
        71616,
        71617,
        71618,
        71619,
        71620,
        71621,
        71622,
        71623,
        71624,
        71625,
        71626,
        71627,
        71628,
        71629,
        71630,
        71631,
        71632,
        71633,
        71634,
        71635,
        71636,
        71637,
        71638,
        71639,
        71640,
        71641,
        71642,
        71643,
        71644,
        71645,
        71646,
        71647,
        71648,
        71649
      ],
      "gradient_noise_stream_used": true,
      "inverse_saturation_fraction": 0.2957579907254676,
      "lengths": [
        1000,
        402,
        207,
        1000,
        1000,
        1000,
        377,
        1000,
        843,
        383,
        335,
        335,
        384,
        630,
        1000,
        1000,
        564,
        721,
        281,
        616,
        1000,
        461,
        312,
        1000,
        373,
        378,
        244,
        451,
        380,
        357,
        339,
        570,
        1000,
        787,
        615,
        1000,
        401,
        288,
        740,
        1000,
        1000,
        328,
        1000,
        777,
        322,
        1000,
        682,
        827,
        421,
        1000
      ],
      "normalized_score_mean": 47.4569071816363,
      "normalized_score_std": 22.48157101377248,
      "proposed_residual_abs_mean": 0.056458419393606525,
      "q1_expected_before_update_mean": 83.57280797432615,
      "q1_gradient_calls": 64262,
      "q1_rows_by_episode": [
        16000,
        6432,
        3312,
        16000,
        16000,
        16000,
        6032,
        16000,
        13488,
        6128,
        5360,
        5360,
        6144,
        10080,
        16000,
        16000,
        9024,
        11536,
        4496,
        9856,
        16000,
        7376,
        4992,
        16000,
        5968,
        6048,
        3904,
        7216,
        6080,
        5712,
        5424,
        9120,
        16000,
        12592,
        9840,
        16000,
        6416,
        4608,
        11840,
        16000,
        16000,
        5248,
        16000,
        12432,
        5152,
        16000,
        10912,
        13232,
        6736,
        16000
      ],
      "q1_rows_per_action": 16,
      "q1_rows_total": 514096,
      "raw_residual_abs_max": 0.41545748710632324,
      "return_mean": 2180.219479687742,
      "return_std": 1032.0549590751336,
      "returns": [
        3709.872337074831,
        1288.6318853967664,
        584.0536712878893,
        3521.2480247288972,
        3513.9049560826647,
        3409.0627758545947,
        1195.9536959330335,
        3404.175157963915,
        2874.092899784513,
        1240.3757917856217,
        1049.722044295109,
        1077.7845795574121,
        1303.4648050607364,
        2173.5875041783684,
        3416.379786392218,
        3477.278678043588,
        2001.8771063795814,
        2490.3987938636865,
        866.9129226756179,
        2079.1720785610323,
        3439.3366642040673,
        1442.914358825769,
        987.7748529771252,
        3448.8012163594203,
        1297.8789695025955,
        1137.6526801949253,
        708.9869942258157,
        1520.5462023079974,
        1325.2988927324277,
        1117.8321265009004,
        1012.7343824833912,
        1982.4619096437655,
        3379.6608041708387,
        2737.441187222336,
        2147.081221922011,
        3553.7514728628917,
        1340.6074291035716,
        815.6193626187859,
        2534.169827747383,
        3443.054781878616,
        3457.8953211007038,
        1077.168063964439,
        3318.788750046363,
        2622.5393893921128,
        1061.9338485875633,
        3404.2347480548656,
        2369.239902602749,
        2644.8285737651345,
        1511.1521137157736,
        3491.6384407727032
      ],
      "trust_region_clipped_fraction": 0.2384275829157719,
      "wall_time_seconds": 279.2256836419692
    },
    "baseline_only": {
      "action_noise_beta": 1.1,
      "action_noise_seeds": [
        61600,
        61601,
        61602,
        61603,
        61604,
        61605,
        61606,
        61607,
        61608,
        61609,
        61610,
        61611,
        61612,
        61613,
        61614,
        61615,
        61616,
        61617,
        61618,
        61619,
        61620,
        61621,
        61622,
        61623,
        61624,
        61625,
        61626,
        61627,
        61628,
        61629,
        61630,
        61631,
        61632,
        61633,
        61634,
        61635,
        61636,
        61637,
        61638,
        61639,
        61640,
        61641,
        61642,
        61643,
        61644,
        61645,
        61646,
        61647,
        61648,
        61649
      ],
      "actuator_clip_fraction": 0.3546734749586525,
      "applied_residual_abs_max": 0.0,
      "applied_residual_abs_mean": 0.0,
      "arm": "inverse_anchor_baseline",
      "command_at_bound_fraction": 0.28651026863850215,
      "environment_seeds": [
        51600,
        51601,
        51602,
        51603,
        51604,
        51605,
        51606,
        51607,
        51608,
        51609,
        51610,
        51611,
        51612,
        51613,
        51614,
        51615,
        51616,
        51617,
        51618,
        51619,
        51620,
        51621,
        51622,
        51623,
        51624,
        51625,
        51626,
        51627,
        51628,
        51629,
        51630,
        51631,
        51632,
        51633,
        51634,
        51635,
        51636,
        51637,
        51638,
        51639,
        51640,
        51641,
        51642,
        51643,
        51644,
        51645,
        51646,
        51647,
        51648,
        51649
      ],
      "executed_commanded_action_mse": 0.2597639087531427,
      "gradient_abs_max": null,
      "gradient_l2_mean": null,
      "gradient_noise_draw_calls": 0,
      "gradient_noise_sampling_frequency": "none_beta_zero_or_baseline_arm",
      "gradient_noise_seeds": [
        71600,
        71601,
        71602,
        71603,
        71604,
        71605,
        71606,
        71607,
        71608,
        71609,
        71610,
        71611,
        71612,
        71613,
        71614,
        71615,
        71616,
        71617,
        71618,
        71619,
        71620,
        71621,
        71622,
        71623,
        71624,
        71625,
        71626,
        71627,
        71628,
        71629,
        71630,
        71631,
        71632,
        71633,
        71634,
        71635,
        71636,
        71637,
        71638,
        71639,
        71640,
        71641,
        71642,
        71643,
        71644,
        71645,
        71646,
        71647,
        71648,
        71649
      ],
      "gradient_noise_stream_used": false,
      "inverse_saturation_fraction": 0.28651026863850215,
      "lengths": [
        463,
        1000,
        657,
        238,
        487,
        430,
        250,
        315,
        465,
        248,
        257,
        788,
        562,
        209,
        415,
        362,
        229,
        302,
        478,
        363,
        565,
        304,
        242,
        595,
        261,
        435,
        560,
        710,
        233,
        213,
        339,
        336,
        202,
        430,
        272,
        526,
        219,
        443,
        796,
        306,
        341,
        337,
        614,
        401,
        271,
        1000,
        299,
        418,
        322,
        251
      ],
      "normalized_score_mean": 29.241190574135953,
      "normalized_score_std": 15.988218817171578,
      "proposed_residual_abs_mean": 0.0,
      "q1_expected_before_update_mean": null,
      "q1_gradient_calls": 0,
      "q1_rows_by_episode": [
        0,
        0,
        0,
        0,
        0,
        0,
        0,
        0,
        0,
        0,
        0,
        0,
        0,
        0,
        0,
        0,
        0,
        0,
        0,
        0,
        0,
        0,
        0,
        0,
        0,
        0,
        0,
        0,
        0,
        0,
        0,
        0,
        0,
        0,
        0,
        0,
        0,
        0,
        0,
        0,
        0,
        0,
        0,
        0,
        0,
        0,
        0,
        0,
        0,
        0
      ],
      "q1_rows_per_action": 0,
      "q1_rows_total": 0,
      "raw_residual_abs_max": null,
      "return_mean": 1343.9958614022974,
      "return_std": 733.9665233773812,
      "returns": [
        1520.6517096273851,
        3641.631238214609,
        2188.743449576969,
        691.7620221677029,
        1597.230202879459,
        1360.6396153875778,
        733.3087003169704,
        1042.937061148957,
        1538.712278340852,
        755.929049897236,
        757.2671785328583,
        2753.7430090938738,
        1984.7236848665248,
        545.1072564930696,
        1376.6922728629845,
        1244.007353317441,
        681.9044272603971,
        924.3346394804738,
        1603.6730678408594,
        1203.050469679771,
        1840.139528297411,
        868.8177435080801,
        682.8301618603242,
        1927.4367571092089,
        808.6142713240614,
        1301.4690701138688,
        1914.0233831958928,
        2515.4751425317445,
        658.044388474621,
        574.06123041708,
        1043.638578690024,
        1178.1593609311683,
        546.0933229329665,
        1467.2516178634094,
        841.6859462524366,
        1804.5577463617308,
        599.7394219394059,
        1306.2268726206617,
        2713.724734246862,
        859.5932203105713,
        1057.2455901463502,
        953.1014933428014,
        2086.542831703953,
        1283.3119588308607,
        783.6148938876061,
        3655.9725297260798,
        883.3191840189555,
        1276.541350910342,
        967.1475967702094,
        655.3644548102225
      ],
      "trust_region_clipped_fraction": 0.0,
      "wall_time_seconds": 60.83284689800348
    }
  },
  "base_checkpoint": {
    "format": null,
    "path": "/root/hubl_research_20260914/results/inverse_residual_confirm/base_hubl_executed_25k_seed1/latest.pt",
    "sha256": "22b47965695bfa312533741abaa1e17e3cbbc091f3c5e6ba7fc8953fbc8ca6ae",
    "step": 25000
  },
  "calibration": {
    "action_dim": 6,
    "action_high": 1.0,
    "action_low": -1.0,
    "beta": 1.097839117050171,
    "calibration_path": "/root/hubl_research_20260914/results/betagrid/calibration/beta1.1_n512_seed27013_calibration.json",
    "calibration_sha256": "e712672eb7590b968257a732b43159babbd92b81bcc4fff3db7d9fbce9b340a9",
    "commands_sha256": "945f5155c928045dd1a875abf02f8ce911ecd241945cfe6d42ffb1ed8695e79f",
    "estimator": "censored_uniform_plus_clip_mle",
    "executed_sha256": "6712dd3a1ba4618147de0a3717ce7fac02202675a0ae33dce814ab070481a4f4",
    "input_provenance": {
      "action_dim": 6,
      "action_high": 1.0,
      "action_low": -1.0,
      "beta": 1.1,
      "bit_generator": "PCG64",
      "channel": "iid_uniform_additive_then_clip",
      "commands_sha256": "945f5155c928045dd1a875abf02f8ce911ecd241945cfe6d42ffb1ed8695e79f",
      "contains_state_or_transition_fields": false,
      "executed_sha256": "6712dd3a1ba4618147de0a3717ce7fac02202675a0ae33dce814ab070481a4f4",
      "generator_script_sha256": "d12213d8b61d49bc550adb6079d5274058ab64fa194950ec1f911ee74a57e12f",
      "noise_spawn_key": [
        1
      ],
      "pair_count": 512,
      "root_seed": 27013,
      "schema": "paired_uniform_clip_channel_v1",
      "selection": "uniform_without_replacement",
      "selection_spawn_key": [
        0
      ],
      "source_command_count": 1000000,
      "source_dataset_path": "/root/hubl_backup_data/action_noise_dev/walker2d_v4_beta1_seed1201.hdf5",
      "source_dataset_sha256": "159a49faaa7786a8444369a1aef758b1a43f26eaaa56146358ace6f9c5b3882a",
      "source_hdf5_schema": "flat"
    },
    "pair_archive_path": "/root/hubl_research_20260914/results/betagrid/calibration/beta1.1_n512_seed27013.npz",
    "pair_archive_sha256": "a96c598349e515670ef9359e38f02aa6bc62b12a016b88c785c847a5383578dc",
    "pair_count": 512,
    "source": "censored_uniform_plus_clip_pair_calibration",
    "uncertainty_beta_interval": [
      1.095028254389763,
      1.0978212356567383
    ]
  },
  "channel": {
    "beta_mismatch": true,
    "environment_rollout_beta": 1.1,
    "gradient_model": "iid_uniform_additive_then_clip",
    "model_or_calibration_beta": 1.097839117050171
  },
  "controller": {
    "K": 8,
    "actor_parameter_updates": 0,
    "baseline_transform": "inverse",
    "calibration_mode": "censored_uniform_plus_clip_pair_calibration",
    "critic": "frozen_q1",
    "critic_parameter_updates": 0,
    "delta_max": 0.25,
    "execution_noise_samples": 8,
    "gradient_noise_seed": 71600,
    "gradient_objective": "mean_k_q1_of_clipped_command_plus_fresh_antithetic_uniform_noise_per_gradient_step",
    "gradient_steps": 2,
    "gradient_steps_per_action": 2,
    "model_beta": 1.097839117050171,
    "q_reducer": "mean_q1",
    "step_size": 0.1
  },
  "cost": {
    "adapted_backward_calls": 64262,
    "adapted_q1_rows_per_environment_step": 16,
    "adapted_q1_rows_total": 514096,
    "base_actor_rows": 32131,
    "baseline_base_actor_rows": 20759,
    "baseline_environment_steps": 20759,
    "baseline_q1_rows_total": 0,
    "baseline_wall_time_seconds": 60.83284689800348,
    "cost_scope": "adapted_arm_deployment_controller_only",
    "environment_steps": 32131,
    "paired_evaluation_environment_steps": 52890,
    "paired_evaluation_wall_time_seconds": 340.9760557260015,
    "q1_backward_calls": 64262,
    "q1_backward_rows": 514096,
    "q1_forward_rows": 514096,
    "wall_time_seconds": 279.2256836419692
  },
  "environment": "Walker2d-v4",
  "evaluation_protocol": {
    "action_noise_seed_start": 61600,
    "actuator_noise_rng_namespace": "numpy_generator_per_episode",
    "environment": "Walker2d-v4",
    "environment_rng_namespace": "gymnasium_env_reset",
    "environment_seed_start": 51600,
    "episode_count_per_arm": 50,
    "episode_local_gradient_streams_prevent_cross_episode_call_order_coupling": true,
    "gradient_noise_antithetic": true,
    "gradient_noise_rng_namespace": "torch_generator_per_episode_fresh_antithetic_per_gradient_step",
    "gradient_noise_sampling_frequency": "per_gradient_step",
    "gradient_noise_seed_start": 71600,
    "paired_environment_and_action_noise_seeds": true,
    "selection_rule": "all requested episodes retained"
  },
  "implementation": {
    "evaluate_sha256": "cf659f47fddd8f848c84f5f114be1fcb9081a55470fe59e8c073d4f84af0bff1",
    "evaluation_controls_sha256": "24318269a6696fd22c8112b2d96913bdceb830d83de9df31ca234e1505f1aec9",
    "inverse_residual_core_sha256": "5700efa8bbefac91c991a76878c3b78c5b3e84aea83568987f7a7e8919e50041",
    "td3bc_core_sha256": "e27cec131b533dd542e77ba9de2de492db4890c6fb9723796f59a02002d1f052",
    "train_inverse_residual_adapter_sha256": "fb065682c78e6c058d1165fa68f680fb682d235ec8c9c3abe70b8098177ee0e4",
    "train_td3bc_sha256": "28094abb38441633f3e52386a9d3ac0747b9df8a4f2bd03403bf46d1d5234737"
  },
  "method_id": "channel_aware_opex_inverse_anchor",
  "method_scope": "stronger channel-aware extension of OPEX; not an unchanged reproduction of the original paper",
  "normalization": {
    "reference_max_score": 4592.3,
    "reference_min_score": 1.629008
  },
  "opex_reference": {
    "original_single_step_rule": "a <- a + step_size * grad_a Q(s, a)",
    "paper": "Is Value Learning Really the Main Bottleneck in Offline RL?",
    "url": "https://proceedings.neurips.cc/paper_files/paper/2024/hash/8ffb4e3118280a66b192b6f06e0e2596-Abstract-Conference.html",
    "venue": "NeurIPS 2024"
  },
  "paired": {
    "adapted_minus_baseline_returns": [
      2189.220627447446,
      -2352.9993528178425,
      -1604.6897782890796,
      2829.4860025611943,
      1916.6747532032057,
      2048.4231604670167,
      462.64499561606306,
      2361.238096814958,
      1335.380621443661,
      484.44674188838565,
      292.45486576225073,
      -1675.9584295364616,
      -681.2588798057884,
      1628.4802476852988,
      2039.6875135292337,
      2233.271324726147,
      1319.9726791191842,
      1566.0641543832126,
      -736.7601451652415,
      876.1216088812614,
      1599.1971359066563,
      574.096615317689,
      304.944691116801,
      1521.3644592502114,
      489.2646981785341,
      -163.8163899189435,
      -1205.036388970077,
      -994.9289402237471,
      667.2545042578067,
      543.7708960838204,
      -30.90419620663272,
      804.3025487125972,
      2833.567481237872,
      1270.1895693589265,
      1305.3952756695744,
      1749.1937265011609,
      740.8680071641656,
      -490.60751000187577,
      -179.55490649947933,
      2583.4615615680445,
      2400.649730954354,
      124.06657062163754,
      1232.2459183424098,
      1339.227430561252,
      278.3189546999572,
      -251.73778167121418,
      1485.9207185837936,
      1368.2872228547924,
      544.0045169455642,
      2836.2739859624808
    ],
    "episode_count": 50,
    "positive_episode_count": 38,
    "return_difference_mean": 836.2236182854447,
    "return_difference_std": 1226.64732102911
  },
  "raw_schema": "channel_opex_v1",
  "status": "complete",
  "wall_time_seconds": 340.9760557260015
}
