{
  "action_pipeline": "agent_command -> multiply_by_command_scale -> clip_to_environment_bounds -> command_transform -> clip_to_environment_bounds -> add_seeded_actuator_noise_if_noisy -> clip_to_environment_bounds -> env.step",
  "checkpoint": "/root/hubl_research_20260914/results/inverse_residual_confirm/base_hubl_executed_25k_seed1/latest.pt",
  "checkpoint_sha256": "22b47965695bfa312533741abaa1e17e3cbbc091f3c5e6ba7fc8953fbc8ca6ae",
  "checkpoint_step": 25000,
  "clean": {
    "command_saturation_definition": "fraction_of_scaled_command_values_strictly_outside_environment_bounds_before_clip",
    "command_saturation_fraction": 0.0,
    "command_scale": 1.0,
    "command_transform": "uniform_mean_inverse",
    "command_transform_beta": 1.1,
    "command_transform_saturation_definition": "fraction_of_desired_mean_action_values_outside_the_uniform_clipped_channel_mean_range_achievable_by_bounded_commands",
    "command_transform_saturation_fraction": 0.24556898390635934,
    "episode_seeds": [
      51600,
      51601,
      51602,
      51603,
      51604,
      51605,
      51606,
      51607,
      51608,
      51609,
      51610,
      51611,
      51612,
      51613,
      51614,
      51615,
      51616,
      51617,
      51618,
      51619,
      51620,
      51621,
      51622,
      51623,
      51624,
      51625,
      51626,
      51627,
      51628,
      51629,
      51630,
      51631,
      51632,
      51633,
      51634,
      51635,
      51636,
      51637,
      51638,
      51639,
      51640,
      51641,
      51642,
      51643,
      51644,
      51645,
      51646,
      51647,
      51648,
      51649
    ],
    "lengths": [
      1000,
      1000,
      1000,
      1000,
      1000,
      1000,
      1000,
      1000,
      1000,
      1000,
      1000,
      1000,
      1000,
      1000,
      1000,
      1000,
      1000,
      1000,
      1000,
      1000,
      1000,
      1000,
      1000,
      1000,
      1000,
      347,
      1000,
      1000,
      861,
      859,
      1000,
      1000,
      1000,
      1000,
      1000,
      1000,
      1000,
      1000,
      1000,
      1000,
      1000,
      1000,
      1000,
      1000,
      1000,
      1000,
      1000,
      1000,
      1000,
      1000
    ],
    "normalized_score_mean": 81.99064685621462,
    "normalized_score_std": 8.200275916609073,
    "return_mean": 3765.5498493814043,
    "return_std": 376.4476877677348,
    "returns": [
      3858.3897483972405,
      3786.4472986277283,
      3834.0908281306315,
      4021.1427068187168,
      3742.894360281309,
      3808.9623652701857,
      3842.2382214599966,
      3925.454775901529,
      3825.7661736493897,
      3911.1491068666064,
      3808.0946437330454,
      3849.377086693415,
      3793.503706886756,
      3782.5486009653036,
      3798.924862058029,
      3772.729788560041,
      3869.8943892901816,
      3807.5739095438153,
      3813.495881031415,
      3844.6530814199737,
      3856.179781905702,
      3773.053585803288,
      3912.8530322905517,
      3798.979793388355,
      3831.84093215508,
      1212.9361286612925,
      3897.7476984676528,
      3739.4295128113963,
      3417.092494047938,
      3497.927086409251,
      3768.9772693025175,
      3884.4251188205703,
      3931.3958560300375,
      3773.0767904343165,
      3868.9059395406534,
      3745.713424290099,
      3813.7520920554866,
      3818.8741854153377,
      3850.974615218923,
      3852.15336355282,
      3754.838243421814,
      3887.3031182184022,
      3767.7117304956196,
      3833.3760752265603,
      3807.709105781097,
      3817.172100442845,
      3794.7831506542557,
      3965.833860904919,
      3863.5178682141686,
      3841.626979523961
    ],
    "transformed_command_at_bound_fraction": 0.24556898390635934
  },
  "command_scale": 1.0,
  "command_transform": "uniform_mean_inverse",
  "command_transform_beta": 1.1,
  "environment": "Walker2d-v4",
  "implementation": {
    "evaluate_td3bc_sha256": "770a690f06ee30ba84213fc35948e9f6f8a242a9976288d32d6a3845d3a4df26",
    "evaluation_controls_sha256": "24318269a6696fd22c8112b2d96913bdceb830d83de9df31ca234e1505f1aec9",
    "train_td3bc_sha256": "28094abb38441633f3e52386a9d3ac0747b9df8a4f2bd03403bf46d1d5234737"
  },
  "implementation_sha256": "770a690f06ee30ba84213fc35948e9f6f8a242a9976288d32d6a3845d3a4df26",
  "persistent_action_noise": {
    "action_clip_fraction": 0.3554640433157935,
    "action_noise_beta": 1.1,
    "action_noise_distribution": "iid_uniform_minus_beta_plus_beta_per_step",
    "action_noise_seeds": [
      61600,
      61601,
      61602,
      61603,
      61604,
      61605,
      61606,
      61607,
      61608,
      61609,
      61610,
      61611,
      61612,
      61613,
      61614,
      61615,
      61616,
      61617,
      61618,
      61619,
      61620,
      61621,
      61622,
      61623,
      61624,
      61625,
      61626,
      61627,
      61628,
      61629,
      61630,
      61631,
      61632,
      61633,
      61634,
      61635,
      61636,
      61637,
      61638,
      61639,
      61640,
      61641,
      61642,
      61643,
      61644,
      61645,
      61646,
      61647,
      61648,
      61649
    ],
    "command_saturation_definition": "fraction_of_scaled_command_values_strictly_outside_environment_bounds_before_clip",
    "command_saturation_fraction": 0.0,
    "command_scale": 1.0,
    "command_transform": "uniform_mean_inverse",
    "command_transform_beta": 1.1,
    "command_transform_saturation_definition": "fraction_of_desired_mean_action_values_outside_the_uniform_clipped_channel_mean_range_achievable_by_bounded_commands",
    "command_transform_saturation_fraction": 0.2847860901395562,
    "environment_seeds": [
      51600,
      51601,
      51602,
      51603,
      51604,
      51605,
      51606,
      51607,
      51608,
      51609,
      51610,
      51611,
      51612,
      51613,
      51614,
      51615,
      51616,
      51617,
      51618,
      51619,
      51620,
      51621,
      51622,
      51623,
      51624,
      51625,
      51626,
      51627,
      51628,
      51629,
      51630,
      51631,
      51632,
      51633,
      51634,
      51635,
      51636,
      51637,
      51638,
      51639,
      51640,
      51641,
      51642,
      51643,
      51644,
      51645,
      51646,
      51647,
      51648,
      51649
    ],
    "executed_commanded_action_mse": 0.2591873963243168,
    "lengths": [
      700,
      635,
      1000,
      345,
      571,
      308,
      237,
      252,
      340,
      264,
      572,
      250,
      274,
      219,
      313,
      411,
      218,
      1000,
      389,
      364,
      863,
      291,
      215,
      244,
      254,
      661,
      501,
      213,
      780,
      222,
      290,
      568,
      187,
      578,
      249,
      432,
      242,
      425,
      490,
      308,
      433,
      616,
      570,
      338,
      421,
      533,
      813,
      656,
      312,
      488
    ],
    "normalized_score_mean": 31.069691982398854,
    "normalized_score_std": 17.268329012255748,
    "return_mean": 1427.9363451397337,
    "return_std": 792.7321707687448,
    "returns": [
      2442.6051048002946,
      2244.4823669296607,
      3456.1778357484536,
      1156.9591012825517,
      2022.5030160503013,
      810.9558874829862,
      678.7099898694943,
      755.6758247124754,
      1105.34415086615,
      838.7321117177537,
      2017.4929819147933,
      747.1188276720578,
      834.4609200929846,
      583.7073331154359,
      956.1637771265816,
      1325.782098894808,
      653.4754540791503,
      3581.2718806717417,
      1292.2269003514223,
      1180.4160656919062,
      3118.1422525375724,
      817.0823510516776,
      588.1860708845594,
      641.1830532545622,
      774.3007187187277,
      2262.227468912173,
      1630.2600562075552,
      528.6803004818146,
      2761.684310680427,
      612.036732042784,
      846.9745219248615,
      1999.9521805820941,
      489.5785325942058,
      2097.175411481512,
      737.3503053796919,
      1459.4955348281203,
      715.1859534063415,
      1207.9505532538585,
      1482.7056112103623,
      863.4172653546287,
      1420.0554538587705,
      2160.7801380533115,
      1916.044493535479,
      1039.8572725429547,
      1412.5466671039314,
      1777.1838002519785,
      2748.68779750037,
      2164.4728590852856,
      927.0809331664245,
      1512.2770280296513
    ],
    "transformed_command_at_bound_fraction": 0.2847860901395562
  },
  "status": "complete",
  "wall_time_seconds": 200.88719710201258
}
