{
  "action_pipeline": "agent_command -> multiply_by_command_scale -> clip_to_environment_bounds -> command_transform -> clip_to_environment_bounds -> add_seeded_actuator_noise_if_noisy -> clip_to_environment_bounds -> env.step",
  "checkpoint": "/root/hubl_research_20260914/results/inverse_residual_confirm/base_hubl_executed_25k_seed10/latest.pt",
  "checkpoint_sha256": "eba1af040aa73823ceba28048e10d3af2eef54c59f09c1e0194f27aa0ed4944d",
  "checkpoint_step": 25000,
  "clean": {
    "command_saturation_definition": "fraction_of_scaled_command_values_strictly_outside_environment_bounds_before_clip",
    "command_saturation_fraction": 0.0,
    "command_scale": 1.0,
    "command_transform": "identity",
    "command_transform_beta": 0.5,
    "command_transform_saturation_definition": "fraction_of_desired_mean_action_values_outside_the_uniform_clipped_channel_mean_range_achievable_by_bounded_commands",
    "command_transform_saturation_fraction": 0.0,
    "episode_seeds": [
      51400,
      51401,
      51402,
      51403,
      51404,
      51405,
      51406,
      51407,
      51408,
      51409,
      51410,
      51411,
      51412,
      51413,
      51414,
      51415,
      51416,
      51417,
      51418,
      51419,
      51420,
      51421,
      51422,
      51423,
      51424,
      51425,
      51426,
      51427,
      51428,
      51429,
      51430,
      51431,
      51432,
      51433,
      51434,
      51435,
      51436,
      51437,
      51438,
      51439,
      51440,
      51441,
      51442,
      51443,
      51444,
      51445,
      51446,
      51447,
      51448,
      51449
    ],
    "lengths": [
      1000,
      1000,
      1000,
      1000,
      1000,
      1000,
      1000,
      1000,
      1000,
      1000,
      1000,
      1000,
      1000,
      1000,
      1000,
      1000,
      1000,
      1000,
      1000,
      1000,
      1000,
      1000,
      1000,
      1000,
      1000,
      1000,
      1000,
      1000,
      1000,
      1000,
      1000,
      1000,
      1000,
      1000,
      1000,
      1000,
      1000,
      1000,
      1000,
      1000,
      1000,
      1000,
      1000,
      1000,
      1000,
      1000,
      1000,
      1000,
      1000,
      1000
    ],
    "normalized_score_mean": 77.81705026124045,
    "normalized_score_std": 0.7691035756878077,
    "return_mean": 3573.9537611728256,
    "return_std": 35.30701474753496,
    "returns": [
      3537.46772146753,
      3533.6657476018304,
      3499.4073492293032,
      3555.8307377508554,
      3559.5630893576254,
      3596.034917289224,
      3558.517238075311,
      3612.039224532921,
      3650.7339266215126,
      3648.766585645968,
      3558.5496192915457,
      3596.663313106117,
      3546.262526857752,
      3551.0839348950753,
      3573.663960979677,
      3555.478910087154,
      3556.5549918335696,
      3566.359140906737,
      3624.55480762298,
      3546.2342044352845,
      3630.137444865999,
      3568.2533083503563,
      3649.2724136471265,
      3559.394482031047,
      3528.3792091482137,
      3565.705684642255,
      3643.245525517737,
      3540.2854512943127,
      3568.1830829486184,
      3581.1869045719154,
      3589.3967633063903,
      3566.169425388277,
      3553.4136105273637,
      3575.4468349284034,
      3640.7001268189138,
      3569.441024800576,
      3539.8573524542985,
      3542.525434846724,
      3561.2097515685577,
      3564.7407648290855,
      3573.2627486714787,
      3573.318124573087,
      3583.0809996049948,
      3512.7680381715027,
      3599.255251778472,
      3567.8654178341135,
      3526.64426469433,
      3605.641737859493,
      3597.7251356163447,
      3593.74979576331
    ],
    "transformed_command_at_bound_fraction": 0.0
  },
  "command_scale": 1.0,
  "command_transform": "identity",
  "command_transform_beta": 0.5,
  "environment": "Walker2d-v4",
  "implementation": {
    "evaluate_td3bc_sha256": "770a690f06ee30ba84213fc35948e9f6f8a242a9976288d32d6a3845d3a4df26",
    "evaluation_controls_sha256": "24318269a6696fd22c8112b2d96913bdceb830d83de9df31ca234e1505f1aec9",
    "train_td3bc_sha256": "28094abb38441633f3e52386a9d3ac0747b9df8a4f2bd03403bf46d1d5234737"
  },
  "implementation_sha256": "770a690f06ee30ba84213fc35948e9f6f8a242a9976288d32d6a3845d3a4df26",
  "persistent_action_noise": {
    "action_clip_fraction": 0.11869212597873251,
    "action_noise_beta": 0.5,
    "action_noise_distribution": "iid_uniform_minus_beta_plus_beta_per_step",
    "action_noise_seeds": [
      61400,
      61401,
      61402,
      61403,
      61404,
      61405,
      61406,
      61407,
      61408,
      61409,
      61410,
      61411,
      61412,
      61413,
      61414,
      61415,
      61416,
      61417,
      61418,
      61419,
      61420,
      61421,
      61422,
      61423,
      61424,
      61425,
      61426,
      61427,
      61428,
      61429,
      61430,
      61431,
      61432,
      61433,
      61434,
      61435,
      61436,
      61437,
      61438,
      61439,
      61440,
      61441,
      61442,
      61443,
      61444,
      61445,
      61446,
      61447,
      61448,
      61449
    ],
    "command_saturation_definition": "fraction_of_scaled_command_values_strictly_outside_environment_bounds_before_clip",
    "command_saturation_fraction": 0.0,
    "command_scale": 1.0,
    "command_transform": "identity",
    "command_transform_beta": 0.5,
    "command_transform_saturation_definition": "fraction_of_desired_mean_action_values_outside_the_uniform_clipped_channel_mean_range_achievable_by_bounded_commands",
    "command_transform_saturation_fraction": 0.0,
    "environment_seeds": [
      51400,
      51401,
      51402,
      51403,
      51404,
      51405,
      51406,
      51407,
      51408,
      51409,
      51410,
      51411,
      51412,
      51413,
      51414,
      51415,
      51416,
      51417,
      51418,
      51419,
      51420,
      51421,
      51422,
      51423,
      51424,
      51425,
      51426,
      51427,
      51428,
      51429,
      51430,
      51431,
      51432,
      51433,
      51434,
      51435,
      51436,
      51437,
      51438,
      51439,
      51440,
      51441,
      51442,
      51443,
      51444,
      51445,
      51446,
      51447,
      51448,
      51449
    ],
    "executed_commanded_action_mse": 0.07389845369433157,
    "lengths": [
      1000,
      1000,
      1000,
      1000,
      785,
      1000,
      1000,
      1000,
      1000,
      1000,
      1000,
      1000,
      1000,
      1000,
      1000,
      893,
      1000,
      1000,
      424,
      1000,
      1000,
      1000,
      701,
      1000,
      1000,
      295,
      1000,
      1000,
      1000,
      1000,
      1000,
      1000,
      1000,
      1000,
      1000,
      1000,
      1000,
      1000,
      1000,
      1000,
      1000,
      1000,
      1000,
      1000,
      1000,
      1000,
      686,
      769,
      1000,
      1000
    ],
    "normalized_score_mean": 74.2615219342781,
    "normalized_score_std": 11.273133891746388,
    "return_mean": 3410.731153654622,
    "return_std": 517.5124874577222,
    "returns": [
      3643.0966366886655,
      3563.803418636809,
      3505.3834191342,
      3678.73174257086,
      2865.356411918854,
      3582.4751838346856,
      3578.31692165753,
      3541.2386469478397,
      3427.352825840914,
      3678.5044234800976,
      3593.0233882268826,
      3675.7466356062732,
      3571.267921379156,
      3597.7457386620977,
      3594.2396499358865,
      3249.535342457174,
      3583.7196103125625,
      3507.953386100869,
      1473.9332018288737,
      3545.394388571108,
      3593.7304906989116,
      3646.4806967465342,
      2560.2220377219987,
      3588.2711295293757,
      3561.538969429624,
      965.4959013039179,
      3475.4297325096945,
      3608.3309914982815,
      3525.561854784715,
      3706.6333483889935,
      3612.056400303574,
      3576.4559277234835,
      3627.5606645747844,
      3501.669957869469,
      3611.0945748861586,
      3596.034033198507,
      3632.753244895157,
      3462.061838225134,
      3674.914896702741,
      3490.798699196301,
      3530.6127539223025,
      3614.0152813848863,
      3680.31727514086,
      3556.16715145766,
      3620.2749106959413,
      3635.9481975250787,
      2527.863748371048,
      2797.8809219836385,
      3514.088423542961,
      3585.474734728019
    ],
    "transformed_command_at_bound_fraction": 0.0
  },
  "status": "complete",
  "wall_time_seconds": 72.36075111798709
}
