{
  "action_pipeline": "agent_command -> multiply_by_command_scale -> clip_to_environment_bounds -> command_transform -> clip_to_environment_bounds -> add_seeded_actuator_noise_if_noisy -> clip_to_environment_bounds -> env.step",
  "checkpoint": "/root/hubl_research_20260914/results/inverse_residual_confirm/base_hubl_executed_25k_seed10/latest.pt",
  "checkpoint_sha256": "eba1af040aa73823ceba28048e10d3af2eef54c59f09c1e0194f27aa0ed4944d",
  "checkpoint_step": 25000,
  "clean": {
    "command_saturation_definition": "fraction_of_scaled_command_values_strictly_outside_environment_bounds_before_clip",
    "command_saturation_fraction": 0.0,
    "command_scale": 1.0,
    "command_transform": "uniform_mean_inverse",
    "command_transform_beta": 0.5,
    "command_transform_saturation_definition": "fraction_of_desired_mean_action_values_outside_the_uniform_clipped_channel_mean_range_achievable_by_bounded_commands",
    "command_transform_saturation_fraction": 0.028586666666666666,
    "episode_seeds": [
      51400,
      51401,
      51402,
      51403,
      51404,
      51405,
      51406,
      51407,
      51408,
      51409,
      51410,
      51411,
      51412,
      51413,
      51414,
      51415,
      51416,
      51417,
      51418,
      51419,
      51420,
      51421,
      51422,
      51423,
      51424,
      51425,
      51426,
      51427,
      51428,
      51429,
      51430,
      51431,
      51432,
      51433,
      51434,
      51435,
      51436,
      51437,
      51438,
      51439,
      51440,
      51441,
      51442,
      51443,
      51444,
      51445,
      51446,
      51447,
      51448,
      51449
    ],
    "lengths": [
      1000,
      1000,
      1000,
      1000,
      1000,
      1000,
      1000,
      1000,
      1000,
      1000,
      1000,
      1000,
      1000,
      1000,
      1000,
      1000,
      1000,
      1000,
      1000,
      1000,
      1000,
      1000,
      1000,
      1000,
      1000,
      1000,
      1000,
      1000,
      1000,
      1000,
      1000,
      1000,
      1000,
      1000,
      1000,
      1000,
      1000,
      1000,
      1000,
      1000,
      1000,
      1000,
      1000,
      1000,
      1000,
      1000,
      1000,
      1000,
      1000,
      1000
    ],
    "normalized_score_mean": 77.12080403435772,
    "normalized_score_std": 1.2886698551060354,
    "return_mean": 3541.991387602426,
    "return_std": 59.158593221001205,
    "returns": [
      3544.608171948355,
      3518.2585543188006,
      3599.254106804735,
      3562.792594793617,
      3517.2289391613645,
      3534.8254300062767,
      3599.371127533941,
      3545.1682036462616,
      3544.101531426499,
      3572.143888452092,
      3567.5799637722953,
      3605.1210513390483,
      3512.439888253547,
      3511.58752760434,
      3525.5401141593898,
      3497.732229085515,
      3500.826757364602,
      3517.7275978695725,
      3603.4955373051125,
      3486.2636219315277,
      3619.940057846352,
      3632.3710289766514,
      3556.8669842340096,
      3367.2676549557577,
      3539.3219980139174,
      3551.3154002204874,
      3365.865588249331,
      3620.6021386810125,
      3468.952220658327,
      3635.1608560052186,
      3607.896118127668,
      3584.9926229457838,
      3566.141121763208,
      3497.5213920387478,
      3555.930372773344,
      3619.5824234156535,
      3510.1245309928127,
      3473.0444576451087,
      3565.1207871532865,
      3476.581303301631,
      3509.5844129507163,
      3607.448383096124,
      3553.682279312743,
      3520.1110131209534,
      3542.6255549458792,
      3591.366669613158,
      3528.511246589206,
      3594.6607171161986,
      3420.6693298079736,
      3550.243878793143
    ],
    "transformed_command_at_bound_fraction": 0.028586666666666666
  },
  "command_scale": 1.0,
  "command_transform": "uniform_mean_inverse",
  "command_transform_beta": 0.5,
  "environment": "Walker2d-v4",
  "implementation": {
    "evaluate_td3bc_sha256": "770a690f06ee30ba84213fc35948e9f6f8a242a9976288d32d6a3845d3a4df26",
    "evaluation_controls_sha256": "24318269a6696fd22c8112b2d96913bdceb830d83de9df31ca234e1505f1aec9",
    "train_td3bc_sha256": "28094abb38441633f3e52386a9d3ac0747b9df8a4f2bd03403bf46d1d5234737"
  },
  "implementation_sha256": "770a690f06ee30ba84213fc35948e9f6f8a242a9976288d32d6a3845d3a4df26",
  "persistent_action_noise": {
    "action_clip_fraction": 0.1352639671963096,
    "action_noise_beta": 0.5,
    "action_noise_distribution": "iid_uniform_minus_beta_plus_beta_per_step",
    "action_noise_seeds": [
      61400,
      61401,
      61402,
      61403,
      61404,
      61405,
      61406,
      61407,
      61408,
      61409,
      61410,
      61411,
      61412,
      61413,
      61414,
      61415,
      61416,
      61417,
      61418,
      61419,
      61420,
      61421,
      61422,
      61423,
      61424,
      61425,
      61426,
      61427,
      61428,
      61429,
      61430,
      61431,
      61432,
      61433,
      61434,
      61435,
      61436,
      61437,
      61438,
      61439,
      61440,
      61441,
      61442,
      61443,
      61444,
      61445,
      61446,
      61447,
      61448,
      61449
    ],
    "command_saturation_definition": "fraction_of_scaled_command_values_strictly_outside_environment_bounds_before_clip",
    "command_saturation_fraction": 0.0,
    "command_scale": 1.0,
    "command_transform": "uniform_mean_inverse",
    "command_transform_beta": 0.5,
    "command_transform_saturation_definition": "fraction_of_desired_mean_action_values_outside_the_uniform_clipped_channel_mean_range_achievable_by_bounded_commands",
    "command_transform_saturation_fraction": 0.04182470527934393,
    "environment_seeds": [
      51400,
      51401,
      51402,
      51403,
      51404,
      51405,
      51406,
      51407,
      51408,
      51409,
      51410,
      51411,
      51412,
      51413,
      51414,
      51415,
      51416,
      51417,
      51418,
      51419,
      51420,
      51421,
      51422,
      51423,
      51424,
      51425,
      51426,
      51427,
      51428,
      51429,
      51430,
      51431,
      51432,
      51433,
      51434,
      51435,
      51436,
      51437,
      51438,
      51439,
      51440,
      51441,
      51442,
      51443,
      51444,
      51445,
      51446,
      51447,
      51448,
      51449
    ],
    "executed_commanded_action_mse": 0.07239079161421952,
    "lengths": [
      1000,
      1000,
      1000,
      1000,
      1000,
      1000,
      1000,
      1000,
      1000,
      1000,
      1000,
      1000,
      457,
      1000,
      1000,
      1000,
      1000,
      1000,
      1000,
      1000,
      1000,
      1000,
      1000,
      1000,
      1000,
      1000,
      1000,
      1000,
      1000,
      1000,
      1000,
      1000,
      1000,
      1000,
      1000,
      1000,
      1000,
      1000,
      1000,
      1000,
      1000,
      318,
      1000,
      1000,
      1000,
      1000,
      1000,
      1000,
      1000,
      1000
    ],
    "normalized_score_mean": 76.59111931774028,
    "normalized_score_std": 9.921966169882717,
    "return_mean": 3517.675304967612,
    "return_std": 455.4848227968593,
    "returns": [
      3585.087294361846,
      3640.4345346255477,
      3628.175625346751,
      3663.5645919192857,
      3527.573265339154,
      3558.1595969254404,
      3572.7542871439578,
      3614.245360765893,
      3528.184144177315,
      3617.6860520803193,
      3622.6480490368167,
      3684.467579974985,
      1611.1608077321637,
      3548.0771652163744,
      3570.7915266601176,
      3690.981192878249,
      3597.526432010445,
      3591.332224894713,
      3581.4491806580854,
      3538.820819485022,
      3540.2872676270094,
      3623.214099400419,
      3489.231991685431,
      3703.380260028332,
      3579.4139159238985,
      3545.5927342853884,
      3646.7261687118835,
      3623.5211305382177,
      3601.205223805497,
      3637.516110163065,
      3600.020917340318,
      3531.7807182433885,
      3628.680712542103,
      3632.121724522862,
      3600.594105858915,
      3637.6504457826404,
      3648.0560095781348,
      3661.948239001984,
      3635.3536419581187,
      3608.8803497701347,
      3609.5958193363886,
      1032.1872528887143,
      3630.967142289729,
      3636.1635168738703,
      3698.616364310814,
      3816.211560628116,
      3651.9501112404982,
      3546.125924588081,
      3580.759734016474,
      3532.8923242076776
    ],
    "transformed_command_at_bound_fraction": 0.04182470527934393
  },
  "status": "complete",
  "wall_time_seconds": 276.899414244981
}
