{
  "arms": {
    "adapted": {
      "action_noise_beta": 1.25,
      "action_noise_seeds": [
        231400,
        231401,
        231402,
        231403,
        231404,
        231405,
        231406,
        231407,
        231408,
        231409,
        231410,
        231411,
        231412,
        231413,
        231414,
        231415,
        231416,
        231417,
        231418,
        231419,
        231420,
        231421,
        231422,
        231423,
        231424,
        231425,
        231426,
        231427,
        231428,
        231429,
        231430,
        231431,
        231432,
        231433,
        231434,
        231435,
        231436,
        231437,
        231438,
        231439,
        231440,
        231441,
        231442,
        231443,
        231444,
        231445,
        231446,
        231447,
        231448,
        231449
      ],
      "actuator_clip_fraction": 0.3551090554188237,
      "applied_residual_abs_max": 1.7316780090332031,
      "applied_residual_abs_mean": 0.18471638084978945,
      "arm": "channel_opex",
      "command_at_bound_fraction": 0.18261478401086312,
      "environment_seeds": [
        131400,
        131401,
        131402,
        131403,
        131404,
        131405,
        131406,
        131407,
        131408,
        131409,
        131410,
        131411,
        131412,
        131413,
        131414,
        131415,
        131416,
        131417,
        131418,
        131419,
        131420,
        131421,
        131422,
        131423,
        131424,
        131425,
        131426,
        131427,
        131428,
        131429,
        131430,
        131431,
        131432,
        131433,
        131434,
        131435,
        131436,
        131437,
        131438,
        131439,
        131440,
        131441,
        131442,
        131443,
        131444,
        131445,
        131446,
        131447,
        131448,
        131449
      ],
      "executed_commanded_action_mse": 0.3318990199434078,
      "gradient_abs_max": 4.713991641998291,
      "gradient_l2_mean": 1.1917086983978342,
      "gradient_noise_draw_calls": 47132,
      "gradient_noise_sampling_frequency": "per_gradient_step",
      "gradient_noise_seeds": [
        331400,
        331401,
        331402,
        331403,
        331404,
        331405,
        331406,
        331407,
        331408,
        331409,
        331410,
        331411,
        331412,
        331413,
        331414,
        331415,
        331416,
        331417,
        331418,
        331419,
        331420,
        331421,
        331422,
        331423,
        331424,
        331425,
        331426,
        331427,
        331428,
        331429,
        331430,
        331431,
        331432,
        331433,
        331434,
        331435,
        331436,
        331437,
        331438,
        331439,
        331440,
        331441,
        331442,
        331443,
        331444,
        331445,
        331446,
        331447,
        331448,
        331449
      ],
      "gradient_noise_stream_used": true,
      "inverse_saturation_fraction": 0.0,
      "lengths": [
        342,
        582,
        331,
        171,
        295,
        582,
        1000,
        1000,
        322,
        345,
        1000,
        133,
        346,
        253,
        200,
        359,
        427,
        881,
        903,
        275,
        581,
        436,
        254,
        472,
        209,
        479,
        254,
        330,
        487,
        628,
        290,
        472,
        326,
        947,
        483,
        293,
        454,
        371,
        591,
        170,
        1000,
        475,
        556,
        148,
        202,
        508,
        158,
        456,
        1000,
        789
      ],
      "normalized_score_mean": 30.24257948375258,
      "normalized_score_std": 17.258677905375972,
      "proposed_residual_abs_mean": 0.18471638084978945,
      "q1_expected_before_update_mean": 78.82498842589766,
      "q1_gradient_calls": 47132,
      "q1_rows_by_episode": [
        5472,
        9312,
        5296,
        2736,
        4720,
        9312,
        16000,
        16000,
        5152,
        5520,
        16000,
        2128,
        5536,
        4048,
        3200,
        5744,
        6832,
        14096,
        14448,
        4400,
        9296,
        6976,
        4064,
        7552,
        3344,
        7664,
        4064,
        5280,
        7792,
        10048,
        4640,
        7552,
        5216,
        15152,
        7728,
        4688,
        7264,
        5936,
        9456,
        2720,
        16000,
        7600,
        8896,
        2368,
        3232,
        8128,
        2528,
        7296,
        16000,
        12624
      ],
      "q1_rows_per_action": 16,
      "q1_rows_total": 377056,
      "raw_residual_abs_max": 1.414197564125061,
      "return_mean": 1389.966331593173,
      "return_std": 792.289120204808,
      "returns": [
        892.8585392240396,
        1653.2743263799887,
        1001.8685776415261,
        414.13017752353863,
        901.9570723827183,
        1786.3275827599148,
        2846.8447770288826,
        3032.5333300966186,
        1079.2515809072418,
        1036.357846203717,
        2974.230480965873,
        310.15765795289263,
        1044.0990483285084,
        793.4105916581249,
        615.576142962779,
        998.0196466888635,
        1262.6272910726575,
        2715.43465627706,
        2876.680350841584,
        771.1604496201198,
        1683.655772732146,
        1299.7367788352922,
        760.4273511480379,
        1366.0627236884088,
        556.2119991778353,
        1479.5941175817832,
        714.7435772479959,
        1035.4690509577408,
        1422.7028134630239,
        1929.4300836618706,
        807.8904800295576,
        1330.57307911522,
        883.6499260801106,
        2914.1968138815396,
        1461.1064255055521,
        799.0378393097303,
        1302.1309683604115,
        995.7161914990006,
        1725.1820445914223,
        431.6450598094748,
        2923.474056737026,
        1315.5407778937063,
        1658.5547225383743,
        330.7776726495873,
        575.214372030167,
        1524.4148485140777,
        435.55316594369253,
        1424.704930193936,
        2958.713404567642,
        2445.4054053976383
      ],
      "trust_region_clipped_fraction": 0.14113553424425018,
      "wall_time_seconds": 164.71239795297151
    },
    "baseline_only": {
      "action_noise_beta": 1.25,
      "action_noise_seeds": [
        231400,
        231401,
        231402,
        231403,
        231404,
        231405,
        231406,
        231407,
        231408,
        231409,
        231410,
        231411,
        231412,
        231413,
        231414,
        231415,
        231416,
        231417,
        231418,
        231419,
        231420,
        231421,
        231422,
        231423,
        231424,
        231425,
        231426,
        231427,
        231428,
        231429,
        231430,
        231431,
        231432,
        231433,
        231434,
        231435,
        231436,
        231437,
        231438,
        231439,
        231440,
        231441,
        231442,
        231443,
        231444,
        231445,
        231446,
        231447,
        231448,
        231449
      ],
      "actuator_clip_fraction": 0.3220508426163953,
      "applied_residual_abs_max": 0.0,
      "applied_residual_abs_mean": 0.0,
      "arm": "identity_anchor_baseline",
      "command_at_bound_fraction": 1.4281633818908883e-05,
      "environment_seeds": [
        131400,
        131401,
        131402,
        131403,
        131404,
        131405,
        131406,
        131407,
        131408,
        131409,
        131410,
        131411,
        131412,
        131413,
        131414,
        131415,
        131416,
        131417,
        131418,
        131419,
        131420,
        131421,
        131422,
        131423,
        131424,
        131425,
        131426,
        131427,
        131428,
        131429,
        131430,
        131431,
        131432,
        131433,
        131434,
        131435,
        131436,
        131437,
        131438,
        131439,
        131440,
        131441,
        131442,
        131443,
        131444,
        131445,
        131446,
        131447,
        131448,
        131449
      ],
      "executed_commanded_action_mse": 0.3458801567507042,
      "gradient_abs_max": null,
      "gradient_l2_mean": null,
      "gradient_noise_draw_calls": 0,
      "gradient_noise_sampling_frequency": "none_beta_zero_or_baseline_arm",
      "gradient_noise_seeds": [
        331400,
        331401,
        331402,
        331403,
        331404,
        331405,
        331406,
        331407,
        331408,
        331409,
        331410,
        331411,
        331412,
        331413,
        331414,
        331415,
        331416,
        331417,
        331418,
        331419,
        331420,
        331421,
        331422,
        331423,
        331424,
        331425,
        331426,
        331427,
        331428,
        331429,
        331430,
        331431,
        331432,
        331433,
        331434,
        331435,
        331436,
        331437,
        331438,
        331439,
        331440,
        331441,
        331442,
        331443,
        331444,
        331445,
        331446,
        331447,
        331448,
        331449
      ],
      "gradient_noise_stream_used": false,
      "inverse_saturation_fraction": 0.0,
      "lengths": [
        192,
        258,
        213,
        9,
        295,
        223,
        192,
        301,
        244,
        277,
        160,
        221,
        174,
        193,
        232,
        179,
        186,
        177,
        422,
        145,
        228,
        139,
        253,
        362,
        167,
        261,
        336,
        150,
        321,
        180,
        248,
        474,
        343,
        167,
        176,
        193,
        155,
        389,
        178,
        179,
        361,
        154,
        246,
        147,
        186,
        160,
        264,
        439,
        190,
        331
      ],
      "normalized_score_mean": 13.4473927076161,
      "normalized_score_std": 6.958113558890275,
      "proposed_residual_abs_mean": 0.0,
      "q1_expected_before_update_mean": null,
      "q1_gradient_calls": 0,
      "q1_rows_by_episode": [
        0,
        0,
        0,
        0,
        0,
        0,
        0,
        0,
        0,
        0,
        0,
        0,
        0,
        0,
        0,
        0,
        0,
        0,
        0,
        0,
        0,
        0,
        0,
        0,
        0,
        0,
        0,
        0,
        0,
        0,
        0,
        0,
        0,
        0,
        0,
        0,
        0,
        0,
        0,
        0,
        0,
        0,
        0,
        0,
        0,
        0,
        0,
        0,
        0,
        0
      ],
      "q1_rows_per_action": 0,
      "q1_rows_total": 0,
      "raw_residual_abs_max": null,
      "return_mean": 618.9545642088557,
      "return_std": 319.42410073839477,
      "returns": [
        447.2064088545906,
        717.5714627395222,
        379.02370436065604,
        -2.2234630635790147,
        925.6413754480017,
        621.570007044436,
        504.1369639400804,
        775.0450825896726,
        627.3010200842027,
        809.1701150090145,
        352.2915147767973,
        600.1847118342598,
        444.86115264565916,
        480.8165599233627,
        563.7927899250857,
        441.43373596433844,
        466.1855607058024,
        387.5295959631268,
        1107.5346726427874,
        312.70958835159735,
        629.5664292310644,
        297.5543238636125,
        630.4733473807149,
        1143.7248121146101,
        333.00725025931206,
        656.5960101499522,
        1036.9453450970102,
        345.05781981612483,
        963.6905913012861,
        378.0884410725611,
        566.3379880134779,
        1639.1939239409808,
        1048.8579520332307,
        355.40498020153916,
        493.3308076993564,
        559.4546754278122,
        367.1354609000619,
        1161.7812875976174,
        380.49221969968255,
        426.1479445725096,
        1097.762079337482,
        332.62207060773636,
        503.7307964889145,
        351.6601318463994,
        418.1465412997391,
        332.669120136123,
        692.0330858005383,
        1356.9715018783565,
        489.98978941850316,
        997.5189235170634
      ],
      "trust_region_clipped_fraction": 0.0,
      "wall_time_seconds": 8.360065947985277
    }
  },
  "base_checkpoint": {
    "format": null,
    "path": "/root/hubl_research_20260914/results/scaleup/walker_seed3/base/latest.pt",
    "sha256": "d788b745c3a2bfb53409f31e1da1061e09c0ea62e42dd658d055f0789e0168ae",
    "step": 25000
  },
  "calibration": {
    "action_dim": 6,
    "action_high": 1.0,
    "action_low": -1.0,
    "beta": 1.2498948872089386,
    "calibration_path": "/root/hubl_research_20260914/results/channel_calibration/beta125_n512_seed27001_calibration.json",
    "calibration_sha256": "b1769bdeb0eb99aa653ae5d98ef00e3f843e938fb62963821e0f2e348f904354",
    "commands_sha256": "61080b7a6e7e21a06c948d1bc56835146f4972f17047c379e569e8dcbe6cbd9f",
    "estimator": "censored_uniform_plus_clip_mle",
    "executed_sha256": "9674d0953af3cbfc54cef126b9dcebac96bab524b868bd591d10021c0a308710",
    "input_provenance": {
      "action_dim": 6,
      "action_high": 1.0,
      "action_low": -1.0,
      "beta": 1.25,
      "bit_generator": "PCG64",
      "channel": "iid_uniform_additive_then_clip",
      "commands_sha256": "61080b7a6e7e21a06c948d1bc56835146f4972f17047c379e569e8dcbe6cbd9f",
      "contains_state_or_transition_fields": false,
      "executed_sha256": "9674d0953af3cbfc54cef126b9dcebac96bab524b868bd591d10021c0a308710",
      "generator_script_sha256": "d12213d8b61d49bc550adb6079d5274058ab64fa194950ec1f911ee74a57e12f",
      "noise_spawn_key": [
        1
      ],
      "pair_count": 512,
      "root_seed": 27001,
      "schema": "paired_uniform_clip_channel_v1",
      "selection": "uniform_without_replacement",
      "selection_spawn_key": [
        0
      ],
      "source_command_count": 1000000,
      "source_dataset_path": "/root/hubl_backup_data/action_noise_dev/walker2d_v4_beta1_seed1201.hdf5",
      "source_dataset_sha256": "159a49faaa7786a8444369a1aef758b1a43f26eaaa56146358ace6f9c5b3882a",
      "source_hdf5_schema": "flat"
    },
    "pair_archive_path": "/root/hubl_research_20260914/results/channel_calibration/beta125_n512_seed27001.npz",
    "pair_archive_sha256": "76bc6bbcc47d2c6e2c76dc918c57700d9786edba19e18f8715a78c92e6c5132b",
    "pair_count": 512,
    "source": "censored_uniform_plus_clip_pair_calibration",
    "uncertainty_beta_interval": [
      1.2463959604501724,
      1.2498698003590107
    ]
  },
  "channel": {
    "beta_mismatch": true,
    "environment_rollout_beta": 1.25,
    "gradient_model": "iid_uniform_additive_then_clip",
    "model_or_calibration_beta": 1.2498948872089386
  },
  "controller": {
    "K": 8,
    "actor_parameter_updates": 0,
    "baseline_transform": "identity",
    "calibration_mode": "censored_uniform_plus_clip_pair_calibration",
    "critic": "frozen_q1",
    "critic_parameter_updates": 0,
    "delta_max": 2.0,
    "execution_noise_samples": 8,
    "gradient_noise_seed": 331400,
    "gradient_objective": "mean_k_q1_of_clipped_command_plus_fresh_antithetic_uniform_noise_per_gradient_step",
    "gradient_steps": 2,
    "gradient_steps_per_action": 2,
    "model_beta": 1.2498948872089386,
    "q_reducer": "mean_q1",
    "step_size": 0.3
  },
  "cost": {
    "adapted_backward_calls": 47132,
    "adapted_q1_rows_per_environment_step": 16,
    "adapted_q1_rows_total": 377056,
    "base_actor_rows": 23566,
    "baseline_base_actor_rows": 11670,
    "baseline_environment_steps": 11670,
    "baseline_q1_rows_total": 0,
    "baseline_wall_time_seconds": 8.360065947985277,
    "cost_scope": "adapted_arm_deployment_controller_only",
    "environment_steps": 23566,
    "paired_evaluation_environment_steps": 35236,
    "paired_evaluation_wall_time_seconds": 174.0093808840029,
    "q1_backward_calls": 47132,
    "q1_backward_rows": 377056,
    "q1_forward_rows": 377056,
    "wall_time_seconds": 164.71239795297151
  },
  "environment": "Walker2d-v4",
  "evaluation_protocol": {
    "action_noise_seed_start": 231400,
    "actuator_noise_rng_namespace": "numpy_generator_per_episode",
    "environment": "Walker2d-v4",
    "environment_rng_namespace": "gymnasium_env_reset",
    "environment_seed_start": 131400,
    "episode_count_per_arm": 50,
    "episode_local_gradient_streams_prevent_cross_episode_call_order_coupling": true,
    "gradient_noise_antithetic": true,
    "gradient_noise_rng_namespace": "torch_generator_per_episode_fresh_antithetic_per_gradient_step",
    "gradient_noise_sampling_frequency": "per_gradient_step",
    "gradient_noise_seed_start": 331400,
    "paired_environment_and_action_noise_seeds": true,
    "selection_rule": "all requested episodes retained"
  },
  "implementation": {
    "evaluate_sha256": "cf659f47fddd8f848c84f5f114be1fcb9081a55470fe59e8c073d4f84af0bff1",
    "evaluation_controls_sha256": "24318269a6696fd22c8112b2d96913bdceb830d83de9df31ca234e1505f1aec9",
    "inverse_residual_core_sha256": "5700efa8bbefac91c991a76878c3b78c5b3e84aea83568987f7a7e8919e50041",
    "td3bc_core_sha256": "e27cec131b533dd542e77ba9de2de492db4890c6fb9723796f59a02002d1f052",
    "train_inverse_residual_adapter_sha256": "fb065682c78e6c058d1165fa68f680fb682d235ec8c9c3abe70b8098177ee0e4",
    "train_td3bc_sha256": "28094abb38441633f3e52386a9d3ac0747b9df8a4f2bd03403bf46d1d5234737"
  },
  "method_id": "channel_aware_opex_identity_anchor",
  "method_scope": "stronger channel-aware extension of OPEX; not an unchanged reproduction of the original paper",
  "normalization": {
    "reference_max_score": 4592.3,
    "reference_min_score": 1.629008
  },
  "opex_reference": {
    "original_single_step_rule": "a <- a + step_size * grad_a Q(s, a)",
    "paper": "Is Value Learning Really the Main Bottleneck in Offline RL?",
    "url": "https://proceedings.neurips.cc/paper_files/paper/2024/hash/8ffb4e3118280a66b192b6f06e0e2596-Abstract-Conference.html",
    "venue": "NeurIPS 2024"
  },
  "paired": {
    "adapted_minus_baseline_returns": [
      445.652130369449,
      935.7028636404665,
      622.8448732808702,
      416.35364058711764,
      -23.684303065283416,
      1164.7575757154787,
      2342.707813088802,
      2257.488247506946,
      451.95056082303904,
      227.18773119470245,
      2621.938966189076,
      -290.0270538813672,
      599.2378956828493,
      312.59403173476215,
      51.78335303769336,
      556.5859107245251,
      796.4417303668552,
      2327.9050603139335,
      1769.1456781987968,
      458.4508612685225,
      1054.0893435010817,
      1002.1824549716796,
      129.954003767323,
      222.3379115737987,
      223.20474891852325,
      822.9981074318309,
      -322.20176784901435,
      690.411231141616,
      459.0122221617378,
      1551.3416425893095,
      241.55249201607967,
      -308.62084482576074,
      -165.2080259531201,
      2558.7918336800003,
      967.7756178061957,
      239.58316388191815,
      934.9955074603497,
      -166.06509609861678,
      1344.6898248917396,
      5.4971152369652145,
      1825.711977399544,
      982.91870728597,
      1154.8239260494597,
      -20.88245919681208,
      157.06783073042794,
      1191.7457283779547,
      -256.47991985684575,
      67.73342831557943,
      2468.723615149139,
      1447.886481880575
    ],
    "episode_count": 50,
    "positive_episode_count": 42,
    "return_difference_mean": 771.0117673843172,
    "return_difference_std": 813.7607831390538
  },
  "raw_schema": "channel_opex_v1",
  "status": "complete",
  "wall_time_seconds": 174.0093808840029
}
