{
  "action_pipeline": "agent_command -> multiply_by_command_scale -> clip_to_environment_bounds -> command_transform -> clip_to_environment_bounds -> add_seeded_actuator_noise_if_noisy -> clip_to_environment_bounds -> env.step",
  "checkpoint": "/root/hubl_research_20260914/results/scaleup/walker_seed3/base/latest.pt",
  "checkpoint_sha256": "d788b745c3a2bfb53409f31e1da1061e09c0ea62e42dd658d055f0789e0168ae",
  "checkpoint_step": 25000,
  "clean": {
    "command_saturation_definition": "fraction_of_scaled_command_values_strictly_outside_environment_bounds_before_clip",
    "command_saturation_fraction": 0.0,
    "command_scale": 1.0,
    "command_transform": "uniform_mean_inverse",
    "command_transform_beta": 1.25,
    "command_transform_saturation_definition": "fraction_of_desired_mean_action_values_outside_the_uniform_clipped_channel_mean_range_achievable_by_bounded_commands",
    "command_transform_saturation_fraction": 0.27877988569882656,
    "episode_seeds": [
      131400,
      131401,
      131402,
      131403,
      131404,
      131405,
      131406,
      131407,
      131408,
      131409,
      131410,
      131411,
      131412,
      131413,
      131414,
      131415,
      131416,
      131417,
      131418,
      131419,
      131420,
      131421,
      131422,
      131423,
      131424,
      131425,
      131426,
      131427,
      131428,
      131429,
      131430,
      131431,
      131432,
      131433,
      131434,
      131435,
      131436,
      131437,
      131438,
      131439,
      131440,
      131441,
      131442,
      131443,
      131444,
      131445,
      131446,
      131447,
      131448,
      131449
    ],
    "lengths": [
      1000,
      1000,
      1000,
      904,
      1000,
      827,
      1000,
      1000,
      554,
      1000,
      1000,
      1000,
      1000,
      1000,
      1000,
      1000,
      1000,
      1000,
      1000,
      1000,
      1000,
      1000,
      1000,
      1000,
      1000,
      1000,
      1000,
      1000,
      1000,
      1000,
      1000,
      1000,
      1000,
      1000,
      1000,
      1000,
      1000,
      1000,
      1000,
      1000,
      1000,
      1000,
      1000,
      1000,
      1000,
      1000,
      1000,
      1000,
      1000,
      1000
    ],
    "normalized_score_mean": 77.32969378173044,
    "normalized_score_std": 5.397771383162992,
    "return_mean": 3551.580828640327,
    "return_std": 247.79392510134065,
    "returns": [
      3493.0599708320665,
      3604.079202066342,
      3701.713601277687,
      3276.0293335451574,
      3646.508599344406,
      2950.7405291994614,
      3630.1344925580966,
      3548.955736138152,
      2057.0108836856434,
      3569.520695612483,
      3494.6676845744437,
      3602.4623093962023,
      3608.8027141180137,
      3649.5384281229976,
      3538.819067851577,
      3513.585727418244,
      3610.568824490753,
      3546.2744580586113,
      3669.7851087820623,
      3633.9548172728028,
      3582.5580842444806,
      3562.268259532803,
      3623.8419183545275,
      3737.2017404510448,
      3710.89639002728,
      3419.2938267621225,
      3557.877491504147,
      3587.3036341225934,
      3544.83728443923,
      3527.2388081280296,
      3693.597309180413,
      3587.0076683460334,
      3625.7660015870365,
      3620.122019964437,
      3602.0685686264064,
      3654.976516060005,
      3742.9734986865233,
      3602.3900383089967,
      3506.3745596787285,
      3583.6403444229586,
      3655.848384914591,
      3541.655025030845,
      3718.0648797286085,
      3435.360424809336,
      3652.791696651167,
      3536.0018837233297,
      3731.2246153379865,
      3538.821362342458,
      3597.6508153620284,
      3753.176197343017
    ],
    "transformed_command_at_bound_fraction": 0.27877988569882656
  },
  "command_scale": 1.0,
  "command_transform": "uniform_mean_inverse",
  "command_transform_beta": 1.25,
  "environment": "Walker2d-v4",
  "implementation": {
    "evaluate_td3bc_sha256": "770a690f06ee30ba84213fc35948e9f6f8a242a9976288d32d6a3845d3a4df26",
    "evaluation_controls_sha256": "24318269a6696fd22c8112b2d96913bdceb830d83de9df31ca234e1505f1aec9",
    "train_td3bc_sha256": "28094abb38441633f3e52386a9d3ac0747b9df8a4f2bd03403bf46d1d5234737"
  },
  "implementation_sha256": "770a690f06ee30ba84213fc35948e9f6f8a242a9976288d32d6a3845d3a4df26",
  "persistent_action_noise": {
    "action_clip_fraction": 0.3885632408492901,
    "action_noise_beta": 1.25,
    "action_noise_distribution": "iid_uniform_minus_beta_plus_beta_per_step",
    "action_noise_seeds": [
      231400,
      231401,
      231402,
      231403,
      231404,
      231405,
      231406,
      231407,
      231408,
      231409,
      231410,
      231411,
      231412,
      231413,
      231414,
      231415,
      231416,
      231417,
      231418,
      231419,
      231420,
      231421,
      231422,
      231423,
      231424,
      231425,
      231426,
      231427,
      231428,
      231429,
      231430,
      231431,
      231432,
      231433,
      231434,
      231435,
      231436,
      231437,
      231438,
      231439,
      231440,
      231441,
      231442,
      231443,
      231444,
      231445,
      231446,
      231447,
      231448,
      231449
    ],
    "command_saturation_definition": "fraction_of_scaled_command_values_strictly_outside_environment_bounds_before_clip",
    "command_saturation_fraction": 0.0,
    "command_scale": 1.0,
    "command_transform": "uniform_mean_inverse",
    "command_transform_beta": 1.25,
    "command_transform_saturation_definition": "fraction_of_desired_mean_action_values_outside_the_uniform_clipped_channel_mean_range_achievable_by_bounded_commands",
    "command_transform_saturation_fraction": 0.3690801838515789,
    "environment_seeds": [
      131400,
      131401,
      131402,
      131403,
      131404,
      131405,
      131406,
      131407,
      131408,
      131409,
      131410,
      131411,
      131412,
      131413,
      131414,
      131415,
      131416,
      131417,
      131418,
      131419,
      131420,
      131421,
      131422,
      131423,
      131424,
      131425,
      131426,
      131427,
      131428,
      131429,
      131430,
      131431,
      131432,
      131433,
      131434,
      131435,
      131436,
      131437,
      131438,
      131439,
      131440,
      131441,
      131442,
      131443,
      131444,
      131445,
      131446,
      131447,
      131448,
      131449
    ],
    "executed_commanded_action_mse": 0.3166199489330723,
    "lengths": [
      407,
      206,
      223,
      493,
      200,
      549,
      273,
      438,
      241,
      192,
      243,
      161,
      210,
      510,
      345,
      325,
      534,
      130,
      487,
      181,
      406,
      497,
      192,
      410,
      241,
      245,
      275,
      275,
      981,
      313,
      301,
      142,
      443,
      231,
      376,
      236,
      251,
      494,
      245,
      817,
      380,
      628,
      725,
      167,
      271,
      164,
      1000,
      334,
      197,
      328
    ],
    "normalized_score_mean": 23.856253367691725,
    "normalized_score_std": 15.879253873125984,
    "return_mean": 1096.7911111286471,
    "return_std": 728.964301299631,
    "returns": [
      1278.7940644133546,
      533.3503980489132,
      559.6335648731364,
      1538.2139407072816,
      547.2326380004174,
      1814.9628503759975,
      745.1817232372051,
      1405.539576347623,
      687.9292478638932,
      519.7219140207334,
      681.8972672061655,
      399.5909007140365,
      452.3038127787815,
      1714.6865291492868,
      1028.664065117437,
      1028.0643534400033,
      1763.6687725301597,
      283.2341850956107,
      1524.764438968151,
      438.37939236679307,
      1371.3653687609788,
      1633.63691683722,
      483.68414245674944,
      1279.5573851287777,
      696.4675958099351,
      622.1807550912831,
      821.7051996548365,
      800.6827271112371,
      3441.1985738880953,
      899.9516929584064,
      814.1182845815279,
      355.2877113393358,
      1346.500841665628,
      629.3357084882773,
      1231.8177465511308,
      698.9411088461546,
      745.5916595205493,
      1522.635875054929,
      684.1421006426846,
      2882.9268790939577,
      1120.0482663066184,
      2078.7002393492853,
      2463.9774240323236,
      398.3406770205669,
      696.9202940998393,
      358.3870796721906,
      3336.6821556569494,
      1012.9670219940824,
      525.9633520701675,
      940.0271374936552
    ],
    "transformed_command_at_bound_fraction": 0.3690801838515789
  },
  "status": "complete",
  "wall_time_seconds": 177.14477765199263
}
