{
  "arms": {
    "adapted": {
      "action_noise_beta": 1.25,
      "action_noise_seeds": [
        231400,
        231401,
        231402,
        231403,
        231404,
        231405,
        231406,
        231407,
        231408,
        231409,
        231410,
        231411,
        231412,
        231413,
        231414,
        231415,
        231416,
        231417,
        231418,
        231419,
        231420,
        231421,
        231422,
        231423,
        231424,
        231425,
        231426,
        231427,
        231428,
        231429,
        231430,
        231431,
        231432,
        231433,
        231434,
        231435,
        231436,
        231437,
        231438,
        231439,
        231440,
        231441,
        231442,
        231443,
        231444,
        231445,
        231446,
        231447,
        231448,
        231449
      ],
      "actuator_clip_fraction": 0.3412355913917438,
      "applied_residual_abs_max": 1.1202564239501953,
      "applied_residual_abs_mean": 0.11101446905379746,
      "arm": "channel_opex",
      "command_at_bound_fraction": 0.11366002309162834,
      "environment_seeds": [
        131400,
        131401,
        131402,
        131403,
        131404,
        131405,
        131406,
        131407,
        131408,
        131409,
        131410,
        131411,
        131412,
        131413,
        131414,
        131415,
        131416,
        131417,
        131418,
        131419,
        131420,
        131421,
        131422,
        131423,
        131424,
        131425,
        131426,
        131427,
        131428,
        131429,
        131430,
        131431,
        131432,
        131433,
        131434,
        131435,
        131436,
        131437,
        131438,
        131439,
        131440,
        131441,
        131442,
        131443,
        131444,
        131445,
        131446,
        131447,
        131448,
        131449
      ],
      "executed_commanded_action_mse": 0.339584144099538,
      "gradient_abs_max": 8.333672523498535,
      "gradient_l2_mean": 2.189971805129051,
      "gradient_noise_draw_calls": 0,
      "gradient_noise_sampling_frequency": "none_beta_zero_or_baseline_arm",
      "gradient_noise_seeds": [
        331400,
        331401,
        331402,
        331403,
        331404,
        331405,
        331406,
        331407,
        331408,
        331409,
        331410,
        331411,
        331412,
        331413,
        331414,
        331415,
        331416,
        331417,
        331418,
        331419,
        331420,
        331421,
        331422,
        331423,
        331424,
        331425,
        331426,
        331427,
        331428,
        331429,
        331430,
        331431,
        331432,
        331433,
        331434,
        331435,
        331436,
        331437,
        331438,
        331439,
        331440,
        331441,
        331442,
        331443,
        331444,
        331445,
        331446,
        331447,
        331448,
        331449
      ],
      "gradient_noise_stream_used": false,
      "inverse_saturation_fraction": 0.0,
      "lengths": [
        361,
        318,
        661,
        754,
        224,
        608,
        410,
        372,
        242,
        216,
        178,
        156,
        184,
        172,
        303,
        211,
        621,
        714,
        130,
        182,
        426,
        172,
        189,
        191,
        291,
        296,
        266,
        633,
        737,
        181,
        255,
        227,
        1000,
        626,
        143,
        592,
        378,
        197,
        165,
        265,
        558,
        559,
        327,
        215,
        244,
        212,
        187,
        272,
        178,
        612
      ],
      "normalized_score_mean": 22.70639071558552,
      "normalized_score_std": 14.571161558435298,
      "proposed_residual_abs_mean": 0.11101446905379746,
      "q1_expected_before_update_mean": 74.52358140293695,
      "q1_gradient_calls": 35222,
      "q1_rows_by_episode": [
        5776,
        5088,
        10576,
        12064,
        3584,
        9728,
        6560,
        5952,
        3872,
        3456,
        2848,
        2496,
        2944,
        2752,
        4848,
        3376,
        9936,
        11424,
        2080,
        2912,
        6816,
        2752,
        3024,
        3056,
        4656,
        4736,
        4256,
        10128,
        11792,
        2896,
        4080,
        3632,
        16000,
        10016,
        2288,
        9472,
        6048,
        3152,
        2640,
        4240,
        8928,
        8944,
        5232,
        3440,
        3904,
        3392,
        2992,
        4352,
        2848,
        9792
      ],
      "q1_rows_per_action": 16,
      "q1_rows_total": 281776,
      "raw_residual_abs_max": 0.8333672881126404,
      "return_mean": 1044.0046999105657,
      "return_std": 668.9140868605443,
      "returns": [
        1095.617905159579,
        902.7806246726826,
        1991.2722442685927,
        2211.1193612852817,
        676.2225312218325,
        1858.6563426469393,
        1092.8045952287557,
        1100.10758722421,
        735.5010098719613,
        584.6214594958642,
        431.36415206565664,
        383.53781168823616,
        495.47634632794677,
        453.64155478383157,
        918.6386798984801,
        560.5910155416271,
        1950.0264238287714,
        2310.4275102335096,
        293.3652600304455,
        422.39632541552345,
        1420.5464246929278,
        447.6484609907547,
        526.1162189346236,
        521.2944128787391,
        892.2677788678599,
        795.6323988041594,
        741.4308045006363,
        2014.7756891147003,
        2213.4433002797423,
        515.5957099300881,
        738.2530475073784,
        628.4815318095027,
        3043.151555916559,
        2155.5491703349703,
        335.3865471819996,
        1887.8709716176963,
        1097.9211938232218,
        527.7379765378496,
        411.66371512396495,
        773.9487769539028,
        1789.9254122803295,
        1630.428284061275,
        917.7263101002738,
        629.5006934104608,
        831.6141256033802,
        563.4759474145941,
        536.3424118720391,
        810.7308332638275,
        485.1798564835947,
        1848.426694347509
      ],
      "trust_region_clipped_fraction": 0.08850055836314424,
      "wall_time_seconds": 97.32661488396116
    },
    "baseline_only": {
      "action_noise_beta": 1.25,
      "action_noise_seeds": [
        231400,
        231401,
        231402,
        231403,
        231404,
        231405,
        231406,
        231407,
        231408,
        231409,
        231410,
        231411,
        231412,
        231413,
        231414,
        231415,
        231416,
        231417,
        231418,
        231419,
        231420,
        231421,
        231422,
        231423,
        231424,
        231425,
        231426,
        231427,
        231428,
        231429,
        231430,
        231431,
        231432,
        231433,
        231434,
        231435,
        231436,
        231437,
        231438,
        231439,
        231440,
        231441,
        231442,
        231443,
        231444,
        231445,
        231446,
        231447,
        231448,
        231449
      ],
      "actuator_clip_fraction": 0.3220508426163953,
      "applied_residual_abs_max": 0.0,
      "applied_residual_abs_mean": 0.0,
      "arm": "identity_anchor_baseline",
      "command_at_bound_fraction": 1.4281633818908883e-05,
      "environment_seeds": [
        131400,
        131401,
        131402,
        131403,
        131404,
        131405,
        131406,
        131407,
        131408,
        131409,
        131410,
        131411,
        131412,
        131413,
        131414,
        131415,
        131416,
        131417,
        131418,
        131419,
        131420,
        131421,
        131422,
        131423,
        131424,
        131425,
        131426,
        131427,
        131428,
        131429,
        131430,
        131431,
        131432,
        131433,
        131434,
        131435,
        131436,
        131437,
        131438,
        131439,
        131440,
        131441,
        131442,
        131443,
        131444,
        131445,
        131446,
        131447,
        131448,
        131449
      ],
      "executed_commanded_action_mse": 0.3458801567507042,
      "gradient_abs_max": null,
      "gradient_l2_mean": null,
      "gradient_noise_draw_calls": 0,
      "gradient_noise_sampling_frequency": "none_beta_zero_or_baseline_arm",
      "gradient_noise_seeds": [
        331400,
        331401,
        331402,
        331403,
        331404,
        331405,
        331406,
        331407,
        331408,
        331409,
        331410,
        331411,
        331412,
        331413,
        331414,
        331415,
        331416,
        331417,
        331418,
        331419,
        331420,
        331421,
        331422,
        331423,
        331424,
        331425,
        331426,
        331427,
        331428,
        331429,
        331430,
        331431,
        331432,
        331433,
        331434,
        331435,
        331436,
        331437,
        331438,
        331439,
        331440,
        331441,
        331442,
        331443,
        331444,
        331445,
        331446,
        331447,
        331448,
        331449
      ],
      "gradient_noise_stream_used": false,
      "inverse_saturation_fraction": 0.0,
      "lengths": [
        192,
        258,
        213,
        9,
        295,
        223,
        192,
        301,
        244,
        277,
        160,
        221,
        174,
        193,
        232,
        179,
        186,
        177,
        422,
        145,
        228,
        139,
        253,
        362,
        167,
        261,
        336,
        150,
        321,
        180,
        248,
        474,
        343,
        167,
        176,
        193,
        155,
        389,
        178,
        179,
        361,
        154,
        246,
        147,
        186,
        160,
        264,
        439,
        190,
        331
      ],
      "normalized_score_mean": 13.4473927076161,
      "normalized_score_std": 6.958113558890275,
      "proposed_residual_abs_mean": 0.0,
      "q1_expected_before_update_mean": null,
      "q1_gradient_calls": 0,
      "q1_rows_by_episode": [
        0,
        0,
        0,
        0,
        0,
        0,
        0,
        0,
        0,
        0,
        0,
        0,
        0,
        0,
        0,
        0,
        0,
        0,
        0,
        0,
        0,
        0,
        0,
        0,
        0,
        0,
        0,
        0,
        0,
        0,
        0,
        0,
        0,
        0,
        0,
        0,
        0,
        0,
        0,
        0,
        0,
        0,
        0,
        0,
        0,
        0,
        0,
        0,
        0,
        0
      ],
      "q1_rows_per_action": 0,
      "q1_rows_total": 0,
      "raw_residual_abs_max": null,
      "return_mean": 618.9545642088557,
      "return_std": 319.42410073839477,
      "returns": [
        447.2064088545906,
        717.5714627395222,
        379.02370436065604,
        -2.2234630635790147,
        925.6413754480017,
        621.570007044436,
        504.1369639400804,
        775.0450825896726,
        627.3010200842027,
        809.1701150090145,
        352.2915147767973,
        600.1847118342598,
        444.86115264565916,
        480.8165599233627,
        563.7927899250857,
        441.43373596433844,
        466.1855607058024,
        387.5295959631268,
        1107.5346726427874,
        312.70958835159735,
        629.5664292310644,
        297.5543238636125,
        630.4733473807149,
        1143.7248121146101,
        333.00725025931206,
        656.5960101499522,
        1036.9453450970102,
        345.05781981612483,
        963.6905913012861,
        378.0884410725611,
        566.3379880134779,
        1639.1939239409808,
        1048.8579520332307,
        355.40498020153916,
        493.3308076993564,
        559.4546754278122,
        367.1354609000619,
        1161.7812875976174,
        380.49221969968255,
        426.1479445725096,
        1097.762079337482,
        332.62207060773636,
        503.7307964889145,
        351.6601318463994,
        418.1465412997391,
        332.669120136123,
        692.0330858005383,
        1356.9715018783565,
        489.98978941850316,
        997.5189235170634
      ],
      "trust_region_clipped_fraction": 0.0,
      "wall_time_seconds": 8.435533092997503
    }
  },
  "base_checkpoint": {
    "format": null,
    "path": "/root/hubl_research_20260914/results/scaleup/walker_seed3/base/latest.pt",
    "sha256": "d788b745c3a2bfb53409f31e1da1061e09c0ea62e42dd658d055f0789e0168ae",
    "step": 25000
  },
  "calibration": {
    "beta": 0.0,
    "calibration_path": null,
    "calibration_sha256": null,
    "pair_count": null,
    "source": "cli_known_beta_without_pair_calibration"
  },
  "channel": {
    "beta_mismatch": true,
    "environment_rollout_beta": 1.25,
    "gradient_model": "iid_uniform_additive_then_clip",
    "model_or_calibration_beta": 0.0
  },
  "controller": {
    "K": 8,
    "actor_parameter_updates": 0,
    "baseline_transform": "identity",
    "calibration_mode": "cli_known_beta_without_pair_calibration",
    "critic": "frozen_q1",
    "critic_parameter_updates": 0,
    "delta_max": 2.0,
    "execution_noise_samples": 8,
    "gradient_noise_seed": 331400,
    "gradient_objective": "q1_of_action_bounded_command_with_deterministic_zero_channel_noise",
    "gradient_steps": 2,
    "gradient_steps_per_action": 2,
    "model_beta": 0.0,
    "q_reducer": "mean_q1",
    "step_size": 0.1
  },
  "cost": {
    "adapted_backward_calls": 35222,
    "adapted_q1_rows_per_environment_step": 16,
    "adapted_q1_rows_total": 281776,
    "base_actor_rows": 17611,
    "baseline_base_actor_rows": 11670,
    "baseline_environment_steps": 11670,
    "baseline_q1_rows_total": 0,
    "baseline_wall_time_seconds": 8.435533092997503,
    "cost_scope": "adapted_arm_deployment_controller_only",
    "environment_steps": 17611,
    "paired_evaluation_environment_steps": 29281,
    "paired_evaluation_wall_time_seconds": 106.6356730760308,
    "q1_backward_calls": 35222,
    "q1_backward_rows": 281776,
    "q1_forward_rows": 281776,
    "wall_time_seconds": 97.32661488396116
  },
  "environment": "Walker2d-v4",
  "evaluation_protocol": {
    "action_noise_seed_start": 231400,
    "actuator_noise_rng_namespace": "numpy_generator_per_episode",
    "environment": "Walker2d-v4",
    "environment_rng_namespace": "gymnasium_env_reset",
    "environment_seed_start": 131400,
    "episode_count_per_arm": 50,
    "episode_local_gradient_streams_prevent_cross_episode_call_order_coupling": true,
    "gradient_noise_antithetic": false,
    "gradient_noise_rng_namespace": "none_beta_zero_deterministic_objective",
    "gradient_noise_sampling_frequency": "none_beta_zero",
    "gradient_noise_seed_start": 331400,
    "paired_environment_and_action_noise_seeds": true,
    "selection_rule": "all requested episodes retained"
  },
  "implementation": {
    "evaluate_sha256": "cf659f47fddd8f848c84f5f114be1fcb9081a55470fe59e8c073d4f84af0bff1",
    "evaluation_controls_sha256": "24318269a6696fd22c8112b2d96913bdceb830d83de9df31ca234e1505f1aec9",
    "inverse_residual_core_sha256": "5700efa8bbefac91c991a76878c3b78c5b3e84aea83568987f7a7e8919e50041",
    "td3bc_core_sha256": "e27cec131b533dd542e77ba9de2de492db4890c6fb9723796f59a02002d1f052",
    "train_inverse_residual_adapter_sha256": "fb065682c78e6c058d1165fa68f680fb682d235ec8c9c3abe70b8098177ee0e4",
    "train_td3bc_sha256": "28094abb38441633f3e52386a9d3ac0747b9df8a4f2bd03403bf46d1d5234737"
  },
  "method_id": "channel_aware_opex_identity_anchor",
  "method_scope": "stronger channel-aware extension of OPEX; not an unchanged reproduction of the original paper",
  "normalization": {
    "reference_max_score": 4592.3,
    "reference_min_score": 1.629008
  },
  "opex_reference": {
    "original_single_step_rule": "a <- a + step_size * grad_a Q(s, a)",
    "paper": "Is Value Learning Really the Main Bottleneck in Offline RL?",
    "url": "https://proceedings.neurips.cc/paper_files/paper/2024/hash/8ffb4e3118280a66b192b6f06e0e2596-Abstract-Conference.html",
    "venue": "NeurIPS 2024"
  },
  "paired": {
    "adapted_minus_baseline_returns": [
      648.4114963049885,
      185.20916193316043,
      1612.2485399079367,
      2213.3428243488606,
      -249.4188442261692,
      1237.0863356025034,
      588.6676312886752,
      325.0625046345374,
      108.19998978775857,
      -224.54865551315027,
      79.07263728885931,
      -216.64690014602365,
      50.61519368228761,
      -27.17500513953115,
      354.8458899733944,
      119.1572795772887,
      1483.840863122969,
      1922.897914270383,
      -814.169412612342,
      109.6867370639261,
      790.9799954618634,
      150.09413712714218,
      -104.35712844609134,
      -622.430399235871,
      559.2605286085478,
      139.03638865420714,
      -295.5145405963739,
      1669.7178692985754,
      1249.7527089784562,
      137.50726885752698,
      171.91505949390046,
      -1010.712392131478,
      1994.2936038833284,
      1800.144190133431,
      -157.94426051735678,
      1328.4162961898842,
      730.7857329231599,
      -634.0433110597678,
      31.171495424282398,
      347.8008323813932,
      692.1633329428475,
      1297.8062134535387,
      413.99551361135934,
      277.84056156406143,
      413.4675843036411,
      230.80682727847108,
      -155.69067392849922,
      -546.240668614529,
      -4.809932934908488,
      850.9077708304457
    ],
    "episode_count": 50,
    "positive_episode_count": 36,
    "return_difference_mean": 425.05013570171,
    "return_difference_std": 754.0735430763026
  },
  "raw_schema": "channel_opex_v1",
  "status": "complete",
  "wall_time_seconds": 106.6356730760308
}
