{
  "arms": {
    "adapted": {
      "action_noise_beta": 1.25,
      "action_noise_seeds": [
        231400,
        231401,
        231402,
        231403,
        231404,
        231405,
        231406,
        231407,
        231408,
        231409,
        231410,
        231411,
        231412,
        231413,
        231414,
        231415,
        231416,
        231417,
        231418,
        231419,
        231420,
        231421,
        231422,
        231423,
        231424,
        231425,
        231426,
        231427,
        231428,
        231429,
        231430,
        231431,
        231432,
        231433,
        231434,
        231435,
        231436,
        231437,
        231438,
        231439,
        231440,
        231441,
        231442,
        231443,
        231444,
        231445,
        231446,
        231447,
        231448,
        231449
      ],
      "actuator_clip_fraction": 0.3381039615296542,
      "applied_residual_abs_max": 0.5879678130149841,
      "applied_residual_abs_mean": 0.06239878464846974,
      "arm": "channel_opex",
      "command_at_bound_fraction": 0.06794328677200213,
      "environment_seeds": [
        131400,
        131401,
        131402,
        131403,
        131404,
        131405,
        131406,
        131407,
        131408,
        131409,
        131410,
        131411,
        131412,
        131413,
        131414,
        131415,
        131416,
        131417,
        131418,
        131419,
        131420,
        131421,
        131422,
        131423,
        131424,
        131425,
        131426,
        131427,
        131428,
        131429,
        131430,
        131431,
        131432,
        131433,
        131434,
        131435,
        131436,
        131437,
        131438,
        131439,
        131440,
        131441,
        131442,
        131443,
        131444,
        131445,
        131446,
        131447,
        131448,
        131449
      ],
      "executed_commanded_action_mse": 0.33864900127731606,
      "gradient_abs_max": 8.828465461730957,
      "gradient_l2_mean": 2.3406475357948464,
      "gradient_noise_draw_calls": 0,
      "gradient_noise_sampling_frequency": "none_beta_zero_or_baseline_arm",
      "gradient_noise_seeds": [
        331400,
        331401,
        331402,
        331403,
        331404,
        331405,
        331406,
        331407,
        331408,
        331409,
        331410,
        331411,
        331412,
        331413,
        331414,
        331415,
        331416,
        331417,
        331418,
        331419,
        331420,
        331421,
        331422,
        331423,
        331424,
        331425,
        331426,
        331427,
        331428,
        331429,
        331430,
        331431,
        331432,
        331433,
        331434,
        331435,
        331436,
        331437,
        331438,
        331439,
        331440,
        331441,
        331442,
        331443,
        331444,
        331445,
        331446,
        331447,
        331448,
        331449
      ],
      "gradient_noise_stream_used": false,
      "inverse_saturation_fraction": 0.0,
      "lengths": [
        409,
        918,
        722,
        10,
        198,
        442,
        316,
        455,
        275,
        344,
        197,
        190,
        204,
        134,
        437,
        239,
        199,
        208,
        498,
        337,
        245,
        164,
        423,
        320,
        631,
        271,
        185,
        884,
        735,
        197,
        244,
        255,
        823,
        152,
        271,
        210,
        216,
        224,
        694,
        271,
        387,
        395,
        539,
        208,
        527,
        172,
        127,
        323,
        232,
        411
      ],
      "normalized_score_mean": 22.912286356938335,
      "normalized_score_std": 15.002450464729339,
      "proposed_residual_abs_mean": 0.06239878464846974,
      "q1_expected_before_update_mean": 73.24323916411868,
      "q1_gradient_calls": 17468,
      "q1_rows_by_episode": [
        409,
        918,
        722,
        10,
        198,
        442,
        316,
        455,
        275,
        344,
        197,
        190,
        204,
        134,
        437,
        239,
        199,
        208,
        498,
        337,
        245,
        164,
        423,
        320,
        631,
        271,
        185,
        884,
        735,
        197,
        244,
        255,
        823,
        152,
        271,
        210,
        216,
        224,
        694,
        271,
        387,
        395,
        539,
        208,
        527,
        172,
        127,
        323,
        232,
        411
      ],
      "q1_rows_per_action": 1,
      "q1_rows_total": 17468,
      "raw_residual_abs_max": 0.8828465342521667,
      "return_mean": 1053.4566913919416,
      "return_std": 688.7131415734991,
      "returns": [
        1266.5862896825129,
        2988.2067930075896,
        2198.751423027914,
        -1.6613263715981488,
        551.510522880924,
        1454.8158787731456,
        920.2990162335324,
        1387.1103108073867,
        792.599544767472,
        1133.9876545381976,
        503.4254310061671,
        488.4472759635384,
        583.0465120471263,
        275.8682000388039,
        1509.5859674458277,
        640.5268419389715,
        565.8048218406971,
        572.5908317129815,
        1562.698171439003,
        977.7933607095779,
        683.6844901245083,
        432.6303660599975,
        1418.5328719644451,
        1021.652733018439,
        1858.5180653373407,
        737.6576936832291,
        446.7690811482965,
        2913.566110533007,
        2345.871595949643,
        517.8035404286445,
        636.5889807522817,
        772.8770895836769,
        2577.9379779126857,
        373.4670749444529,
        857.4043958727201,
        599.5317110652734,
        603.0007862176105,
        621.2988370077757,
        2103.898957837479,
        789.5223453120958,
        1227.0261023299947,
        1263.2945651406112,
        1663.7132358518543,
        597.0801497095138,
        1735.4956321129825,
        396.05193040939935,
        289.26806001505713,
        942.1318274790401,
        698.2666260870099,
        1176.2982142182532
      ],
      "trust_region_clipped_fraction": 0.06794328677200213,
      "wall_time_seconds": 63.60946412902558
    },
    "baseline_only": {
      "action_noise_beta": 1.25,
      "action_noise_seeds": [
        231400,
        231401,
        231402,
        231403,
        231404,
        231405,
        231406,
        231407,
        231408,
        231409,
        231410,
        231411,
        231412,
        231413,
        231414,
        231415,
        231416,
        231417,
        231418,
        231419,
        231420,
        231421,
        231422,
        231423,
        231424,
        231425,
        231426,
        231427,
        231428,
        231429,
        231430,
        231431,
        231432,
        231433,
        231434,
        231435,
        231436,
        231437,
        231438,
        231439,
        231440,
        231441,
        231442,
        231443,
        231444,
        231445,
        231446,
        231447,
        231448,
        231449
      ],
      "actuator_clip_fraction": 0.3220508426163953,
      "applied_residual_abs_max": 0.0,
      "applied_residual_abs_mean": 0.0,
      "arm": "identity_anchor_baseline",
      "command_at_bound_fraction": 1.4281633818908883e-05,
      "environment_seeds": [
        131400,
        131401,
        131402,
        131403,
        131404,
        131405,
        131406,
        131407,
        131408,
        131409,
        131410,
        131411,
        131412,
        131413,
        131414,
        131415,
        131416,
        131417,
        131418,
        131419,
        131420,
        131421,
        131422,
        131423,
        131424,
        131425,
        131426,
        131427,
        131428,
        131429,
        131430,
        131431,
        131432,
        131433,
        131434,
        131435,
        131436,
        131437,
        131438,
        131439,
        131440,
        131441,
        131442,
        131443,
        131444,
        131445,
        131446,
        131447,
        131448,
        131449
      ],
      "executed_commanded_action_mse": 0.3458801567507042,
      "gradient_abs_max": null,
      "gradient_l2_mean": null,
      "gradient_noise_draw_calls": 0,
      "gradient_noise_sampling_frequency": "none_beta_zero_or_baseline_arm",
      "gradient_noise_seeds": [
        331400,
        331401,
        331402,
        331403,
        331404,
        331405,
        331406,
        331407,
        331408,
        331409,
        331410,
        331411,
        331412,
        331413,
        331414,
        331415,
        331416,
        331417,
        331418,
        331419,
        331420,
        331421,
        331422,
        331423,
        331424,
        331425,
        331426,
        331427,
        331428,
        331429,
        331430,
        331431,
        331432,
        331433,
        331434,
        331435,
        331436,
        331437,
        331438,
        331439,
        331440,
        331441,
        331442,
        331443,
        331444,
        331445,
        331446,
        331447,
        331448,
        331449
      ],
      "gradient_noise_stream_used": false,
      "inverse_saturation_fraction": 0.0,
      "lengths": [
        192,
        258,
        213,
        9,
        295,
        223,
        192,
        301,
        244,
        277,
        160,
        221,
        174,
        193,
        232,
        179,
        186,
        177,
        422,
        145,
        228,
        139,
        253,
        362,
        167,
        261,
        336,
        150,
        321,
        180,
        248,
        474,
        343,
        167,
        176,
        193,
        155,
        389,
        178,
        179,
        361,
        154,
        246,
        147,
        186,
        160,
        264,
        439,
        190,
        331
      ],
      "normalized_score_mean": 13.4473927076161,
      "normalized_score_std": 6.958113558890275,
      "proposed_residual_abs_mean": 0.0,
      "q1_expected_before_update_mean": null,
      "q1_gradient_calls": 0,
      "q1_rows_by_episode": [
        0,
        0,
        0,
        0,
        0,
        0,
        0,
        0,
        0,
        0,
        0,
        0,
        0,
        0,
        0,
        0,
        0,
        0,
        0,
        0,
        0,
        0,
        0,
        0,
        0,
        0,
        0,
        0,
        0,
        0,
        0,
        0,
        0,
        0,
        0,
        0,
        0,
        0,
        0,
        0,
        0,
        0,
        0,
        0,
        0,
        0,
        0,
        0,
        0,
        0
      ],
      "q1_rows_per_action": 0,
      "q1_rows_total": 0,
      "raw_residual_abs_max": null,
      "return_mean": 618.9545642088557,
      "return_std": 319.42410073839477,
      "returns": [
        447.2064088545906,
        717.5714627395222,
        379.02370436065604,
        -2.2234630635790147,
        925.6413754480017,
        621.570007044436,
        504.1369639400804,
        775.0450825896726,
        627.3010200842027,
        809.1701150090145,
        352.2915147767973,
        600.1847118342598,
        444.86115264565916,
        480.8165599233627,
        563.7927899250857,
        441.43373596433844,
        466.1855607058024,
        387.5295959631268,
        1107.5346726427874,
        312.70958835159735,
        629.5664292310644,
        297.5543238636125,
        630.4733473807149,
        1143.7248121146101,
        333.00725025931206,
        656.5960101499522,
        1036.9453450970102,
        345.05781981612483,
        963.6905913012861,
        378.0884410725611,
        566.3379880134779,
        1639.1939239409808,
        1048.8579520332307,
        355.40498020153916,
        493.3308076993564,
        559.4546754278122,
        367.1354609000619,
        1161.7812875976174,
        380.49221969968255,
        426.1479445725096,
        1097.762079337482,
        332.62207060773636,
        503.7307964889145,
        351.6601318463994,
        418.1465412997391,
        332.669120136123,
        692.0330858005383,
        1356.9715018783565,
        489.98978941850316,
        997.5189235170634
      ],
      "trust_region_clipped_fraction": 0.0,
      "wall_time_seconds": 8.443370720022358
    }
  },
  "base_checkpoint": {
    "format": null,
    "path": "/root/hubl_research_20260914/results/scaleup/walker_seed3/base/latest.pt",
    "sha256": "d788b745c3a2bfb53409f31e1da1061e09c0ea62e42dd658d055f0789e0168ae",
    "step": 25000
  },
  "calibration": {
    "beta": 0.0,
    "calibration_path": null,
    "calibration_sha256": null,
    "pair_count": null,
    "source": "cli_known_beta_without_pair_calibration"
  },
  "channel": {
    "beta_mismatch": true,
    "environment_rollout_beta": 1.25,
    "gradient_model": "iid_uniform_additive_then_clip",
    "model_or_calibration_beta": 0.0
  },
  "controller": {
    "K": 1,
    "actor_parameter_updates": 0,
    "baseline_transform": "identity",
    "calibration_mode": "cli_known_beta_without_pair_calibration",
    "critic": "frozen_q1",
    "critic_parameter_updates": 0,
    "delta_max": 2.0,
    "execution_noise_samples": 1,
    "gradient_noise_seed": 331400,
    "gradient_objective": "q1_of_action_bounded_command_with_deterministic_zero_channel_noise",
    "gradient_steps": 1,
    "gradient_steps_per_action": 1,
    "model_beta": 0.0,
    "q_reducer": "mean_q1",
    "step_size": 0.1
  },
  "cost": {
    "adapted_backward_calls": 17468,
    "adapted_q1_rows_per_environment_step": 1,
    "adapted_q1_rows_total": 17468,
    "base_actor_rows": 17468,
    "baseline_base_actor_rows": 11670,
    "baseline_environment_steps": 11670,
    "baseline_q1_rows_total": 0,
    "baseline_wall_time_seconds": 8.443370720022358,
    "cost_scope": "adapted_arm_deployment_controller_only",
    "environment_steps": 17468,
    "paired_evaluation_environment_steps": 29138,
    "paired_evaluation_wall_time_seconds": 72.86550882499432,
    "q1_backward_calls": 17468,
    "q1_backward_rows": 17468,
    "q1_forward_rows": 17468,
    "wall_time_seconds": 63.60946412902558
  },
  "environment": "Walker2d-v4",
  "evaluation_protocol": {
    "action_noise_seed_start": 231400,
    "actuator_noise_rng_namespace": "numpy_generator_per_episode",
    "environment": "Walker2d-v4",
    "environment_rng_namespace": "gymnasium_env_reset",
    "environment_seed_start": 131400,
    "episode_count_per_arm": 50,
    "episode_local_gradient_streams_prevent_cross_episode_call_order_coupling": true,
    "gradient_noise_antithetic": false,
    "gradient_noise_rng_namespace": "none_beta_zero_deterministic_objective",
    "gradient_noise_sampling_frequency": "none_beta_zero",
    "gradient_noise_seed_start": 331400,
    "paired_environment_and_action_noise_seeds": true,
    "selection_rule": "all requested episodes retained"
  },
  "implementation": {
    "evaluate_sha256": "cf659f47fddd8f848c84f5f114be1fcb9081a55470fe59e8c073d4f84af0bff1",
    "evaluation_controls_sha256": "24318269a6696fd22c8112b2d96913bdceb830d83de9df31ca234e1505f1aec9",
    "inverse_residual_core_sha256": "5700efa8bbefac91c991a76878c3b78c5b3e84aea83568987f7a7e8919e50041",
    "td3bc_core_sha256": "e27cec131b533dd542e77ba9de2de492db4890c6fb9723796f59a02002d1f052",
    "train_inverse_residual_adapter_sha256": "fb065682c78e6c058d1165fa68f680fb682d235ec8c9c3abe70b8098177ee0e4",
    "train_td3bc_sha256": "28094abb38441633f3e52386a9d3ac0747b9df8a4f2bd03403bf46d1d5234737"
  },
  "method_id": "original_structure_opex_t1",
  "method_scope": "original single-step OPEX structure with deterministic TD3+BC actor/Q1 and action-bound projection",
  "normalization": {
    "reference_max_score": 4592.3,
    "reference_min_score": 1.629008
  },
  "opex_reference": {
    "original_single_step_rule": "a <- a + step_size * grad_a Q(s, a)",
    "paper": "Is Value Learning Really the Main Bottleneck in Offline RL?",
    "url": "https://proceedings.neurips.cc/paper_files/paper/2024/hash/8ffb4e3118280a66b192b6f06e0e2596-Abstract-Conference.html",
    "venue": "NeurIPS 2024"
  },
  "paired": {
    "adapted_minus_baseline_returns": [
      819.3798808279223,
      2270.6353302680673,
      1819.727718667258,
      0.5621366919808659,
      -374.1308525670777,
      833.2458717287096,
      416.16205229345195,
      612.0652282177141,
      165.2985246832693,
      324.81753952918314,
      151.1339162293698,
      -111.73743587072141,
      138.1853594014671,
      -204.94835988455884,
      945.793177520742,
      199.0931059746331,
      99.61926113489466,
      185.06123574985475,
      455.16349879621566,
      665.0837723579805,
      54.11806089344395,
      135.076042196385,
      788.0595245837302,
      -122.07207909617114,
      1525.5108150780286,
      81.06168353327689,
      -590.1762639487138,
      2568.508290716882,
      1382.181004648357,
      139.71509935608339,
      70.2509927388038,
      -866.3168343573038,
      1529.080025879455,
      18.062094742913757,
      364.0735881733637,
      40.07703563746122,
      235.86532531754864,
      -540.4824505898417,
      1723.4067381377963,
      363.37440073958624,
      129.26402299251276,
      930.6724945328749,
      1159.9824393629397,
      245.42001786311437,
      1317.3490908132435,
      63.382810273276334,
      -402.76502578548116,
      -414.83967439931644,
      208.2768366685067,
      178.77929070118978
    ],
    "episode_count": 50,
    "positive_episode_count": 41,
    "return_difference_mean": 434.502127183086,
    "return_difference_std": 720.002480805059
  },
  "raw_schema": "channel_opex_v1",
  "status": "complete",
  "wall_time_seconds": 72.86550882499432
}
