{
  "base_parameter_sha256_after": "722268006220148b374b0fd028d6bc9115603510d092d88269a7192e76deac92",
  "base_parameter_sha256_before": "722268006220148b374b0fd028d6bc9115603510d092d88269a7192e76deac92",
  "base_parameters_unchanged": true,
  "baseline_precomputation": {
    "action_value_count": 5399640,
    "inverse_command_at_bound_count": 1772209,
    "inverse_command_at_bound_fraction": 0.3282087324340141,
    "inverse_saturation_count": 1772209,
    "inverse_saturation_fraction": 0.3282087324340141,
    "observation_count": 899940
  },
  "baseline_transform": "inverse",
  "channel": {
    "beta": 1.2498948872089386,
    "checkpoint_contains_generator_state": true,
    "distribution": "iid_uniform_minus_beta_plus_beta_per_action_dimension",
    "draw_calls": 5000,
    "exact_training_resume_implemented": true,
    "global_torch_rng_consumed": false,
    "half_vectors_drawn": 5120000,
    "sample_count": 8,
    "scheme": "resampled_antithetic_per_state",
    "seed": 271829
  },
  "channel_calibration": {
    "action_dim": 6,
    "action_high": 1.0,
    "action_low": -1.0,
    "beta": 1.2498948872089386,
    "calibration_path": "/root/hubl_research_20260914/results/channel_calibration/beta125_n512_seed27001_calibration.json",
    "calibration_sha256": "b1769bdeb0eb99aa653ae5d98ef00e3f843e938fb62963821e0f2e348f904354",
    "commands_sha256": "61080b7a6e7e21a06c948d1bc56835146f4972f17047c379e569e8dcbe6cbd9f",
    "estimator": "censored_uniform_plus_clip_mle",
    "executed_sha256": "9674d0953af3cbfc54cef126b9dcebac96bab524b868bd591d10021c0a308710",
    "input_provenance": {
      "action_dim": 6,
      "action_high": 1.0,
      "action_low": -1.0,
      "beta": 1.25,
      "bit_generator": "PCG64",
      "channel": "iid_uniform_additive_then_clip",
      "commands_sha256": "61080b7a6e7e21a06c948d1bc56835146f4972f17047c379e569e8dcbe6cbd9f",
      "contains_state_or_transition_fields": false,
      "executed_sha256": "9674d0953af3cbfc54cef126b9dcebac96bab524b868bd591d10021c0a308710",
      "generator_script_sha256": "d12213d8b61d49bc550adb6079d5274058ab64fa194950ec1f911ee74a57e12f",
      "noise_spawn_key": [
        1
      ],
      "pair_count": 512,
      "root_seed": 27001,
      "schema": "paired_uniform_clip_channel_v1",
      "selection": "uniform_without_replacement",
      "selection_spawn_key": [
        0
      ],
      "source_command_count": 1000000,
      "source_dataset_path": "/root/hubl_backup_data/action_noise_dev/walker2d_v4_beta1_seed1201.hdf5",
      "source_dataset_sha256": "159a49faaa7786a8444369a1aef758b1a43f26eaaa56146358ace6f9c5b3882a",
      "source_hdf5_schema": "flat"
    },
    "pair_archive_path": "/root/hubl_research_20260914/results/channel_calibration/beta125_n512_seed27001.npz",
    "pair_archive_sha256": "76bc6bbcc47d2c6e2c76dc918c57700d9786edba19e18f8715a78c92e6c5132b",
    "pair_count": 512,
    "source": "censored_uniform_plus_clip_pair_calibration",
    "uncertainty_beta_interval": [
      1.2463959604501724,
      1.2498698003590107
    ]
  },
  "checkpoint": "/root/hubl_research_20260914/results/inverse_residual_confirm/inverse_p001_k8_u5k_seed1/latest.pt",
  "checkpoint_sha256": "55ee22c1fa5da2b3ee25bea84b5d00b32aa1d9763b895b4dad68edf52119e431",
  "elapsed_seconds_before_invocation": 0.0,
  "exact_training_resume_implemented": true,
  "invocation_wall_time_seconds": 48.56943184300326,
  "last_train_metrics": {
    "adapted_q_mean": 65.72748565673828,
    "applied_residual_abs_mean": 0.10265471041202545,
    "baseline_q_mean": 65.47952270507812,
    "command_at_bound_fraction": 0.2428385466337204,
    "command_saturation_fraction": 0.2428385466337204,
    "loss": -0.007230524905025959,
    "normalized_residual_l2": 0.3442217707633972,
    "normalized_value_gain": 0.010672742500901222,
    "proposed_residual_abs_max": 0.24999289214611053,
    "proposed_residual_abs_mean": 0.12390899658203125,
    "q_scale_denominator": 23.233381271362305
  },
  "optimizer_seconds": 34.60141240770463,
  "optimizer_seconds_before_invocation": 0.0,
  "optimizer_seconds_this_invocation": 34.60141240770463,
  "preprocessing_seconds_this_invocation": 9.950293631001841,
  "q1_input_rows": 20480000,
  "q1_rows_per_state_per_update": 16,
  "resume_count": 0,
  "resume_signature_sha256": "6f0b76cbf03dd2156e3d695991c283e127b645132b721e46cda83015c712d567",
  "resumed": false,
  "started_from_step": 0,
  "status": "complete",
  "target_total_updates": 5000,
  "train_seed": 1,
  "updates": 5000,
  "updates_per_optimizer_second": 144.50277176797152,
  "value_estimator": {
    "channel_mean_implementation": null,
    "channel_rng_consumed": true,
    "deterministic_channel_mean_repeated_for_equal_q1_rows": false,
    "deterministic_exact_channel_mean": false,
    "name": "sampled_expected_q1",
    "q1_rows_per_command_state": 8,
    "uses_common_random_numbers_for_adapted_and_baseline": true,
    "uses_fresh_execution_noise_samples": true
  },
  "value_scale_calibration": {
    "baseline_transform": "inverse",
    "channel_half_vectors_drawn": 16384,
    "channel_sample_calls": 1,
    "channel_seed": 376558,
    "epsilon_floor_used": false,
    "method": "frozen_std_of_declared_baseline_value_estimator_q1",
    "observation_count": 4096,
    "q0_max": 103.2632827758789,
    "q0_mean": 65.45585632324219,
    "q0_min": -6.929278373718262,
    "q0_std": 23.233381271362305,
    "q1_input_rows": 32768,
    "scale": 23.233381271362305,
    "value_estimator": {
      "channel_mean_implementation": null,
      "channel_rng_consumed": true,
      "deterministic_channel_mean_repeated_for_equal_q1_rows": false,
      "deterministic_exact_channel_mean": false,
      "name": "sampled_expected_q1",
      "q1_rows_per_command_state": 8,
      "uses_common_random_numbers_for_adapted_and_baseline": true,
      "uses_fresh_execution_noise_samples": true
    }
  },
  "wall_time_seconds": 48.56943184300326
}
