{
  "adapted": {
    "action_noise_beta": 1.25,
    "action_noise_seeds": [
      49300,
      49301,
      49302,
      49303,
      49304,
      49305,
      49306,
      49307,
      49308,
      49309,
      49310,
      49311,
      49312,
      49313,
      49314,
      49315,
      49316,
      49317,
      49318,
      49319,
      49320,
      49321,
      49322,
      49323,
      49324,
      49325,
      49326,
      49327,
      49328,
      49329,
      49330,
      49331,
      49332,
      49333,
      49334,
      49335,
      49336,
      49337,
      49338,
      49339,
      49340,
      49341,
      49342,
      49343,
      49344,
      49345,
      49346,
      49347,
      49348,
      49349
    ],
    "actuator_clip_fraction": 0.34016985138004247,
    "applied_residual_abs_mean": 0.1532619781918997,
    "command_at_bound_fraction": 0.10368365180467091,
    "environment_seeds": [
      39300,
      39301,
      39302,
      39303,
      39304,
      39305,
      39306,
      39307,
      39308,
      39309,
      39310,
      39311,
      39312,
      39313,
      39314,
      39315,
      39316,
      39317,
      39318,
      39319,
      39320,
      39321,
      39322,
      39323,
      39324,
      39325,
      39326,
      39327,
      39328,
      39329,
      39330,
      39331,
      39332,
      39333,
      39334,
      39335,
      39336,
      39337,
      39338,
      39339,
      39340,
      39341,
      39342,
      39343,
      39344,
      39345,
      39346,
      39347,
      39348,
      39349
    ],
    "executed_commanded_action_mse": 0.3407265277465806,
    "inverse_saturation_fraction": 0.0,
    "lengths": [
      268,
      358,
      383,
      431,
      176,
      750,
      314,
      396,
      383,
      494,
      166,
      523,
      182,
      223,
      401,
      134,
      310,
      298,
      151,
      821,
      746,
      193,
      210,
      138,
      200,
      332,
      241,
      223,
      188,
      162,
      420,
      207,
      260,
      230,
      232,
      211,
      160,
      936,
      157,
      202,
      307,
      648,
      212,
      142,
      344,
      301,
      284,
      130,
      200,
      322
    ],
    "normalized_score_mean": 19.019243143323568,
    "normalized_score_std": 12.669831856356467,
    "proposed_residual_abs_max": 1.0553877353668213,
    "proposed_residual_abs_mean": 0.1644417844779185,
    "return_mean": 874.739885878504,
    "return_std": 581.6302957649315,
    "returns": [
      734.7240232243419,
      1123.0678963199339,
      1103.4888813842763,
      1304.0341931685061,
      452.6701340521579,
      2222.62765406648,
      852.7369384848713,
      1053.1079936597368,
      1166.187536140822,
      1510.9958097668443,
      441.07870336654383,
      1298.1002892258764,
      382.58826515679993,
      656.4483808989864,
      1226.7636013417268,
      314.66739518403114,
      881.8649931088526,
      828.2008450353464,
      371.0975530891371,
      2619.715370913872,
      2162.1327695015784,
      435.3124988219748,
      426.84949640180264,
      322.63581733846274,
      504.36116012444785,
      839.6745038248396,
      638.5089231934775,
      636.0242577047593,
      529.009367761339,
      415.7106518183603,
      1260.6903558866995,
      547.550240462194,
      659.9081586421923,
      587.7131101135315,
      675.4074943084876,
      624.925151788872,
      357.83802570486483,
      2751.6795942448834,
      389.5665858186189,
      447.62837557399837,
      947.3924142206032,
      1944.8500580289085,
      494.8026401983078,
      322.186609166932,
      953.4415576146174,
      811.2779179420315,
      835.432174818025,
      327.15201060335,
      501.2353274255313,
      841.9305872823651
    ],
    "use_residual": true
  },
  "adapter_checkpoint": "/root/hubl_research_20260914/results/inverse_residual_confirm/identity_wide_p064_d2_k8_u5k_seed1/latest.pt",
  "adapter_checkpoint_sha256": "0bea85e51d3965760709b12df0896ffc8c037d6d7fb698ea36d502394c4515ae",
  "adapter_step": 5000,
  "base_checkpoint": "/root/hubl_research_20260914/results/inverse_residual_confirm/base_hubl_executed_25k_seed1/latest.pt",
  "base_checkpoint_sha256": "22b47965695bfa312533741abaa1e17e3cbbc091f3c5e6ba7fc8953fbc8ca6ae",
  "base_checkpoint_step": 25000,
  "base_parameter_sha256": "722268006220148b374b0fd028d6bc9115603510d092d88269a7192e76deac92",
  "baseline_only": {
    "action_noise_beta": 1.25,
    "action_noise_seeds": [
      49300,
      49301,
      49302,
      49303,
      49304,
      49305,
      49306,
      49307,
      49308,
      49309,
      49310,
      49311,
      49312,
      49313,
      49314,
      49315,
      49316,
      49317,
      49318,
      49319,
      49320,
      49321,
      49322,
      49323,
      49324,
      49325,
      49326,
      49327,
      49328,
      49329,
      49330,
      49331,
      49332,
      49333,
      49334,
      49335,
      49336,
      49337,
      49338,
      49339,
      49340,
      49341,
      49342,
      49343,
      49344,
      49345,
      49346,
      49347,
      49348,
      49349
    ],
    "actuator_clip_fraction": 0.320330861032262,
    "applied_residual_abs_mean": 0.0,
    "command_at_bound_fraction": 0.0,
    "environment_seeds": [
      39300,
      39301,
      39302,
      39303,
      39304,
      39305,
      39306,
      39307,
      39308,
      39309,
      39310,
      39311,
      39312,
      39313,
      39314,
      39315,
      39316,
      39317,
      39318,
      39319,
      39320,
      39321,
      39322,
      39323,
      39324,
      39325,
      39326,
      39327,
      39328,
      39329,
      39330,
      39331,
      39332,
      39333,
      39334,
      39335,
      39336,
      39337,
      39338,
      39339,
      39340,
      39341,
      39342,
      39343,
      39344,
      39345,
      39346,
      39347,
      39348,
      39349
    ],
    "executed_commanded_action_mse": 0.3489649286945188,
    "inverse_saturation_fraction": 0.0,
    "lengths": [
      254,
      174,
      337,
      195,
      214,
      165,
      334,
      267,
      236,
      355,
      242,
      214,
      154,
      223,
      227,
      305,
      240,
      590,
      156,
      178,
      208,
      277,
      448,
      229,
      148,
      208,
      166,
      195,
      123,
      222,
      167,
      228,
      129,
      209,
      198,
      154,
      191,
      204,
      326,
      8,
      147,
      98,
      249,
      152,
      233,
      166,
      239,
      138,
      193,
      208
    ],
    "normalized_score_mean": 12.478390245384128,
    "normalized_score_std": 6.317082003758631,
    "proposed_residual_abs_max": 0.0,
    "proposed_residual_abs_mean": 0.0,
    "return_mean": 574.4708492634069,
    "return_std": 289.99645108739986,
    "returns": [
      736.8000826447019,
      365.395304791993,
      948.416453522995,
      505.0283819089369,
      593.6855174759102,
      331.4093180356478,
      994.0435647793643,
      766.6070124058397,
      657.5939356627557,
      966.0958039089603,
      598.0342393023388,
      598.120450001331,
      287.4567349487881,
      605.0112277936679,
      525.1835618578777,
      972.0088196134208,
      613.7388503675758,
      1633.3504041790354,
      355.05032361820537,
      432.42070312478415,
      569.7938939852568,
      872.4305583389188,
      1457.6434481279757,
      610.9322978652651,
      336.1882182261651,
      531.9443695850646,
      361.83832670918576,
      448.44834807342255,
      286.6287675719034,
      509.7522083211423,
      391.2914380585048,
      651.8508109012971,
      276.0730823683748,
      591.1489221626881,
      572.8221834927016,
      380.82582028793047,
      462.06471058764885,
      498.7322724260511,
      919.5695562879267,
      -1.8853502780207594,
      350.5124527754012,
      191.28872909196377,
      620.6985115809622,
      363.45017671715976,
      677.7549743295814,
      390.09037660592617,
      712.8190267914403,
      325.02931375842314,
      473.53515589514774,
      404.8191725808013
    ],
    "use_residual": false
  },
  "baseline_transform": "identity",
  "channel": {
    "beta_mismatch": true,
    "distribution": "iid_uniform_minus_beta_plus_beta_per_step",
    "environment_rollout_beta": 1.25,
    "model_or_calibration_beta": 1.2498948872089386
  },
  "environment": "Walker2d-v4",
  "evaluation_protocol": {
    "episode_count_per_method": 50,
    "paired_environment_and_action_noise_seeds": true,
    "selection_rule": "all requested episodes retained"
  },
  "implementation": {
    "core_sha256": "5700efa8bbefac91c991a76878c3b78c5b3e84aea83568987f7a7e8919e50041",
    "evaluate_sha256": "38747e3a732362734757e6bde3715eb2ac5eb9ecd0870ccead2193670da89eed",
    "train_sha256": "fb065682c78e6c058d1165fa68f680fb682d235ec8c9c3abe70b8098177ee0e4"
  },
  "normalization": {
    "reference_max_score": 4592.3,
    "reference_min_score": 1.629008
  },
  "paired": {
    "adapted_minus_baseline_returns": [
      -2.076059420360025,
      757.6725915279409,
      155.0724278612813,
      799.0058112595692,
      -141.01538342375227,
      1891.218336030832,
      -141.30662629449296,
      286.5009812538972,
      508.59360047806626,
      544.900005857884,
      -156.955535935795,
      699.9798392245453,
      95.13153020801184,
      51.437153105318544,
      701.5800394838491,
      -657.3414244293897,
      268.1261427412768,
      -805.149559143689,
      16.04722947093171,
      2187.2946677890877,
      1592.3388755163217,
      -437.11805951694396,
      -1030.793951726173,
      -288.2964805268024,
      168.17294189828277,
      307.730134239775,
      276.6705964842917,
      187.57590963133674,
      242.38060018943565,
      -94.04155650278199,
      869.3989178281947,
      -104.30057043910313,
      383.83507627381755,
      -3.4358120491566524,
      102.58531081578599,
      244.0993315009415,
      -104.22668488278401,
      2252.9473218188323,
      -530.0029704693079,
      449.51372585201915,
      596.8799614452021,
      1753.5613289369448,
      -125.89587138265438,
      -41.263567550227776,
      275.686583285036,
      421.18754133610537,
      122.61314802658478,
      2.1226968449268497,
      27.700171530383557,
      437.1114147015638
    ],
    "episode_count": 50,
    "positive_episode_count": 34,
    "return_difference_mean": 300.2690366150972,
    "return_difference_std": 671.9433227876418
  },
  "status": "complete",
  "training_dataset": {
    "considered_observation_count": 1000000,
    "held_out_audit_observation_count": 100060,
    "path": "/root/hubl_backup_data/action_noise_dev/walker2d_v4_beta1_seed1201.hdf5",
    "sha256": "159a49faaa7786a8444369a1aef758b1a43f26eaaa56146358ace6f9c5b3882a",
    "training_observation_count": 899940
  },
  "training_observation_split": {
    "audit_episode_unit_count": 303,
    "audit_episode_units_sha256": "f7cf0ed8e11d6308bd79c2f522fdb50f7b62c6c590427f83a4ec142f7d1b130c",
    "audit_indices_sha256": "e12718e0aa418e07284c04363d65494ce211b3c0d0878a0d3af54f6c3b4019b3",
    "audit_observation_count": 100060,
    "base_critic_training_partition_controlled": false,
    "boundary_source": "terminals+timeouts",
    "considered_observation_count": 1000000,
    "episode_unit_count": 3255,
    "holdout_scope": "adapter_sgd_and_value_scale_calibration",
    "max_observations": null,
    "method": "whole_episode_permutation_to_state_count",
    "realized_audit_fraction": 0.10006,
    "requested_audit_fraction": 0.1,
    "schema": "adapter_observation_split_v1",
    "seed": 424242,
    "source_observation_count": 1000000,
    "storage_layout": "flat",
    "train_indices_sha256": "f90181e680de975cf43be71f477462513b6e9157453abb96302f9bf46adece5d",
    "train_observation_count": 899940
  },
  "wall_time_seconds": 31.602549295988865
}
