2026-09-15T04:53:46Z hopper_pipeline stage=source_size_ok status=completed
5bdf1bc4a713c82941de44633df669b36c89850b652a25985166796d25cf71a0  /root/hubl_backup_data/hopper_medium-v2.hdf5
2026-09-15T04:53:47Z hopper_pipeline stage=source_hash_recorded status=completed
2026-09-15T04:53:47Z hopper_pipeline stage=smoke_collection status=started
f1e266dd7d626e69595e3449ec322f1a5fe58bd74d79174c6cf5bb8d53bd2d05  /root/hubl_backup_data/action_noise_dev/hopper_v4_beta1_smoke10k.hdf5
2026-09-15T04:54:06Z hopper_pipeline stage=smoke_collection status=completed
2026-09-15T04:54:06Z hopper_pipeline stage=full_collection status=started
19bff1e68edef8fdd3ef8b4911a74d0c898e7b81970ca73975b6a0c9f04b9ee1  /root/hubl_backup_data/action_noise_dev/hopper_v4_beta1_seed2201.hdf5
2026-09-15T05:15:45Z hopper_pipeline stage=full_collection status=completed
2026-09-15T05:15:45Z hopper_pipeline stage=calibration_pairs status=started
{
  "action_dim": 3,
  "commands_sha256": "c9243a78dcdad148124a4aeb3a8cc372fd77c0598b5ae423270c25fe9b5b8369",
  "executed_sha256": "785b08dff21c97ec2ae224c1c67dabeebe42109a4146445d2142db3439a3fb5b",
  "output": "/root/hubl_research_20260914/results/channel_calibration/hopper_beta125_n512_seed27002.npz",
  "pair_count": 512,
  "status": "complete"
}
2026-09-15T05:15:46Z hopper_pipeline stage=calibration_pairs status=completed
2026-09-15T05:15:46Z hopper_pipeline stage=calibration_fit status=started
{
  "action_dim": 3,
  "action_high": 1.0,
  "action_low": -1.0,
  "calibration_script_sha256": "4dcf35d8425cc78ef4f5da39a69b527c060831a8238028c3e9d54858905d01f8",
  "commands_sha256": "c9243a78dcdad148124a4aeb3a8cc372fd77c0598b5ae423270c25fe9b5b8369",
  "estimate": {
    "beta_mle": 1.249945044517517,
    "boundary_tolerance": 1e-07,
    "censored_fraction": 0.3763020833333333,
    "censored_scalar_count": 578,
    "clipping_treatment": "exact boundary observations are censored atoms",
    "interior_scalar_count": 958,
    "left_censored_scalar_count": 268,
    "likelihood_reference_measure": "Lebesgue density on the open action interval plus point masses at both clipping bounds",
    "log_likelihood_at_mle": -1448.1694411874519,
    "optimum_type": "uncensored_support_endpoint",
    "right_censored_scalar_count": 310,
    "scalar_observation_count": 1536
  },
  "estimator": "censored_uniform_plus_clip_mle",
  "estimator_uses_provenance_beta": false,
  "executed_sha256": "785b08dff21c97ec2ae224c1c67dabeebe42109a4146445d2142db3439a3fb5b",
  "input_provenance": {
    "action_dim": 3,
    "action_high": 1.0,
    "action_low": -1.0,
    "beta": 1.25,
    "bit_generator": "PCG64",
    "channel": "iid_uniform_additive_then_clip",
    "commands_sha256": "c9243a78dcdad148124a4aeb3a8cc372fd77c0598b5ae423270c25fe9b5b8369",
    "contains_state_or_transition_fields": false,
    "executed_sha256": "785b08dff21c97ec2ae224c1c67dabeebe42109a4146445d2142db3439a3fb5b",
    "generator_script_sha256": "d12213d8b61d49bc550adb6079d5274058ab64fa194950ec1f911ee74a57e12f",
    "noise_spawn_key": [
      1
    ],
    "pair_count": 512,
    "root_seed": 27002,
    "schema": "paired_uniform_clip_channel_v1",
    "selection": "uniform_without_replacement",
    "selection_spawn_key": [
      0
    ],
    "source_command_count": 1000000,
    "source_dataset_path": "/root/hubl_backup_data/action_noise_dev/hopper_v4_beta1_seed2201.hdf5",
    "source_dataset_sha256": "19bff1e68edef8fdd3ef8b4911a74d0c898e7b81970ca73975b6a0c9f04b9ee1",
    "source_hdf5_schema": "flat"
  },
  "pair_archive_path": "/root/hubl_research_20260914/results/channel_calibration/hopper_beta125_n512_seed27002.npz",
  "pair_archive_sha256": "46ef6df6d2b9f197e7b7e4147ad653e247fc986a618845f290bf761c6117bfa4",
  "pair_count": 512,
  "status": "complete",
  "uncertainty": {
    "beta_estimates": [
      1.2452997267246246,
      1.2484970092773438,
      1.2498215436935425,
      1.2452119588851929,
      1.2489399909973145,
      1.2436691522598267,
      1.2466722428798676,
      1.2453988790512085,
      1.2497060298919678,
      1.2494276762008667,
      1.2434794902801514,
      1.2460622787475586,
      1.246042013168335,
      1.2478277683258057,
      1.247546672821045,
      1.2492791414260864,
      1.2487001419067383,
      1.2493458986282349,
      1.2470686435699463,
      1.249327927827835,
      1.2499083280563354,
      1.2499090433120728,
      1.247679591178894,
      1.2492307424545288,
      1.2493184804916382,
      1.2496069371700287,
      1.2451130151748657,
      1.2488633394241333,
      1.2460054159164429,
      1.2494553327560425,
      1.2480369806289673,
      1.243922472000122,
      1.2498711347579956,
      1.2447135150432587,
      1.2494733333587646,
      1.2492313385009766,
      1.2489564418792725,
      1.2497813701629639,
      1.2456442415714264,
      1.2492824792861938,
      1.2494356632232666,
      1.249272108078003,
      1.2489290237426758,
      1.2499102354049683,
      1.2475780248641968,
      1.2495115995407104,
      1.2480747699737549,
      1.249831199645996,
      1.2494221925735474,
      1.2485862076282501,
      1.2446632385253906,
      1.249151349067688,
      1.2491294145584106,
      1.248256802558899,
      1.2478296756744385,
      1.2493925094604492,
      1.2474943399429321,
      1.2489356994628906,
      1.2499345541000366,
      1.240930438041687,
      1.2463715076446533,
      1.249639868736267,
      1.2481956779956818,
      1.2480679750442505,
      1.2444961071014404,
      1.2482879161834717,
      1.2473253011703491,
      1.246368646621704,
      1.2488373517990112,
      1.2487852573394775,
      1.2484673261642456,
      1.2450968027114868,
      1.2474251985549927,
      1.2480440139770508,
      1.2472928762435913,
      1.2489812672138214,
      1.2485040426254272,
      1.2483044862747192,
      1.2489213943481445,
      1.248836874961853,
      1.2464964389801025,
      1.2485387027263641,
      1.2488409280776978,
      1.2499196529388428,
      1.2492308616638184,
      1.2487045526504517,
      1.2493306398391724,
      1.2494333982467651,
      1.249758929014206,
      1.2492163181304932,
      1.2483202517032623,
      1.2472678422927856,
      1.2499171495437622,
      1.2484500408172607,
      1.249877691268921,
      1.2464779615402222,
      1.2496857643127441,
      1.2479219436645508,
      1.2489584684371948,
      1.2483998537063599,
      1.2468764781951904,
      1.2457543909549713,
      1.2460795640945435,
      1.2498805522918701,
      1.2467780113220215,
      1.2466535568237305,
      1.249564290046692,
      1.2495393753051758,
      1.2445040941238403,
      1.2481203079223633,
      1.2435222864151,
      1.2484605312347412,
      1.2412972748279572,
      1.2496026754379272,
      1.2449464797973633,
      1.2474112510681152,
      1.2477086782455444,
      1.2452864944934845,
      1.2497506439685822,
      1.2495635449886322,
      1.2497673034667969,
      1.2493479251861572,
      1.2486778497695923,
      1.2481889724731445,
      1.2486993074417114,
      1.2495715618133545,
      1.2478057146072388,
      1.2481940984725952,
      1.249197393655777,
      1.247633695602417,
      1.2480018138885498,
      1.2489407062530518,
      1.2486026287078857,
      1.2495616674423218,
      1.2485772371292114,
      1.2455648183822632,
      1.2470704317092896,
      1.2490967512130737,
      1.2497189044952393,
      1.2481112480163574,
      1.2474156618118286,
      1.2468562424182892,
      1.2457524836063385,
      1.2490234375,
      1.249812364578247,
      1.2491353750228882,
      1.2497780323028564,
      1.2497422695159912,
      1.2497034072875977,
      1.2474786043167114,
      1.2452278137207031,
      1.2490333318710327,
      1.249891757965088,
      1.2497791051864624,
      1.249370813369751,
      1.2477087080478668,
      1.2497807741165161,
      1.2497732639312744,
      1.2480732202529907,
      1.2490936517715454,
      1.246265172958374,
      1.2483508586883545,
      1.247869610786438,
      1.2485580444335938,
      1.2432278394699097,
      1.2496163845062256,
      1.249792903661728,
      1.2490973472595215,
      1.249599814414978,
      1.2498111724853516,
      1.2494198083877563,
      1.249111533164978,
      1.2498018741607666,
      1.2472589015960693,
      1.2482733726501465,
      1.2478759288787842,
      1.2485686540603638,
      1.249648928642273,
      1.2462964057922363,
      1.2484561204910278,
      1.2475330531597137,
      1.2476502656936646,
      1.2440212965011597,
      1.247742921113968,
      1.2493289709091187,
      1.249435305595398,
      1.2494935989379883,
      1.2490313053131104,
      1.2483155727386475,
      1.2489638328552246,
      1.249179482460022,
      1.2493268251419067,
      1.2483582496643066,
      1.2486069202423096,
      1.248226523399353,
      1.2458879947662354,
      1.249848484992981,
      1.2499217092990875,
      1.249567985534668,
      1.2482023239135742,
      1.248558759689331,
      1.2493565082550049,
      1.2495371997356415,
      1.2496650218963623,
      1.2485766410827637,
      1.2460030317306519,
      1.2495530545711517,
      1.2463299334049225,
      1.2492477893829346,
      1.2497587203979492,
      1.2472333908081055,
      1.2444809675216675,
      1.2493104934692383,
      1.2485500574111938,
      1.246579647064209,
      1.24618661403656,
      1.2490512430667877,
      1.24391770362854,
      1.2466765642166138,
      1.249138206243515,
      1.2474634647369385,
      1.2490018606185913,
      1.2487945556640625,
      1.242677927017212,
      1.2484172582626343,
      1.2474806308746338,
      1.2459203004837036,
      1.2475436925888062,
      1.2490500211715698,
      1.2488745748996735,
      1.2484560906887054,
      1.2468607425689697,
      1.2453837394714355,
      1.248746633529663,
      1.2461975812911987,
      1.2488206624984741,
      1.2498620748519897,
      1.2487553358078003,
      1.2495052814483643,
      1.2469701766967773,
      1.2495182752609253,
      1.2494105100631714,
      1.247732788324356,
      1.2499150037765503,
      1.2423516511917114,
      1.2432998418807983,
      1.2450541257858276,
      1.2488423585891724,
      1.2480229139328003,
      1.2434062957763672,
      1.2496858835220337,
      1.2499443292617798,
      1.2490729093551636,
      1.2493798732757568,
      1.2490214109420776,
      1.2466988563537598,
      1.2493847608566284,
      1.2471728324890137,
      1.2490036487579346,
      1.2473235130310059,
      1.2484029531478882,
      1.2464441359043121,
      1.2474675178527832,
      1.2408959865570068,
      1.2494630813598633,
      1.2487117052078247,
      1.2473680973052979,
      1.248961716890335,
      1.2498046159744263,
      1.2475955486297607,
      1.2465760707855225,
      1.2467538118362427,
      1.24790620803833,
      1.2497849464416504,
      1.246130108833313,
      1.249835580587387,
      1.2473970651626587,
      1.2483477592468262,
      1.248376727104187,
      1.2499020099639893,
      1.2497544288635254,
      1.2494596242904663,
      1.2488571405410767,
      1.2493189573287964,
      1.2499151527881622,
      1.2457833290100098,
      1.248896598815918,
      1.2487165927886963,
      1.249094009399414,
      1.2489686012268066,
      1.249594807624817,
      1.2498341798782349,
      1.246276617050171,
      1.249453067779541,
      1.2439619302749634,
      1.249889850616455,
      1.2495051622390747,
      1.2498339414596558,
      1.2405431270599365,
      1.2495895624160767,
      1.2477985620498657,
      1.2491545677185059,
      1.2488220930099487,
      1.2475156784057617,
      1.2494316101074219,
      1.249229907989502,
      1.2467511892318726,
      1.2489407062530518,
      1.2443589270114899,
      1.2489842176437378,
      1.2475589513778687,
      1.2489415407180786,
      1.2428505420684814,
      1.2489819526672363,
      1.2375636100769043,
      1.248884916305542,
      1.2454261779785156,
      1.2469145059585571,
      1.2498775720596313,
      1.2463290989398956,
      1.2495447397232056,
      1.2499220371246338,
      1.249574065208435,
      1.2487932443618774,
      1.2474322319030762,
      1.2453289031982422,
      1.2452588081359863,
      1.2476633787155151,
      1.2492514848709106,
      1.2463706731796265,
      1.2469333708286285,
      1.2476719617843628,
      1.247254729270935,
      1.2478280067443848,
      1.2489020824432373,
      1.245309591293335,
      1.2481269836425781,
      1.2496050596237183,
      1.2495183944702148,
      1.2498034238815308,
      1.249084711074829,
      1.2483570575714111,
      1.2420767545700073,
      1.2495644092559814,
      1.2483500242233276,
      1.2493687868118286,
      1.2477302551269531,
      1.2488715648651123,
      1.2478457689285278,
      1.2478439807891846,
      1.2477158308029175,
      1.2484607696533203,
      1.2488430738449097,
      1.2487860918045044,
      1.2465884685516357,
      1.2487860918045044,
      1.248558759689331,
      1.249465823173523,
      1.2486162185668945,
      1.2467793226242065,
      1.2494118213653564,
      1.2497048377990723,
      1.249849557876587,
      1.247017741203308,
      1.2462633848190308,
      1.247460037469864,
      1.2497106790542603,
      1.2453851699829102,
      1.2442315816879272,
      1.241961121559143,
      1.247891217470169,
      1.2495731115341187,
      1.2497975826263428,
      1.2488644123077393,
      1.2493185997009277,
      1.249943733215332,
      1.2483261823654175,
      1.246045708656311,
      1.2488311529159546,
      1.2490845918655396,
      1.2477067708969116,
      1.2473398447036743,
      1.2478349208831787,
      1.2478444576263428,
      1.249658226966858,
      1.2495251893997192,
      1.248916506767273,
      1.2496166229248047,
      1.2495395243167877,
      1.248299479484558,
      1.2415341138839722,
      1.2485021352767944,
      1.2462810277938843,
      1.2443535327911377,
      1.249694585800171,
      1.2486270666122437,
      1.2450288534164429,
      1.244571566581726,
      1.2411757707595825,
      1.2487326860427856,
      1.2495096921920776,
      1.2494415044784546,
      1.2485358715057373,
      1.2487152814865112,
      1.2496358156204224,
      1.2490391731262207,
      1.2485101222991943,
      1.246196985244751,
      1.249751091003418,
      1.2488460540771484,
      1.2481270730495453,
      1.2483348846435547,
      1.2497403621673584,
      1.248732328414917,
      1.2492448091506958,
      1.2446156740188599,
      1.2484225034713745,
      1.2437381744384766,
      1.2492187023162842,
      1.2443464994430542,
      1.2461892366409302,
      1.2463946342468262,
      1.2488748133182526,
      1.248016357421875,
      1.2488332986831665,
      1.2488181591033936,
      1.245352178812027,
      1.2494449615478516,
      1.249504804611206,
      1.2482951879501343,
      1.2491437196731567,
      1.240761637687683,
      1.2475476264953613,
      1.2476573884487152,
      1.249720811843872,
      1.242751121520996,
      1.2458391189575195,
      1.2492668628692627,
      1.2482223510742188,
      1.2490572929382324,
      1.2494688034057617,
      1.24830162525177,
      1.248568058013916,
      1.249829649925232,
      1.2485284805297852,
      1.2480874061584473,
      1.243608832359314,
      1.249055027961731,
      1.2471380233764648,
      1.2494996786117554,
      1.248055100440979,
      1.2490695714950562,
      1.2482081651687622,
      1.2495205402374268,
      1.248880386352539,
      1.248469591140747,
      1.2498241662979126,
      1.248140573501587,
      1.2486521005630493,
      1.2496287524700165,
      1.246045708656311,
      1.2449382543563843,
      1.249642014503479,
      1.2484872341156006,
      1.2495012283325195,
      1.246760606765747,
      1.2488996982574463,
      1.2480623722076416,
      1.2481614351272583,
      1.2497847080230713,
      1.2492016553878784,
      1.246030330657959,
      1.2481250762939453,
      1.245004653930664,
      1.2436437606811523,
      1.2498878240585327,
      1.2495131492614746,
      1.2449548244476318,
      1.247530847787857,
      1.249733328819275,
      1.249807357788086,
      1.2462108135223389,
      1.2487095594406128,
      1.2460843324661255,
      1.2491425275802612,
      1.2490357160568237,
      1.249718427658081,
      1.2467817068099976,
      1.2496533393859863,
      1.2434828281402588,
      1.2497570514678955,
      1.2499065399169922,
      1.2495781183242798,
      1.2494316101074219,
      1.2486655712127686,
      1.2485346794128418,
      1.2495663464069366,
      1.2487757205963135,
      1.2495416402816772,
      1.2454137802124023,
      1.2466685771942139,
      1.244189739227295,
      1.2487313747406006,
      1.2493256330490112,
      1.2476764917373657,
      1.2491205930709839,
      1.2495040893554688,
      1.2499405145645142,
      1.249037742614746,
      1.2468390464782715,
      1.2494747638702393,
      1.2491260766983032,
      1.2494592666625977,
      1.2484050989151,
      1.2498257160186768,
      1.248736023902893,
      1.2494874000549316,
      1.2477519512176514,
      1.2467777729034424,
      1.2498935461044312,
      1.247442364692688,
      1.2495397329330444,
      1.2499172985553741,
      1.247295618057251,
      1.2488791942596436,
      1.2499319314956665,
      1.2495617866516113,
      1.2498302459716797,
      1.2467924356460571,
      1.2488367557525635,
      1.2498970031738281,
      1.2454346418380737,
      1.2498626708984375,
      1.2449582815170288,
      1.2460061013698578,
      1.24832284450531,
      1.2493089735507965,
      1.2498834133148193,
      1.248966932296753,
      1.2487921714782715,
      1.2489675283432007,
      1.2499198913574219,
      1.2490451335906982,
      1.2491309642791748,
      1.2488359212875366,
      1.249278873205185,
      1.2482572793960571,
      1.2458994388580322,
      1.2491644620895386,
      1.2476935386657715,
      1.2497810125350952,
      1.2495437860488892,
      1.2490171194076538,
      1.249690294265747,
      1.2498555183410645,
      1.2464768886566162,
      1.2496404647827148,
      1.2492188215255737,
      1.2470752000808716,
      1.2483400106430054,
      1.2480493783950806,
      1.2483185529708862,
      1.2486292123794556,
      1.2484434843063354,
      1.2414306700229645,
      1.2488796710968018,
      1.2476156949996948,
      1.2481260299682617,
      1.2495557069778442,
      1.2481854259967804,
      1.2498799562454224,
      1.2476178407669067,
      1.2493826150894165,
      1.2490559816360474,
      1.2482714653015137,
      1.248203158378601,
      1.2458316087722778,
      1.2477132081985474,
      1.247444748878479,
      1.2484378814697266,
      1.246304988861084,
      1.2488844394683838,
      1.2492831945419312,
      1.2492773532867432,
      1.2455703914165497,
      1.2468565702438354,
      1.2491159439086914,
      1.2475546598434448,
      1.2491682767868042,
      1.2472600936889648,
      1.2462108433246613,
      1.247933030128479,
      1.2495703399181366,
      1.2480455338954926,
      1.2477003335952759,
      1.249097466468811,
      1.2478965520858765,
      1.248226523399353,
      1.2467950582504272,
      1.2489197254180908,
      1.248444676399231,
      1.2474462985992432,
      1.2478824853897095,
      1.2470444440841675,
      1.245383620262146,
      1.2487128973007202,
      1.2489033937454224,
      1.249377965927124,
      1.2496691942214966,
      1.2459241449832916,
      1.2425686120986938,
      1.244815468788147,
      1.249586820602417,
      1.2498975992202759,
      1.2483128309249878,
      1.2481967210769653,
      1.2498379945755005,
      1.245134949684143,
      1.2439942359924316,
      1.2493467330932617,
      1.2492603063583374,
      1.2478957176208496,
      1.2456847429275513,
      1.2454372644424438,
      1.249423623085022,
      1.2481073141098022,
      1.2462141513824463,
      1.248838186264038,
      1.2497766017913818,
      1.2482348680496216,
      1.2465025186538696,
      1.2484174966812134,
      1.245373010635376,
      1.246802568435669,
      1.248561143875122,
      1.2483431100845337,
      1.248465895652771,
      1.24921452999115,
      1.2494205236434937,
      1.247883677482605,
      1.2480156421661377,
      1.2465739250183105,
      1.2496352195739746,
      1.249872088432312,
      1.2483758926391602,
      1.2482988834381104,
      1.2492756843566895,
      1.249746322631836,
      1.2491787672042847,
      1.2441984415054321,
      1.2494480609893799,
      1.24695885181427,
      1.2498188018798828,
      1.2495873272418976,
      1.248479962348938,
      1.248847246170044,
      1.2495455741882324,
      1.2493643760681152,
      1.2483611106872559,
      1.2472686767578125,
      1.249226450920105,
      1.2470546960830688,
      1.2482231557369232,
      1.2494207620620728,
      1.2497845888137817,
      1.2491523027420044,
      1.2476040124893188,
      1.2460366487503052,
      1.2490025758743286,
      1.24922776222229,
      1.2487332820892334,
      1.2498834133148193,
      1.249218374490738,
      1.2467674016952515,
      1.2486869096755981,
      1.2470948696136475,
      1.2461800575256348,
      1.2488738298416138,
      1.2497001886367798,
      1.2492300271987915,
      1.2486107349395752,
      1.2494101524353027,
      1.2477166950702667,
      1.2484657764434814,
      1.2480584383010864,
      1.248374730348587,
      1.248099684715271,
      1.248087078332901,
      1.249340295791626,
      1.2498838901519775,
      1.2494125366210938,
      1.2449241876602173,
      1.2497020959854126,
      1.249705195426941,
      1.249664068222046,
      1.2478718757629395,
      1.2494988441467285,
      1.2475025951862335,
      1.2499325275421143,
      1.2471310198307037,
      1.2494186162948608,
      1.2496604919433594,
      1.248365879058838,
      1.2493267059326172,
      1.2474502325057983,
      1.2488892078399658,
      1.2489521503448486,
      1.249158263206482,
      1.2478091716766357,
      1.248731017112732,
      1.248768925666809,
      1.2458188235759735,
      1.2484604120254517,
      1.2486319541931152,
      1.2492955923080444,
      1.2474597990512848,
      1.2481039762496948,
      1.2496258020401,
      1.2479499578475952,
      1.2477210760116577,
      1.2452073097229004,
      1.2478844821453094,
      1.2498857975006104,
      1.2459220886230469,
      1.2486014366149902,
      1.2473544776439667,
      1.2427020072937012,
      1.2499341666698456,
      1.2481125593185425,
      1.2477132081985474,
      1.2493897676467896,
      1.2490267753601074,
      1.2435551583766937,
      1.2494202852249146,
      1.2492021322250366,
      1.2497036457061768,
      1.2435177564620972,
      1.2438150942325592,
      1.2490955591201782,
      1.248253345489502,
      1.2494124174118042,
      1.2489193677902222,
      1.2470662593841553,
      1.2453696727752686,
      1.249799132347107,
      1.2443480491638184,
      1.2490465641021729,
      1.2495808601379395,
      1.2497126758098602,
      1.2487796545028687,
      1.249778389930725,
      1.2480889558792114,
      1.2498897314071655,
      1.2484155893325806,
      1.249071478843689,
      1.2498897314071655,
      1.2422910928726196,
      1.2498888969421387,
      1.2459590435028076,
      1.2472502291202545,
      1.240912675857544,
      1.2486926317214966,
      1.2489103078842163,
      1.2486682832241058,
      1.2493577003479004,
      1.2481316328048706,
      1.2475028038024902,
      1.2471835613250732,
      1.2462327480316162,
      1.2428191900253296,
      1.2488922774791718,
      1.2473409175872803,
      1.2492036819458008,
      1.2463936805725098,
      1.244829535484314,
      1.2490668296813965,
      1.249018669128418,
      1.2495861053466797,
      1.2443584203720093,
      1.2469438314437866,
      1.2476613521575928,
      1.2386506795883179,
      1.24885094165802,
      1.2477178573608398,
      1.248915433883667,
      1.24974524974823,
      1.2482508420944214,
      1.2489737272262573,
      1.2489945590496063,
      1.2480982542037964,
      1.2487733066082,
      1.2486380338668823,
      1.2494958639144897,
      1.2498630285263062,
      1.2494529485702515,
      1.2442107498645782,
      1.2474900484085083,
      1.2498973608016968,
      1.2480409145355225,
      1.2475340366363525,
      1.2467217445373535,
      1.2451329231262207,
      1.2455224990844727,
      1.24425408244133,
      1.2452638149261475,
      1.2497503757476807,
      1.2494039833545685,
      1.2485896348953247,
      1.248445749282837,
      1.2497031688690186,
      1.2495065927505493,
      1.247115969657898,
      1.2498430013656616,
      1.2482327222824097,
      1.2483943700790405,
      1.249642014503479,
      1.2498022317886353,
      1.2499250173568726,
      1.2497467994689941,
      1.2422946691513062,
      1.2494609355926514,
      1.2475616037845612,
      1.249790072441101,
      1.2482227087020874,
      1.2451835870742798,
      1.2495561838150024,
      1.2496626377105713,
      1.249731421470642,
      1.2472068071365356,
      1.2450237274169922,
      1.2491910457611084,
      1.2488899230957031,
      1.248898983001709,
      1.2481627464294434,
      1.2498180866241455,
      1.2464947700500488,
      1.2496072947978973,
      1.2479667663574219,
      1.2471541166305542,
      1.247661828994751,
      1.2480428218841553,
      1.2496299743652344,
      1.2476068437099457,
      1.249240756034851,
      1.2494018077850342,
      1.2474501132965088,
      1.2452661991119385,
      1.2482539415359497,
      1.2489875555038452,
      1.248825192451477,
      1.249485731124878,
      1.2493952810764313,
      1.2469593286514282,
      1.2471946477890015,
      1.2479429244995117,
      1.2431904077529907,
      1.2498703002929688,
      1.2496221959590912,
      1.2477267980575562,
      1.2486103773117065,
      1.2495050430297852,
      1.2446366548538208,
      1.2478235960006714,
      1.247794270515442,
      1.2476621866226196,
      1.2466707229614258,
      1.2496004104614258,
      1.2484745681285858,
      1.2494481801986694,
      1.249820351600647,
      1.2491425275802612,
      1.2496328353881836,
      1.2485319375991821,
      1.2475643157958984,
      1.2479248046875,
      1.248138278722763,
      1.2464799880981445,
      1.249697208404541,
      1.248163104057312,
      1.2495774030685425,
      1.2496380805969238,
      1.248534083366394,
      1.2490140199661255,
      1.2484073638916016,
      1.2488501071929932,
      1.2480121850967407,
      1.2466593980789185,
      1.2471983432769775,
      1.2496428489685059,
      1.2493689060211182,
      1.24552321434021,
      1.2497369050979614,
      1.2420334815979004,
      1.2462328672409058,
      1.2433680295944214,
      1.249063491821289,
      1.246564269065857,
      1.2482563257217407,
      1.247619867324829,
      1.2466008365154266,
      1.2467223405838013,
      1.2436748445034027,
      1.2498987913131714,
      1.248583436012268,
      1.2490084171295166,
      1.2484475076198578,
      1.2428689002990723,
      1.249459147453308,
      1.2479830980300903,
      1.248260498046875,
      1.2475081384181976,
      1.249688982963562,
      1.2493520975112915,
      1.2497442960739136,
      1.2477967739105225,
      1.2480295896530151,
      1.2467857599258423,
      1.2487291097640991,
      1.248560905456543,
      1.248194694519043,
      1.249660611152649,
      1.2484853267669678,
      1.2488703429698944,
      1.247186303138733,
      1.2486464977264404,
      1.249632716178894,
      1.2495441436767578,
      1.2475134134292603,
      1.2453289031982422,
      1.2477895021438599,
      1.2482693195343018,
      1.2493430376052856,
      1.2495447397232056,
      1.2479094564914703,
      1.2477080821990967,
      1.2491015195846558,
      1.247663140296936,
      1.248599797487259,
      1.2490220069885254,
      1.2456448078155518,
      1.2495172023773193,
      1.2419333457946777,
      1.249888300895691,
      1.2475250959396362,
      1.249722957611084,
      1.2459037601947784,
      1.2480422258377075,
      1.2493577301502228,
      1.2471725940704346,
      1.2495722770690918,
      1.2492146790027618,
      1.246584415435791,
      1.240739107131958,
      1.2474600076675415,
      1.2497390508651733,
      1.2493505477905273,
      1.245644211769104,
      1.2493953704833984,
      1.2488365173339844,
      1.2482603788375854,
      1.24527907371521,
      1.2488377094268799,
      1.2477174997329712,
      1.2489814758300781,
      1.2498890459537506,
      1.247725009918213,
      1.2493844032287598,
      1.2495691776275635,
      1.248907208442688,
      1.2495055198669434,
      1.248429298400879,
      1.2480232417583466,
      1.248489260673523,
      1.2492525577545166,
      1.2472610473632812,
      1.249153971672058,
      1.2476553916931152,
      1.249338984489441,
      1.24351167678833,
      1.247748851776123,
      1.249731183052063,
      1.2484835386276245,
      1.2479192316532135,
      1.2468114793300629,
      1.2480120658874512,
      1.2496469020843506,
      1.2497529983520508,
      1.2479236125946045,
      1.2473398447036743,
      1.2489750385284424,
      1.2494796514511108,
      1.2466031312942505,
      1.246636152267456,
      1.2479171752929688,
      1.2474697828292847,
      1.2495317459106445,
      1.2485286891460419,
      1.2484207153320312,
      1.2483328580856323,
      1.2480063438415527
    ],
    "beta_estimates_sha256": "5b7059bff012024424f4a939d903e9dc08e918bb227a2ba093dc7addbab8f230",
    "beta_interval": [
      1.2428684413433075,
      1.249893632531166
    ],
    "bootstrap_mean": 1.2480396001040936,
    "bootstrap_std": 0.0018482725258194086,
    "conditions_on_observed_commands": true,
    "confidence_level": 0.95,
    "method": "conditional_parametric_percentile_bootstrap",
    "replicates_finite": 1000,
    "replicates_requested": 1000,
    "replicates_unbounded": 0,
    "seed": 28002
  }
}
d7f273b39ae935bb31e62d12f41861ca216f89c8c5086899f355b6ebfd7941f0  /root/hubl_research_20260914/results/channel_calibration/hopper_beta125_n512_seed27002_calibration.json
2026-09-15T05:15:47Z hopper_pipeline stage=calibration_fit status=completed
Hopper pipeline complete; dataset and calibration SHAs recorded.
