{
  "arms": {
    "adapted": {
      "action_noise_beta": 1.25,
      "action_noise_seeds": [
        49300,
        49301,
        49302,
        49303,
        49304,
        49305,
        49306,
        49307,
        49308,
        49309,
        49310,
        49311,
        49312,
        49313,
        49314,
        49315,
        49316,
        49317,
        49318,
        49319,
        49320,
        49321,
        49322,
        49323,
        49324,
        49325,
        49326,
        49327,
        49328,
        49329,
        49330,
        49331,
        49332,
        49333,
        49334,
        49335,
        49336,
        49337,
        49338,
        49339,
        49340,
        49341,
        49342,
        49343,
        49344,
        49345,
        49346,
        49347,
        49348,
        49349
      ],
      "actuator_clip_fraction": 0.38985481402226085,
      "applied_residual_abs_max": 0.2500000298023224,
      "applied_residual_abs_mean": 0.04956104153223469,
      "arm": "channel_opex",
      "command_at_bound_fraction": 0.265183600077274,
      "environment_seeds": [
        39300,
        39301,
        39302,
        39303,
        39304,
        39305,
        39306,
        39307,
        39308,
        39309,
        39310,
        39311,
        39312,
        39313,
        39314,
        39315,
        39316,
        39317,
        39318,
        39319,
        39320,
        39321,
        39322,
        39323,
        39324,
        39325,
        39326,
        39327,
        39328,
        39329,
        39330,
        39331,
        39332,
        39333,
        39334,
        39335,
        39336,
        39337,
        39338,
        39339,
        39340,
        39341,
        39342,
        39343,
        39344,
        39345,
        39346,
        39347,
        39348,
        39349
      ],
      "executed_commanded_action_mse": 0.3144589450853015,
      "gradient_abs_max": 5.75401496887207,
      "gradient_l2_mean": 1.2102353099865955,
      "gradient_noise_draw_calls": 44862,
      "gradient_noise_sampling_frequency": "per_gradient_step",
      "gradient_noise_seeds": [
        69300,
        69301,
        69302,
        69303,
        69304,
        69305,
        69306,
        69307,
        69308,
        69309,
        69310,
        69311,
        69312,
        69313,
        69314,
        69315,
        69316,
        69317,
        69318,
        69319,
        69320,
        69321,
        69322,
        69323,
        69324,
        69325,
        69326,
        69327,
        69328,
        69329,
        69330,
        69331,
        69332,
        69333,
        69334,
        69335,
        69336,
        69337,
        69338,
        69339,
        69340,
        69341,
        69342,
        69343,
        69344,
        69345,
        69346,
        69347,
        69348,
        69349
      ],
      "gradient_noise_stream_used": true,
      "inverse_saturation_fraction": 0.3651419909946057,
      "lengths": [
        340,
        1000,
        1000,
        495,
        785,
        484,
        398,
        794,
        1000,
        322,
        282,
        784,
        242,
        430,
        257,
        187,
        234,
        622,
        193,
        373,
        178,
        371,
        814,
        308,
        556,
        365,
        381,
        1000,
        327,
        219,
        310,
        139,
        772,
        271,
        166,
        254,
        797,
        727,
        184,
        229,
        1000,
        504,
        200,
        143,
        428,
        329,
        437,
        149,
        191,
        460
      ],
      "normalized_score_mean": 31.211038692097304,
      "normalized_score_std": 20.349771319073344,
      "proposed_residual_abs_mean": 0.04956104153223469,
      "q1_expected_before_update_mean": 77.73381307996097,
      "q1_gradient_calls": 44862,
      "q1_rows_by_episode": [
        5440,
        16000,
        16000,
        7920,
        12560,
        7744,
        6368,
        12704,
        16000,
        5152,
        4512,
        12544,
        3872,
        6880,
        4112,
        2992,
        3744,
        9952,
        3088,
        5968,
        2848,
        5936,
        13024,
        4928,
        8896,
        5840,
        6096,
        16000,
        5232,
        3504,
        4960,
        2224,
        12352,
        4336,
        2656,
        4064,
        12752,
        11632,
        2944,
        3664,
        16000,
        8064,
        3200,
        2288,
        6848,
        5264,
        6992,
        2384,
        3056,
        7360
      ],
      "q1_rows_per_action": 16,
      "q1_rows_total": 358896,
      "raw_residual_abs_max": 0.5754014849662781,
      "return_mean": 1434.425107540007,
      "return_std": 934.1910488830357,
      "returns": [
        1014.4611911221589,
        3270.4876045320357,
        3193.1382670518333,
        1588.4922723522195,
        2692.008826720024,
        1538.1155394936768,
        1279.8560013173612,
        2641.082854465827,
        3408.530174954349,
        999.0108944424911,
        878.0556530754754,
        2724.7260903439505,
        646.8899205412747,
        1345.4305254467795,
        693.356745813172,
        538.3349145014886,
        668.0107874305799,
        2088.8738105014704,
        518.6974796179645,
        1182.570679230555,
        473.8726953047227,
        1209.2787605788533,
        2680.3574532299604,
        951.334880917788,
        1785.8179648184594,
        1243.6972872515541,
        1285.1985327655307,
        3384.1295618410313,
        1021.7838451713137,
        612.2237658631319,
        962.1669739030134,
        293.1128741139408,
        2610.561760434422,
        857.5605544455995,
        451.0079293501657,
        806.8071659835248,
        2792.7106908538735,
        2364.5253042775275,
        487.9740956929316,
        625.7771151862789,
        3258.2770289652713,
        1689.9390220474522,
        532.3781199034067,
        328.7851043860379,
        1339.0422414764946,
        1059.6104615124439,
        1466.7306711240867,
        375.4833122898332,
        555.5889222048372,
        1305.3910481521732
      ],
      "trust_region_clipped_fraction": 0.2729630124975852,
      "wall_time_seconds": 195.4040185129852
    },
    "baseline_only": {
      "action_noise_beta": 1.25,
      "action_noise_seeds": [
        49300,
        49301,
        49302,
        49303,
        49304,
        49305,
        49306,
        49307,
        49308,
        49309,
        49310,
        49311,
        49312,
        49313,
        49314,
        49315,
        49316,
        49317,
        49318,
        49319,
        49320,
        49321,
        49322,
        49323,
        49324,
        49325,
        49326,
        49327,
        49328,
        49329,
        49330,
        49331,
        49332,
        49333,
        49334,
        49335,
        49336,
        49337,
        49338,
        49339,
        49340,
        49341,
        49342,
        49343,
        49344,
        49345,
        49346,
        49347,
        49348,
        49349
      ],
      "actuator_clip_fraction": 0.38695573513448317,
      "applied_residual_abs_max": 0.0,
      "applied_residual_abs_mean": 0.0,
      "arm": "inverse_anchor_baseline",
      "command_at_bound_fraction": 0.3569131186427049,
      "environment_seeds": [
        39300,
        39301,
        39302,
        39303,
        39304,
        39305,
        39306,
        39307,
        39308,
        39309,
        39310,
        39311,
        39312,
        39313,
        39314,
        39315,
        39316,
        39317,
        39318,
        39319,
        39320,
        39321,
        39322,
        39323,
        39324,
        39325,
        39326,
        39327,
        39328,
        39329,
        39330,
        39331,
        39332,
        39333,
        39334,
        39335,
        39336,
        39337,
        39338,
        39339,
        39340,
        39341,
        39342,
        39343,
        39344,
        39345,
        39346,
        39347,
        39348,
        39349
      ],
      "executed_commanded_action_mse": 0.3165958901121589,
      "gradient_abs_max": null,
      "gradient_l2_mean": null,
      "gradient_noise_draw_calls": 0,
      "gradient_noise_sampling_frequency": "none_beta_zero_or_baseline_arm",
      "gradient_noise_seeds": [
        69300,
        69301,
        69302,
        69303,
        69304,
        69305,
        69306,
        69307,
        69308,
        69309,
        69310,
        69311,
        69312,
        69313,
        69314,
        69315,
        69316,
        69317,
        69318,
        69319,
        69320,
        69321,
        69322,
        69323,
        69324,
        69325,
        69326,
        69327,
        69328,
        69329,
        69330,
        69331,
        69332,
        69333,
        69334,
        69335,
        69336,
        69337,
        69338,
        69339,
        69340,
        69341,
        69342,
        69343,
        69344,
        69345,
        69346,
        69347,
        69348,
        69349
      ],
      "gradient_noise_stream_used": false,
      "inverse_saturation_fraction": 0.3569131186427049,
      "lengths": [
        352,
        254,
        198,
        595,
        330,
        322,
        463,
        229,
        194,
        221,
        92,
        738,
        212,
        198,
        404,
        507,
        317,
        325,
        197,
        207,
        222,
        220,
        444,
        400,
        886,
        211,
        296,
        507,
        294,
        445,
        192,
        195,
        224,
        289,
        206,
        269,
        218,
        394,
        382,
        319,
        317,
        417,
        176,
        268,
        248,
        711,
        216,
        131,
        465,
        665
      ],
      "normalized_score_mean": 22.251336686499503,
      "normalized_score_std": 13.036936198801264,
      "proposed_residual_abs_mean": 0.0,
      "q1_expected_before_update_mean": null,
      "q1_gradient_calls": 0,
      "q1_rows_by_episode": [
        0,
        0,
        0,
        0,
        0,
        0,
        0,
        0,
        0,
        0,
        0,
        0,
        0,
        0,
        0,
        0,
        0,
        0,
        0,
        0,
        0,
        0,
        0,
        0,
        0,
        0,
        0,
        0,
        0,
        0,
        0,
        0,
        0,
        0,
        0,
        0,
        0,
        0,
        0,
        0,
        0,
        0,
        0,
        0,
        0,
        0,
        0,
        0,
        0,
        0
      ],
      "q1_rows_per_action": 0,
      "q1_rows_total": 0,
      "raw_residual_abs_max": null,
      "return_mean": 1023.114666599387,
      "return_std": 598.4828483239171,
      "returns": [
        1097.050414297546,
        751.561077577129,
        514.9574465871028,
        1884.0967805921114,
        1055.6835611117822,
        995.9894924878809,
        1347.5585974442095,
        638.639851884521,
        526.2824213619193,
        628.2248888790166,
        150.71230484400698,
        2503.935149307841,
        499.99762210537904,
        487.66767958222766,
        1255.0826336285593,
        1778.8436614974305,
        878.5104180836962,
        1088.4534232079927,
        527.0228792387477,
        522.1998113349575,
        582.1193075291965,
        727.262182711548,
        1528.849911570925,
        1208.4998275610046,
        3027.16303845043,
        627.0414694663993,
        905.5033206260017,
        1698.914213034589,
        931.9737074206023,
        1469.1979480293014,
        491.5235962487882,
        557.0030157052904,
        625.8190022604497,
        880.7937459872204,
        607.4936518119703,
        860.7892358717797,
        550.4795095923396,
        1207.4939396690888,
        1220.9163649164261,
        1003.1800663620726,
        964.7669545205633,
        1338.0736826446766,
        439.3906139583394,
        824.8407347083174,
        703.6777975128891,
        2409.693448793556,
        562.2453158331126,
        302.215668287735,
        1570.5100004291294,
        2195.831943401541
      ],
      "trust_region_clipped_fraction": 0.0,
      "wall_time_seconds": 44.16428816097323
    }
  },
  "base_checkpoint": {
    "format": null,
    "path": "/root/hubl_research_20260914/results/inverse_residual_confirm/base_hubl_executed_25k_seed1/latest.pt",
    "sha256": "22b47965695bfa312533741abaa1e17e3cbbc091f3c5e6ba7fc8953fbc8ca6ae",
    "step": 25000
  },
  "calibration": {
    "action_dim": 6,
    "action_high": 1.0,
    "action_low": -1.0,
    "beta": 1.2498948872089386,
    "calibration_path": "/root/hubl_research_20260914/results/channel_calibration/beta125_n512_seed27001_calibration.json",
    "calibration_sha256": "b1769bdeb0eb99aa653ae5d98ef00e3f843e938fb62963821e0f2e348f904354",
    "commands_sha256": "61080b7a6e7e21a06c948d1bc56835146f4972f17047c379e569e8dcbe6cbd9f",
    "estimator": "censored_uniform_plus_clip_mle",
    "executed_sha256": "9674d0953af3cbfc54cef126b9dcebac96bab524b868bd591d10021c0a308710",
    "input_provenance": {
      "action_dim": 6,
      "action_high": 1.0,
      "action_low": -1.0,
      "beta": 1.25,
      "bit_generator": "PCG64",
      "channel": "iid_uniform_additive_then_clip",
      "commands_sha256": "61080b7a6e7e21a06c948d1bc56835146f4972f17047c379e569e8dcbe6cbd9f",
      "contains_state_or_transition_fields": false,
      "executed_sha256": "9674d0953af3cbfc54cef126b9dcebac96bab524b868bd591d10021c0a308710",
      "generator_script_sha256": "d12213d8b61d49bc550adb6079d5274058ab64fa194950ec1f911ee74a57e12f",
      "noise_spawn_key": [
        1
      ],
      "pair_count": 512,
      "root_seed": 27001,
      "schema": "paired_uniform_clip_channel_v1",
      "selection": "uniform_without_replacement",
      "selection_spawn_key": [
        0
      ],
      "source_command_count": 1000000,
      "source_dataset_path": "/root/hubl_backup_data/action_noise_dev/walker2d_v4_beta1_seed1201.hdf5",
      "source_dataset_sha256": "159a49faaa7786a8444369a1aef758b1a43f26eaaa56146358ace6f9c5b3882a",
      "source_hdf5_schema": "flat"
    },
    "pair_archive_path": "/root/hubl_research_20260914/results/channel_calibration/beta125_n512_seed27001.npz",
    "pair_archive_sha256": "76bc6bbcc47d2c6e2c76dc918c57700d9786edba19e18f8715a78c92e6c5132b",
    "pair_count": 512,
    "source": "censored_uniform_plus_clip_pair_calibration",
    "uncertainty_beta_interval": [
      1.2463959604501724,
      1.2498698003590107
    ]
  },
  "channel": {
    "beta_mismatch": true,
    "environment_rollout_beta": 1.25,
    "gradient_model": "iid_uniform_additive_then_clip",
    "model_or_calibration_beta": 1.2498948872089386
  },
  "controller": {
    "K": 8,
    "actor_parameter_updates": 0,
    "baseline_transform": "inverse",
    "calibration_mode": "censored_uniform_plus_clip_pair_calibration",
    "critic": "frozen_q1",
    "critic_parameter_updates": 0,
    "delta_max": 0.25,
    "execution_noise_samples": 8,
    "gradient_noise_seed": 69300,
    "gradient_objective": "mean_k_q1_of_clipped_command_plus_fresh_antithetic_uniform_noise_per_gradient_step",
    "gradient_steps": 2,
    "gradient_steps_per_action": 2,
    "model_beta": 1.2498948872089386,
    "q_reducer": "mean_q1",
    "step_size": 0.1
  },
  "cost": {
    "adapted_backward_calls": 44862,
    "adapted_q1_rows_per_environment_step": 16,
    "adapted_q1_rows_total": 358896,
    "base_actor_rows": 22431,
    "baseline_base_actor_rows": 16582,
    "baseline_environment_steps": 16582,
    "baseline_q1_rows_total": 0,
    "baseline_wall_time_seconds": 44.16428816097323,
    "cost_scope": "adapted_arm_deployment_controller_only",
    "environment_steps": 22431,
    "paired_evaluation_environment_steps": 39013,
    "paired_evaluation_wall_time_seconds": 240.4631655139965,
    "q1_backward_calls": 44862,
    "q1_backward_rows": 358896,
    "q1_forward_rows": 358896,
    "wall_time_seconds": 195.4040185129852
  },
  "environment": "Walker2d-v4",
  "evaluation_protocol": {
    "action_noise_seed_start": 49300,
    "actuator_noise_rng_namespace": "numpy_generator_per_episode",
    "environment": "Walker2d-v4",
    "environment_rng_namespace": "gymnasium_env_reset",
    "environment_seed_start": 39300,
    "episode_count_per_arm": 50,
    "episode_local_gradient_streams_prevent_cross_episode_call_order_coupling": true,
    "gradient_noise_antithetic": true,
    "gradient_noise_rng_namespace": "torch_generator_per_episode_fresh_antithetic_per_gradient_step",
    "gradient_noise_sampling_frequency": "per_gradient_step",
    "gradient_noise_seed_start": 69300,
    "paired_environment_and_action_noise_seeds": true,
    "selection_rule": "all requested episodes retained"
  },
  "implementation": {
    "evaluate_sha256": "cf659f47fddd8f848c84f5f114be1fcb9081a55470fe59e8c073d4f84af0bff1",
    "evaluation_controls_sha256": "24318269a6696fd22c8112b2d96913bdceb830d83de9df31ca234e1505f1aec9",
    "inverse_residual_core_sha256": "5700efa8bbefac91c991a76878c3b78c5b3e84aea83568987f7a7e8919e50041",
    "td3bc_core_sha256": "e27cec131b533dd542e77ba9de2de492db4890c6fb9723796f59a02002d1f052",
    "train_inverse_residual_adapter_sha256": "fb065682c78e6c058d1165fa68f680fb682d235ec8c9c3abe70b8098177ee0e4",
    "train_td3bc_sha256": "28094abb38441633f3e52386a9d3ac0747b9df8a4f2bd03403bf46d1d5234737"
  },
  "method_id": "channel_aware_opex_inverse_anchor",
  "method_scope": "stronger channel-aware extension of OPEX; not an unchanged reproduction of the original paper",
  "normalization": {
    "reference_max_score": 4592.3,
    "reference_min_score": 1.629008
  },
  "opex_reference": {
    "original_single_step_rule": "a <- a + step_size * grad_a Q(s, a)",
    "paper": "Is Value Learning Really the Main Bottleneck in Offline RL?",
    "url": "https://proceedings.neurips.cc/paper_files/paper/2024/hash/8ffb4e3118280a66b192b6f06e0e2596-Abstract-Conference.html",
    "venue": "NeurIPS 2024"
  },
  "paired": {
    "adapted_minus_baseline_returns": [
      -82.58922317538713,
      2518.926526954907,
      2678.1808204647305,
      -295.60450823989186,
      1636.3252656082418,
      542.126047005796,
      -67.70259612684822,
      2002.443002581306,
      2882.24775359243,
      370.78600556347453,
      727.3433482314684,
      220.79094103610942,
      146.89229843589567,
      857.7628458645518,
      -561.7258878153873,
      -1240.508746995942,
      -210.49963065311636,
      1000.4203872934777,
      -8.325399620783173,
      660.3708678955975,
      -108.24661222447378,
      482.0165778673053,
      1151.5075416590353,
      -257.1649466432166,
      -1241.3450736319708,
      616.6558177851548,
      379.69521213952896,
      1685.2153488064423,
      89.81013775071142,
      -856.9741821661695,
      470.6433776542252,
      -263.8901415913496,
      1984.7427581739723,
      -23.233191541620954,
      -156.48572246180458,
      -53.982069888254955,
      2242.231181261534,
      1157.0313646084387,
      -732.9422692234946,
      -377.40295117579365,
      2293.510074444708,
      351.8653394027756,
      92.98750594506737,
      -496.0556303222795,
      635.3644439636055,
      -1350.082987281112,
      904.4853552909741,
      73.26764400209817,
      -1014.9210782242922,
      -890.4408952493679
    ],
    "episode_count": 50,
    "positive_episode_count": 29,
    "return_difference_mean": 411.3104409406202,
    "return_difference_std": 1042.6336741935572
  },
  "raw_schema": "channel_opex_v1",
  "status": "complete",
  "wall_time_seconds": 240.4631655139965
}
