{
  "arms": {
    "adapted": {
      "action_noise_beta": 1.25,
      "action_noise_seeds": [
        49300,
        49301,
        49302,
        49303,
        49304,
        49305,
        49306,
        49307,
        49308,
        49309,
        49310,
        49311,
        49312,
        49313,
        49314,
        49315,
        49316,
        49317,
        49318,
        49319,
        49320,
        49321,
        49322,
        49323,
        49324,
        49325,
        49326,
        49327,
        49328,
        49329,
        49330,
        49331,
        49332,
        49333,
        49334,
        49335,
        49336,
        49337,
        49338,
        49339,
        49340,
        49341,
        49342,
        49343,
        49344,
        49345,
        49346,
        49347,
        49348,
        49349
      ],
      "actuator_clip_fraction": 0.35595467930341856,
      "applied_residual_abs_max": 1.5542871952056885,
      "applied_residual_abs_mean": 0.19099849947683556,
      "arm": "channel_opex",
      "command_at_bound_fraction": 0.19877532713196436,
      "environment_seeds": [
        39300,
        39301,
        39302,
        39303,
        39304,
        39305,
        39306,
        39307,
        39308,
        39309,
        39310,
        39311,
        39312,
        39313,
        39314,
        39315,
        39316,
        39317,
        39318,
        39319,
        39320,
        39321,
        39322,
        39323,
        39324,
        39325,
        39326,
        39327,
        39328,
        39329,
        39330,
        39331,
        39332,
        39333,
        39334,
        39335,
        39336,
        39337,
        39338,
        39339,
        39340,
        39341,
        39342,
        39343,
        39344,
        39345,
        39346,
        39347,
        39348,
        39349
      ],
      "executed_commanded_action_mse": 0.3314526800686852,
      "gradient_abs_max": 6.853224754333496,
      "gradient_l2_mean": 1.2573824705069914,
      "gradient_noise_draw_calls": 34186,
      "gradient_noise_sampling_frequency": "per_gradient_step",
      "gradient_noise_seeds": [
        69300,
        69301,
        69302,
        69303,
        69304,
        69305,
        69306,
        69307,
        69308,
        69309,
        69310,
        69311,
        69312,
        69313,
        69314,
        69315,
        69316,
        69317,
        69318,
        69319,
        69320,
        69321,
        69322,
        69323,
        69324,
        69325,
        69326,
        69327,
        69328,
        69329,
        69330,
        69331,
        69332,
        69333,
        69334,
        69335,
        69336,
        69337,
        69338,
        69339,
        69340,
        69341,
        69342,
        69343,
        69344,
        69345,
        69346,
        69347,
        69348,
        69349
      ],
      "gradient_noise_stream_used": true,
      "inverse_saturation_fraction": 0.0,
      "lengths": [
        253,
        563,
        1000,
        622,
        440,
        210,
        581,
        376,
        210,
        157,
        246,
        451,
        228,
        221,
        248,
        257,
        304,
        603,
        193,
        589,
        463,
        436,
        205,
        182,
        196,
        251,
        309,
        873,
        123,
        272,
        150,
        655,
        497,
        255,
        351,
        146,
        460,
        458,
        163,
        334,
        212,
        157,
        155,
        143,
        591,
        329,
        310,
        124,
        187,
        354
      ],
      "normalized_score_mean": 21.561597043523616,
      "normalized_score_std": 13.325270402427085,
      "proposed_residual_abs_mean": 0.19099849947683556,
      "q1_expected_before_update_mean": 73.52384845730431,
      "q1_gradient_calls": 34186,
      "q1_rows_by_episode": [
        4048,
        9008,
        16000,
        9952,
        7040,
        3360,
        9296,
        6016,
        3360,
        2512,
        3936,
        7216,
        3648,
        3536,
        3968,
        4112,
        4864,
        9648,
        3088,
        9424,
        7408,
        6976,
        3280,
        2912,
        3136,
        4016,
        4944,
        13968,
        1968,
        4352,
        2400,
        10480,
        7952,
        4080,
        5616,
        2336,
        7360,
        7328,
        2608,
        5344,
        3392,
        2512,
        2480,
        2288,
        9456,
        5264,
        4960,
        1984,
        2992,
        5664
      ],
      "q1_rows_per_action": 16,
      "q1_rows_total": 273488,
      "raw_residual_abs_max": 2.0559675693511963,
      "return_mean": 991.4509888889683,
      "return_std": 611.719322969782,
      "returns": [
        671.1088315930492,
        1709.5670396197852,
        2943.110459730779,
        1846.5028452572342,
        1402.9275548509931,
        573.7649066691923,
        1669.7834554963579,
        1155.872810704947,
        582.628331275194,
        368.6079943867092,
        684.9874833769599,
        1334.1403169404082,
        621.8207803738235,
        607.1997045682987,
        709.6731594660318,
        801.4763296687514,
        916.4306593752743,
        1915.378559544876,
        513.1549065468545,
        1751.9210821459033,
        1450.1455489522036,
        1367.5151493673234,
        458.4815646230447,
        480.24079666410086,
        510.70738051474945,
        590.8114133192705,
        916.9383155739816,
        2602.0088831944336,
        302.34180351553994,
        860.3812999597799,
        335.77309724674467,
        2108.314010132891,
        1456.82276205968,
        728.056930736333,
        994.3783678592397,
        383.9554031495061,
        1290.4416779173519,
        1354.1265283397956,
        450.5600047010549,
        992.9899097629418,
        579.1937603559272,
        416.2155561069802,
        338.7302006765818,
        326.66278666847063,
        1764.5279076429958,
        948.4084294002804,
        969.3393795787254,
        293.2214492927563,
        538.0428478568701,
        983.1590676874357
      ],
      "trust_region_clipped_fraction": 0.1564285574991712,
      "wall_time_seconds": 123.42353659000946
    },
    "baseline_only": {
      "action_noise_beta": 1.25,
      "action_noise_seeds": [
        49300,
        49301,
        49302,
        49303,
        49304,
        49305,
        49306,
        49307,
        49308,
        49309,
        49310,
        49311,
        49312,
        49313,
        49314,
        49315,
        49316,
        49317,
        49318,
        49319,
        49320,
        49321,
        49322,
        49323,
        49324,
        49325,
        49326,
        49327,
        49328,
        49329,
        49330,
        49331,
        49332,
        49333,
        49334,
        49335,
        49336,
        49337,
        49338,
        49339,
        49340,
        49341,
        49342,
        49343,
        49344,
        49345,
        49346,
        49347,
        49348,
        49349
      ],
      "actuator_clip_fraction": 0.320330861032262,
      "applied_residual_abs_max": 0.0,
      "applied_residual_abs_mean": 0.0,
      "arm": "identity_anchor_baseline",
      "command_at_bound_fraction": 0.0,
      "environment_seeds": [
        39300,
        39301,
        39302,
        39303,
        39304,
        39305,
        39306,
        39307,
        39308,
        39309,
        39310,
        39311,
        39312,
        39313,
        39314,
        39315,
        39316,
        39317,
        39318,
        39319,
        39320,
        39321,
        39322,
        39323,
        39324,
        39325,
        39326,
        39327,
        39328,
        39329,
        39330,
        39331,
        39332,
        39333,
        39334,
        39335,
        39336,
        39337,
        39338,
        39339,
        39340,
        39341,
        39342,
        39343,
        39344,
        39345,
        39346,
        39347,
        39348,
        39349
      ],
      "executed_commanded_action_mse": 0.3489649286945188,
      "gradient_abs_max": null,
      "gradient_l2_mean": null,
      "gradient_noise_draw_calls": 0,
      "gradient_noise_sampling_frequency": "none_beta_zero_or_baseline_arm",
      "gradient_noise_seeds": [
        69300,
        69301,
        69302,
        69303,
        69304,
        69305,
        69306,
        69307,
        69308,
        69309,
        69310,
        69311,
        69312,
        69313,
        69314,
        69315,
        69316,
        69317,
        69318,
        69319,
        69320,
        69321,
        69322,
        69323,
        69324,
        69325,
        69326,
        69327,
        69328,
        69329,
        69330,
        69331,
        69332,
        69333,
        69334,
        69335,
        69336,
        69337,
        69338,
        69339,
        69340,
        69341,
        69342,
        69343,
        69344,
        69345,
        69346,
        69347,
        69348,
        69349
      ],
      "gradient_noise_stream_used": false,
      "inverse_saturation_fraction": 0.0,
      "lengths": [
        254,
        174,
        337,
        195,
        214,
        165,
        334,
        267,
        236,
        355,
        242,
        214,
        154,
        223,
        227,
        305,
        240,
        590,
        156,
        178,
        208,
        277,
        448,
        229,
        148,
        208,
        166,
        195,
        123,
        222,
        167,
        228,
        129,
        209,
        198,
        154,
        191,
        204,
        326,
        8,
        147,
        98,
        249,
        152,
        233,
        166,
        239,
        138,
        193,
        208
      ],
      "normalized_score_mean": 12.478390245384128,
      "normalized_score_std": 6.317082003758631,
      "proposed_residual_abs_mean": 0.0,
      "q1_expected_before_update_mean": null,
      "q1_gradient_calls": 0,
      "q1_rows_by_episode": [
        0,
        0,
        0,
        0,
        0,
        0,
        0,
        0,
        0,
        0,
        0,
        0,
        0,
        0,
        0,
        0,
        0,
        0,
        0,
        0,
        0,
        0,
        0,
        0,
        0,
        0,
        0,
        0,
        0,
        0,
        0,
        0,
        0,
        0,
        0,
        0,
        0,
        0,
        0,
        0,
        0,
        0,
        0,
        0,
        0,
        0,
        0,
        0,
        0,
        0
      ],
      "q1_rows_per_action": 0,
      "q1_rows_total": 0,
      "raw_residual_abs_max": null,
      "return_mean": 574.4708492634069,
      "return_std": 289.99645108739986,
      "returns": [
        736.8000826447019,
        365.395304791993,
        948.416453522995,
        505.0283819089369,
        593.6855174759102,
        331.4093180356478,
        994.0435647793643,
        766.6070124058397,
        657.5939356627557,
        966.0958039089603,
        598.0342393023388,
        598.120450001331,
        287.4567349487881,
        605.0112277936679,
        525.1835618578777,
        972.0088196134208,
        613.7388503675758,
        1633.3504041790354,
        355.05032361820537,
        432.42070312478415,
        569.7938939852568,
        872.4305583389188,
        1457.6434481279757,
        610.9322978652651,
        336.1882182261651,
        531.9443695850646,
        361.83832670918576,
        448.44834807342255,
        286.6287675719034,
        509.7522083211423,
        391.2914380585048,
        651.8508109012971,
        276.0730823683748,
        591.1489221626881,
        572.8221834927016,
        380.82582028793047,
        462.06471058764885,
        498.7322724260511,
        919.5695562879267,
        -1.8853502780207594,
        350.5124527754012,
        191.28872909196377,
        620.6985115809622,
        363.45017671715976,
        677.7549743295814,
        390.09037660592617,
        712.8190267914403,
        325.02931375842314,
        473.53515589514774,
        404.8191725808013
      ],
      "trust_region_clipped_fraction": 0.0,
      "wall_time_seconds": 8.137002349016257
    }
  },
  "base_checkpoint": {
    "format": null,
    "path": "/root/hubl_research_20260914/results/inverse_residual_confirm/base_hubl_executed_25k_seed1/latest.pt",
    "sha256": "22b47965695bfa312533741abaa1e17e3cbbc091f3c5e6ba7fc8953fbc8ca6ae",
    "step": 25000
  },
  "calibration": {
    "action_dim": 6,
    "action_high": 1.0,
    "action_low": -1.0,
    "beta": 1.2498948872089386,
    "calibration_path": "/root/hubl_research_20260914/results/channel_calibration/beta125_n512_seed27001_calibration.json",
    "calibration_sha256": "b1769bdeb0eb99aa653ae5d98ef00e3f843e938fb62963821e0f2e348f904354",
    "commands_sha256": "61080b7a6e7e21a06c948d1bc56835146f4972f17047c379e569e8dcbe6cbd9f",
    "estimator": "censored_uniform_plus_clip_mle",
    "executed_sha256": "9674d0953af3cbfc54cef126b9dcebac96bab524b868bd591d10021c0a308710",
    "input_provenance": {
      "action_dim": 6,
      "action_high": 1.0,
      "action_low": -1.0,
      "beta": 1.25,
      "bit_generator": "PCG64",
      "channel": "iid_uniform_additive_then_clip",
      "commands_sha256": "61080b7a6e7e21a06c948d1bc56835146f4972f17047c379e569e8dcbe6cbd9f",
      "contains_state_or_transition_fields": false,
      "executed_sha256": "9674d0953af3cbfc54cef126b9dcebac96bab524b868bd591d10021c0a308710",
      "generator_script_sha256": "d12213d8b61d49bc550adb6079d5274058ab64fa194950ec1f911ee74a57e12f",
      "noise_spawn_key": [
        1
      ],
      "pair_count": 512,
      "root_seed": 27001,
      "schema": "paired_uniform_clip_channel_v1",
      "selection": "uniform_without_replacement",
      "selection_spawn_key": [
        0
      ],
      "source_command_count": 1000000,
      "source_dataset_path": "/root/hubl_backup_data/action_noise_dev/walker2d_v4_beta1_seed1201.hdf5",
      "source_dataset_sha256": "159a49faaa7786a8444369a1aef758b1a43f26eaaa56146358ace6f9c5b3882a",
      "source_hdf5_schema": "flat"
    },
    "pair_archive_path": "/root/hubl_research_20260914/results/channel_calibration/beta125_n512_seed27001.npz",
    "pair_archive_sha256": "76bc6bbcc47d2c6e2c76dc918c57700d9786edba19e18f8715a78c92e6c5132b",
    "pair_count": 512,
    "source": "censored_uniform_plus_clip_pair_calibration",
    "uncertainty_beta_interval": [
      1.2463959604501724,
      1.2498698003590107
    ]
  },
  "channel": {
    "beta_mismatch": true,
    "environment_rollout_beta": 1.25,
    "gradient_model": "iid_uniform_additive_then_clip",
    "model_or_calibration_beta": 1.2498948872089386
  },
  "controller": {
    "K": 8,
    "actor_parameter_updates": 0,
    "baseline_transform": "identity",
    "calibration_mode": "censored_uniform_plus_clip_pair_calibration",
    "critic": "frozen_q1",
    "critic_parameter_updates": 0,
    "delta_max": 2.0,
    "execution_noise_samples": 8,
    "gradient_noise_seed": 69300,
    "gradient_objective": "mean_k_q1_of_clipped_command_plus_fresh_antithetic_uniform_noise_per_gradient_step",
    "gradient_steps": 2,
    "gradient_steps_per_action": 2,
    "model_beta": 1.2498948872089386,
    "q_reducer": "mean_q1",
    "step_size": 0.3
  },
  "cost": {
    "adapted_backward_calls": 34186,
    "adapted_q1_rows_per_environment_step": 16,
    "adapted_q1_rows_total": 273488,
    "base_actor_rows": 17093,
    "baseline_base_actor_rows": 10921,
    "baseline_environment_steps": 10921,
    "baseline_q1_rows_total": 0,
    "baseline_wall_time_seconds": 8.137002349016257,
    "cost_scope": "adapted_arm_deployment_controller_only",
    "environment_steps": 17093,
    "paired_evaluation_environment_steps": 28014,
    "paired_evaluation_wall_time_seconds": 132.3689722060226,
    "q1_backward_calls": 34186,
    "q1_backward_rows": 273488,
    "q1_forward_rows": 273488,
    "wall_time_seconds": 123.42353659000946
  },
  "environment": "Walker2d-v4",
  "evaluation_protocol": {
    "action_noise_seed_start": 49300,
    "actuator_noise_rng_namespace": "numpy_generator_per_episode",
    "environment": "Walker2d-v4",
    "environment_rng_namespace": "gymnasium_env_reset",
    "environment_seed_start": 39300,
    "episode_count_per_arm": 50,
    "episode_local_gradient_streams_prevent_cross_episode_call_order_coupling": true,
    "gradient_noise_antithetic": true,
    "gradient_noise_rng_namespace": "torch_generator_per_episode_fresh_antithetic_per_gradient_step",
    "gradient_noise_sampling_frequency": "per_gradient_step",
    "gradient_noise_seed_start": 69300,
    "paired_environment_and_action_noise_seeds": true,
    "selection_rule": "all requested episodes retained"
  },
  "implementation": {
    "evaluate_sha256": "cf659f47fddd8f848c84f5f114be1fcb9081a55470fe59e8c073d4f84af0bff1",
    "evaluation_controls_sha256": "24318269a6696fd22c8112b2d96913bdceb830d83de9df31ca234e1505f1aec9",
    "inverse_residual_core_sha256": "5700efa8bbefac91c991a76878c3b78c5b3e84aea83568987f7a7e8919e50041",
    "td3bc_core_sha256": "e27cec131b533dd542e77ba9de2de492db4890c6fb9723796f59a02002d1f052",
    "train_inverse_residual_adapter_sha256": "fb065682c78e6c058d1165fa68f680fb682d235ec8c9c3abe70b8098177ee0e4",
    "train_td3bc_sha256": "28094abb38441633f3e52386a9d3ac0747b9df8a4f2bd03403bf46d1d5234737"
  },
  "method_id": "channel_aware_opex_identity_anchor",
  "method_scope": "stronger channel-aware extension of OPEX; not an unchanged reproduction of the original paper",
  "normalization": {
    "reference_max_score": 4592.3,
    "reference_min_score": 1.629008
  },
  "opex_reference": {
    "original_single_step_rule": "a <- a + step_size * grad_a Q(s, a)",
    "paper": "Is Value Learning Really the Main Bottleneck in Offline RL?",
    "url": "https://proceedings.neurips.cc/paper_files/paper/2024/hash/8ffb4e3118280a66b192b6f06e0e2596-Abstract-Conference.html",
    "venue": "NeurIPS 2024"
  },
  "paired": {
    "adapted_minus_baseline_returns": [
      -65.69125105165267,
      1344.171734827792,
      1994.694006207784,
      1341.4744633482974,
      809.242037375083,
      242.35558863354453,
      675.7398907169936,
      389.26579829910725,
      -74.96560438756171,
      -597.4878095222512,
      86.95324407462101,
      736.0198669390771,
      334.3640454250354,
      2.1884767746307716,
      184.4895976081541,
      -170.53248994466935,
      302.69180900769857,
      282.0281553658406,
      158.1045829286491,
      1319.500379021119,
      880.3516549669469,
      495.0845910284046,
      -999.161883504931,
      -130.69150120116427,
      174.51916228858437,
      58.867043734205936,
      555.0999888647959,
      2153.560535121011,
      15.713035943636555,
      350.6290916386376,
      -55.51834081176014,
      1456.4631992315938,
      1180.7496796913051,
      136.9080085736449,
      421.5561843665381,
      3.1295828615756136,
      828.376967329703,
      855.3942559137445,
      -469.00955158687185,
      994.8752600409625,
      228.68130758052604,
      224.92682701501644,
      -281.9683109043804,
      -36.78739004868913,
      1086.7729333134143,
      558.3180527943542,
      256.5203527872851,
      -31.807864465666853,
      64.5076919617224,
      578.3398951066345
    ],
    "episode_count": 50,
    "positive_episode_count": 39,
    "return_difference_mean": 416.98013962556143,
    "return_difference_std": 613.2686249983801
  },
  "raw_schema": "channel_opex_v1",
  "status": "complete",
  "wall_time_seconds": 132.3689722060226
}
