{
  "arms": {
    "adapted": {
      "action_noise_beta": 1.25,
      "action_noise_seeds": [
        49300,
        49301,
        49302,
        49303,
        49304,
        49305,
        49306,
        49307,
        49308,
        49309,
        49310,
        49311,
        49312,
        49313,
        49314,
        49315,
        49316,
        49317,
        49318,
        49319,
        49320,
        49321,
        49322,
        49323,
        49324,
        49325,
        49326,
        49327,
        49328,
        49329,
        49330,
        49331,
        49332,
        49333,
        49334,
        49335,
        49336,
        49337,
        49338,
        49339,
        49340,
        49341,
        49342,
        49343,
        49344,
        49345,
        49346,
        49347,
        49348,
        49349
      ],
      "actuator_clip_fraction": 0.3338679701621732,
      "applied_residual_abs_max": 0.6798667907714844,
      "applied_residual_abs_mean": 0.06408216181198897,
      "arm": "channel_opex",
      "command_at_bound_fraction": 0.06527661091168309,
      "environment_seeds": [
        39300,
        39301,
        39302,
        39303,
        39304,
        39305,
        39306,
        39307,
        39308,
        39309,
        39310,
        39311,
        39312,
        39313,
        39314,
        39315,
        39316,
        39317,
        39318,
        39319,
        39320,
        39321,
        39322,
        39323,
        39324,
        39325,
        39326,
        39327,
        39328,
        39329,
        39330,
        39331,
        39332,
        39333,
        39334,
        39335,
        39336,
        39337,
        39338,
        39339,
        39340,
        39341,
        39342,
        39343,
        39344,
        39345,
        39346,
        39347,
        39348,
        39349
      ],
      "executed_commanded_action_mse": 0.34188600841865613,
      "gradient_abs_max": 8.64257526397705,
      "gradient_l2_mean": 2.359776500501817,
      "gradient_noise_draw_calls": 0,
      "gradient_noise_sampling_frequency": "none_beta_zero_or_baseline_arm",
      "gradient_noise_seeds": [
        69300,
        69301,
        69302,
        69303,
        69304,
        69305,
        69306,
        69307,
        69308,
        69309,
        69310,
        69311,
        69312,
        69313,
        69314,
        69315,
        69316,
        69317,
        69318,
        69319,
        69320,
        69321,
        69322,
        69323,
        69324,
        69325,
        69326,
        69327,
        69328,
        69329,
        69330,
        69331,
        69332,
        69333,
        69334,
        69335,
        69336,
        69337,
        69338,
        69339,
        69340,
        69341,
        69342,
        69343,
        69344,
        69345,
        69346,
        69347,
        69348,
        69349
      ],
      "gradient_noise_stream_used": false,
      "inverse_saturation_fraction": 0.0,
      "lengths": [
        170,
        177,
        360,
        641,
        513,
        137,
        388,
        158,
        416,
        396,
        287,
        600,
        198,
        207,
        257,
        479,
        268,
        166,
        200,
        158,
        205,
        169,
        189,
        163,
        192,
        260,
        188,
        186,
        151,
        221,
        209,
        140,
        211,
        244,
        207,
        192,
        241,
        220,
        124,
        184,
        264,
        141,
        236,
        189,
        226,
        225,
        943,
        138,
        217,
        442
      ],
      "normalized_score_mean": 16.19280931585342,
      "normalized_score_std": 11.839909375298017,
      "proposed_residual_abs_mean": 0.06408216181198897,
      "q1_expected_before_update_mean": 68.83103089051743,
      "q1_gradient_calls": 13093,
      "q1_rows_by_episode": [
        170,
        177,
        360,
        641,
        513,
        137,
        388,
        158,
        416,
        396,
        287,
        600,
        198,
        207,
        257,
        479,
        268,
        166,
        200,
        158,
        205,
        169,
        189,
        163,
        192,
        260,
        188,
        186,
        151,
        221,
        209,
        140,
        211,
        244,
        207,
        192,
        241,
        220,
        124,
        184,
        264,
        141,
        236,
        189,
        226,
        225,
        943,
        138,
        217,
        442
      ],
      "q1_rows_per_action": 1,
      "q1_rows_total": 13093,
      "raw_residual_abs_max": 0.8642575144767761,
      "return_mean": 744.9876080527567,
      "return_std": 543.5312851708946,
      "returns": [
        462.65577778176475,
        406.6635775405337,
        1043.7107564673736,
        2065.1184497832946,
        1663.0403224110973,
        298.7015614284209,
        1241.1845574143488,
        351.5859053258519,
        1365.2666758627329,
        1149.9502387281968,
        811.6628922071853,
        2001.8812504267746,
        432.58726551863975,
        585.0945146594894,
        770.5928371445056,
        1598.768285507708,
        811.1150140569057,
        386.2340574214434,
        509.4296083428657,
        337.3866870308497,
        528.4671990309671,
        423.3546752931586,
        404.4195439743113,
        409.55265947253855,
        509.76489183969994,
        740.0283181367178,
        411.3882625703514,
        437.68056589691497,
        377.6191795989848,
        602.3779907086323,
        520.8191694428525,
        304.71565954344305,
        575.9611801072053,
        725.6337450709976,
        595.6167354470545,
        539.0606923269742,
        671.8420970343287,
        597.3296392772866,
        269.7015167459742,
        466.16994357624725,
        798.5593414084065,
        331.3365718571354,
        667.3962245886136,
        509.4844983507933,
        650.3327894777084,
        555.2744302062038,
        3136.0369015774836,
        322.1180257260871,
        585.4628190653806,
        1289.2449002254007
      ],
      "trust_region_clipped_fraction": 0.06527661091168309,
      "wall_time_seconds": 47.237173616013024
    },
    "baseline_only": {
      "action_noise_beta": 1.25,
      "action_noise_seeds": [
        49300,
        49301,
        49302,
        49303,
        49304,
        49305,
        49306,
        49307,
        49308,
        49309,
        49310,
        49311,
        49312,
        49313,
        49314,
        49315,
        49316,
        49317,
        49318,
        49319,
        49320,
        49321,
        49322,
        49323,
        49324,
        49325,
        49326,
        49327,
        49328,
        49329,
        49330,
        49331,
        49332,
        49333,
        49334,
        49335,
        49336,
        49337,
        49338,
        49339,
        49340,
        49341,
        49342,
        49343,
        49344,
        49345,
        49346,
        49347,
        49348,
        49349
      ],
      "actuator_clip_fraction": 0.31751798817411125,
      "applied_residual_abs_max": 0.0,
      "applied_residual_abs_mean": 0.0,
      "arm": "identity_anchor_baseline",
      "command_at_bound_fraction": 0.0,
      "environment_seeds": [
        39300,
        39301,
        39302,
        39303,
        39304,
        39305,
        39306,
        39307,
        39308,
        39309,
        39310,
        39311,
        39312,
        39313,
        39314,
        39315,
        39316,
        39317,
        39318,
        39319,
        39320,
        39321,
        39322,
        39323,
        39324,
        39325,
        39326,
        39327,
        39328,
        39329,
        39330,
        39331,
        39332,
        39333,
        39334,
        39335,
        39336,
        39337,
        39338,
        39339,
        39340,
        39341,
        39342,
        39343,
        39344,
        39345,
        39346,
        39347,
        39348,
        39349
      ],
      "executed_commanded_action_mse": 0.3503197000519849,
      "gradient_abs_max": null,
      "gradient_l2_mean": null,
      "gradient_noise_draw_calls": 0,
      "gradient_noise_sampling_frequency": "none_beta_zero_or_baseline_arm",
      "gradient_noise_seeds": [
        69300,
        69301,
        69302,
        69303,
        69304,
        69305,
        69306,
        69307,
        69308,
        69309,
        69310,
        69311,
        69312,
        69313,
        69314,
        69315,
        69316,
        69317,
        69318,
        69319,
        69320,
        69321,
        69322,
        69323,
        69324,
        69325,
        69326,
        69327,
        69328,
        69329,
        69330,
        69331,
        69332,
        69333,
        69334,
        69335,
        69336,
        69337,
        69338,
        69339,
        69340,
        69341,
        69342,
        69343,
        69344,
        69345,
        69346,
        69347,
        69348,
        69349
      ],
      "gradient_noise_stream_used": false,
      "inverse_saturation_fraction": 0.0,
      "lengths": [
        181,
        213,
        423,
        180,
        11,
        133,
        171,
        267,
        117,
        240,
        146,
        180,
        176,
        174,
        390,
        264,
        207,
        172,
        167,
        244,
        313,
        160,
        176,
        153,
        193,
        158,
        144,
        222,
        166,
        180,
        155,
        143,
        173,
        203,
        148,
        129,
        199,
        141,
        325,
        8,
        179,
        191,
        161,
        141,
        218,
        211,
        201,
        149,
        169,
        193
      ],
      "normalized_score_mean": 9.988935779208566,
      "normalized_score_std": 4.7736847384946355,
      "proposed_residual_abs_mean": 0.0,
      "q1_expected_before_update_mean": null,
      "q1_gradient_calls": 0,
      "q1_rows_by_episode": [
        0,
        0,
        0,
        0,
        0,
        0,
        0,
        0,
        0,
        0,
        0,
        0,
        0,
        0,
        0,
        0,
        0,
        0,
        0,
        0,
        0,
        0,
        0,
        0,
        0,
        0,
        0,
        0,
        0,
        0,
        0,
        0,
        0,
        0,
        0,
        0,
        0,
        0,
        0,
        0,
        0,
        0,
        0,
        0,
        0,
        0,
        0,
        0,
        0,
        0
      ],
      "q1_rows_per_action": 0,
      "q1_rows_total": 0,
      "raw_residual_abs_max": null,
      "return_mean": 460.18818522563686,
      "return_std": 219.1441605396043,
      "returns": [
        440.53497410794614,
        400.87080227352476,
        1343.7224742819296,
        459.2519828633556,
        0.44938397655992623,
        266.21057623417903,
        414.57093405603223,
        797.2970310368423,
        273.130575360395,
        566.0703169532285,
        304.6386173193069,
        439.3984803585925,
        398.8604444841879,
        421.9203119022796,
        1075.3322902096254,
        792.8565945704278,
        502.81946835757367,
        416.5260594203453,
        413.65171437679794,
        472.9424115894731,
        805.7260596662753,
        403.6696203373579,
        361.19909113733956,
        360.0794008859088,
        530.3817870742931,
        378.36864387296293,
        335.23541682405494,
        638.1447848792008,
        401.9856446783217,
        412.7721990356614,
        310.1159543252336,
        324.8224650536712,
        400.96686138630037,
        521.7827597543418,
        373.711235054081,
        288.66358002513164,
        522.0742773822565,
        338.55280682212464,
        766.6044556466405,
        -1.5162838482918473,
        452.32510333856925,
        509.89192350553844,
        366.37520707272716,
        339.1496371159766,
        560.0478049792937,
        491.08746150339186,
        494.8622683247655,
        334.4398978444375,
        382.0901222294681,
        404.7436316422062
      ],
      "trust_region_clipped_fraction": 0.0,
      "wall_time_seconds": 6.903647380997427
    }
  },
  "base_checkpoint": {
    "format": null,
    "path": "/root/hubl_research_20260914/results/inverse_residual_confirm/base_hubl_executed_25k_seed10/latest.pt",
    "sha256": "eba1af040aa73823ceba28048e10d3af2eef54c59f09c1e0194f27aa0ed4944d",
    "step": 25000
  },
  "calibration": {
    "beta": 0.0,
    "calibration_path": null,
    "calibration_sha256": null,
    "pair_count": null,
    "source": "cli_known_beta_without_pair_calibration"
  },
  "channel": {
    "beta_mismatch": true,
    "environment_rollout_beta": 1.25,
    "gradient_model": "iid_uniform_additive_then_clip",
    "model_or_calibration_beta": 0.0
  },
  "controller": {
    "K": 1,
    "actor_parameter_updates": 0,
    "baseline_transform": "identity",
    "calibration_mode": "cli_known_beta_without_pair_calibration",
    "critic": "frozen_q1",
    "critic_parameter_updates": 0,
    "delta_max": 2.0,
    "execution_noise_samples": 1,
    "gradient_noise_seed": 69300,
    "gradient_objective": "q1_of_action_bounded_command_with_deterministic_zero_channel_noise",
    "gradient_steps": 1,
    "gradient_steps_per_action": 1,
    "model_beta": 0.0,
    "q_reducer": "mean_q1",
    "step_size": 0.1
  },
  "cost": {
    "adapted_backward_calls": 13093,
    "adapted_q1_rows_per_environment_step": 1,
    "adapted_q1_rows_total": 13093,
    "base_actor_rows": 13093,
    "baseline_base_actor_rows": 9358,
    "baseline_environment_steps": 9358,
    "baseline_q1_rows_total": 0,
    "baseline_wall_time_seconds": 6.903647380997427,
    "cost_scope": "adapted_arm_deployment_controller_only",
    "environment_steps": 13093,
    "paired_evaluation_environment_steps": 22451,
    "paired_evaluation_wall_time_seconds": 55.03035826800624,
    "q1_backward_calls": 13093,
    "q1_backward_rows": 13093,
    "q1_forward_rows": 13093,
    "wall_time_seconds": 47.237173616013024
  },
  "environment": "Walker2d-v4",
  "evaluation_protocol": {
    "action_noise_seed_start": 49300,
    "actuator_noise_rng_namespace": "numpy_generator_per_episode",
    "environment": "Walker2d-v4",
    "environment_rng_namespace": "gymnasium_env_reset",
    "environment_seed_start": 39300,
    "episode_count_per_arm": 50,
    "episode_local_gradient_streams_prevent_cross_episode_call_order_coupling": true,
    "gradient_noise_antithetic": false,
    "gradient_noise_rng_namespace": "none_beta_zero_deterministic_objective",
    "gradient_noise_sampling_frequency": "none_beta_zero",
    "gradient_noise_seed_start": 69300,
    "paired_environment_and_action_noise_seeds": true,
    "selection_rule": "all requested episodes retained"
  },
  "implementation": {
    "evaluate_sha256": "cf659f47fddd8f848c84f5f114be1fcb9081a55470fe59e8c073d4f84af0bff1",
    "evaluation_controls_sha256": "24318269a6696fd22c8112b2d96913bdceb830d83de9df31ca234e1505f1aec9",
    "inverse_residual_core_sha256": "5700efa8bbefac91c991a76878c3b78c5b3e84aea83568987f7a7e8919e50041",
    "td3bc_core_sha256": "e27cec131b533dd542e77ba9de2de492db4890c6fb9723796f59a02002d1f052",
    "train_inverse_residual_adapter_sha256": "fb065682c78e6c058d1165fa68f680fb682d235ec8c9c3abe70b8098177ee0e4",
    "train_td3bc_sha256": "28094abb38441633f3e52386a9d3ac0747b9df8a4f2bd03403bf46d1d5234737"
  },
  "method_id": "original_structure_opex_t1",
  "method_scope": "original single-step OPEX structure with deterministic TD3+BC actor/Q1 and action-bound projection",
  "normalization": {
    "reference_max_score": 4592.3,
    "reference_min_score": 1.629008
  },
  "opex_reference": {
    "original_single_step_rule": "a <- a + step_size * grad_a Q(s, a)",
    "paper": "Is Value Learning Really the Main Bottleneck in Offline RL?",
    "url": "https://proceedings.neurips.cc/paper_files/paper/2024/hash/8ffb4e3118280a66b192b6f06e0e2596-Abstract-Conference.html",
    "venue": "NeurIPS 2024"
  },
  "paired": {
    "adapted_minus_baseline_returns": [
      22.120803673818614,
      5.792775267008949,
      -300.01171781455605,
      1605.866466919939,
      1662.5909384345375,
      32.49098519424189,
      826.6136233583165,
      -445.7111257109904,
      1092.1361005023377,
      583.8799217749684,
      507.02427488787845,
      1562.4827700681822,
      33.72682103445186,
      163.1742027572098,
      -304.73945306511985,
      805.9116909372802,
      308.295545699332,
      -30.292001998901867,
      95.77789396606778,
      -135.5557245586234,
      -277.2588606353082,
      19.685054955800695,
      43.22045283697173,
      49.473258586629754,
      -20.616895234593187,
      361.6596742637548,
      76.15284574629646,
      -200.4642189822858,
      -24.366465079336933,
      189.6057916729709,
      210.70321511761892,
      -20.106805510228128,
      174.99431872090497,
      203.85098531665585,
      221.90550039297347,
      250.39711230184253,
      149.76781965207226,
      258.7768324551619,
      -496.90293890066636,
      467.6862274245391,
      346.2342380698372,
      -178.55535164840302,
      301.0210175158864,
      170.33486123481669,
      90.2849844984147,
      64.1869687028119,
      2641.174633252718,
      -12.32187211835037,
      203.3726968359125,
      884.5012685831945
    ],
    "episode_count": 50,
    "positive_episode_count": 37,
    "return_difference_mean": 284.7994228271199,
    "return_difference_std": 575.3147968540972
  },
  "raw_schema": "channel_opex_v1",
  "status": "complete",
  "wall_time_seconds": 55.03035826800624
}
