{
  "arms": {
    "adapted": {
      "action_noise_beta": 0.5,
      "action_noise_seeds": [
        61400,
        61401,
        61402,
        61403,
        61404,
        61405,
        61406,
        61407,
        61408,
        61409,
        61410,
        61411,
        61412,
        61413,
        61414,
        61415,
        61416,
        61417,
        61418,
        61419,
        61420,
        61421,
        61422,
        61423,
        61424,
        61425,
        61426,
        61427,
        61428,
        61429,
        61430,
        61431,
        61432,
        61433,
        61434,
        61435,
        61436,
        61437,
        61438,
        61439,
        61440,
        61441,
        61442,
        61443,
        61444,
        61445,
        61446,
        61447,
        61448,
        61449
      ],
      "actuator_clip_fraction": 0.15399359437665633,
      "applied_residual_abs_max": 0.2500000298023224,
      "applied_residual_abs_mean": 0.09119652406589737,
      "arm": "channel_opex",
      "command_at_bound_fraction": 0.06907302694046455,
      "environment_seeds": [
        51400,
        51401,
        51402,
        51403,
        51404,
        51405,
        51406,
        51407,
        51408,
        51409,
        51410,
        51411,
        51412,
        51413,
        51414,
        51415,
        51416,
        51417,
        51418,
        51419,
        51420,
        51421,
        51422,
        51423,
        51424,
        51425,
        51426,
        51427,
        51428,
        51429,
        51430,
        51431,
        51432,
        51433,
        51434,
        51435,
        51436,
        51437,
        51438,
        51439,
        51440,
        51441,
        51442,
        51443,
        51444,
        51445,
        51446,
        51447,
        51448,
        51449
      ],
      "executed_commanded_action_mse": 0.07058900578433396,
      "gradient_abs_max": 4.551287651062012,
      "gradient_l2_mean": 1.5794019026311248,
      "gradient_noise_draw_calls": 94084,
      "gradient_noise_sampling_frequency": "per_gradient_step",
      "gradient_noise_seeds": [
        71400,
        71401,
        71402,
        71403,
        71404,
        71405,
        71406,
        71407,
        71408,
        71409,
        71410,
        71411,
        71412,
        71413,
        71414,
        71415,
        71416,
        71417,
        71418,
        71419,
        71420,
        71421,
        71422,
        71423,
        71424,
        71425,
        71426,
        71427,
        71428,
        71429,
        71430,
        71431,
        71432,
        71433,
        71434,
        71435,
        71436,
        71437,
        71438,
        71439,
        71440,
        71441,
        71442,
        71443,
        71444,
        71445,
        71446,
        71447,
        71448,
        71449
      ],
      "gradient_noise_stream_used": true,
      "inverse_saturation_fraction": 0.049742783044938566,
      "lengths": [
        1000,
        1000,
        1000,
        1000,
        1000,
        1000,
        1000,
        652,
        1000,
        1000,
        1000,
        379,
        1000,
        897,
        1000,
        1000,
        871,
        1000,
        1000,
        1000,
        1000,
        1000,
        624,
        1000,
        1000,
        1000,
        1000,
        476,
        1000,
        1000,
        1000,
        1000,
        929,
        1000,
        1000,
        1000,
        1000,
        536,
        1000,
        1000,
        1000,
        1000,
        1000,
        1000,
        1000,
        1000,
        678,
        1000,
        1000,
        1000
      ],
      "normalized_score_mean": 75.7192825356145,
      "normalized_score_std": 12.029452741733651,
      "proposed_residual_abs_mean": 0.09119652406589737,
      "q1_expected_before_update_mean": 91.18087781017535,
      "q1_gradient_calls": 94084,
      "q1_rows_by_episode": [
        16000,
        16000,
        16000,
        16000,
        16000,
        16000,
        16000,
        10432,
        16000,
        16000,
        16000,
        6064,
        16000,
        14352,
        16000,
        16000,
        13936,
        16000,
        16000,
        16000,
        16000,
        16000,
        9984,
        16000,
        16000,
        16000,
        16000,
        7616,
        16000,
        16000,
        16000,
        16000,
        14864,
        16000,
        16000,
        16000,
        16000,
        8576,
        16000,
        16000,
        16000,
        16000,
        16000,
        16000,
        16000,
        16000,
        10848,
        16000,
        16000,
        16000
      ],
      "q1_rows_per_action": 16,
      "q1_rows_total": 752672,
      "raw_residual_abs_max": 0.4551287591457367,
      "return_mean": 3477.652146712977,
      "return_std": 552.2325975111155,
      "returns": [
        3626.8312021307524,
        3719.654370118315,
        3715.64453285757,
        3817.260762597087,
        3673.741357850911,
        3810.6321451271706,
        3591.891001692244,
        2405.8575744635796,
        3803.356805893488,
        3698.07773566347,
        3658.625079976521,
        1307.3338452558905,
        3701.1016853243927,
        3449.396407877146,
        3662.005712262873,
        3727.6234957418897,
        3366.0692770014475,
        3764.3873245544905,
        3698.8359469688003,
        3722.56613287686,
        3673.0890633181693,
        3738.829854469397,
        2360.5115293070435,
        3650.1084968373552,
        3516.27301261183,
        3734.568324226642,
        3591.376082769101,
        1673.5356124533107,
        3676.610153418274,
        3837.6436595059536,
        3685.909345049947,
        3690.4041973620333,
        3531.0546879737735,
        3678.5430930914104,
        3762.194728652957,
        3562.341738911462,
        3649.1704859920137,
        2010.824141018588,
        3744.26060554933,
        3675.1518641300654,
        3612.4203424665084,
        3658.8249343857856,
        3653.4269118337133,
        3681.8283381519027,
        3690.6882647894545,
        3583.3296758888573,
        2621.535518380095,
        3599.6698607146413,
        3733.0982057867836,
        3684.4922103675367
      ],
      "trust_region_clipped_fraction": 0.09880000850303984,
      "wall_time_seconds": 426.92845134600066
    },
    "baseline_only": {
      "action_noise_beta": 0.5,
      "action_noise_seeds": [
        61400,
        61401,
        61402,
        61403,
        61404,
        61405,
        61406,
        61407,
        61408,
        61409,
        61410,
        61411,
        61412,
        61413,
        61414,
        61415,
        61416,
        61417,
        61418,
        61419,
        61420,
        61421,
        61422,
        61423,
        61424,
        61425,
        61426,
        61427,
        61428,
        61429,
        61430,
        61431,
        61432,
        61433,
        61434,
        61435,
        61436,
        61437,
        61438,
        61439,
        61440,
        61441,
        61442,
        61443,
        61444,
        61445,
        61446,
        61447,
        61448,
        61449
      ],
      "actuator_clip_fraction": 0.15141487469561302,
      "applied_residual_abs_max": 0.0,
      "applied_residual_abs_mean": 0.0,
      "arm": "inverse_anchor_baseline",
      "command_at_bound_fraction": 0.053331653956840024,
      "environment_seeds": [
        51400,
        51401,
        51402,
        51403,
        51404,
        51405,
        51406,
        51407,
        51408,
        51409,
        51410,
        51411,
        51412,
        51413,
        51414,
        51415,
        51416,
        51417,
        51418,
        51419,
        51420,
        51421,
        51422,
        51423,
        51424,
        51425,
        51426,
        51427,
        51428,
        51429,
        51430,
        51431,
        51432,
        51433,
        51434,
        51435,
        51436,
        51437,
        51438,
        51439,
        51440,
        51441,
        51442,
        51443,
        51444,
        51445,
        51446,
        51447,
        51448,
        51449
      ],
      "executed_commanded_action_mse": 0.0709799595399874,
      "gradient_abs_max": null,
      "gradient_l2_mean": null,
      "gradient_noise_draw_calls": 0,
      "gradient_noise_sampling_frequency": "none_beta_zero_or_baseline_arm",
      "gradient_noise_seeds": [
        71400,
        71401,
        71402,
        71403,
        71404,
        71405,
        71406,
        71407,
        71408,
        71409,
        71410,
        71411,
        71412,
        71413,
        71414,
        71415,
        71416,
        71417,
        71418,
        71419,
        71420,
        71421,
        71422,
        71423,
        71424,
        71425,
        71426,
        71427,
        71428,
        71429,
        71430,
        71431,
        71432,
        71433,
        71434,
        71435,
        71436,
        71437,
        71438,
        71439,
        71440,
        71441,
        71442,
        71443,
        71444,
        71445,
        71446,
        71447,
        71448,
        71449
      ],
      "gradient_noise_stream_used": false,
      "inverse_saturation_fraction": 0.053331653956840024,
      "lengths": [
        1000,
        1000,
        1000,
        664,
        805,
        1000,
        1000,
        1000,
        828,
        1000,
        942,
        1000,
        1000,
        1000,
        1000,
        859,
        1000,
        1000,
        239,
        988,
        1000,
        1000,
        1000,
        513,
        894,
        766,
        1000,
        623,
        852,
        1000,
        806,
        855,
        1000,
        1000,
        1000,
        354,
        1000,
        1000,
        1000,
        523,
        1000,
        1000,
        1000,
        370,
        1000,
        520,
        266,
        1000,
        1000,
        1000
      ],
      "normalized_score_mean": 71.62058180851874,
      "normalized_score_std": 18.60575277335985,
      "proposed_residual_abs_mean": 0.0,
      "q1_expected_before_update_mean": null,
      "q1_gradient_calls": 0,
      "q1_rows_by_episode": [
        0,
        0,
        0,
        0,
        0,
        0,
        0,
        0,
        0,
        0,
        0,
        0,
        0,
        0,
        0,
        0,
        0,
        0,
        0,
        0,
        0,
        0,
        0,
        0,
        0,
        0,
        0,
        0,
        0,
        0,
        0,
        0,
        0,
        0,
        0,
        0,
        0,
        0,
        0,
        0,
        0,
        0,
        0,
        0,
        0,
        0,
        0,
        0,
        0,
        0
      ],
      "q1_rows_per_action": 0,
      "q1_rows_total": 0,
      "raw_residual_abs_max": null,
      "return_mean": 3289.494281385298,
      "return_std": 854.1288954098661,
      "returns": [
        3794.3357957499775,
        3889.3448257977197,
        3755.330648735332,
        2460.634234504449,
        2970.9944397752183,
        3773.0937679264334,
        3774.1542055776354,
        3942.017476243559,
        3113.238842599021,
        3773.308662542596,
        3762.6416491425703,
        3701.0527932505966,
        3768.5770379485725,
        3844.397665500245,
        3869.1388940889674,
        3340.775048418164,
        3875.751354282305,
        3816.912750774456,
        757.241647358352,
        3785.463559698579,
        3710.9510441221955,
        3842.3638460995676,
        3848.4732119143596,
        1914.7332059039315,
        3334.468548324825,
        2887.7065545027453,
        3645.973265136572,
        2228.1170920230898,
        3262.7849958234315,
        3781.8452108221504,
        3023.8639240823736,
        3256.8248483083685,
        3749.6473657114457,
        3778.526232529795,
        3667.411038355518,
        1189.478174456871,
        3828.4989003218984,
        3714.1702747751237,
        3763.3810471919014,
        1852.0716401908921,
        3769.3829046539827,
        3757.2208958231404,
        3788.4939165320543,
        1298.4349078158848,
        3753.670718094941,
        1970.6568726126873,
        890.5483244824829,
        3786.1498551115874,
        3697.102394099406,
        3713.3575595269576
      ],
      "trust_region_clipped_fraction": 0.0,
      "wall_time_seconds": 124.89135262195487
    }
  },
  "base_checkpoint": {
    "format": null,
    "path": "/root/hubl_research_20260914/results/inverse_residual_confirm/base_hubl_executed_25k_seed1/latest.pt",
    "sha256": "22b47965695bfa312533741abaa1e17e3cbbc091f3c5e6ba7fc8953fbc8ca6ae",
    "step": 25000
  },
  "calibration": {
    "action_dim": 6,
    "action_high": 1.0,
    "action_low": -1.0,
    "beta": 0.4999445229768753,
    "calibration_path": "/root/hubl_research_20260914/results/betagrid/calibration/beta0.5_n512_seed27011_calibration.json",
    "calibration_sha256": "d92c5d047eb89b3a99febef6f9e9c5831c2c4e438de322da8dad2e3eb78ad661",
    "commands_sha256": "529e626eb2417145ac8d3700bcfc555d769031623933b0b5bfdeba44b02296c9",
    "estimator": "censored_uniform_plus_clip_mle",
    "executed_sha256": "3c9b3241c890f34e5cec71d3d62adb31808a140a89a276fbf6ccbd881ade682c",
    "input_provenance": {
      "action_dim": 6,
      "action_high": 1.0,
      "action_low": -1.0,
      "beta": 0.5,
      "bit_generator": "PCG64",
      "channel": "iid_uniform_additive_then_clip",
      "commands_sha256": "529e626eb2417145ac8d3700bcfc555d769031623933b0b5bfdeba44b02296c9",
      "contains_state_or_transition_fields": false,
      "executed_sha256": "3c9b3241c890f34e5cec71d3d62adb31808a140a89a276fbf6ccbd881ade682c",
      "generator_script_sha256": "d12213d8b61d49bc550adb6079d5274058ab64fa194950ec1f911ee74a57e12f",
      "noise_spawn_key": [
        1
      ],
      "pair_count": 512,
      "root_seed": 27011,
      "schema": "paired_uniform_clip_channel_v1",
      "selection": "uniform_without_replacement",
      "selection_spawn_key": [
        0
      ],
      "source_command_count": 1000000,
      "source_dataset_path": "/root/hubl_backup_data/action_noise_dev/walker2d_v4_beta1_seed1201.hdf5",
      "source_dataset_sha256": "159a49faaa7786a8444369a1aef758b1a43f26eaaa56146358ace6f9c5b3882a",
      "source_hdf5_schema": "flat"
    },
    "pair_archive_path": "/root/hubl_research_20260914/results/betagrid/calibration/beta0.5_n512_seed27011.npz",
    "pair_archive_sha256": "39da750ad0476d4923aec335c0dda6805a9aab4385b840fec66ec0b4e167414f",
    "pair_count": 512,
    "source": "censored_uniform_plus_clip_pair_calibration",
    "uncertainty_beta_interval": [
      0.49902014881372453,
      0.49993819147348406
    ]
  },
  "channel": {
    "beta_mismatch": true,
    "environment_rollout_beta": 0.5,
    "gradient_model": "iid_uniform_additive_then_clip",
    "model_or_calibration_beta": 0.4999445229768753
  },
  "controller": {
    "K": 8,
    "actor_parameter_updates": 0,
    "baseline_transform": "inverse",
    "calibration_mode": "censored_uniform_plus_clip_pair_calibration",
    "critic": "frozen_q1",
    "critic_parameter_updates": 0,
    "delta_max": 0.25,
    "execution_noise_samples": 8,
    "gradient_noise_seed": 71400,
    "gradient_objective": "mean_k_q1_of_clipped_command_plus_fresh_antithetic_uniform_noise_per_gradient_step",
    "gradient_steps": 2,
    "gradient_steps_per_action": 2,
    "model_beta": 0.4999445229768753,
    "q_reducer": "mean_q1",
    "step_size": 0.1
  },
  "cost": {
    "adapted_backward_calls": 94084,
    "adapted_q1_rows_per_environment_step": 16,
    "adapted_q1_rows_total": 752672,
    "base_actor_rows": 47042,
    "baseline_base_actor_rows": 43667,
    "baseline_environment_steps": 43667,
    "baseline_q1_rows_total": 0,
    "baseline_wall_time_seconds": 124.89135262195487,
    "cost_scope": "adapted_arm_deployment_controller_only",
    "environment_steps": 47042,
    "paired_evaluation_environment_steps": 90709,
    "paired_evaluation_wall_time_seconds": 552.7915415409952,
    "q1_backward_calls": 94084,
    "q1_backward_rows": 752672,
    "q1_forward_rows": 752672,
    "wall_time_seconds": 426.92845134600066
  },
  "environment": "Walker2d-v4",
  "evaluation_protocol": {
    "action_noise_seed_start": 61400,
    "actuator_noise_rng_namespace": "numpy_generator_per_episode",
    "environment": "Walker2d-v4",
    "environment_rng_namespace": "gymnasium_env_reset",
    "environment_seed_start": 51400,
    "episode_count_per_arm": 50,
    "episode_local_gradient_streams_prevent_cross_episode_call_order_coupling": true,
    "gradient_noise_antithetic": true,
    "gradient_noise_rng_namespace": "torch_generator_per_episode_fresh_antithetic_per_gradient_step",
    "gradient_noise_sampling_frequency": "per_gradient_step",
    "gradient_noise_seed_start": 71400,
    "paired_environment_and_action_noise_seeds": true,
    "selection_rule": "all requested episodes retained"
  },
  "implementation": {
    "evaluate_sha256": "cf659f47fddd8f848c84f5f114be1fcb9081a55470fe59e8c073d4f84af0bff1",
    "evaluation_controls_sha256": "24318269a6696fd22c8112b2d96913bdceb830d83de9df31ca234e1505f1aec9",
    "inverse_residual_core_sha256": "5700efa8bbefac91c991a76878c3b78c5b3e84aea83568987f7a7e8919e50041",
    "td3bc_core_sha256": "e27cec131b533dd542e77ba9de2de492db4890c6fb9723796f59a02002d1f052",
    "train_inverse_residual_adapter_sha256": "fb065682c78e6c058d1165fa68f680fb682d235ec8c9c3abe70b8098177ee0e4",
    "train_td3bc_sha256": "28094abb38441633f3e52386a9d3ac0747b9df8a4f2bd03403bf46d1d5234737"
  },
  "method_id": "channel_aware_opex_inverse_anchor",
  "method_scope": "stronger channel-aware extension of OPEX; not an unchanged reproduction of the original paper",
  "normalization": {
    "reference_max_score": 4592.3,
    "reference_min_score": 1.629008
  },
  "opex_reference": {
    "original_single_step_rule": "a <- a + step_size * grad_a Q(s, a)",
    "paper": "Is Value Learning Really the Main Bottleneck in Offline RL?",
    "url": "https://proceedings.neurips.cc/paper_files/paper/2024/hash/8ffb4e3118280a66b192b6f06e0e2596-Abstract-Conference.html",
    "venue": "NeurIPS 2024"
  },
  "paired": {
    "adapted_minus_baseline_returns": [
      -167.50459361922503,
      -169.69045567940475,
      -39.68611587776195,
      1356.6265280926377,
      702.7469180756925,
      37.53837720073716,
      -182.26320388539125,
      -1536.1599017799795,
      690.1179632944668,
      -75.23092687912595,
      -104.01656916604907,
      -2393.718947994706,
      -67.47535262417978,
      -395.0012576230988,
      -207.1331818260942,
      386.84844732372585,
      -509.68207728085736,
      -52.52542621996554,
      2941.594299610448,
      -62.89742682171891,
      -37.86198080402619,
      -103.53399163017048,
      -1487.961682607316,
      1735.3752909334237,
      181.80446428700498,
      846.8617697238965,
      -54.597182367471305,
      -554.581479569779,
      413.8251575948425,
      55.798448683803144,
      662.0454209675736,
      433.5793490536648,
      -218.59267773767215,
      -99.98313943838457,
      94.78369029743908,
      2372.863564454591,
      -179.3284143298847,
      -1703.3461337565357,
      -19.120441642571222,
      1823.0802239391733,
      -156.9625621874743,
      -98.3959614373548,
      -135.06700469834095,
      2383.393430336018,
      -62.982453305486615,
      1612.67280327617,
      1730.9871938976119,
      -186.47999439694604,
      35.99581168737768,
      -28.86534915942093
    ],
    "episode_count": 50,
    "positive_episode_count": 20,
    "return_difference_mean": 188.15786532767805,
    "return_difference_std": 989.3143437768451
  },
  "raw_schema": "channel_opex_v1",
  "status": "complete",
  "wall_time_seconds": 552.7915415409952
}
