{
  "action_pipeline": "agent_command -> multiply_by_command_scale -> clip_to_environment_bounds -> command_transform -> clip_to_environment_bounds -> add_seeded_actuator_noise_if_noisy -> clip_to_environment_bounds -> env.step",
  "checkpoint": "/root/hubl_research_20260914/results/inverse_residual_confirm/base_hubl_executed_25k_seed1/latest.pt",
  "checkpoint_sha256": "22b47965695bfa312533741abaa1e17e3cbbc091f3c5e6ba7fc8953fbc8ca6ae",
  "checkpoint_step": 25000,
  "clean": {
    "command_saturation_definition": "fraction_of_scaled_command_values_strictly_outside_environment_bounds_before_clip",
    "command_saturation_fraction": 0.0,
    "command_scale": 1.0,
    "command_transform": "identity",
    "command_transform_beta": 0.5,
    "command_transform_saturation_definition": "fraction_of_desired_mean_action_values_outside_the_uniform_clipped_channel_mean_range_achievable_by_bounded_commands",
    "command_transform_saturation_fraction": 0.0,
    "episode_seeds": [
      51400,
      51401,
      51402,
      51403,
      51404,
      51405,
      51406,
      51407,
      51408,
      51409,
      51410,
      51411,
      51412,
      51413,
      51414,
      51415,
      51416,
      51417,
      51418,
      51419,
      51420,
      51421,
      51422,
      51423,
      51424,
      51425,
      51426,
      51427,
      51428,
      51429,
      51430,
      51431,
      51432,
      51433,
      51434,
      51435,
      51436,
      51437,
      51438,
      51439,
      51440,
      51441,
      51442,
      51443,
      51444,
      51445,
      51446,
      51447,
      51448,
      51449
    ],
    "lengths": [
      1000,
      826,
      1000,
      1000,
      1000,
      1000,
      1000,
      1000,
      1000,
      1000,
      1000,
      1000,
      1000,
      1000,
      1000,
      1000,
      539,
      632,
      1000,
      1000,
      1000,
      1000,
      1000,
      1000,
      1000,
      1000,
      651,
      1000,
      909,
      1000,
      1000,
      1000,
      884,
      666,
      1000,
      1000,
      1000,
      1000,
      728,
      1000,
      1000,
      1000,
      1000,
      805,
      1000,
      1000,
      1000,
      1000,
      1000,
      1000
    ],
    "normalized_score_mean": 79.5236495973568,
    "normalized_score_std": 9.632347488153963,
    "return_mean": 3652.298121845582,
    "return_std": 442.18938198732457,
    "returns": [
      3852.2653039873967,
      3312.850275256487,
      3826.6937617811964,
      3831.1136273309285,
      3818.3986892857174,
      3817.5939163517633,
      3835.637603764921,
      3825.3782402235884,
      3865.5970484116006,
      3775.9439695568453,
      3831.769843808697,
      3834.734411942474,
      3819.8692403531572,
      3889.1871380521097,
      3839.9600050096305,
      3869.317162904725,
      2002.3615543358594,
      2325.6315815044977,
      3807.7603588901115,
      3752.6557335607076,
      3775.223892384116,
      3812.245138436901,
      3892.5923423542663,
      3691.7013574244997,
      3816.588370196265,
      3901.2352942318043,
      2448.629513849084,
      3848.8644960174693,
      3582.3167012660556,
      3720.4747051499,
      3862.491977186138,
      3796.1622272687464,
      3425.9872724183538,
      2546.7270818994357,
      3910.9488422459926,
      3892.0920408979364,
      3856.002674803237,
      3848.7156962515405,
      2702.206711256314,
      3784.0310199720248,
      3850.556198887055,
      3834.653851284418,
      3780.494419979986,
      3239.58798814227,
      3824.6625867675602,
      3825.8292067282778,
      3836.032599520139,
      3881.9932310937957,
      3876.529978596822,
      3814.6092094563173
    ],
    "transformed_command_at_bound_fraction": 1.0495382031905961e-05
  },
  "command_scale": 1.0,
  "command_transform": "identity",
  "command_transform_beta": 0.5,
  "environment": "Walker2d-v4",
  "implementation": {
    "evaluate_td3bc_sha256": "770a690f06ee30ba84213fc35948e9f6f8a242a9976288d32d6a3845d3a4df26",
    "evaluation_controls_sha256": "24318269a6696fd22c8112b2d96913bdceb830d83de9df31ca234e1505f1aec9",
    "train_td3bc_sha256": "28094abb38441633f3e52386a9d3ac0747b9df8a4f2bd03403bf46d1d5234737"
  },
  "implementation_sha256": "770a690f06ee30ba84213fc35948e9f6f8a242a9976288d32d6a3845d3a4df26",
  "persistent_action_noise": {
    "action_clip_fraction": 0.13016271894904458,
    "action_noise_beta": 0.5,
    "action_noise_distribution": "iid_uniform_minus_beta_plus_beta_per_step",
    "action_noise_seeds": [
      61400,
      61401,
      61402,
      61403,
      61404,
      61405,
      61406,
      61407,
      61408,
      61409,
      61410,
      61411,
      61412,
      61413,
      61414,
      61415,
      61416,
      61417,
      61418,
      61419,
      61420,
      61421,
      61422,
      61423,
      61424,
      61425,
      61426,
      61427,
      61428,
      61429,
      61430,
      61431,
      61432,
      61433,
      61434,
      61435,
      61436,
      61437,
      61438,
      61439,
      61440,
      61441,
      61442,
      61443,
      61444,
      61445,
      61446,
      61447,
      61448,
      61449
    ],
    "command_saturation_definition": "fraction_of_scaled_command_values_strictly_outside_environment_bounds_before_clip",
    "command_saturation_fraction": 0.0,
    "command_scale": 1.0,
    "command_transform": "identity",
    "command_transform_beta": 0.5,
    "command_transform_saturation_definition": "fraction_of_desired_mean_action_values_outside_the_uniform_clipped_channel_mean_range_achievable_by_bounded_commands",
    "command_transform_saturation_fraction": 0.0,
    "environment_seeds": [
      51400,
      51401,
      51402,
      51403,
      51404,
      51405,
      51406,
      51407,
      51408,
      51409,
      51410,
      51411,
      51412,
      51413,
      51414,
      51415,
      51416,
      51417,
      51418,
      51419,
      51420,
      51421,
      51422,
      51423,
      51424,
      51425,
      51426,
      51427,
      51428,
      51429,
      51430,
      51431,
      51432,
      51433,
      51434,
      51435,
      51436,
      51437,
      51438,
      51439,
      51440,
      51441,
      51442,
      51443,
      51444,
      51445,
      51446,
      51447,
      51448,
      51449
    ],
    "executed_commanded_action_mse": 0.072858763996629,
    "lengths": [
      1000,
      1000,
      1000,
      1000,
      1000,
      1000,
      1000,
      537,
      1000,
      325,
      797,
      369,
      561,
      1000,
      392,
      1000,
      375,
      1000,
      1000,
      380,
      1000,
      889,
      1000,
      1000,
      1000,
      1000,
      1000,
      1000,
      366,
      430,
      1000,
      1000,
      607,
      1000,
      1000,
      489,
      533,
      555,
      497,
      778,
      1000,
      1000,
      1000,
      553,
      1000,
      478,
      281,
      1000,
      1000,
      1000
    ],
    "normalized_score_mean": 64.93487413115464,
    "normalized_score_std": 22.361731434304684,
    "return_mean": 2982.5754384306288,
    "return_std": 1026.5535182635706,
    "returns": [
      3754.0918634021045,
      3826.311044874206,
      3699.017029864876,
      3778.793162121192,
      3735.122224663333,
      3752.7864709199944,
      3723.301636384709,
      1922.4050321515099,
      3710.2920696705746,
      1017.50735896821,
      3120.4562777585747,
      1304.8339356637782,
      1948.5239415123979,
      3757.132390378358,
      1388.1553724582022,
      3874.9917454076294,
      1327.3649092176931,
      3806.6806228798227,
      3827.3402998365823,
      1299.2823733599234,
      3690.9952774161784,
      3352.477303330455,
      3768.944616263399,
      3728.950475693796,
      3867.8661273031967,
      3676.2691381400896,
      3766.78211308254,
      3704.674401523436,
      1215.834434612611,
      1533.3823184417377,
      3809.9494887731953,
      3743.051990358292,
      2142.9443406171863,
      3619.2416962009647,
      3770.1261219689986,
      1746.3109990002242,
      1875.4793103830823,
      1954.8371565395685,
      1824.7592709139722,
      2891.4213144622618,
      3772.873224644763,
      3710.4536724970944,
      3595.251237076149,
      2026.9089371541747,
      3835.746081857658,
      1728.2126345298132,
      959.7117520154344,
      3617.9039255297416,
      3839.4309385224483,
      3783.5918611852962
    ],
    "transformed_command_at_bound_fraction": 2.07338110403397e-05
  },
  "status": "complete",
  "wall_time_seconds": 68.32155878702179
}
