{
  "action_pipeline": "agent_command -> multiply_by_command_scale -> clip_to_environment_bounds -> command_transform -> clip_to_environment_bounds -> add_seeded_actuator_noise_if_noisy -> clip_to_environment_bounds -> env.step",
  "checkpoint": "/root/hubl_research_20260914/results/inverse_residual_confirm/base_hubl_executed_25k_seed1/latest.pt",
  "checkpoint_sha256": "22b47965695bfa312533741abaa1e17e3cbbc091f3c5e6ba7fc8953fbc8ca6ae",
  "checkpoint_step": 25000,
  "clean": {
    "command_saturation_definition": "fraction_of_scaled_command_values_strictly_outside_environment_bounds_before_clip",
    "command_saturation_fraction": 0.0,
    "command_scale": 1.0,
    "command_transform": "uniform_mean_inverse",
    "command_transform_beta": 0.5,
    "command_transform_saturation_definition": "fraction_of_desired_mean_action_values_outside_the_uniform_clipped_channel_mean_range_achievable_by_bounded_commands",
    "command_transform_saturation_fraction": 0.05532130696225458,
    "episode_seeds": [
      51400,
      51401,
      51402,
      51403,
      51404,
      51405,
      51406,
      51407,
      51408,
      51409,
      51410,
      51411,
      51412,
      51413,
      51414,
      51415,
      51416,
      51417,
      51418,
      51419,
      51420,
      51421,
      51422,
      51423,
      51424,
      51425,
      51426,
      51427,
      51428,
      51429,
      51430,
      51431,
      51432,
      51433,
      51434,
      51435,
      51436,
      51437,
      51438,
      51439,
      51440,
      51441,
      51442,
      51443,
      51444,
      51445,
      51446,
      51447,
      51448,
      51449
    ],
    "lengths": [
      981,
      1000,
      1000,
      1000,
      1000,
      1000,
      1000,
      709,
      1000,
      1000,
      1000,
      1000,
      1000,
      524,
      542,
      1000,
      1000,
      537,
      1000,
      963,
      850,
      1000,
      1000,
      1000,
      523,
      539,
      1000,
      1000,
      1000,
      1000,
      1000,
      1000,
      585,
      521,
      1000,
      1000,
      1000,
      1000,
      1000,
      1000,
      904,
      1000,
      1000,
      1000,
      832,
      1000,
      1000,
      1000,
      1000,
      1000
    ],
    "normalized_score_mean": 78.61902516143302,
    "normalized_score_std": 14.393513168458927,
    "return_mean": 3610.769790279087,
    "return_std": 660.7588337541441,
    "returns": [
      3929.1294297818354,
      3959.202549559885,
      3921.076988811656,
      3989.2241464748954,
      3856.3199347344494,
      3801.3890481399485,
      3945.4371856429634,
      2821.0671856489525,
      3935.4029396391666,
      3874.8415207762205,
      3961.11503086638,
      3978.097549123452,
      3927.92658247242,
      2002.832242957885,
      2099.9208368629515,
      3957.1174660815323,
      3905.315899359333,
      2073.8997881129476,
      3959.0018841582637,
      3891.653717927667,
      3304.8125263352035,
      4096.241623636276,
      3957.5853503107805,
      3890.176727857984,
      1918.796395779042,
      2075.131353260281,
      3776.5185031291207,
      3912.623034149521,
      3890.864715557759,
      3908.7532590550118,
      3923.0156272102413,
      3834.2636679139723,
      2252.9601077089087,
      1983.4602437840774,
      3922.9492074626182,
      3904.4510150801502,
      3931.915714405634,
      4040.03425090524,
      3933.7098979387074,
      3923.4202356736646,
      3559.9981861799943,
      3949.709681285342,
      3950.995438777892,
      3912.3716008293436,
      3261.646075199529,
      3907.595446528101,
      3915.796443003998,
      3950.264547831168,
      4026.210724778106,
      3932.2459852538914
    ],
    "transformed_command_at_bound_fraction": 0.05532130696225458
  },
  "command_scale": 1.0,
  "command_transform": "uniform_mean_inverse",
  "command_transform_beta": 0.5,
  "environment": "Walker2d-v4",
  "implementation": {
    "evaluate_td3bc_sha256": "770a690f06ee30ba84213fc35948e9f6f8a242a9976288d32d6a3845d3a4df26",
    "evaluation_controls_sha256": "24318269a6696fd22c8112b2d96913bdceb830d83de9df31ca234e1505f1aec9",
    "train_td3bc_sha256": "28094abb38441633f3e52386a9d3ac0747b9df8a4f2bd03403bf46d1d5234737"
  },
  "implementation_sha256": "770a690f06ee30ba84213fc35948e9f6f8a242a9976288d32d6a3845d3a4df26",
  "persistent_action_noise": {
    "action_clip_fraction": 0.15044846843797596,
    "action_noise_beta": 0.5,
    "action_noise_distribution": "iid_uniform_minus_beta_plus_beta_per_step",
    "action_noise_seeds": [
      61400,
      61401,
      61402,
      61403,
      61404,
      61405,
      61406,
      61407,
      61408,
      61409,
      61410,
      61411,
      61412,
      61413,
      61414,
      61415,
      61416,
      61417,
      61418,
      61419,
      61420,
      61421,
      61422,
      61423,
      61424,
      61425,
      61426,
      61427,
      61428,
      61429,
      61430,
      61431,
      61432,
      61433,
      61434,
      61435,
      61436,
      61437,
      61438,
      61439,
      61440,
      61441,
      61442,
      61443,
      61444,
      61445,
      61446,
      61447,
      61448,
      61449
    ],
    "command_saturation_definition": "fraction_of_scaled_command_values_strictly_outside_environment_bounds_before_clip",
    "command_saturation_fraction": 0.0,
    "command_scale": 1.0,
    "command_transform": "uniform_mean_inverse",
    "command_transform_beta": 0.5,
    "command_transform_saturation_definition": "fraction_of_desired_mean_action_values_outside_the_uniform_clipped_channel_mean_range_achievable_by_bounded_commands",
    "command_transform_saturation_fraction": 0.05336492356292661,
    "environment_seeds": [
      51400,
      51401,
      51402,
      51403,
      51404,
      51405,
      51406,
      51407,
      51408,
      51409,
      51410,
      51411,
      51412,
      51413,
      51414,
      51415,
      51416,
      51417,
      51418,
      51419,
      51420,
      51421,
      51422,
      51423,
      51424,
      51425,
      51426,
      51427,
      51428,
      51429,
      51430,
      51431,
      51432,
      51433,
      51434,
      51435,
      51436,
      51437,
      51438,
      51439,
      51440,
      51441,
      51442,
      51443,
      51444,
      51445,
      51446,
      51447,
      51448,
      51449
    ],
    "executed_commanded_action_mse": 0.07105368991944774,
    "lengths": [
      517,
      1000,
      1000,
      826,
      1000,
      1000,
      408,
      638,
      1000,
      1000,
      915,
      1000,
      1000,
      1000,
      814,
      1000,
      621,
      900,
      239,
      1000,
      856,
      517,
      1000,
      541,
      605,
      1000,
      883,
      1000,
      544,
      1000,
      1000,
      785,
      1000,
      807,
      1000,
      347,
      693,
      396,
      924,
      1000,
      972,
      1000,
      946,
      345,
      1000,
      1000,
      324,
      1000,
      1000,
      1000
    ],
    "normalized_score_mean": 67.64355581675011,
    "normalized_score_std": 19.956101746621087,
    "return_mean": 3106.922102836876,
    "return_std": 916.1189740161394,
    "returns": [
      2017.8787263111574,
      3821.995279128999,
      3876.4888691404026,
      3227.5355517032026,
      3667.562340158066,
      3699.2581917646485,
      1463.4400909820758,
      2363.8013526782543,
      3797.814642865258,
      3696.578119509188,
      3562.938830866922,
      3686.80786707982,
      3854.12765117897,
      3702.4392205860345,
      3133.8664268781777,
      3844.6177324861533,
      2285.5055047525475,
      3438.234719892503,
      756.1833459848204,
      3795.094032250165,
      3224.4201860109843,
      1887.061237208193,
      3696.5610385127447,
      2058.1544738571524,
      2178.9589548748863,
      3785.767625460102,
      3323.575291669099,
      3822.06534387978,
      2034.0193915227878,
      3804.239178200321,
      3766.267053177362,
      2920.123640631586,
      3809.4511224493103,
      3052.9909312131044,
      3783.2301751171567,
      1153.9142814638938,
      2615.084474834207,
      1383.7212054904555,
      3576.7678212473224,
      3652.3482968812723,
      3693.0604003955245,
      3707.8740897139137,
      3492.431699801504,
      1156.2713615393077,
      3822.313926521029,
      3881.240675168695,
      1172.3413380856161,
      3706.992754976012,
      3798.3682095495988,
      3694.320466193516
    ],
    "transformed_command_at_bound_fraction": 0.05336492356292661
  },
  "status": "complete",
  "wall_time_seconds": 244.23265079100383
}
