{
  "arms": {
    "adapted": {
      "action_noise_beta": 1.25,
      "action_noise_seeds": [
        231500,
        231501,
        231502,
        231503,
        231504,
        231505,
        231506,
        231507,
        231508,
        231509,
        231510,
        231511,
        231512,
        231513,
        231514,
        231515,
        231516,
        231517,
        231518,
        231519,
        231520,
        231521,
        231522,
        231523,
        231524,
        231525,
        231526,
        231527,
        231528,
        231529,
        231530,
        231531,
        231532,
        231533,
        231534,
        231535,
        231536,
        231537,
        231538,
        231539,
        231540,
        231541,
        231542,
        231543,
        231544,
        231545,
        231546,
        231547,
        231548,
        231549
      ],
      "actuator_clip_fraction": 0.356696898002103,
      "applied_residual_abs_max": 1.7201900482177734,
      "applied_residual_abs_mean": 0.19926327485838602,
      "arm": "channel_opex",
      "command_at_bound_fraction": 0.20349467665615142,
      "environment_seeds": [
        131500,
        131501,
        131502,
        131503,
        131504,
        131505,
        131506,
        131507,
        131508,
        131509,
        131510,
        131511,
        131512,
        131513,
        131514,
        131515,
        131516,
        131517,
        131518,
        131519,
        131520,
        131521,
        131522,
        131523,
        131524,
        131525,
        131526,
        131527,
        131528,
        131529,
        131530,
        131531,
        131532,
        131533,
        131534,
        131535,
        131536,
        131537,
        131538,
        131539,
        131540,
        131541,
        131542,
        131543,
        131544,
        131545,
        131546,
        131547,
        131548,
        131549
      ],
      "executed_commanded_action_mse": 0.3316592044187403,
      "gradient_abs_max": 4.7950005531311035,
      "gradient_l2_mean": 1.3224680506942312,
      "gradient_noise_draw_calls": 40576,
      "gradient_noise_sampling_frequency": "per_gradient_step",
      "gradient_noise_seeds": [
        331500,
        331501,
        331502,
        331503,
        331504,
        331505,
        331506,
        331507,
        331508,
        331509,
        331510,
        331511,
        331512,
        331513,
        331514,
        331515,
        331516,
        331517,
        331518,
        331519,
        331520,
        331521,
        331522,
        331523,
        331524,
        331525,
        331526,
        331527,
        331528,
        331529,
        331530,
        331531,
        331532,
        331533,
        331534,
        331535,
        331536,
        331537,
        331538,
        331539,
        331540,
        331541,
        331542,
        331543,
        331544,
        331545,
        331546,
        331547,
        331548,
        331549
      ],
      "gradient_noise_stream_used": true,
      "inverse_saturation_fraction": 0.0,
      "lengths": [
        422,
        812,
        385,
        259,
        233,
        284,
        649,
        631,
        202,
        500,
        991,
        338,
        315,
        211,
        260,
        141,
        731,
        190,
        924,
        285,
        196,
        656,
        536,
        235,
        279,
        703,
        529,
        446,
        742,
        314,
        237,
        144,
        244,
        312,
        385,
        194,
        222,
        212,
        593,
        201,
        463,
        378,
        326,
        377,
        871,
        294,
        246,
        243,
        378,
        569
      ],
      "normalized_score_mean": 26.39093933336029,
      "normalized_score_std": 15.46751388333409,
      "proposed_residual_abs_mean": 0.19926327485838602,
      "q1_expected_before_update_mean": 75.5574288856244,
      "q1_gradient_calls": 40576,
      "q1_rows_by_episode": [
        6752,
        12992,
        6160,
        4144,
        3728,
        4544,
        10384,
        10096,
        3232,
        8000,
        15856,
        5408,
        5040,
        3376,
        4160,
        2256,
        11696,
        3040,
        14784,
        4560,
        3136,
        10496,
        8576,
        3760,
        4464,
        11248,
        8464,
        7136,
        11872,
        5024,
        3792,
        2304,
        3904,
        4992,
        6160,
        3104,
        3552,
        3392,
        9488,
        3216,
        7408,
        6048,
        5216,
        6032,
        13936,
        4704,
        3936,
        3888,
        6048,
        9104
      ],
      "q1_rows_per_action": 16,
      "q1_rows_total": 324608,
      "raw_residual_abs_max": 1.438500165939331,
      "return_mean": 1213.150204492889,
      "return_std": 710.0626730257909,
      "returns": [
        1307.1042342973046,
        2509.486162473993,
        1247.7461674667538,
        688.89493544492,
        631.4819387421032,
        883.7341005802875,
        1986.1108886629909,
        1829.2881740380856,
        616.9575262154857,
        1618.6921301256184,
        2964.6564425423285,
        934.8459948426616,
        998.1953844636935,
        582.733418120275,
        771.1531007339318,
        322.33040915198904,
        2302.219044696708,
        509.6656746168042,
        3055.2530041884415,
        867.6608381879211,
        549.9191725635752,
        1961.3998618101366,
        1750.633299371712,
        621.6372326115176,
        749.9263391081026,
        2267.5277944745935,
        1634.265508450055,
        1296.7790624126567,
        2395.2225364084265,
        978.3660134216317,
        734.6050461256566,
        383.52644317213395,
        627.0466826839978,
        859.6579196470577,
        973.4973659998142,
        490.8551686648337,
        609.4277250133537,
        595.4198265647626,
        1695.5695545751728,
        551.7967969677226,
        1305.3104701673435,
        1074.2121776312824,
        949.277877593753,
        1179.4084933491567,
        2765.9764376795556,
        872.0703830780146,
        632.342185722699,
        677.7469037990688,
        1100.485934316491,
        1745.3904416678806
      ],
      "trust_region_clipped_fraction": 0.15780674947423765,
      "wall_time_seconds": 162.7488189470023
    },
    "baseline_only": {
      "action_noise_beta": 1.25,
      "action_noise_seeds": [
        231500,
        231501,
        231502,
        231503,
        231504,
        231505,
        231506,
        231507,
        231508,
        231509,
        231510,
        231511,
        231512,
        231513,
        231514,
        231515,
        231516,
        231517,
        231518,
        231519,
        231520,
        231521,
        231522,
        231523,
        231524,
        231525,
        231526,
        231527,
        231528,
        231529,
        231530,
        231531,
        231532,
        231533,
        231534,
        231535,
        231536,
        231537,
        231538,
        231539,
        231540,
        231541,
        231542,
        231543,
        231544,
        231545,
        231546,
        231547,
        231548,
        231549
      ],
      "actuator_clip_fraction": 0.31871893617721603,
      "applied_residual_abs_max": 0.0,
      "applied_residual_abs_mean": 0.0,
      "arm": "identity_anchor_baseline",
      "command_at_bound_fraction": 0.0,
      "environment_seeds": [
        131500,
        131501,
        131502,
        131503,
        131504,
        131505,
        131506,
        131507,
        131508,
        131509,
        131510,
        131511,
        131512,
        131513,
        131514,
        131515,
        131516,
        131517,
        131518,
        131519,
        131520,
        131521,
        131522,
        131523,
        131524,
        131525,
        131526,
        131527,
        131528,
        131529,
        131530,
        131531,
        131532,
        131533,
        131534,
        131535,
        131536,
        131537,
        131538,
        131539,
        131540,
        131541,
        131542,
        131543,
        131544,
        131545,
        131546,
        131547,
        131548,
        131549
      ],
      "executed_commanded_action_mse": 0.3468131303034723,
      "gradient_abs_max": null,
      "gradient_l2_mean": null,
      "gradient_noise_draw_calls": 0,
      "gradient_noise_sampling_frequency": "none_beta_zero_or_baseline_arm",
      "gradient_noise_seeds": [
        331500,
        331501,
        331502,
        331503,
        331504,
        331505,
        331506,
        331507,
        331508,
        331509,
        331510,
        331511,
        331512,
        331513,
        331514,
        331515,
        331516,
        331517,
        331518,
        331519,
        331520,
        331521,
        331522,
        331523,
        331524,
        331525,
        331526,
        331527,
        331528,
        331529,
        331530,
        331531,
        331532,
        331533,
        331534,
        331535,
        331536,
        331537,
        331538,
        331539,
        331540,
        331541,
        331542,
        331543,
        331544,
        331545,
        331546,
        331547,
        331548,
        331549
      ],
      "gradient_noise_stream_used": false,
      "inverse_saturation_fraction": 0.0,
      "lengths": [
        382,
        155,
        175,
        46,
        200,
        234,
        128,
        271,
        173,
        120,
        207,
        337,
        177,
        218,
        141,
        170,
        210,
        198,
        170,
        365,
        195,
        207,
        213,
        359,
        253,
        242,
        262,
        332,
        143,
        98,
        257,
        163,
        137,
        10,
        220,
        154,
        160,
        157,
        214,
        283,
        180,
        237,
        198,
        235,
        173,
        216,
        161,
        139,
        243,
        209
      ],
      "normalized_score_mean": 11.103821131683844,
      "normalized_score_std": 5.2546813430972,
      "proposed_residual_abs_mean": 0.0,
      "q1_expected_before_update_mean": null,
      "q1_gradient_calls": 0,
      "q1_rows_by_episode": [
        0,
        0,
        0,
        0,
        0,
        0,
        0,
        0,
        0,
        0,
        0,
        0,
        0,
        0,
        0,
        0,
        0,
        0,
        0,
        0,
        0,
        0,
        0,
        0,
        0,
        0,
        0,
        0,
        0,
        0,
        0,
        0,
        0,
        0,
        0,
        0,
        0,
        0,
        0,
        0,
        0,
        0,
        0,
        0,
        0,
        0,
        0,
        0,
        0,
        0
      ],
      "q1_rows_per_action": 0,
      "q1_rows_total": 0,
      "raw_residual_abs_max": null,
      "return_mean": 511.3689036957764,
      "return_std": 241.22513213959917,
      "returns": [
        1181.2319076437986,
        352.8359908508755,
        410.42537018307905,
        11.961266067929522,
        461.60241663160923,
        550.9653196663126,
        283.4386052256073,
        720.5369594963367,
        359.7491675342629,
        271.10440911491247,
        539.4540356454894,
        854.3967862674755,
        453.0313998776066,
        593.5042279423786,
        312.84498360974885,
        398.2970855231221,
        422.7828420228755,
        528.2920689653295,
        373.14591039908527,
        1142.5396858371585,
        513.9268716535797,
        541.9450038070572,
        519.4801615286369,
        1095.521079727939,
        766.3537488047862,
        656.4982958410279,
        706.04044983883,
        945.5554314310843,
        319.8796719847095,
        172.81247975383803,
        544.6329956951635,
        416.46023935417685,
        296.3365525977433,
        -2.8733223695611874,
        627.0783241622892,
        341.1435989038043,
        318.97933790954744,
        375.8871667029376,
        588.0591264627933,
        740.6404035198102,
        461.0174480743005,
        543.2375828199473,
        476.488914200425,
        638.2466582213,
        409.36431578393183,
        418.5943932784605,
        425.29976045504486,
        338.4688186818716,
        677.3739879926673,
        473.85524946568324
      ],
      "trust_region_clipped_fraction": 0.0,
      "wall_time_seconds": 7.106437953014392
    }
  },
  "base_checkpoint": {
    "format": null,
    "path": "/root/hubl_research_20260914/results/scaleup/walker_seed4/base/latest.pt",
    "sha256": "ed6bdf90d2f82beea16eba3ba4107e4719bf45245cd3a4db6faf60cea90d9da2",
    "step": 25000
  },
  "calibration": {
    "action_dim": 6,
    "action_high": 1.0,
    "action_low": -1.0,
    "beta": 1.2498948872089386,
    "calibration_path": "/root/hubl_research_20260914/results/channel_calibration/beta125_n512_seed27001_calibration.json",
    "calibration_sha256": "b1769bdeb0eb99aa653ae5d98ef00e3f843e938fb62963821e0f2e348f904354",
    "commands_sha256": "61080b7a6e7e21a06c948d1bc56835146f4972f17047c379e569e8dcbe6cbd9f",
    "estimator": "censored_uniform_plus_clip_mle",
    "executed_sha256": "9674d0953af3cbfc54cef126b9dcebac96bab524b868bd591d10021c0a308710",
    "input_provenance": {
      "action_dim": 6,
      "action_high": 1.0,
      "action_low": -1.0,
      "beta": 1.25,
      "bit_generator": "PCG64",
      "channel": "iid_uniform_additive_then_clip",
      "commands_sha256": "61080b7a6e7e21a06c948d1bc56835146f4972f17047c379e569e8dcbe6cbd9f",
      "contains_state_or_transition_fields": false,
      "executed_sha256": "9674d0953af3cbfc54cef126b9dcebac96bab524b868bd591d10021c0a308710",
      "generator_script_sha256": "d12213d8b61d49bc550adb6079d5274058ab64fa194950ec1f911ee74a57e12f",
      "noise_spawn_key": [
        1
      ],
      "pair_count": 512,
      "root_seed": 27001,
      "schema": "paired_uniform_clip_channel_v1",
      "selection": "uniform_without_replacement",
      "selection_spawn_key": [
        0
      ],
      "source_command_count": 1000000,
      "source_dataset_path": "/root/hubl_backup_data/action_noise_dev/walker2d_v4_beta1_seed1201.hdf5",
      "source_dataset_sha256": "159a49faaa7786a8444369a1aef758b1a43f26eaaa56146358ace6f9c5b3882a",
      "source_hdf5_schema": "flat"
    },
    "pair_archive_path": "/root/hubl_research_20260914/results/channel_calibration/beta125_n512_seed27001.npz",
    "pair_archive_sha256": "76bc6bbcc47d2c6e2c76dc918c57700d9786edba19e18f8715a78c92e6c5132b",
    "pair_count": 512,
    "source": "censored_uniform_plus_clip_pair_calibration",
    "uncertainty_beta_interval": [
      1.2463959604501724,
      1.2498698003590107
    ]
  },
  "channel": {
    "beta_mismatch": true,
    "environment_rollout_beta": 1.25,
    "gradient_model": "iid_uniform_additive_then_clip",
    "model_or_calibration_beta": 1.2498948872089386
  },
  "controller": {
    "K": 8,
    "actor_parameter_updates": 0,
    "baseline_transform": "identity",
    "calibration_mode": "censored_uniform_plus_clip_pair_calibration",
    "critic": "frozen_q1",
    "critic_parameter_updates": 0,
    "delta_max": 2.0,
    "execution_noise_samples": 8,
    "gradient_noise_seed": 331500,
    "gradient_objective": "mean_k_q1_of_clipped_command_plus_fresh_antithetic_uniform_noise_per_gradient_step",
    "gradient_steps": 2,
    "gradient_steps_per_action": 2,
    "model_beta": 1.2498948872089386,
    "q_reducer": "mean_q1",
    "step_size": 0.3
  },
  "cost": {
    "adapted_backward_calls": 40576,
    "adapted_q1_rows_per_environment_step": 16,
    "adapted_q1_rows_total": 324608,
    "base_actor_rows": 20288,
    "baseline_base_actor_rows": 10127,
    "baseline_environment_steps": 10127,
    "baseline_q1_rows_total": 0,
    "baseline_wall_time_seconds": 7.106437953014392,
    "cost_scope": "adapted_arm_deployment_controller_only",
    "environment_steps": 20288,
    "paired_evaluation_environment_steps": 30415,
    "paired_evaluation_wall_time_seconds": 170.67134074500063,
    "q1_backward_calls": 40576,
    "q1_backward_rows": 324608,
    "q1_forward_rows": 324608,
    "wall_time_seconds": 162.7488189470023
  },
  "environment": "Walker2d-v4",
  "evaluation_protocol": {
    "action_noise_seed_start": 231500,
    "actuator_noise_rng_namespace": "numpy_generator_per_episode",
    "environment": "Walker2d-v4",
    "environment_rng_namespace": "gymnasium_env_reset",
    "environment_seed_start": 131500,
    "episode_count_per_arm": 50,
    "episode_local_gradient_streams_prevent_cross_episode_call_order_coupling": true,
    "gradient_noise_antithetic": true,
    "gradient_noise_rng_namespace": "torch_generator_per_episode_fresh_antithetic_per_gradient_step",
    "gradient_noise_sampling_frequency": "per_gradient_step",
    "gradient_noise_seed_start": 331500,
    "paired_environment_and_action_noise_seeds": true,
    "selection_rule": "all requested episodes retained"
  },
  "implementation": {
    "evaluate_sha256": "cf659f47fddd8f848c84f5f114be1fcb9081a55470fe59e8c073d4f84af0bff1",
    "evaluation_controls_sha256": "24318269a6696fd22c8112b2d96913bdceb830d83de9df31ca234e1505f1aec9",
    "inverse_residual_core_sha256": "5700efa8bbefac91c991a76878c3b78c5b3e84aea83568987f7a7e8919e50041",
    "td3bc_core_sha256": "e27cec131b533dd542e77ba9de2de492db4890c6fb9723796f59a02002d1f052",
    "train_inverse_residual_adapter_sha256": "fb065682c78e6c058d1165fa68f680fb682d235ec8c9c3abe70b8098177ee0e4",
    "train_td3bc_sha256": "28094abb38441633f3e52386a9d3ac0747b9df8a4f2bd03403bf46d1d5234737"
  },
  "method_id": "channel_aware_opex_identity_anchor",
  "method_scope": "stronger channel-aware extension of OPEX; not an unchanged reproduction of the original paper",
  "normalization": {
    "reference_max_score": 4592.3,
    "reference_min_score": 1.629008
  },
  "opex_reference": {
    "original_single_step_rule": "a <- a + step_size * grad_a Q(s, a)",
    "paper": "Is Value Learning Really the Main Bottleneck in Offline RL?",
    "url": "https://proceedings.neurips.cc/paper_files/paper/2024/hash/8ffb4e3118280a66b192b6f06e0e2596-Abstract-Conference.html",
    "venue": "NeurIPS 2024"
  },
  "paired": {
    "adapted_minus_baseline_returns": [
      125.87232665350598,
      2156.6501716231173,
      837.3207972836748,
      676.9336693769905,
      169.879522110494,
      332.768780913975,
      1702.6722834373836,
      1108.7512145417488,
      257.2083586812228,
      1347.587721010706,
      2425.202406896839,
      80.44920857518616,
      545.1639845860868,
      -10.770809822103615,
      458.3081171241829,
      -75.96667637113308,
      1879.4362026738324,
      -18.626394348525253,
      2682.1070937893564,
      -274.8788476492374,
      35.99230090999549,
      1419.4548580030794,
      1231.153137843075,
      -473.8838471164214,
      -16.427409696683526,
      1611.0294986335657,
      928.225058611225,
      351.22363098157234,
      2075.342864423717,
      805.5535336677937,
      189.97205043049314,
      -32.9337961820429,
      330.7101300862545,
      862.5312420166189,
      346.419041837525,
      149.7115697610294,
      290.4483871038062,
      219.53265986182504,
      1107.5104281123795,
      -188.84360655208764,
      844.293022093043,
      530.9745948113351,
      472.78896339332806,
      541.1618351278568,
      2356.6121218956237,
      453.47598979955416,
      207.04242526765415,
      339.27808511719724,
      423.11194632382376,
      1271.5351922021973
    ],
    "episode_count": 50,
    "positive_episode_count": 42,
    "return_difference_mean": 701.7813007971125,
    "return_difference_std": 754.9799797003526
  },
  "raw_schema": "channel_opex_v1",
  "status": "complete",
  "wall_time_seconds": 170.67134074500063
}
