{
  "action_pipeline": "agent_command -> multiply_by_command_scale -> clip_to_environment_bounds -> command_transform -> clip_to_environment_bounds -> add_seeded_actuator_noise_if_noisy -> clip_to_environment_bounds -> env.step",
  "checkpoint": "/root/hubl_research_20260914/results/scaleup/walker_seed4/base/latest.pt",
  "checkpoint_sha256": "ed6bdf90d2f82beea16eba3ba4107e4719bf45245cd3a4db6faf60cea90d9da2",
  "checkpoint_step": 25000,
  "clean": {
    "command_saturation_definition": "fraction_of_scaled_command_values_strictly_outside_environment_bounds_before_clip",
    "command_saturation_fraction": 0.0,
    "command_scale": 1.0,
    "command_transform": "uniform_mean_inverse",
    "command_transform_beta": 1.25,
    "command_transform_saturation_definition": "fraction_of_desired_mean_action_values_outside_the_uniform_clipped_channel_mean_range_achievable_by_bounded_commands",
    "command_transform_saturation_fraction": 0.22713333333333333,
    "episode_seeds": [
      131500,
      131501,
      131502,
      131503,
      131504,
      131505,
      131506,
      131507,
      131508,
      131509,
      131510,
      131511,
      131512,
      131513,
      131514,
      131515,
      131516,
      131517,
      131518,
      131519,
      131520,
      131521,
      131522,
      131523,
      131524,
      131525,
      131526,
      131527,
      131528,
      131529,
      131530,
      131531,
      131532,
      131533,
      131534,
      131535,
      131536,
      131537,
      131538,
      131539,
      131540,
      131541,
      131542,
      131543,
      131544,
      131545,
      131546,
      131547,
      131548,
      131549
    ],
    "lengths": [
      1000,
      1000,
      1000,
      1000,
      1000,
      1000,
      1000,
      1000,
      1000,
      1000,
      1000,
      1000,
      1000,
      1000,
      1000,
      1000,
      1000,
      1000,
      1000,
      1000,
      1000,
      1000,
      1000,
      1000,
      1000,
      1000,
      1000,
      1000,
      1000,
      1000,
      1000,
      1000,
      1000,
      1000,
      1000,
      1000,
      1000,
      1000,
      1000,
      1000,
      1000,
      1000,
      1000,
      1000,
      1000,
      1000,
      1000,
      1000,
      1000,
      1000
    ],
    "normalized_score_mean": 77.29830182965132,
    "normalized_score_std": 1.2424444697078956,
    "return_mean": 3550.139727402408,
    "return_std": 57.03653786258861,
    "returns": [
      3362.579094546437,
      3552.7625081971532,
      3580.8091290866723,
      3593.749867017048,
      3510.5312880969836,
      3549.3176150585355,
      3528.599621970457,
      3588.463196055893,
      3578.6857421723157,
      3647.954690101108,
      3578.8721446286945,
      3499.8037305216258,
      3568.3701877123603,
      3560.836282380182,
      3520.4177295715954,
      3656.165196715972,
      3527.4657247076407,
      3494.11462486058,
      3504.886505133964,
      3574.0990068600936,
      3538.204787814694,
      3543.173210170795,
      3532.4068525687494,
      3493.5466743338948,
      3669.056572446754,
      3541.324155338829,
      3521.2213071933315,
      3549.251956946519,
      3598.1486180399124,
      3587.146061698729,
      3585.3068391508527,
      3539.427092327179,
      3554.3304177777172,
      3553.682348766894,
      3549.7259906896197,
      3619.0295829724373,
      3526.5659165310535,
      3523.1699266010114,
      3563.032788049265,
      3555.9387822196454,
      3574.4396486875007,
      3356.8397875650853,
      3637.316074057245,
      3529.1991757503947,
      3501.1597177327685,
      3584.713906480442,
      3545.2915058213352,
      3499.5044795454082,
      3529.475045977617,
      3626.8732614694163
    ],
    "transformed_command_at_bound_fraction": 0.22713333333333333
  },
  "command_scale": 1.0,
  "command_transform": "uniform_mean_inverse",
  "command_transform_beta": 1.25,
  "environment": "Walker2d-v4",
  "implementation": {
    "evaluate_td3bc_sha256": "770a690f06ee30ba84213fc35948e9f6f8a242a9976288d32d6a3845d3a4df26",
    "evaluation_controls_sha256": "24318269a6696fd22c8112b2d96913bdceb830d83de9df31ca234e1505f1aec9",
    "train_td3bc_sha256": "28094abb38441633f3e52386a9d3ac0747b9df8a4f2bd03403bf46d1d5234737"
  },
  "implementation_sha256": "770a690f06ee30ba84213fc35948e9f6f8a242a9976288d32d6a3845d3a4df26",
  "persistent_action_noise": {
    "action_clip_fraction": 0.3853275158024277,
    "action_noise_beta": 1.25,
    "action_noise_distribution": "iid_uniform_minus_beta_plus_beta_per_step",
    "action_noise_seeds": [
      231500,
      231501,
      231502,
      231503,
      231504,
      231505,
      231506,
      231507,
      231508,
      231509,
      231510,
      231511,
      231512,
      231513,
      231514,
      231515,
      231516,
      231517,
      231518,
      231519,
      231520,
      231521,
      231522,
      231523,
      231524,
      231525,
      231526,
      231527,
      231528,
      231529,
      231530,
      231531,
      231532,
      231533,
      231534,
      231535,
      231536,
      231537,
      231538,
      231539,
      231540,
      231541,
      231542,
      231543,
      231544,
      231545,
      231546,
      231547,
      231548,
      231549
    ],
    "command_saturation_definition": "fraction_of_scaled_command_values_strictly_outside_environment_bounds_before_clip",
    "command_saturation_fraction": 0.0,
    "command_scale": 1.0,
    "command_transform": "uniform_mean_inverse",
    "command_transform_beta": 1.25,
    "command_transform_saturation_definition": "fraction_of_desired_mean_action_values_outside_the_uniform_clipped_channel_mean_range_achievable_by_bounded_commands",
    "command_transform_saturation_fraction": 0.345490481251515,
    "environment_seeds": [
      131500,
      131501,
      131502,
      131503,
      131504,
      131505,
      131506,
      131507,
      131508,
      131509,
      131510,
      131511,
      131512,
      131513,
      131514,
      131515,
      131516,
      131517,
      131518,
      131519,
      131520,
      131521,
      131522,
      131523,
      131524,
      131525,
      131526,
      131527,
      131528,
      131529,
      131530,
      131531,
      131532,
      131533,
      131534,
      131535,
      131536,
      131537,
      131538,
      131539,
      131540,
      131541,
      131542,
      131543,
      131544,
      131545,
      131546,
      131547,
      131548,
      131549
    ],
    "executed_commanded_action_mse": 0.31798748854683373,
    "lengths": [
      362,
      394,
      514,
      730,
      201,
      305,
      568,
      226,
      501,
      124,
      399,
      277,
      190,
      242,
      207,
      338,
      288,
      283,
      280,
      285,
      186,
      457,
      534,
      1000,
      356,
      484,
      269,
      581,
      338,
      820,
      242,
      118,
      180,
      274,
      357,
      253,
      282,
      626,
      173,
      519,
      339,
      666,
      232,
      280,
      233,
      182,
      233,
      422,
      213,
      314
    ],
    "normalized_score_mean": 23.981158391565945,
    "normalized_score_std": 14.613631388220252,
    "return_mean": 1102.5250898271918,
    "return_std": 670.8637370168341,
    "returns": [
      1034.9981980752732,
      1243.0392257499702,
      1731.1790090475924,
      2666.3075184033246,
      531.6836360084441,
      849.2408360609925,
      1815.8771355653726,
      562.605547248691,
      1663.4108857841607,
      270.3944225374692,
      1283.707846535698,
      782.1187801275051,
      521.6579568165358,
      690.0631729445018,
      582.7816875383445,
      1074.4132787029998,
      829.2345283280222,
      854.1973742073205,
      791.5468217110142,
      890.8426576282815,
      448.2404364972643,
      1430.8494484372604,
      1720.167043772962,
      3540.734788557129,
      1106.779894049946,
      1552.349843480939,
      787.7689989118694,
      1823.4523147608031,
      1064.3028692882901,
      2725.8634962421356,
      709.5431713660333,
      242.16706765916055,
      423.0721481803504,
      798.7784456954531,
      1025.0252964458382,
      729.8578955992721,
      861.3059610642971,
      2021.1522700756577,
      414.6491378868089,
      1752.216988327119,
      1100.1187764761794,
      2103.400501318819,
      636.0253110577969,
      825.2685148513195,
      653.9453423630814,
      414.38317351120105,
      668.8634009209657,
      1387.2664639685158,
      600.4318618206763,
      888.9731097509347
    ],
    "transformed_command_at_bound_fraction": 0.345490481251515
  },
  "status": "complete",
  "wall_time_seconds": 201.68073118798202
}
