{
  "arms": {
    "adapted": {
      "action_noise_beta": 1.25,
      "action_noise_seeds": [
        231500,
        231501,
        231502,
        231503,
        231504,
        231505,
        231506,
        231507,
        231508,
        231509,
        231510,
        231511,
        231512,
        231513,
        231514,
        231515,
        231516,
        231517,
        231518,
        231519,
        231520,
        231521,
        231522,
        231523,
        231524,
        231525,
        231526,
        231527,
        231528,
        231529,
        231530,
        231531,
        231532,
        231533,
        231534,
        231535,
        231536,
        231537,
        231538,
        231539,
        231540,
        231541,
        231542,
        231543,
        231544,
        231545,
        231546,
        231547,
        231548,
        231549
      ],
      "actuator_clip_fraction": 0.3339862260693751,
      "applied_residual_abs_max": 0.6053094267845154,
      "applied_residual_abs_mean": 0.06421045864611044,
      "arm": "channel_opex",
      "command_at_bound_fraction": 0.06375181651608011,
      "environment_seeds": [
        131500,
        131501,
        131502,
        131503,
        131504,
        131505,
        131506,
        131507,
        131508,
        131509,
        131510,
        131511,
        131512,
        131513,
        131514,
        131515,
        131516,
        131517,
        131518,
        131519,
        131520,
        131521,
        131522,
        131523,
        131524,
        131525,
        131526,
        131527,
        131528,
        131529,
        131530,
        131531,
        131532,
        131533,
        131534,
        131535,
        131536,
        131537,
        131538,
        131539,
        131540,
        131541,
        131542,
        131543,
        131544,
        131545,
        131546,
        131547,
        131548,
        131549
      ],
      "executed_commanded_action_mse": 0.34212498398260904,
      "gradient_abs_max": 8.596323013305664,
      "gradient_l2_mean": 2.333680785986699,
      "gradient_noise_draw_calls": 0,
      "gradient_noise_sampling_frequency": "none_beta_zero_or_baseline_arm",
      "gradient_noise_seeds": [
        331500,
        331501,
        331502,
        331503,
        331504,
        331505,
        331506,
        331507,
        331508,
        331509,
        331510,
        331511,
        331512,
        331513,
        331514,
        331515,
        331516,
        331517,
        331518,
        331519,
        331520,
        331521,
        331522,
        331523,
        331524,
        331525,
        331526,
        331527,
        331528,
        331529,
        331530,
        331531,
        331532,
        331533,
        331534,
        331535,
        331536,
        331537,
        331538,
        331539,
        331540,
        331541,
        331542,
        331543,
        331544,
        331545,
        331546,
        331547,
        331548,
        331549
      ],
      "gradient_noise_stream_used": false,
      "inverse_saturation_fraction": 0.0,
      "lengths": [
        389,
        761,
        154,
        627,
        155,
        382,
        417,
        168,
        235,
        498,
        359,
        305,
        207,
        165,
        135,
        175,
        178,
        299,
        235,
        658,
        666,
        214,
        577,
        278,
        1000,
        223,
        346,
        531,
        172,
        697,
        232,
        165,
        194,
        10,
        275,
        135,
        296,
        124,
        222,
        332,
        297,
        293,
        170,
        164,
        247,
        199,
        316,
        261,
        271,
        418
      ],
      "normalized_score_mean": 19.876683155933357,
      "normalized_score_std": 14.303452397975418,
      "proposed_residual_abs_mean": 0.06421045864611044,
      "q1_expected_before_update_mean": 72.61409189548067,
      "q1_gradient_calls": 15827,
      "q1_rows_by_episode": [
        389,
        761,
        154,
        627,
        155,
        382,
        417,
        168,
        235,
        498,
        359,
        305,
        207,
        165,
        135,
        175,
        178,
        299,
        235,
        658,
        666,
        214,
        577,
        278,
        1000,
        223,
        346,
        531,
        172,
        697,
        232,
        165,
        194,
        10,
        275,
        135,
        296,
        124,
        222,
        332,
        297,
        293,
        170,
        164,
        247,
        199,
        316,
        261,
        271,
        418
      ],
      "q1_rows_per_action": 1,
      "q1_rows_total": 15827,
      "raw_residual_abs_max": 0.8596323132514954,
      "return_mean": 914.1021358111826,
      "return_std": 656.624440088386,
      "returns": [
        1138.6794120010259,
        2397.7116830386562,
        368.47276185382646,
        1986.5906425426115,
        310.459513912083,
        1148.1757342094652,
        1260.0431848751164,
        338.5183458161955,
        593.7626921461945,
        1643.5940934865507,
        1008.8022771370279,
        770.6109271392272,
        573.0723224308067,
        393.8404194557505,
        277.240365626195,
        463.92082636761404,
        423.06887662697324,
        863.9552450759095,
        580.5655108418724,
        2095.2604720742597,
        2187.5200816415577,
        596.7004109522027,
        1759.6007405500175,
        803.6863154613305,
        3219.6755162362074,
        628.2163244373876,
        977.749123315759,
        1655.1615228281803,
        424.27264945831064,
        2241.9681908308175,
        648.6488885850774,
        447.98908428332476,
        495.7859213524772,
        -4.361655528596122,
        816.3923781650386,
        280.51214364191674,
        859.8743275555108,
        280.74609840653284,
        597.5997455356213,
        969.2801535872597,
        938.7489712016768,
        730.4157252698747,
        361.0756403036059,
        362.3320304039107,
        723.2849821675277,
        460.0630843222993,
        888.5620841850259,
        787.5404121220978,
        820.2669945545387,
        1109.4535980752773
      ],
      "trust_region_clipped_fraction": 0.06375181651608011,
      "wall_time_seconds": 55.370209173008334
    },
    "baseline_only": {
      "action_noise_beta": 1.25,
      "action_noise_seeds": [
        231500,
        231501,
        231502,
        231503,
        231504,
        231505,
        231506,
        231507,
        231508,
        231509,
        231510,
        231511,
        231512,
        231513,
        231514,
        231515,
        231516,
        231517,
        231518,
        231519,
        231520,
        231521,
        231522,
        231523,
        231524,
        231525,
        231526,
        231527,
        231528,
        231529,
        231530,
        231531,
        231532,
        231533,
        231534,
        231535,
        231536,
        231537,
        231538,
        231539,
        231540,
        231541,
        231542,
        231543,
        231544,
        231545,
        231546,
        231547,
        231548,
        231549
      ],
      "actuator_clip_fraction": 0.31871893617721603,
      "applied_residual_abs_max": 0.0,
      "applied_residual_abs_mean": 0.0,
      "arm": "identity_anchor_baseline",
      "command_at_bound_fraction": 0.0,
      "environment_seeds": [
        131500,
        131501,
        131502,
        131503,
        131504,
        131505,
        131506,
        131507,
        131508,
        131509,
        131510,
        131511,
        131512,
        131513,
        131514,
        131515,
        131516,
        131517,
        131518,
        131519,
        131520,
        131521,
        131522,
        131523,
        131524,
        131525,
        131526,
        131527,
        131528,
        131529,
        131530,
        131531,
        131532,
        131533,
        131534,
        131535,
        131536,
        131537,
        131538,
        131539,
        131540,
        131541,
        131542,
        131543,
        131544,
        131545,
        131546,
        131547,
        131548,
        131549
      ],
      "executed_commanded_action_mse": 0.3468131303034723,
      "gradient_abs_max": null,
      "gradient_l2_mean": null,
      "gradient_noise_draw_calls": 0,
      "gradient_noise_sampling_frequency": "none_beta_zero_or_baseline_arm",
      "gradient_noise_seeds": [
        331500,
        331501,
        331502,
        331503,
        331504,
        331505,
        331506,
        331507,
        331508,
        331509,
        331510,
        331511,
        331512,
        331513,
        331514,
        331515,
        331516,
        331517,
        331518,
        331519,
        331520,
        331521,
        331522,
        331523,
        331524,
        331525,
        331526,
        331527,
        331528,
        331529,
        331530,
        331531,
        331532,
        331533,
        331534,
        331535,
        331536,
        331537,
        331538,
        331539,
        331540,
        331541,
        331542,
        331543,
        331544,
        331545,
        331546,
        331547,
        331548,
        331549
      ],
      "gradient_noise_stream_used": false,
      "inverse_saturation_fraction": 0.0,
      "lengths": [
        382,
        155,
        175,
        46,
        200,
        234,
        128,
        271,
        173,
        120,
        207,
        337,
        177,
        218,
        141,
        170,
        210,
        198,
        170,
        365,
        195,
        207,
        213,
        359,
        253,
        242,
        262,
        332,
        143,
        98,
        257,
        163,
        137,
        10,
        220,
        154,
        160,
        157,
        214,
        283,
        180,
        237,
        198,
        235,
        173,
        216,
        161,
        139,
        243,
        209
      ],
      "normalized_score_mean": 11.103821131683844,
      "normalized_score_std": 5.2546813430972,
      "proposed_residual_abs_mean": 0.0,
      "q1_expected_before_update_mean": null,
      "q1_gradient_calls": 0,
      "q1_rows_by_episode": [
        0,
        0,
        0,
        0,
        0,
        0,
        0,
        0,
        0,
        0,
        0,
        0,
        0,
        0,
        0,
        0,
        0,
        0,
        0,
        0,
        0,
        0,
        0,
        0,
        0,
        0,
        0,
        0,
        0,
        0,
        0,
        0,
        0,
        0,
        0,
        0,
        0,
        0,
        0,
        0,
        0,
        0,
        0,
        0,
        0,
        0,
        0,
        0,
        0,
        0
      ],
      "q1_rows_per_action": 0,
      "q1_rows_total": 0,
      "raw_residual_abs_max": null,
      "return_mean": 511.3689036957764,
      "return_std": 241.22513213959917,
      "returns": [
        1181.2319076437986,
        352.8359908508755,
        410.42537018307905,
        11.961266067929522,
        461.60241663160923,
        550.9653196663126,
        283.4386052256073,
        720.5369594963367,
        359.7491675342629,
        271.10440911491247,
        539.4540356454894,
        854.3967862674755,
        453.0313998776066,
        593.5042279423786,
        312.84498360974885,
        398.2970855231221,
        422.7828420228755,
        528.2920689653295,
        373.14591039908527,
        1142.5396858371585,
        513.9268716535797,
        541.9450038070572,
        519.4801615286369,
        1095.521079727939,
        766.3537488047862,
        656.4982958410279,
        706.04044983883,
        945.5554314310843,
        319.8796719847095,
        172.81247975383803,
        544.6329956951635,
        416.46023935417685,
        296.3365525977433,
        -2.8733223695611874,
        627.0783241622892,
        341.1435989038043,
        318.97933790954744,
        375.8871667029376,
        588.0591264627933,
        740.6404035198102,
        461.0174480743005,
        543.2375828199473,
        476.488914200425,
        638.2466582213,
        409.36431578393183,
        418.5943932784605,
        425.29976045504486,
        338.4688186818716,
        677.3739879926673,
        473.85524946568324
      ],
      "trust_region_clipped_fraction": 0.0,
      "wall_time_seconds": 7.311563853989355
    }
  },
  "base_checkpoint": {
    "format": null,
    "path": "/root/hubl_research_20260914/results/scaleup/walker_seed4/base/latest.pt",
    "sha256": "ed6bdf90d2f82beea16eba3ba4107e4719bf45245cd3a4db6faf60cea90d9da2",
    "step": 25000
  },
  "calibration": {
    "beta": 0.0,
    "calibration_path": null,
    "calibration_sha256": null,
    "pair_count": null,
    "source": "cli_known_beta_without_pair_calibration"
  },
  "channel": {
    "beta_mismatch": true,
    "environment_rollout_beta": 1.25,
    "gradient_model": "iid_uniform_additive_then_clip",
    "model_or_calibration_beta": 0.0
  },
  "controller": {
    "K": 1,
    "actor_parameter_updates": 0,
    "baseline_transform": "identity",
    "calibration_mode": "cli_known_beta_without_pair_calibration",
    "critic": "frozen_q1",
    "critic_parameter_updates": 0,
    "delta_max": 2.0,
    "execution_noise_samples": 1,
    "gradient_noise_seed": 331500,
    "gradient_objective": "q1_of_action_bounded_command_with_deterministic_zero_channel_noise",
    "gradient_steps": 1,
    "gradient_steps_per_action": 1,
    "model_beta": 0.0,
    "q_reducer": "mean_q1",
    "step_size": 0.1
  },
  "cost": {
    "adapted_backward_calls": 15827,
    "adapted_q1_rows_per_environment_step": 1,
    "adapted_q1_rows_total": 15827,
    "base_actor_rows": 15827,
    "baseline_base_actor_rows": 10127,
    "baseline_environment_steps": 10127,
    "baseline_q1_rows_total": 0,
    "baseline_wall_time_seconds": 7.311563853989355,
    "cost_scope": "adapted_arm_deployment_controller_only",
    "environment_steps": 15827,
    "paired_evaluation_environment_steps": 25954,
    "paired_evaluation_wall_time_seconds": 63.56424054596573,
    "q1_backward_calls": 15827,
    "q1_backward_rows": 15827,
    "q1_forward_rows": 15827,
    "wall_time_seconds": 55.370209173008334
  },
  "environment": "Walker2d-v4",
  "evaluation_protocol": {
    "action_noise_seed_start": 231500,
    "actuator_noise_rng_namespace": "numpy_generator_per_episode",
    "environment": "Walker2d-v4",
    "environment_rng_namespace": "gymnasium_env_reset",
    "environment_seed_start": 131500,
    "episode_count_per_arm": 50,
    "episode_local_gradient_streams_prevent_cross_episode_call_order_coupling": true,
    "gradient_noise_antithetic": false,
    "gradient_noise_rng_namespace": "none_beta_zero_deterministic_objective",
    "gradient_noise_sampling_frequency": "none_beta_zero",
    "gradient_noise_seed_start": 331500,
    "paired_environment_and_action_noise_seeds": true,
    "selection_rule": "all requested episodes retained"
  },
  "implementation": {
    "evaluate_sha256": "cf659f47fddd8f848c84f5f114be1fcb9081a55470fe59e8c073d4f84af0bff1",
    "evaluation_controls_sha256": "24318269a6696fd22c8112b2d96913bdceb830d83de9df31ca234e1505f1aec9",
    "inverse_residual_core_sha256": "5700efa8bbefac91c991a76878c3b78c5b3e84aea83568987f7a7e8919e50041",
    "td3bc_core_sha256": "e27cec131b533dd542e77ba9de2de492db4890c6fb9723796f59a02002d1f052",
    "train_inverse_residual_adapter_sha256": "fb065682c78e6c058d1165fa68f680fb682d235ec8c9c3abe70b8098177ee0e4",
    "train_td3bc_sha256": "28094abb38441633f3e52386a9d3ac0747b9df8a4f2bd03403bf46d1d5234737"
  },
  "method_id": "original_structure_opex_t1",
  "method_scope": "original single-step OPEX structure with deterministic TD3+BC actor/Q1 and action-bound projection",
  "normalization": {
    "reference_max_score": 4592.3,
    "reference_min_score": 1.629008
  },
  "opex_reference": {
    "original_single_step_rule": "a <- a + step_size * grad_a Q(s, a)",
    "paper": "Is Value Learning Really the Main Bottleneck in Offline RL?",
    "url": "https://proceedings.neurips.cc/paper_files/paper/2024/hash/8ffb4e3118280a66b192b6f06e0e2596-Abstract-Conference.html",
    "venue": "NeurIPS 2024"
  },
  "paired": {
    "adapted_minus_baseline_returns": [
      -42.55249564277278,
      2044.8756921877807,
      -41.9526083292526,
      1974.629376474682,
      -151.1429027195262,
      597.2104145431526,
      976.6045796495091,
      -382.01861368014124,
      234.0135246119316,
      1372.4896843716383,
      469.3482414915385,
      -83.78585912824826,
      120.04092255320012,
      -199.6638084866281,
      -35.60461798355385,
      65.62374084449192,
      0.28603460409772197,
      335.66317611058,
      207.41960044278716,
      952.7207862371013,
      1673.5932099879778,
      54.755407145145455,
      1240.1205790213805,
      -291.83476426660843,
      2453.321767431421,
      -28.28197140364034,
      271.708673476929,
      709.606091397096,
      104.39297747360115,
      2069.1557110769795,
      104.01589288991397,
      31.52884492914791,
      199.44936875473388,
      -1.488333159034935,
      189.31405400274946,
      -60.63145526188754,
      540.8949896459634,
      -95.14106829640474,
      9.540619072828008,
      228.63975006744954,
      477.7315231273763,
      187.17814244992735,
      -115.41327389681908,
      -275.91462781738926,
      313.92066638359586,
      41.46869104383882,
      463.26232372998106,
      449.0715934402262,
      142.8930065618714,
      635.598348609594
    ],
    "episode_count": 50,
    "positive_episode_count": 36,
    "return_difference_mean": 402.7332321154062,
    "return_difference_std": 660.268966190551
  },
  "raw_schema": "channel_opex_v1",
  "status": "complete",
  "wall_time_seconds": 63.56424054596573
}
