{
  "arms": {
    "adapted": {
      "action_noise_beta": 1.4,
      "action_noise_seeds": [
        61700,
        61701,
        61702,
        61703,
        61704,
        61705,
        61706,
        61707,
        61708,
        61709,
        61710,
        61711,
        61712,
        61713,
        61714,
        61715,
        61716,
        61717,
        61718,
        61719,
        61720,
        61721,
        61722,
        61723,
        61724,
        61725,
        61726,
        61727,
        61728,
        61729,
        61730,
        61731,
        61732,
        61733,
        61734,
        61735,
        61736,
        61737,
        61738,
        61739,
        61740,
        61741,
        61742,
        61743,
        61744,
        61745,
        61746,
        61747,
        61748,
        61749
      ],
      "actuator_clip_fraction": 0.4118217054263566,
      "applied_residual_abs_max": 0.2500000298023224,
      "applied_residual_abs_mean": 0.045784022135765295,
      "arm": "channel_opex",
      "command_at_bound_fraction": 0.27765173000567217,
      "environment_seeds": [
        51700,
        51701,
        51702,
        51703,
        51704,
        51705,
        51706,
        51707,
        51708,
        51709,
        51710,
        51711,
        51712,
        51713,
        51714,
        51715,
        51716,
        51717,
        51718,
        51719,
        51720,
        51721,
        51722,
        51723,
        51724,
        51725,
        51726,
        51727,
        51728,
        51729,
        51730,
        51731,
        51732,
        51733,
        51734,
        51735,
        51736,
        51737,
        51738,
        51739,
        51740,
        51741,
        51742,
        51743,
        51744,
        51745,
        51746,
        51747,
        51748,
        51749
      ],
      "executed_commanded_action_mse": 0.38136699740626695,
      "gradient_abs_max": 4.697097301483154,
      "gradient_l2_mean": 1.2459914478992644,
      "gradient_noise_draw_calls": 28208,
      "gradient_noise_sampling_frequency": "per_gradient_step",
      "gradient_noise_seeds": [
        71700,
        71701,
        71702,
        71703,
        71704,
        71705,
        71706,
        71707,
        71708,
        71709,
        71710,
        71711,
        71712,
        71713,
        71714,
        71715,
        71716,
        71717,
        71718,
        71719,
        71720,
        71721,
        71722,
        71723,
        71724,
        71725,
        71726,
        71727,
        71728,
        71729,
        71730,
        71731,
        71732,
        71733,
        71734,
        71735,
        71736,
        71737,
        71738,
        71739,
        71740,
        71741,
        71742,
        71743,
        71744,
        71745,
        71746,
        71747,
        71748,
        71749
      ],
      "gradient_noise_stream_used": true,
      "inverse_saturation_fraction": 0.38100302514653056,
      "lengths": [
        186,
        369,
        262,
        187,
        285,
        160,
        282,
        307,
        191,
        537,
        552,
        129,
        294,
        176,
        201,
        200,
        498,
        432,
        292,
        207,
        164,
        332,
        173,
        264,
        201,
        318,
        269,
        172,
        193,
        188,
        255,
        401,
        150,
        240,
        227,
        665,
        184,
        508,
        271,
        510,
        204,
        271,
        178,
        263,
        216,
        262,
        438,
        236,
        419,
        185
      ],
      "normalized_score_mean": 17.568066476716407,
      "normalized_score_std": 9.45540813360505,
      "proposed_residual_abs_mean": 0.045784022135765295,
      "q1_expected_before_update_mean": 69.69671628407879,
      "q1_gradient_calls": 28208,
      "q1_rows_by_episode": [
        2976,
        5904,
        4192,
        2992,
        4560,
        2560,
        4512,
        4912,
        3056,
        8592,
        8832,
        2064,
        4704,
        2816,
        3216,
        3200,
        7968,
        6912,
        4672,
        3312,
        2624,
        5312,
        2768,
        4224,
        3216,
        5088,
        4304,
        2752,
        3088,
        3008,
        4080,
        6416,
        2400,
        3840,
        3632,
        10640,
        2944,
        8128,
        4336,
        8160,
        3264,
        4336,
        2848,
        4208,
        3456,
        4192,
        7008,
        3776,
        6704,
        2960
      ],
      "q1_rows_per_action": 16,
      "q1_rows_total": 225664,
      "raw_residual_abs_max": 0.46970972418785095,
      "return_mean": 808.1211396018966,
      "return_std": 434.06667836461577,
      "returns": [
        487.62939656731504,
        1155.8302843435156,
        710.5598793278137,
        453.6949286611691,
        860.3258947018344,
        318.7688040002023,
        789.8814873828022,
        860.188860436848,
        514.156413273992,
        1688.2369805782803,
        1868.3281323551244,
        299.4060732518721,
        713.5391358712479,
        391.16053125880387,
        460.0274758625033,
        544.5476975722414,
        1638.132220047259,
        1350.1537723925994,
        876.420773319306,
        576.8705988793638,
        417.70348001107567,
        978.3900811949945,
        438.01705731543444,
        770.5516418551263,
        556.5506189712029,
        1024.5474173090026,
        750.9082657576076,
        442.4697481260615,
        489.2430116039158,
        484.5458462592262,
        800.2922311257965,
        1206.3395233657743,
        376.0257890699628,
        628.813410471931,
        526.9453885722528,
        1901.0812765803153,
        378.21685264750323,
        1680.1658125988583,
        860.605160091226,
        1640.569466130275,
        552.4530909512832,
        751.3103796126998,
        387.79800981758314,
        724.2864144990194,
        518.7258621877573,
        801.4456368204919,
        1364.3048485104127,
        601.6335205246955,
        1338.28125981703,
        455.9765382122209
      ],
      "trust_region_clipped_fraction": 0.2838851862355833,
      "wall_time_seconds": 127.93071345600765
    },
    "baseline_only": {
      "action_noise_beta": 1.4,
      "action_noise_seeds": [
        61700,
        61701,
        61702,
        61703,
        61704,
        61705,
        61706,
        61707,
        61708,
        61709,
        61710,
        61711,
        61712,
        61713,
        61714,
        61715,
        61716,
        61717,
        61718,
        61719,
        61720,
        61721,
        61722,
        61723,
        61724,
        61725,
        61726,
        61727,
        61728,
        61729,
        61730,
        61731,
        61732,
        61733,
        61734,
        61735,
        61736,
        61737,
        61738,
        61739,
        61740,
        61741,
        61742,
        61743,
        61744,
        61745,
        61746,
        61747,
        61748,
        61749
      ],
      "actuator_clip_fraction": 0.4122863592389552,
      "applied_residual_abs_max": 0.0,
      "applied_residual_abs_mean": 0.0,
      "arm": "inverse_anchor_baseline",
      "command_at_bound_fraction": 0.3719499086316242,
      "environment_seeds": [
        51700,
        51701,
        51702,
        51703,
        51704,
        51705,
        51706,
        51707,
        51708,
        51709,
        51710,
        51711,
        51712,
        51713,
        51714,
        51715,
        51716,
        51717,
        51718,
        51719,
        51720,
        51721,
        51722,
        51723,
        51724,
        51725,
        51726,
        51727,
        51728,
        51729,
        51730,
        51731,
        51732,
        51733,
        51734,
        51735,
        51736,
        51737,
        51738,
        51739,
        51740,
        51741,
        51742,
        51743,
        51744,
        51745,
        51746,
        51747,
        51748,
        51749
      ],
      "executed_commanded_action_mse": 0.3821815793233879,
      "gradient_abs_max": null,
      "gradient_l2_mean": null,
      "gradient_noise_draw_calls": 0,
      "gradient_noise_sampling_frequency": "none_beta_zero_or_baseline_arm",
      "gradient_noise_seeds": [
        71700,
        71701,
        71702,
        71703,
        71704,
        71705,
        71706,
        71707,
        71708,
        71709,
        71710,
        71711,
        71712,
        71713,
        71714,
        71715,
        71716,
        71717,
        71718,
        71719,
        71720,
        71721,
        71722,
        71723,
        71724,
        71725,
        71726,
        71727,
        71728,
        71729,
        71730,
        71731,
        71732,
        71733,
        71734,
        71735,
        71736,
        71737,
        71738,
        71739,
        71740,
        71741,
        71742,
        71743,
        71744,
        71745,
        71746,
        71747,
        71748,
        71749
      ],
      "gradient_noise_stream_used": false,
      "inverse_saturation_fraction": 0.3719499086316242,
      "lengths": [
        195,
        217,
        226,
        209,
        175,
        233,
        514,
        170,
        194,
        484,
        217,
        163,
        335,
        157,
        264,
        124,
        440,
        271,
        286,
        190,
        231,
        410,
        174,
        242,
        190,
        182,
        242,
        434,
        344,
        276,
        346,
        342,
        158,
        209,
        264,
        286,
        201,
        233,
        162,
        296,
        172,
        338,
        191,
        213,
        221,
        155,
        137,
        181,
        326,
        184
      ],
      "normalized_score_mean": 14.766763167459056,
      "normalized_score_std": 7.063818592775572,
      "proposed_residual_abs_mean": 0.0,
      "q1_expected_before_update_mean": null,
      "q1_gradient_calls": 0,
      "q1_rows_by_episode": [
        0,
        0,
        0,
        0,
        0,
        0,
        0,
        0,
        0,
        0,
        0,
        0,
        0,
        0,
        0,
        0,
        0,
        0,
        0,
        0,
        0,
        0,
        0,
        0,
        0,
        0,
        0,
        0,
        0,
        0,
        0,
        0,
        0,
        0,
        0,
        0,
        0,
        0,
        0,
        0,
        0,
        0,
        0,
        0,
        0,
        0,
        0,
        0,
        0,
        0
      ],
      "q1_rows_per_action": 0,
      "q1_rows_total": 0,
      "raw_residual_abs_max": null,
      "return_mean": 679.5225211858832,
      "return_std": 324.27667106605077,
      "returns": [
        500.8242005680138,
        552.6960881846502,
        572.8006112810475,
        487.2224030296638,
        436.7093099503259,
        694.2416324146316,
        1615.1673007184863,
        393.5348008622603,
        477.399893608159,
        1648.6928134751768,
        592.3752242162819,
        359.91043627486084,
        902.34116517584,
        351.3384907780815,
        642.6638107526186,
        276.3098681959122,
        1342.6378235336467,
        656.6342373185666,
        836.2833401246324,
        475.88984953791186,
        687.7347852821217,
        1226.0453257374515,
        453.3470970992321,
        643.2136362672207,
        471.85653602140326,
        507.15966390760144,
        646.4650207957679,
        1347.0241998225415,
        1024.460015962076,
        634.8789562482692,
        1078.9051323895462,
        1017.2912439159462,
        396.4945322080332,
        488.70104139619616,
        663.6459137467905,
        805.486480593496,
        456.00346130528754,
        716.7717582668097,
        462.7005255782836,
        956.2577692803395,
        435.4002801364315,
        999.611779441873,
        426.1965255978992,
        589.8148065522669,
        555.8358058287371,
        387.68637064977736,
        294.1684791740281,
        384.1372737807187,
        905.5286574026117,
        497.6296849046369
      ],
      "trust_region_clipped_fraction": 0.0,
      "wall_time_seconds": 36.234331081970595
    }
  },
  "base_checkpoint": {
    "format": null,
    "path": "/root/hubl_research_20260914/results/scaleup/walker_seed2/base/latest.pt",
    "sha256": "d94b05044c9071c2a987aa28bd2dabbf04a91a7164d4215f851f37aaff06a75e",
    "step": 25000
  },
  "calibration": {
    "action_dim": 6,
    "action_high": 1.0,
    "action_low": -1.0,
    "beta": 1.3988778591156006,
    "calibration_path": "/root/hubl_research_20260914/results/betagrid/calibration/beta1.4_n512_seed27014_calibration.json",
    "calibration_sha256": "e03337b497cee8589803df5945eba8bd31cf6f084cd4a735dd81a7d2f0b70646",
    "commands_sha256": "ae0165b161141d69c3362dd0bd37195eca78f25c724bad257a71e0ed55fea387",
    "estimator": "censored_uniform_plus_clip_mle",
    "executed_sha256": "a23a0a9164908f87a8d6f24601638f8ea3b995163a2266a1d4b71b4511d2ba1f",
    "input_provenance": {
      "action_dim": 6,
      "action_high": 1.0,
      "action_low": -1.0,
      "beta": 1.4,
      "bit_generator": "PCG64",
      "channel": "iid_uniform_additive_then_clip",
      "commands_sha256": "ae0165b161141d69c3362dd0bd37195eca78f25c724bad257a71e0ed55fea387",
      "contains_state_or_transition_fields": false,
      "executed_sha256": "a23a0a9164908f87a8d6f24601638f8ea3b995163a2266a1d4b71b4511d2ba1f",
      "generator_script_sha256": "d12213d8b61d49bc550adb6079d5274058ab64fa194950ec1f911ee74a57e12f",
      "noise_spawn_key": [
        1
      ],
      "pair_count": 512,
      "root_seed": 27014,
      "schema": "paired_uniform_clip_channel_v1",
      "selection": "uniform_without_replacement",
      "selection_spawn_key": [
        0
      ],
      "source_command_count": 1000000,
      "source_dataset_path": "/root/hubl_backup_data/action_noise_dev/walker2d_v4_beta1_seed1201.hdf5",
      "source_dataset_sha256": "159a49faaa7786a8444369a1aef758b1a43f26eaaa56146358ace6f9c5b3882a",
      "source_hdf5_schema": "flat"
    },
    "pair_archive_path": "/root/hubl_research_20260914/results/betagrid/calibration/beta1.4_n512_seed27014.npz",
    "pair_archive_sha256": "2f6d5730cb10ea7027babd5ff36c380728d092e9153538ad15d7fdfdb4c13b37",
    "pair_count": 512,
    "source": "censored_uniform_plus_clip_pair_calibration",
    "uncertainty_beta_interval": [
      1.3949165105819703,
      1.3988495469093323
    ]
  },
  "channel": {
    "beta_mismatch": true,
    "environment_rollout_beta": 1.4,
    "gradient_model": "iid_uniform_additive_then_clip",
    "model_or_calibration_beta": 1.3988778591156006
  },
  "controller": {
    "K": 8,
    "actor_parameter_updates": 0,
    "baseline_transform": "inverse",
    "calibration_mode": "censored_uniform_plus_clip_pair_calibration",
    "critic": "frozen_q1",
    "critic_parameter_updates": 0,
    "delta_max": 0.25,
    "execution_noise_samples": 8,
    "gradient_noise_seed": 71700,
    "gradient_objective": "mean_k_q1_of_clipped_command_plus_fresh_antithetic_uniform_noise_per_gradient_step",
    "gradient_steps": 2,
    "gradient_steps_per_action": 2,
    "model_beta": 1.3988778591156006,
    "q_reducer": "mean_q1",
    "step_size": 0.1
  },
  "cost": {
    "adapted_backward_calls": 28208,
    "adapted_q1_rows_per_environment_step": 16,
    "adapted_q1_rows_total": 225664,
    "base_actor_rows": 14104,
    "baseline_base_actor_rows": 12404,
    "baseline_environment_steps": 12404,
    "baseline_q1_rows_total": 0,
    "baseline_wall_time_seconds": 36.234331081970595,
    "cost_scope": "adapted_arm_deployment_controller_only",
    "environment_steps": 14104,
    "paired_evaluation_environment_steps": 26508,
    "paired_evaluation_wall_time_seconds": 165.06146140000783,
    "q1_backward_calls": 28208,
    "q1_backward_rows": 225664,
    "q1_forward_rows": 225664,
    "wall_time_seconds": 127.93071345600765
  },
  "environment": "Walker2d-v4",
  "evaluation_protocol": {
    "action_noise_seed_start": 61700,
    "actuator_noise_rng_namespace": "numpy_generator_per_episode",
    "environment": "Walker2d-v4",
    "environment_rng_namespace": "gymnasium_env_reset",
    "environment_seed_start": 51700,
    "episode_count_per_arm": 50,
    "episode_local_gradient_streams_prevent_cross_episode_call_order_coupling": true,
    "gradient_noise_antithetic": true,
    "gradient_noise_rng_namespace": "torch_generator_per_episode_fresh_antithetic_per_gradient_step",
    "gradient_noise_sampling_frequency": "per_gradient_step",
    "gradient_noise_seed_start": 71700,
    "paired_environment_and_action_noise_seeds": true,
    "selection_rule": "all requested episodes retained"
  },
  "implementation": {
    "evaluate_sha256": "cf659f47fddd8f848c84f5f114be1fcb9081a55470fe59e8c073d4f84af0bff1",
    "evaluation_controls_sha256": "24318269a6696fd22c8112b2d96913bdceb830d83de9df31ca234e1505f1aec9",
    "inverse_residual_core_sha256": "5700efa8bbefac91c991a76878c3b78c5b3e84aea83568987f7a7e8919e50041",
    "td3bc_core_sha256": "e27cec131b533dd542e77ba9de2de492db4890c6fb9723796f59a02002d1f052",
    "train_inverse_residual_adapter_sha256": "fb065682c78e6c058d1165fa68f680fb682d235ec8c9c3abe70b8098177ee0e4",
    "train_td3bc_sha256": "28094abb38441633f3e52386a9d3ac0747b9df8a4f2bd03403bf46d1d5234737"
  },
  "method_id": "channel_aware_opex_inverse_anchor",
  "method_scope": "stronger channel-aware extension of OPEX; not an unchanged reproduction of the original paper",
  "normalization": {
    "reference_max_score": 4592.3,
    "reference_min_score": 1.629008
  },
  "opex_reference": {
    "original_single_step_rule": "a <- a + step_size * grad_a Q(s, a)",
    "paper": "Is Value Learning Really the Main Bottleneck in Offline RL?",
    "url": "https://proceedings.neurips.cc/paper_files/paper/2024/hash/8ffb4e3118280a66b192b6f06e0e2596-Abstract-Conference.html",
    "venue": "NeurIPS 2024"
  },
  "paired": {
    "adapted_minus_baseline_returns": [
      -13.194804000698753,
      603.1341961588654,
      137.75926804676624,
      -33.527474368494666,
      423.61658475150847,
      -375.4728284144293,
      -825.2858133356841,
      466.65405957458773,
      36.756519665833025,
      39.54416710310352,
      1275.9529081388423,
      -60.50436302298874,
      -188.8020293045921,
      39.822040480722364,
      -182.63633489011528,
      268.2378293763292,
      295.4943965136122,
      693.5195350740328,
      40.13743319467358,
      100.98074934145194,
      -270.03130527104605,
      -247.655244542457,
      -15.330039783797645,
      127.33800558790551,
      84.69408294979962,
      517.3877534014011,
      104.4432449618397,
      -904.55445169648,
      -535.2170043581602,
      -150.333109989043,
      -278.6129012637497,
      189.0482794498281,
      -20.46874313807041,
      140.11236907573482,
      -136.7005251745377,
      1095.5947959868192,
      -77.78660865778431,
      963.3940543320487,
      397.90463451294244,
      684.3116968499355,
      117.05281081485174,
      -248.3013998291732,
      -38.398515780316075,
      134.47160794675256,
      -37.109943640979736,
      413.75926617071457,
      1070.1363693363846,
      217.49624674397683,
      432.75260241441845,
      -41.653146692416044
    ],
    "episode_count": 50,
    "positive_episode_count": 29,
    "return_difference_mean": 128.59861841601335,
    "return_difference_std": 430.3413619570766
  },
  "raw_schema": "channel_opex_v1",
  "status": "complete",
  "wall_time_seconds": 165.06146140000783
}
