{
  "action_pipeline": "agent_command -> multiply_by_command_scale -> clip_to_environment_bounds -> command_transform -> clip_to_environment_bounds -> add_seeded_actuator_noise_if_noisy -> clip_to_environment_bounds -> env.step",
  "checkpoint": "/root/hubl_research_20260914/results/scaleup/walker_seed2/base/latest.pt",
  "checkpoint_sha256": "d94b05044c9071c2a987aa28bd2dabbf04a91a7164d4215f851f37aaff06a75e",
  "checkpoint_step": 25000,
  "clean": {
    "command_saturation_definition": "fraction_of_scaled_command_values_strictly_outside_environment_bounds_before_clip",
    "command_saturation_fraction": 0.0,
    "command_scale": 1.0,
    "command_transform": "identity",
    "command_transform_beta": 1.4,
    "command_transform_saturation_definition": "fraction_of_desired_mean_action_values_outside_the_uniform_clipped_channel_mean_range_achievable_by_bounded_commands",
    "command_transform_saturation_fraction": 0.0,
    "episode_seeds": [
      51700,
      51701,
      51702,
      51703,
      51704,
      51705,
      51706,
      51707,
      51708,
      51709,
      51710,
      51711,
      51712,
      51713,
      51714,
      51715,
      51716,
      51717,
      51718,
      51719,
      51720,
      51721,
      51722,
      51723,
      51724,
      51725,
      51726,
      51727,
      51728,
      51729,
      51730,
      51731,
      51732,
      51733,
      51734,
      51735,
      51736,
      51737,
      51738,
      51739,
      51740,
      51741,
      51742,
      51743,
      51744,
      51745,
      51746,
      51747,
      51748,
      51749
    ],
    "lengths": [
      1000,
      1000,
      1000,
      1000,
      1000,
      1000,
      1000,
      1000,
      1000,
      1000,
      1000,
      1000,
      1000,
      1000,
      1000,
      1000,
      1000,
      1000,
      1000,
      1000,
      1000,
      1000,
      1000,
      1000,
      1000,
      1000,
      1000,
      1000,
      1000,
      1000,
      1000,
      1000,
      1000,
      1000,
      1000,
      1000,
      1000,
      1000,
      1000,
      1000,
      1000,
      1000,
      1000,
      1000,
      1000,
      1000,
      1000,
      1000,
      1000,
      1000
    ],
    "normalized_score_mean": 81.36788056798333,
    "normalized_score_std": 0.5661608308747436,
    "return_mean": 3736.960698039616,
    "return_std": 25.990581031033038,
    "returns": [
      3699.7356936832484,
      3737.4648261703655,
      3752.6360335135455,
      3749.873606586462,
      3772.202214492417,
      3777.5971911970414,
      3707.666502320048,
      3733.2987501818566,
      3727.134102763996,
      3714.8688982326094,
      3776.7832469088144,
      3725.2943764201045,
      3743.3169128489762,
      3723.6890554195634,
      3701.834992502716,
      3771.987727922432,
      3712.320712074947,
      3718.3560909220014,
      3744.641766929858,
      3718.959283299611,
      3790.7597393501496,
      3728.7189152335445,
      3700.877436107809,
      3744.4145488986533,
      3723.083599631249,
      3728.0173145161802,
      3711.9303916331346,
      3719.786010079931,
      3738.776892452005,
      3730.305660261242,
      3734.109683089317,
      3802.8130661512937,
      3714.758116015003,
      3813.111028217293,
      3767.5392267386687,
      3704.084135715325,
      3751.276691884564,
      3738.8594772387614,
      3722.0727335851147,
      3736.420565074073,
      3711.9467673707713,
      3724.781765259506,
      3753.696905777133,
      3760.4156457158697,
      3721.508198825697,
      3721.385729334884,
      3715.1150243513393,
      3742.5461524745647,
      3725.4633160950384,
      3759.7981805120867
    ],
    "transformed_command_at_bound_fraction": 0.0
  },
  "command_scale": 1.0,
  "command_transform": "identity",
  "command_transform_beta": 1.4,
  "environment": "Walker2d-v4",
  "implementation": {
    "evaluate_td3bc_sha256": "770a690f06ee30ba84213fc35948e9f6f8a242a9976288d32d6a3845d3a4df26",
    "evaluation_controls_sha256": "24318269a6696fd22c8112b2d96913bdceb830d83de9df31ca234e1505f1aec9",
    "train_td3bc_sha256": "28094abb38441633f3e52386a9d3ac0747b9df8a4f2bd03403bf46d1d5234737"
  },
  "implementation_sha256": "770a690f06ee30ba84213fc35948e9f6f8a242a9976288d32d6a3845d3a4df26",
  "persistent_action_noise": {
    "action_clip_fraction": 0.34753623188405797,
    "action_noise_beta": 1.4,
    "action_noise_distribution": "iid_uniform_minus_beta_plus_beta_per_step",
    "action_noise_seeds": [
      61700,
      61701,
      61702,
      61703,
      61704,
      61705,
      61706,
      61707,
      61708,
      61709,
      61710,
      61711,
      61712,
      61713,
      61714,
      61715,
      61716,
      61717,
      61718,
      61719,
      61720,
      61721,
      61722,
      61723,
      61724,
      61725,
      61726,
      61727,
      61728,
      61729,
      61730,
      61731,
      61732,
      61733,
      61734,
      61735,
      61736,
      61737,
      61738,
      61739,
      61740,
      61741,
      61742,
      61743,
      61744,
      61745,
      61746,
      61747,
      61748,
      61749
    ],
    "command_saturation_definition": "fraction_of_scaled_command_values_strictly_outside_environment_bounds_before_clip",
    "command_saturation_fraction": 0.0,
    "command_scale": 1.0,
    "command_transform": "identity",
    "command_transform_beta": 1.4,
    "command_transform_saturation_definition": "fraction_of_desired_mean_action_values_outside_the_uniform_clipped_channel_mean_range_achievable_by_bounded_commands",
    "command_transform_saturation_fraction": 0.0,
    "environment_seeds": [
      51700,
      51701,
      51702,
      51703,
      51704,
      51705,
      51706,
      51707,
      51708,
      51709,
      51710,
      51711,
      51712,
      51713,
      51714,
      51715,
      51716,
      51717,
      51718,
      51719,
      51720,
      51721,
      51722,
      51723,
      51724,
      51725,
      51726,
      51727,
      51728,
      51729,
      51730,
      51731,
      51732,
      51733,
      51734,
      51735,
      51736,
      51737,
      51738,
      51739,
      51740,
      51741,
      51742,
      51743,
      51744,
      51745,
      51746,
      51747,
      51748,
      51749
    ],
    "executed_commanded_action_mse": 0.42015519406286156,
    "lengths": [
      182,
      216,
      169,
      136,
      172,
      144,
      150,
      170,
      16,
      149,
      206,
      144,
      8,
      157,
      215,
      243,
      333,
      246,
      143,
      264,
      145,
      313,
      229,
      189,
      159,
      116,
      165,
      140,
      207,
      267,
      159,
      238,
      120,
      197,
      203,
      253,
      138,
      166,
      227,
      129,
      162,
      148,
      178,
      174,
      15,
      154,
      97,
      161,
      175,
      138
    ],
    "normalized_score_mean": 8.498390026423857,
    "normalized_score_std": 3.8975961013055898,
    "return_mean": 391.7621337300611,
    "return_std": 178.92581360795864,
    "returns": [
      328.3694603956969,
      489.6747888519586,
      355.6644074613994,
      275.73545393011165,
      425.47275303488925,
      282.15187382947727,
      324.0567866363624,
      348.06448242038147,
      3.2360255796935533,
      303.95071626472713,
      513.7677263010397,
      306.57084450002225,
      -3.163586452804263,
      349.9633123090533,
      490.9709801429085,
      618.7604013942457,
      999.8447571114667,
      548.7743986779863,
      329.30445357004265,
      702.469202050005,
      353.65420855710613,
      808.74353726671,
      523.7968293385416,
      381.54731351645415,
      392.49686711923425,
      263.09202777392966,
      414.1802688743404,
      333.2355131456088,
      481.81686510888386,
      605.8582285524446,
      417.2406316963724,
      544.7813173399883,
      258.538121029815,
      372.6718829078084,
      390.2818514129239,
      575.3888869824949,
      268.16003039864864,
      422.8668375663161,
      627.4920625954127,
      292.1003917023878,
      346.50955907763847,
      313.6238197295795,
      339.5919153001942,
      374.9172226972655,
      0.9018309265107687,
      344.0414072983254,
      167.95284798402736,
      329.40695147760874,
      368.74062077382587,
      280.8376003439967
    ],
    "transformed_command_at_bound_fraction": 0.0
  },
  "status": "complete",
  "wall_time_seconds": 43.468685558007564
}
