{
  "action_pipeline": "agent_command -> multiply_by_command_scale -> clip_to_environment_bounds -> command_transform -> clip_to_environment_bounds -> add_seeded_actuator_noise_if_noisy -> clip_to_environment_bounds -> env.step",
  "checkpoint": "/root/hubl_research_20260914/results/scaleup/walker_seed2/base/latest.pt",
  "checkpoint_sha256": "d94b05044c9071c2a987aa28bd2dabbf04a91a7164d4215f851f37aaff06a75e",
  "checkpoint_step": 25000,
  "clean": {
    "command_saturation_definition": "fraction_of_scaled_command_values_strictly_outside_environment_bounds_before_clip",
    "command_saturation_fraction": 0.0,
    "command_scale": 1.0,
    "command_transform": "uniform_mean_inverse",
    "command_transform_beta": 1.4,
    "command_transform_saturation_definition": "fraction_of_desired_mean_action_values_outside_the_uniform_clipped_channel_mean_range_achievable_by_bounded_commands",
    "command_transform_saturation_fraction": 0.33044518977181514,
    "episode_seeds": [
      51700,
      51701,
      51702,
      51703,
      51704,
      51705,
      51706,
      51707,
      51708,
      51709,
      51710,
      51711,
      51712,
      51713,
      51714,
      51715,
      51716,
      51717,
      51718,
      51719,
      51720,
      51721,
      51722,
      51723,
      51724,
      51725,
      51726,
      51727,
      51728,
      51729,
      51730,
      51731,
      51732,
      51733,
      51734,
      51735,
      51736,
      51737,
      51738,
      51739,
      51740,
      51741,
      51742,
      51743,
      51744,
      51745,
      51746,
      51747,
      51748,
      51749
    ],
    "lengths": [
      1000,
      1000,
      1000,
      1000,
      1000,
      1000,
      1000,
      1000,
      1000,
      1000,
      1000,
      536,
      1000,
      404,
      653,
      1000,
      1000,
      1000,
      1000,
      1000,
      1000,
      1000,
      395,
      1000,
      1000,
      1000,
      1000,
      1000,
      1000,
      901,
      1000,
      1000,
      708,
      1000,
      741,
      1000,
      1000,
      1000,
      1000,
      1000,
      1000,
      1000,
      1000,
      1000,
      757,
      417,
      1000,
      1000,
      1000,
      1000
    ],
    "normalized_score_mean": 75.7846869529047,
    "normalized_score_std": 13.799187962992805,
    "return_mean": 3480.654648325005,
    "return_std": 633.4753189486664,
    "returns": [
      3790.8490683383525,
      3754.989413443674,
      3759.3229981604654,
      3777.3725157853787,
      3629.0999081082973,
      3675.915710981777,
      3719.5949148402965,
      3792.423306912221,
      3697.805747337964,
      3725.571062084567,
      3766.2906746558997,
      1950.3310593788112,
      3734.6312755133836,
      1512.54590361592,
      2380.0586701766497,
      3695.8031068080545,
      3700.3642765604113,
      3732.4757705471357,
      3771.613859827507,
      3771.5453115283294,
      3700.8399613625375,
      3729.1126022112253,
      1355.1220362917384,
      3646.21757470162,
      3752.8820097263774,
      3770.2857822345154,
      3736.3602581215105,
      3841.521248895994,
      3730.7439253476014,
      3455.1856623914086,
      3745.962859317854,
      3681.6349064078613,
      2801.4616385745467,
      3762.628387817417,
      2813.061718715028,
      3781.100987952192,
      3769.1653203101805,
      3840.208555735066,
      3848.4890169794066,
      3664.265225233581,
      3698.8247553416963,
      3747.2751663425156,
      3750.997959584176,
      3694.8658059719714,
      2836.5101055679997,
      1506.1598958975403,
      3788.7287464586475,
      3699.7292911089858,
      3777.99641894517,
      3766.790038098785
    ],
    "transformed_command_at_bound_fraction": 0.33044518977181514
  },
  "command_scale": 1.0,
  "command_transform": "uniform_mean_inverse",
  "command_transform_beta": 1.4,
  "environment": "Walker2d-v4",
  "implementation": {
    "evaluate_td3bc_sha256": "770a690f06ee30ba84213fc35948e9f6f8a242a9976288d32d6a3845d3a4df26",
    "evaluation_controls_sha256": "24318269a6696fd22c8112b2d96913bdceb830d83de9df31ca234e1505f1aec9",
    "train_td3bc_sha256": "28094abb38441633f3e52386a9d3ac0747b9df8a4f2bd03403bf46d1d5234737"
  },
  "implementation_sha256": "770a690f06ee30ba84213fc35948e9f6f8a242a9976288d32d6a3845d3a4df26",
  "persistent_action_noise": {
    "action_clip_fraction": 0.407806493251396,
    "action_noise_beta": 1.4,
    "action_noise_distribution": "iid_uniform_minus_beta_plus_beta_per_step",
    "action_noise_seeds": [
      61700,
      61701,
      61702,
      61703,
      61704,
      61705,
      61706,
      61707,
      61708,
      61709,
      61710,
      61711,
      61712,
      61713,
      61714,
      61715,
      61716,
      61717,
      61718,
      61719,
      61720,
      61721,
      61722,
      61723,
      61724,
      61725,
      61726,
      61727,
      61728,
      61729,
      61730,
      61731,
      61732,
      61733,
      61734,
      61735,
      61736,
      61737,
      61738,
      61739,
      61740,
      61741,
      61742,
      61743,
      61744,
      61745,
      61746,
      61747,
      61748,
      61749
    ],
    "command_saturation_definition": "fraction_of_scaled_command_values_strictly_outside_environment_bounds_before_clip",
    "command_saturation_fraction": 0.0,
    "command_scale": 1.0,
    "command_transform": "uniform_mean_inverse",
    "command_transform_beta": 1.4,
    "command_transform_saturation_definition": "fraction_of_desired_mean_action_values_outside_the_uniform_clipped_channel_mean_range_achievable_by_bounded_commands",
    "command_transform_saturation_fraction": 0.37190279765412354,
    "environment_seeds": [
      51700,
      51701,
      51702,
      51703,
      51704,
      51705,
      51706,
      51707,
      51708,
      51709,
      51710,
      51711,
      51712,
      51713,
      51714,
      51715,
      51716,
      51717,
      51718,
      51719,
      51720,
      51721,
      51722,
      51723,
      51724,
      51725,
      51726,
      51727,
      51728,
      51729,
      51730,
      51731,
      51732,
      51733,
      51734,
      51735,
      51736,
      51737,
      51738,
      51739,
      51740,
      51741,
      51742,
      51743,
      51744,
      51745,
      51746,
      51747,
      51748,
      51749
    ],
    "executed_commanded_action_mse": 0.38529440343418875,
    "lengths": [
      205,
      206,
      226,
      219,
      172,
      175,
      318,
      173,
      232,
      199,
      394,
      162,
      371,
      160,
      242,
      115,
      466,
      212,
      318,
      179,
      405,
      293,
      188,
      301,
      225,
      179,
      269,
      177,
      248,
      355,
      422,
      239,
      147,
      205,
      256,
      368,
      214,
      254,
      154,
      257,
      168,
      315,
      198,
      189,
      250,
      152,
      166,
      155,
      205,
      181
    ],
    "normalized_score_mean": 13.963038473609124,
    "normalized_score_std": 6.162197829843253,
    "return_mean": 642.6261648097736,
    "return_std": 282.8862282442678,
    "returns": [
      536.0067246103135,
      514.4686005918818,
      575.7262347034257,
      508.6435069709939,
      432.5091172179485,
      441.6903382687178,
      948.9572920574412,
      398.25374597294,
      594.7451605171567,
      540.1471625827137,
      1203.7334328079187,
      351.7600163504059,
      1030.4343650906858,
      354.80175647210706,
      566.9750541731202,
      239.47808472718424,
      1347.605869425039,
      524.2008833978066,
      974.2059592952248,
      439.5280723191571,
      1323.4595743729617,
      831.7250231650498,
      506.9099009966979,
      859.6215690412146,
      620.7809002939892,
      480.4818925921877,
      749.3692154439235,
      471.59054213754314,
      670.0033286671484,
      949.5729844689486,
      1370.5889136251333,
      650.0470453072658,
      359.14399771032316,
      470.71055063196894,
      666.3828788427159,
      1162.6136697441052,
      503.3212319311422,
      782.8433491611297,
      421.97787088994585,
      790.3851656138085,
      409.63543868026966,
      890.0894847350577,
      441.16749032780984,
      470.98616329153157,
      702.1397311116972,
      375.3324097194099,
      396.78968187220624,
      289.1520711748611,
      491.5815374224925,
      499.0332499639643
    ],
    "transformed_command_at_bound_fraction": 0.37190279765412354
  },
  "status": "complete",
  "wall_time_seconds": 167.64364764996571
}
