{
  "clean": {
    "episode_seeds": [
      9200,
      9201,
      9202,
      9203,
      9204,
      9205,
      9206,
      9207,
      9208,
      9209
    ],
    "lengths": [
      416,
      403,
      461,
      398,
      414,
      401,
      397,
      415,
      399,
      396
    ],
    "normalized_score_mean": 39.54330400938369,
    "normalized_score_std": 2.423119878860849,
    "return_mean": 1266.6931157713564,
    "return_std": 78.86218849435477,
    "returns": [
      1304.757983821004,
      1248.6818659230737,
      1463.144619103716,
      1200.90032028308,
      1309.7317769324745,
      1228.2200200631792,
      1193.2060853166572,
      1304.2694749938346,
      1217.6895065356503,
      1196.3295047408933
    ]
  },
  "elapsed_seconds": 249.28271028603194,
  "event": "evaluation",
  "persistent_action_noise": {
    "action_clip_fraction": 0.08298836980090676,
    "action_noise_beta": 0.5,
    "action_noise_distribution": "iid_uniform_minus_beta_plus_beta_per_step",
    "action_noise_seeds": [
      19200,
      19201,
      19202,
      19203,
      19204,
      19205,
      19206,
      19207,
      19208,
      19209
    ],
    "command_saturation_definition": "fraction_of_scaled_command_values_strictly_outside_environment_bounds_before_clip",
    "command_saturation_fraction": 0.0,
    "command_scale": 1.0,
    "command_transform": "identity",
    "command_transform_beta": 0.5,
    "command_transform_saturation_definition": "fraction_of_desired_mean_action_values_outside_the_uniform_clipped_channel_mean_range_achievable_by_bounded_commands",
    "command_transform_saturation_fraction": 0.0,
    "environment_seeds": [
      9200,
      9201,
      9202,
      9203,
      9204,
      9205,
      9206,
      9207,
      9208,
      9209
    ],
    "executed_commanded_action_mse": 0.07612117540350045,
    "lengths": [
      337,
      354,
      392,
      329,
      411,
      326,
      324,
      259,
      310,
      340
    ],
    "normalized_score_mean": 32.393164380643086,
    "normalized_score_std": 4.7708465123530415,
    "return_mean": 1033.986651645535,
    "return_std": 155.27064930510053,
    "returns": [
      1055.2913646896218,
      1082.617195367103,
      1245.8627031493888,
      938.4099665766074,
      1328.2538292071895,
      993.0384252783351,
      945.5963171534511,
      746.4051873378787,
      960.7387929352957,
      1043.6527347604792
    ],
    "transformed_command_at_bound_fraction": 0.0
  },
  "step": 25000
}
