{
  "arms": {
    "adapted": {
      "action_noise_beta": 1.25,
      "action_noise_seeds": [
        231300,
        231301,
        231302,
        231303,
        231304,
        231305,
        231306,
        231307,
        231308,
        231309,
        231310,
        231311,
        231312,
        231313,
        231314,
        231315,
        231316,
        231317,
        231318,
        231319,
        231320,
        231321,
        231322,
        231323,
        231324,
        231325,
        231326,
        231327,
        231328,
        231329,
        231330,
        231331,
        231332,
        231333,
        231334,
        231335,
        231336,
        231337,
        231338,
        231339,
        231340,
        231341,
        231342,
        231343,
        231344,
        231345,
        231346,
        231347,
        231348,
        231349
      ],
      "actuator_clip_fraction": 0.3866361594847676,
      "applied_residual_abs_max": 0.2500000298023224,
      "applied_residual_abs_mean": 0.051112137562040284,
      "arm": "channel_opex",
      "command_at_bound_fraction": 0.25801872801999914,
      "environment_seeds": [
        131300,
        131301,
        131302,
        131303,
        131304,
        131305,
        131306,
        131307,
        131308,
        131309,
        131310,
        131311,
        131312,
        131313,
        131314,
        131315,
        131316,
        131317,
        131318,
        131319,
        131320,
        131321,
        131322,
        131323,
        131324,
        131325,
        131326,
        131327,
        131328,
        131329,
        131330,
        131331,
        131332,
        131333,
        131334,
        131335,
        131336,
        131337,
        131338,
        131339,
        131340,
        131341,
        131342,
        131343,
        131344,
        131345,
        131346,
        131347,
        131348,
        131349
      ],
      "executed_commanded_action_mse": 0.317511707782048,
      "gradient_abs_max": 4.913080215454102,
      "gradient_l2_mean": 1.247282764543596,
      "gradient_noise_draw_calls": 47202,
      "gradient_noise_sampling_frequency": "per_gradient_step",
      "gradient_noise_seeds": [
        331300,
        331301,
        331302,
        331303,
        331304,
        331305,
        331306,
        331307,
        331308,
        331309,
        331310,
        331311,
        331312,
        331313,
        331314,
        331315,
        331316,
        331317,
        331318,
        331319,
        331320,
        331321,
        331322,
        331323,
        331324,
        331325,
        331326,
        331327,
        331328,
        331329,
        331330,
        331331,
        331332,
        331333,
        331334,
        331335,
        331336,
        331337,
        331338,
        331339,
        331340,
        331341,
        331342,
        331343,
        331344,
        331345,
        331346,
        331347,
        331348,
        331349
      ],
      "gradient_noise_stream_used": true,
      "inverse_saturation_fraction": 0.33985141872519525,
      "lengths": [
        586,
        477,
        317,
        292,
        535,
        172,
        714,
        370,
        410,
        434,
        266,
        653,
        782,
        274,
        356,
        293,
        237,
        321,
        462,
        417,
        554,
        544,
        421,
        882,
        174,
        477,
        485,
        540,
        367,
        564,
        380,
        463,
        311,
        747,
        438,
        256,
        494,
        178,
        150,
        612,
        792,
        436,
        763,
        467,
        877,
        540,
        150,
        662,
        1000,
        509
      ],
      "normalized_score_mean": 33.298708720110746,
      "normalized_score_std": 15.84778146888729,
      "proposed_residual_abs_mean": 0.051112137562040284,
      "q1_expected_before_update_mean": 78.59717601274436,
      "q1_gradient_calls": 47202,
      "q1_rows_by_episode": [
        9376,
        7632,
        5072,
        4672,
        8560,
        2752,
        11424,
        5920,
        6560,
        6944,
        4256,
        10448,
        12512,
        4384,
        5696,
        4688,
        3792,
        5136,
        7392,
        6672,
        8864,
        8704,
        6736,
        14112,
        2784,
        7632,
        7760,
        8640,
        5872,
        9024,
        6080,
        7408,
        4976,
        11952,
        7008,
        4096,
        7904,
        2848,
        2400,
        9792,
        12672,
        6976,
        12208,
        7472,
        14032,
        8640,
        2400,
        10592,
        16000,
        8144
      ],
      "q1_rows_per_action": 16,
      "q1_rows_total": 377616,
      "raw_residual_abs_max": 0.4913080334663391,
      "return_mean": 1530.2631699246986,
      "return_std": 727.5195067677603,
      "returns": [
        1996.805954733769,
        1632.057302757955,
        959.3508975854892,
        887.0094445525467,
        1785.5402062364021,
        399.45050077138745,
        2365.8373346478224,
        1142.1772360892064,
        1254.955377441919,
        1360.2117575263824,
        842.5516366249991,
        2124.294896325595,
        2721.5573136632656,
        812.7686969745164,
        1124.2707621723014,
        841.7646674742034,
        663.8723535603195,
        953.7776244695267,
        1439.7760970801169,
        1363.1103790655122,
        1775.894097007021,
        1798.0055517171,
        1341.5491917633865,
        3066.340174709028,
        420.417146313455,
        1565.0912047190384,
        1528.76944617782,
        1854.1720586149872,
        1201.5591723503712,
        1865.5140862242956,
        1250.0817627584024,
        1497.2025898314394,
        1001.7044391187029,
        2346.8237981662614,
        1347.0260753126927,
        777.155207131627,
        1687.2348219191492,
        422.2609827881912,
        363.48713093618966,
        2122.7340642836375,
        2607.6995788380254,
        1448.252006031215,
        2611.241741711527,
        1534.4290724955083,
        3080.3300632697606,
        1696.1020168367925,
        357.53646270429084,
        2202.6262525948005,
        3369.172502321863,
        1701.605357835111
      ],
      "trust_region_clipped_fraction": 0.2648369419374885,
      "wall_time_seconds": 216.79983948898735
    },
    "baseline_only": {
      "action_noise_beta": 1.25,
      "action_noise_seeds": [
        231300,
        231301,
        231302,
        231303,
        231304,
        231305,
        231306,
        231307,
        231308,
        231309,
        231310,
        231311,
        231312,
        231313,
        231314,
        231315,
        231316,
        231317,
        231318,
        231319,
        231320,
        231321,
        231322,
        231323,
        231324,
        231325,
        231326,
        231327,
        231328,
        231329,
        231330,
        231331,
        231332,
        231333,
        231334,
        231335,
        231336,
        231337,
        231338,
        231339,
        231340,
        231341,
        231342,
        231343,
        231344,
        231345,
        231346,
        231347,
        231348,
        231349
      ],
      "actuator_clip_fraction": 0.3820487360887013,
      "applied_residual_abs_max": 0.0,
      "applied_residual_abs_mean": 0.0,
      "arm": "inverse_anchor_baseline",
      "command_at_bound_fraction": 0.32845145008481236,
      "environment_seeds": [
        131300,
        131301,
        131302,
        131303,
        131304,
        131305,
        131306,
        131307,
        131308,
        131309,
        131310,
        131311,
        131312,
        131313,
        131314,
        131315,
        131316,
        131317,
        131318,
        131319,
        131320,
        131321,
        131322,
        131323,
        131324,
        131325,
        131326,
        131327,
        131328,
        131329,
        131330,
        131331,
        131332,
        131333,
        131334,
        131335,
        131336,
        131337,
        131338,
        131339,
        131340,
        131341,
        131342,
        131343,
        131344,
        131345,
        131346,
        131347,
        131348,
        131349
      ],
      "executed_commanded_action_mse": 0.3213386622962446,
      "gradient_abs_max": null,
      "gradient_l2_mean": null,
      "gradient_noise_draw_calls": 0,
      "gradient_noise_sampling_frequency": "none_beta_zero_or_baseline_arm",
      "gradient_noise_seeds": [
        331300,
        331301,
        331302,
        331303,
        331304,
        331305,
        331306,
        331307,
        331308,
        331309,
        331310,
        331311,
        331312,
        331313,
        331314,
        331315,
        331316,
        331317,
        331318,
        331319,
        331320,
        331321,
        331322,
        331323,
        331324,
        331325,
        331326,
        331327,
        331328,
        331329,
        331330,
        331331,
        331332,
        331333,
        331334,
        331335,
        331336,
        331337,
        331338,
        331339,
        331340,
        331341,
        331342,
        331343,
        331344,
        331345,
        331346,
        331347,
        331348,
        331349
      ],
      "gradient_noise_stream_used": false,
      "inverse_saturation_fraction": 0.32845145008481236,
      "lengths": [
        537,
        298,
        276,
        229,
        355,
        304,
        430,
        364,
        448,
        251,
        456,
        235,
        347,
        208,
        418,
        461,
        376,
        188,
        344,
        343,
        249,
        288,
        254,
        368,
        207,
        426,
        370,
        156,
        451,
        324,
        316,
        350,
        355,
        179,
        588,
        246,
        268,
        311,
        302,
        204,
        306,
        328,
        506,
        245,
        238,
        311,
        156,
        389,
        368,
        187
      ],
      "normalized_score_mean": 21.25578893795744,
      "normalized_score_std": 8.237188516425093,
      "proposed_residual_abs_mean": 0.0,
      "q1_expected_before_update_mean": null,
      "q1_gradient_calls": 0,
      "q1_rows_by_episode": [
        0,
        0,
        0,
        0,
        0,
        0,
        0,
        0,
        0,
        0,
        0,
        0,
        0,
        0,
        0,
        0,
        0,
        0,
        0,
        0,
        0,
        0,
        0,
        0,
        0,
        0,
        0,
        0,
        0,
        0,
        0,
        0,
        0,
        0,
        0,
        0,
        0,
        0,
        0,
        0,
        0,
        0,
        0,
        0,
        0,
        0,
        0,
        0,
        0,
        0
      ],
      "q1_rows_per_action": 0,
      "q1_rows_total": 0,
      "raw_residual_abs_max": null,
      "return_mean": 977.4123448955572,
      "return_std": 378.142223779882,
      "returns": [
        1853.7484543768937,
        992.1468791555873,
        786.9569106585859,
        650.9911868610159,
        1135.0354407119344,
        611.1344193131262,
        1359.4417080236028,
        1100.2738889870786,
        1371.7238265168546,
        623.4332381504468,
        1462.1334493963077,
        654.2025461399244,
        1146.8829240292641,
        599.3467601686864,
        1454.1029077443527,
        1401.1401750037553,
        1192.206284777578,
        368.9769304625669,
        1100.228113249314,
        1085.0915380362255,
        713.824932245234,
        803.4840599944927,
        693.8173543738044,
        1264.6690636316114,
        506.14020706163194,
        1340.6258098727094,
        1201.7676812981047,
        411.28023746290796,
        1492.0652254283746,
        938.3478201063133,
        876.2974213342646,
        1117.01047541717,
        1174.803648721391,
        425.2662843830602,
        1901.8614877392902,
        749.4923227817493,
        790.7186495793511,
        948.1020162411619,
        930.73187592127,
        506.846213133242,
        885.7340414718374,
        1055.0328787256105,
        1777.2118670089756,
        638.0715362817255,
        664.5613788503509,
        901.9744446505704,
        393.4039811086744,
        1214.6351874245292,
        1077.2305122342186,
        526.4110485311353
      ],
      "trust_region_clipped_fraction": 0.0,
      "wall_time_seconds": 44.11007974896347
    }
  },
  "base_checkpoint": {
    "format": null,
    "path": "/root/hubl_research_20260914/results/scaleup/walker_seed2/base/latest.pt",
    "sha256": "d94b05044c9071c2a987aa28bd2dabbf04a91a7164d4215f851f37aaff06a75e",
    "step": 25000
  },
  "calibration": {
    "action_dim": 6,
    "action_high": 1.0,
    "action_low": -1.0,
    "beta": 1.2498948872089386,
    "calibration_path": "/root/hubl_research_20260914/results/channel_calibration/beta125_n512_seed27001_calibration.json",
    "calibration_sha256": "b1769bdeb0eb99aa653ae5d98ef00e3f843e938fb62963821e0f2e348f904354",
    "commands_sha256": "61080b7a6e7e21a06c948d1bc56835146f4972f17047c379e569e8dcbe6cbd9f",
    "estimator": "censored_uniform_plus_clip_mle",
    "executed_sha256": "9674d0953af3cbfc54cef126b9dcebac96bab524b868bd591d10021c0a308710",
    "input_provenance": {
      "action_dim": 6,
      "action_high": 1.0,
      "action_low": -1.0,
      "beta": 1.25,
      "bit_generator": "PCG64",
      "channel": "iid_uniform_additive_then_clip",
      "commands_sha256": "61080b7a6e7e21a06c948d1bc56835146f4972f17047c379e569e8dcbe6cbd9f",
      "contains_state_or_transition_fields": false,
      "executed_sha256": "9674d0953af3cbfc54cef126b9dcebac96bab524b868bd591d10021c0a308710",
      "generator_script_sha256": "d12213d8b61d49bc550adb6079d5274058ab64fa194950ec1f911ee74a57e12f",
      "noise_spawn_key": [
        1
      ],
      "pair_count": 512,
      "root_seed": 27001,
      "schema": "paired_uniform_clip_channel_v1",
      "selection": "uniform_without_replacement",
      "selection_spawn_key": [
        0
      ],
      "source_command_count": 1000000,
      "source_dataset_path": "/root/hubl_backup_data/action_noise_dev/walker2d_v4_beta1_seed1201.hdf5",
      "source_dataset_sha256": "159a49faaa7786a8444369a1aef758b1a43f26eaaa56146358ace6f9c5b3882a",
      "source_hdf5_schema": "flat"
    },
    "pair_archive_path": "/root/hubl_research_20260914/results/channel_calibration/beta125_n512_seed27001.npz",
    "pair_archive_sha256": "76bc6bbcc47d2c6e2c76dc918c57700d9786edba19e18f8715a78c92e6c5132b",
    "pair_count": 512,
    "source": "censored_uniform_plus_clip_pair_calibration",
    "uncertainty_beta_interval": [
      1.2463959604501724,
      1.2498698003590107
    ]
  },
  "channel": {
    "beta_mismatch": true,
    "environment_rollout_beta": 1.25,
    "gradient_model": "iid_uniform_additive_then_clip",
    "model_or_calibration_beta": 1.2498948872089386
  },
  "controller": {
    "K": 8,
    "actor_parameter_updates": 0,
    "baseline_transform": "inverse",
    "calibration_mode": "censored_uniform_plus_clip_pair_calibration",
    "critic": "frozen_q1",
    "critic_parameter_updates": 0,
    "delta_max": 0.25,
    "execution_noise_samples": 8,
    "gradient_noise_seed": 331300,
    "gradient_objective": "mean_k_q1_of_clipped_command_plus_fresh_antithetic_uniform_noise_per_gradient_step",
    "gradient_steps": 2,
    "gradient_steps_per_action": 2,
    "model_beta": 1.2498948872089386,
    "q_reducer": "mean_q1",
    "step_size": 0.1
  },
  "cost": {
    "adapted_backward_calls": 47202,
    "adapted_q1_rows_per_environment_step": 16,
    "adapted_q1_rows_total": 377616,
    "base_actor_rows": 23601,
    "baseline_base_actor_rows": 16114,
    "baseline_environment_steps": 16114,
    "baseline_q1_rows_total": 0,
    "baseline_wall_time_seconds": 44.11007974896347,
    "cost_scope": "adapted_arm_deployment_controller_only",
    "environment_steps": 23601,
    "paired_evaluation_environment_steps": 39715,
    "paired_evaluation_wall_time_seconds": 261.81967531098053,
    "q1_backward_calls": 47202,
    "q1_backward_rows": 377616,
    "q1_forward_rows": 377616,
    "wall_time_seconds": 216.79983948898735
  },
  "environment": "Walker2d-v4",
  "evaluation_protocol": {
    "action_noise_seed_start": 231300,
    "actuator_noise_rng_namespace": "numpy_generator_per_episode",
    "environment": "Walker2d-v4",
    "environment_rng_namespace": "gymnasium_env_reset",
    "environment_seed_start": 131300,
    "episode_count_per_arm": 50,
    "episode_local_gradient_streams_prevent_cross_episode_call_order_coupling": true,
    "gradient_noise_antithetic": true,
    "gradient_noise_rng_namespace": "torch_generator_per_episode_fresh_antithetic_per_gradient_step",
    "gradient_noise_sampling_frequency": "per_gradient_step",
    "gradient_noise_seed_start": 331300,
    "paired_environment_and_action_noise_seeds": true,
    "selection_rule": "all requested episodes retained"
  },
  "implementation": {
    "evaluate_sha256": "cf659f47fddd8f848c84f5f114be1fcb9081a55470fe59e8c073d4f84af0bff1",
    "evaluation_controls_sha256": "24318269a6696fd22c8112b2d96913bdceb830d83de9df31ca234e1505f1aec9",
    "inverse_residual_core_sha256": "5700efa8bbefac91c991a76878c3b78c5b3e84aea83568987f7a7e8919e50041",
    "td3bc_core_sha256": "e27cec131b533dd542e77ba9de2de492db4890c6fb9723796f59a02002d1f052",
    "train_inverse_residual_adapter_sha256": "fb065682c78e6c058d1165fa68f680fb682d235ec8c9c3abe70b8098177ee0e4",
    "train_td3bc_sha256": "28094abb38441633f3e52386a9d3ac0747b9df8a4f2bd03403bf46d1d5234737"
  },
  "method_id": "channel_aware_opex_inverse_anchor",
  "method_scope": "stronger channel-aware extension of OPEX; not an unchanged reproduction of the original paper",
  "normalization": {
    "reference_max_score": 4592.3,
    "reference_min_score": 1.629008
  },
  "opex_reference": {
    "original_single_step_rule": "a <- a + step_size * grad_a Q(s, a)",
    "paper": "Is Value Learning Really the Main Bottleneck in Offline RL?",
    "url": "https://proceedings.neurips.cc/paper_files/paper/2024/hash/8ffb4e3118280a66b192b6f06e0e2596-Abstract-Conference.html",
    "venue": "NeurIPS 2024"
  },
  "paired": {
    "adapted_minus_baseline_returns": [
      143.05750035687538,
      639.9104236023678,
      172.39398692690327,
      236.01825769153083,
      650.5047655244678,
      -211.6839185417387,
      1006.3956266242196,
      41.90334710212778,
      -116.76844907493569,
      736.7785193759356,
      -619.5818127713086,
      1470.0923501856705,
      1574.6743896340015,
      213.42193680583,
      -329.83214557205133,
      -559.3755075295519,
      -528.3339312172585,
      584.8006940069598,
      339.5479838308029,
      278.0188410292867,
      1062.0691647617869,
      994.5214917226073,
      647.7318373895821,
      1801.6711110774165,
      -85.72306074817692,
      224.465394846329,
      327.00176487971544,
      1442.8918211520793,
      -290.50605307800333,
      927.1662661179823,
      373.7843414241378,
      380.1921144142693,
      -173.09920960268812,
      1921.557513783201,
      -554.8354124265975,
      27.662884349877686,
      896.5161723397981,
      -525.8410334529707,
      -567.2447449850804,
      1615.8878511503956,
      1721.965537366188,
      393.2191273056044,
      834.0298747025515,
      896.3575362137829,
      2415.7686844194095,
      794.1275721862221,
      -35.86751840438353,
      987.9910651702712,
      2291.941990087644,
      1175.1943093039756
    ],
    "episode_count": 50,
    "positive_episode_count": 37,
    "return_difference_mean": 552.8508250291412,
    "return_difference_std": 769.107630079342
  },
  "raw_schema": "channel_opex_v1",
  "status": "complete",
  "wall_time_seconds": 261.81967531098053
}
