{
  "action_pipeline": "agent_command -> multiply_by_command_scale -> clip_to_environment_bounds -> command_transform -> clip_to_environment_bounds -> add_seeded_actuator_noise_if_noisy -> clip_to_environment_bounds -> env.step",
  "checkpoint": "/root/hubl_research_20260914/results/scaleup/walker_seed2/base/latest.pt",
  "checkpoint_sha256": "d94b05044c9071c2a987aa28bd2dabbf04a91a7164d4215f851f37aaff06a75e",
  "checkpoint_step": 25000,
  "clean": {
    "command_saturation_definition": "fraction_of_scaled_command_values_strictly_outside_environment_bounds_before_clip",
    "command_saturation_fraction": 0.0,
    "command_scale": 1.0,
    "command_transform": "uniform_mean_inverse",
    "command_transform_beta": 1.25,
    "command_transform_saturation_definition": "fraction_of_desired_mean_action_values_outside_the_uniform_clipped_channel_mean_range_achievable_by_bounded_commands",
    "command_transform_saturation_fraction": 0.2688719622778382,
    "episode_seeds": [
      131300,
      131301,
      131302,
      131303,
      131304,
      131305,
      131306,
      131307,
      131308,
      131309,
      131310,
      131311,
      131312,
      131313,
      131314,
      131315,
      131316,
      131317,
      131318,
      131319,
      131320,
      131321,
      131322,
      131323,
      131324,
      131325,
      131326,
      131327,
      131328,
      131329,
      131330,
      131331,
      131332,
      131333,
      131334,
      131335,
      131336,
      131337,
      131338,
      131339,
      131340,
      131341,
      131342,
      131343,
      131344,
      131345,
      131346,
      131347,
      131348,
      131349
    ],
    "lengths": [
      1000,
      1000,
      1000,
      1000,
      1000,
      1000,
      1000,
      1000,
      1000,
      665,
      1000,
      1000,
      1000,
      1000,
      1000,
      1000,
      463,
      614,
      1000,
      774,
      455,
      1000,
      1000,
      1000,
      1000,
      1000,
      1000,
      958,
      1000,
      1000,
      1000,
      1000,
      1000,
      538,
      1000,
      1000,
      1000,
      440,
      1000,
      1000,
      943,
      1000,
      1000,
      1000,
      1000,
      638,
      462,
      1000,
      1000,
      1000
    ],
    "normalized_score_mean": 75.06912653276966,
    "normalized_score_std": 14.780408748037258,
    "return_mean": 3447.805623687632,
    "return_std": 678.5199368951768,
    "returns": [
      3759.812245361936,
      3770.9192465592487,
      3692.28677632551,
      3771.5312025748676,
      3769.1113355373113,
      3688.2060297391886,
      3758.4587580297434,
      3776.4118630881517,
      3686.8110009859274,
      2498.876616881469,
      3801.330373809646,
      3803.1092172485965,
      3783.968287033921,
      3727.7171626505756,
      3810.554852229065,
      3782.9013103771863,
      1639.923765224538,
      2273.5808327302498,
      3795.3741247171215,
      2944.972423655812,
      1615.8799465926068,
      3746.806240326087,
      3691.8592409713606,
      3845.823890414494,
      3739.4881005855177,
      3735.0249107400596,
      3766.9602028182057,
      3596.9982935263592,
      3719.474623887783,
      3814.511177867065,
      3691.723196867479,
      3735.7004308116047,
      3756.41903309071,
      2043.8767489684778,
      3791.055532971813,
      3793.727476924047,
      3658.565136527322,
      1562.6709488095178,
      3722.558692760645,
      3831.584935521216,
      3556.173431084292,
      3808.453297553538,
      3800.4808058530007,
      3765.5696759987936,
      3719.4978925551086,
      2361.6110069816154,
      1648.0390655076508,
      3834.289190929402,
      3732.2037863004084,
      3767.396845875372
    ],
    "transformed_command_at_bound_fraction": 0.2688719622778382
  },
  "command_scale": 1.0,
  "command_transform": "uniform_mean_inverse",
  "command_transform_beta": 1.25,
  "environment": "Walker2d-v4",
  "implementation": {
    "evaluate_td3bc_sha256": "770a690f06ee30ba84213fc35948e9f6f8a242a9976288d32d6a3845d3a4df26",
    "evaluation_controls_sha256": "24318269a6696fd22c8112b2d96913bdceb830d83de9df31ca234e1505f1aec9",
    "train_td3bc_sha256": "28094abb38441633f3e52386a9d3ac0747b9df8a4f2bd03403bf46d1d5234737"
  },
  "implementation_sha256": "770a690f06ee30ba84213fc35948e9f6f8a242a9976288d32d6a3845d3a4df26",
  "persistent_action_noise": {
    "action_clip_fraction": 0.38192820512820513,
    "action_noise_beta": 1.25,
    "action_noise_distribution": "iid_uniform_minus_beta_plus_beta_per_step",
    "action_noise_seeds": [
      231300,
      231301,
      231302,
      231303,
      231304,
      231305,
      231306,
      231307,
      231308,
      231309,
      231310,
      231311,
      231312,
      231313,
      231314,
      231315,
      231316,
      231317,
      231318,
      231319,
      231320,
      231321,
      231322,
      231323,
      231324,
      231325,
      231326,
      231327,
      231328,
      231329,
      231330,
      231331,
      231332,
      231333,
      231334,
      231335,
      231336,
      231337,
      231338,
      231339,
      231340,
      231341,
      231342,
      231343,
      231344,
      231345,
      231346,
      231347,
      231348,
      231349
    ],
    "command_saturation_definition": "fraction_of_scaled_command_values_strictly_outside_environment_bounds_before_clip",
    "command_saturation_fraction": 0.0,
    "command_scale": 1.0,
    "command_transform": "uniform_mean_inverse",
    "command_transform_beta": 1.25,
    "command_transform_saturation_definition": "fraction_of_desired_mean_action_values_outside_the_uniform_clipped_channel_mean_range_achievable_by_bounded_commands",
    "command_transform_saturation_fraction": 0.3253333333333333,
    "environment_seeds": [
      131300,
      131301,
      131302,
      131303,
      131304,
      131305,
      131306,
      131307,
      131308,
      131309,
      131310,
      131311,
      131312,
      131313,
      131314,
      131315,
      131316,
      131317,
      131318,
      131319,
      131320,
      131321,
      131322,
      131323,
      131324,
      131325,
      131326,
      131327,
      131328,
      131329,
      131330,
      131331,
      131332,
      131333,
      131334,
      131335,
      131336,
      131337,
      131338,
      131339,
      131340,
      131341,
      131342,
      131343,
      131344,
      131345,
      131346,
      131347,
      131348,
      131349
    ],
    "executed_commanded_action_mse": 0.3213764253906787,
    "lengths": [
      278,
      265,
      276,
      237,
      338,
      302,
      336,
      358,
      446,
      252,
      315,
      226,
      349,
      210,
      479,
      435,
      372,
      232,
      461,
      261,
      247,
      355,
      286,
      348,
      209,
      425,
      368,
      156,
      473,
      641,
      420,
      334,
      362,
      190,
      336,
      241,
      246,
      267,
      289,
      215,
      406,
      190,
      313,
      226,
      768,
      409,
      155,
      443,
      283,
      221
    ],
    "normalized_score_mean": 21.36575083468173,
    "normalized_score_std": 9.42699342113185,
    "return_mean": 982.460333790732,
    "return_std": 432.7622524016483,
    "returns": [
      776.0757204807874,
      790.1299859530659,
      788.1626505760457,
      685.7112873510097,
      1094.821599161454,
      607.7671218934161,
      1064.8860366140389,
      1093.5419183656045,
      1340.09036894091,
      635.8581312904444,
      942.2522423696737,
      618.6733115953182,
      1161.6278191921763,
      592.5229164391494,
      1633.3625558335955,
      1373.940038646028,
      1168.433351328407,
      559.2246755504184,
      1423.6015444446118,
      726.6137122585944,
      711.0909318282069,
      1041.1343754459635,
      834.9230489507811,
      1165.5349074904689,
      517.9137881659093,
      1320.799374621573,
      1206.9846077701495,
      410.90974734255394,
      1474.8695638852494,
      2167.915612340039,
      1267.5937600857196,
      1030.2834855388198,
      1167.8151675522588,
      462.7885445562552,
      1070.2749401359185,
      732.3852324077778,
      708.2999947247743,
      757.5448768722963,
      877.459959634687,
      557.0726866207107,
      1209.0504017270123,
      487.3535281173353,
      1014.61917153672,
      566.3116243354915,
      2673.904167859384,
      1305.074757338096,
      389.4383414919285,
      1420.942261851573,
      838.2055992114417,
      657.2252418127559
    ],
    "transformed_command_at_bound_fraction": 0.3253333333333333
  },
  "status": "complete",
  "wall_time_seconds": 179.52819076704327
}
