{
  "arms": {
    "adapted": {
      "action_noise_beta": 1.25,
      "action_noise_seeds": [
        231300,
        231301,
        231302,
        231303,
        231304,
        231305,
        231306,
        231307,
        231308,
        231309,
        231310,
        231311,
        231312,
        231313,
        231314,
        231315,
        231316,
        231317,
        231318,
        231319,
        231320,
        231321,
        231322,
        231323,
        231324,
        231325,
        231326,
        231327,
        231328,
        231329,
        231330,
        231331,
        231332,
        231333,
        231334,
        231335,
        231336,
        231337,
        231338,
        231339,
        231340,
        231341,
        231342,
        231343,
        231344,
        231345,
        231346,
        231347,
        231348,
        231349
      ],
      "actuator_clip_fraction": 0.332058554826099,
      "applied_residual_abs_max": 0.6586877703666687,
      "applied_residual_abs_mean": 0.06605678545288388,
      "arm": "channel_opex",
      "command_at_bound_fraction": 0.06651156861495315,
      "environment_seeds": [
        131300,
        131301,
        131302,
        131303,
        131304,
        131305,
        131306,
        131307,
        131308,
        131309,
        131310,
        131311,
        131312,
        131313,
        131314,
        131315,
        131316,
        131317,
        131318,
        131319,
        131320,
        131321,
        131322,
        131323,
        131324,
        131325,
        131326,
        131327,
        131328,
        131329,
        131330,
        131331,
        131332,
        131333,
        131334,
        131335,
        131336,
        131337,
        131338,
        131339,
        131340,
        131341,
        131342,
        131343,
        131344,
        131345,
        131346,
        131347,
        131348,
        131349
      ],
      "executed_commanded_action_mse": 0.34434876302479867,
      "gradient_abs_max": 8.552518844604492,
      "gradient_l2_mean": 2.4327809167311734,
      "gradient_noise_draw_calls": 0,
      "gradient_noise_sampling_frequency": "none_beta_zero_or_baseline_arm",
      "gradient_noise_seeds": [
        331300,
        331301,
        331302,
        331303,
        331304,
        331305,
        331306,
        331307,
        331308,
        331309,
        331310,
        331311,
        331312,
        331313,
        331314,
        331315,
        331316,
        331317,
        331318,
        331319,
        331320,
        331321,
        331322,
        331323,
        331324,
        331325,
        331326,
        331327,
        331328,
        331329,
        331330,
        331331,
        331332,
        331333,
        331334,
        331335,
        331336,
        331337,
        331338,
        331339,
        331340,
        331341,
        331342,
        331343,
        331344,
        331345,
        331346,
        331347,
        331348,
        331349
      ],
      "gradient_noise_stream_used": false,
      "inverse_saturation_fraction": 0.0,
      "lengths": [
        183,
        287,
        289,
        222,
        261,
        291,
        253,
        152,
        180,
        268,
        258,
        301,
        150,
        274,
        356,
        290,
        458,
        494,
        917,
        221,
        485,
        428,
        152,
        199,
        181,
        315,
        348,
        138,
        565,
        350,
        1000,
        836,
        501,
        229,
        159,
        167,
        328,
        284,
        180,
        267,
        210,
        165,
        363,
        312,
        208,
        300,
        116,
        245,
        311,
        242
      ],
      "normalized_score_mean": 20.375238504098444,
      "normalized_score_std": 14.530302501612466,
      "proposed_residual_abs_mean": 0.06605678545288388,
      "q1_expected_before_update_mean": 71.83374895244519,
      "q1_gradient_calls": 15689,
      "q1_rows_by_episode": [
        183,
        287,
        289,
        222,
        261,
        291,
        253,
        152,
        180,
        268,
        258,
        301,
        150,
        274,
        356,
        290,
        458,
        494,
        917,
        221,
        485,
        428,
        152,
        199,
        181,
        315,
        348,
        138,
        565,
        350,
        1000,
        836,
        501,
        229,
        159,
        167,
        328,
        284,
        180,
        267,
        210,
        165,
        363,
        312,
        208,
        300,
        116,
        245,
        311,
        242
      ],
      "q1_rows_per_action": 1,
      "q1_rows_total": 15689,
      "raw_residual_abs_max": 0.8552519083023071,
      "return_mean": 936.9891715584621,
      "return_std": 667.0383819913739,
      "returns": [
        402.06117632854904,
        878.0093315705715,
        824.3679738709022,
        598.4889491397607,
        816.5586129092749,
        562.1811294075309,
        681.4770656232971,
        369.34199413190316,
        485.89711137958733,
        752.9194052618539,
        708.238474360904,
        849.2582583393321,
        385.8613378656633,
        811.1508986543482,
        1102.5523200189152,
        739.8897548291391,
        1539.341665645899,
        1611.435397439266,
        3157.826268553046,
        502.2730307642809,
        1386.6713920383827,
        1218.5961761279154,
        355.2926872737336,
        593.1345986155386,
        472.89103657232977,
        1017.5137033433433,
        1128.8775866435928,
        351.4831917391167,
        1890.6195121355422,
        1139.8362380669323,
        3439.2122042376823,
        2793.154198695156,
        1672.6172451121067,
        578.6846516890213,
        371.2884734849699,
        447.46142808472956,
        1031.9597689530024,
        898.4912843762634,
        491.79039975723197,
        773.7262123587643,
        571.0174783003039,
        401.46644159235234,
        1179.220663585522,
        871.8624865869632,
        546.1709214256366,
        846.4655848937955,
        248.04677192560032,
        761.8865650222272,
        880.4428964945503,
        710.4466226967783
      ],
      "trust_region_clipped_fraction": 0.06651156861495315,
      "wall_time_seconds": 56.46868876501685
    },
    "baseline_only": {
      "action_noise_beta": 1.25,
      "action_noise_seeds": [
        231300,
        231301,
        231302,
        231303,
        231304,
        231305,
        231306,
        231307,
        231308,
        231309,
        231310,
        231311,
        231312,
        231313,
        231314,
        231315,
        231316,
        231317,
        231318,
        231319,
        231320,
        231321,
        231322,
        231323,
        231324,
        231325,
        231326,
        231327,
        231328,
        231329,
        231330,
        231331,
        231332,
        231333,
        231334,
        231335,
        231336,
        231337,
        231338,
        231339,
        231340,
        231341,
        231342,
        231343,
        231344,
        231345,
        231346,
        231347,
        231348,
        231349
      ],
      "actuator_clip_fraction": 0.31540774809835487,
      "applied_residual_abs_max": 0.0,
      "applied_residual_abs_mean": 0.0,
      "arm": "identity_anchor_baseline",
      "command_at_bound_fraction": 0.0,
      "environment_seeds": [
        131300,
        131301,
        131302,
        131303,
        131304,
        131305,
        131306,
        131307,
        131308,
        131309,
        131310,
        131311,
        131312,
        131313,
        131314,
        131315,
        131316,
        131317,
        131318,
        131319,
        131320,
        131321,
        131322,
        131323,
        131324,
        131325,
        131326,
        131327,
        131328,
        131329,
        131330,
        131331,
        131332,
        131333,
        131334,
        131335,
        131336,
        131337,
        131338,
        131339,
        131340,
        131341,
        131342,
        131343,
        131344,
        131345,
        131346,
        131347,
        131348,
        131349
      ],
      "executed_commanded_action_mse": 0.351341947075787,
      "gradient_abs_max": null,
      "gradient_l2_mean": null,
      "gradient_noise_draw_calls": 0,
      "gradient_noise_sampling_frequency": "none_beta_zero_or_baseline_arm",
      "gradient_noise_seeds": [
        331300,
        331301,
        331302,
        331303,
        331304,
        331305,
        331306,
        331307,
        331308,
        331309,
        331310,
        331311,
        331312,
        331313,
        331314,
        331315,
        331316,
        331317,
        331318,
        331319,
        331320,
        331321,
        331322,
        331323,
        331324,
        331325,
        331326,
        331327,
        331328,
        331329,
        331330,
        331331,
        331332,
        331333,
        331334,
        331335,
        331336,
        331337,
        331338,
        331339,
        331340,
        331341,
        331342,
        331343,
        331344,
        331345,
        331346,
        331347,
        331348,
        331349
      ],
      "gradient_noise_stream_used": false,
      "inverse_saturation_fraction": 0.0,
      "lengths": [
        313,
        116,
        296,
        191,
        290,
        189,
        253,
        192,
        219,
        207,
        237,
        422,
        155,
        247,
        309,
        294,
        145,
        312,
        212,
        184,
        333,
        162,
        169,
        151,
        222,
        371,
        189,
        191,
        141,
        202,
        332,
        235,
        201,
        171,
        235,
        137,
        245,
        137,
        198,
        156,
        285,
        391,
        195,
        228,
        200,
        302,
        111,
        231,
        175,
        227
      ],
      "normalized_score_mean": 12.809950599374579,
      "normalized_score_std": 5.6752459170270875,
      "proposed_residual_abs_mean": 0.0,
      "q1_expected_before_update_mean": null,
      "q1_gradient_calls": 0,
      "q1_rows_by_episode": [
        0,
        0,
        0,
        0,
        0,
        0,
        0,
        0,
        0,
        0,
        0,
        0,
        0,
        0,
        0,
        0,
        0,
        0,
        0,
        0,
        0,
        0,
        0,
        0,
        0,
        0,
        0,
        0,
        0,
        0,
        0,
        0,
        0,
        0,
        0,
        0,
        0,
        0,
        0,
        0,
        0,
        0,
        0,
        0,
        0,
        0,
        0,
        0,
        0,
        0
      ],
      "q1_rows_per_action": 0,
      "q1_rows_total": 0,
      "raw_residual_abs_max": null,
      "return_mean": 589.691694255019,
      "return_std": 260.5318680376269,
      "returns": [
        875.9181398964566,
        244.65253408868793,
        859.8323435324056,
        356.03342502199325,
        923.7090838241668,
        278.66932200267274,
        667.1057504399082,
        516.6115291204263,
        593.2143913592473,
        476.6903483374472,
        571.1094702269417,
        1250.0505155479245,
        363.6973216465643,
        660.2776848731309,
        918.7095036649205,
        669.18700838728,
        339.84878934413956,
        841.928300853608,
        549.0827739503453,
        384.226609141206,
        1007.0500099409437,
        325.1617349503056,
        415.13823617754827,
        366.79697719685873,
        411.18442815899306,
        1222.0361927382523,
        394.2613938614367,
        518.0306777204339,
        332.20978983491773,
        487.61825673752537,
        1009.2211016546008,
        608.2486398441431,
        484.04764198860374,
        457.25152854672166,
        652.6401360459739,
        335.52755532223904,
        653.1157078129447,
        291.58546549121525,
        451.40895935231896,
        306.61689848866826,
        778.6272535420178,
        1256.5002355136426,
        505.80708305314204,
        625.6874719075723,
        492.1968632907085,
        786.594032231842,
        233.32113552578636,
        704.7400985245768,
        401.7823059924204,
        629.6220560451238
      ],
      "trust_region_clipped_fraction": 0.0,
      "wall_time_seconds": 8.126126534014475
    }
  },
  "base_checkpoint": {
    "format": null,
    "path": "/root/hubl_research_20260914/results/scaleup/walker_seed2/base/latest.pt",
    "sha256": "d94b05044c9071c2a987aa28bd2dabbf04a91a7164d4215f851f37aaff06a75e",
    "step": 25000
  },
  "calibration": {
    "beta": 0.0,
    "calibration_path": null,
    "calibration_sha256": null,
    "pair_count": null,
    "source": "cli_known_beta_without_pair_calibration"
  },
  "channel": {
    "beta_mismatch": true,
    "environment_rollout_beta": 1.25,
    "gradient_model": "iid_uniform_additive_then_clip",
    "model_or_calibration_beta": 0.0
  },
  "controller": {
    "K": 1,
    "actor_parameter_updates": 0,
    "baseline_transform": "identity",
    "calibration_mode": "cli_known_beta_without_pair_calibration",
    "critic": "frozen_q1",
    "critic_parameter_updates": 0,
    "delta_max": 2.0,
    "execution_noise_samples": 1,
    "gradient_noise_seed": 331300,
    "gradient_objective": "q1_of_action_bounded_command_with_deterministic_zero_channel_noise",
    "gradient_steps": 1,
    "gradient_steps_per_action": 1,
    "model_beta": 0.0,
    "q_reducer": "mean_q1",
    "step_size": 0.1
  },
  "cost": {
    "adapted_backward_calls": 15689,
    "adapted_q1_rows_per_environment_step": 1,
    "adapted_q1_rows_total": 15689,
    "base_actor_rows": 15689,
    "baseline_base_actor_rows": 11306,
    "baseline_environment_steps": 11306,
    "baseline_q1_rows_total": 0,
    "baseline_wall_time_seconds": 8.126126534014475,
    "cost_scope": "adapted_arm_deployment_controller_only",
    "environment_steps": 15689,
    "paired_evaluation_environment_steps": 26995,
    "paired_evaluation_wall_time_seconds": 65.47501000098418,
    "q1_backward_calls": 15689,
    "q1_backward_rows": 15689,
    "q1_forward_rows": 15689,
    "wall_time_seconds": 56.46868876501685
  },
  "environment": "Walker2d-v4",
  "evaluation_protocol": {
    "action_noise_seed_start": 231300,
    "actuator_noise_rng_namespace": "numpy_generator_per_episode",
    "environment": "Walker2d-v4",
    "environment_rng_namespace": "gymnasium_env_reset",
    "environment_seed_start": 131300,
    "episode_count_per_arm": 50,
    "episode_local_gradient_streams_prevent_cross_episode_call_order_coupling": true,
    "gradient_noise_antithetic": false,
    "gradient_noise_rng_namespace": "none_beta_zero_deterministic_objective",
    "gradient_noise_sampling_frequency": "none_beta_zero",
    "gradient_noise_seed_start": 331300,
    "paired_environment_and_action_noise_seeds": true,
    "selection_rule": "all requested episodes retained"
  },
  "implementation": {
    "evaluate_sha256": "cf659f47fddd8f848c84f5f114be1fcb9081a55470fe59e8c073d4f84af0bff1",
    "evaluation_controls_sha256": "24318269a6696fd22c8112b2d96913bdceb830d83de9df31ca234e1505f1aec9",
    "inverse_residual_core_sha256": "5700efa8bbefac91c991a76878c3b78c5b3e84aea83568987f7a7e8919e50041",
    "td3bc_core_sha256": "e27cec131b533dd542e77ba9de2de492db4890c6fb9723796f59a02002d1f052",
    "train_inverse_residual_adapter_sha256": "fb065682c78e6c058d1165fa68f680fb682d235ec8c9c3abe70b8098177ee0e4",
    "train_td3bc_sha256": "28094abb38441633f3e52386a9d3ac0747b9df8a4f2bd03403bf46d1d5234737"
  },
  "method_id": "original_structure_opex_t1",
  "method_scope": "original single-step OPEX structure with deterministic TD3+BC actor/Q1 and action-bound projection",
  "normalization": {
    "reference_max_score": 4592.3,
    "reference_min_score": 1.629008
  },
  "opex_reference": {
    "original_single_step_rule": "a <- a + step_size * grad_a Q(s, a)",
    "paper": "Is Value Learning Really the Main Bottleneck in Offline RL?",
    "url": "https://proceedings.neurips.cc/paper_files/paper/2024/hash/8ffb4e3118280a66b192b6f06e0e2596-Abstract-Conference.html",
    "venue": "NeurIPS 2024"
  },
  "paired": {
    "adapted_minus_baseline_returns": [
      -473.8569635679076,
      633.3567974818835,
      -35.46436966150338,
      242.45552411776748,
      -107.15047091489191,
      283.51180740485813,
      14.371315183388901,
      -147.26953498852316,
      -107.31727997965999,
      276.2290569244067,
      137.12900413396233,
      -400.79225720859245,
      22.164016219098983,
      150.87321378121737,
      183.84281635399475,
      70.70274644185906,
      1199.4928763017595,
      769.5070965856579,
      2608.7434946027006,
      118.04642162307493,
      379.621382097439,
      893.4344411776099,
      -59.84554890381469,
      226.33762141867987,
      61.70660841333671,
      -204.52248939490903,
      734.6161927821561,
      -166.5474859813172,
      1558.4097223006245,
      652.2179813294069,
      2429.9911025830816,
      2184.9055588510128,
      1188.569603123503,
      121.43312314229962,
      -281.351662561004,
      111.93387276249052,
      378.84406114005765,
      606.9058188850481,
      40.38144040491301,
      467.10931387009606,
      -207.60977524171392,
      -855.0337939212902,
      673.41358053238,
      246.17501467939087,
      53.9740581349281,
      59.8715526619535,
      14.725636399813965,
      57.14646649765041,
      478.6605905021299,
      80.82456665165444
    ],
    "episode_count": 50,
    "positive_episode_count": 38,
    "return_difference_mean": 347.2974773034433,
    "return_difference_std": 676.4023589836135
  },
  "raw_schema": "channel_opex_v1",
  "status": "complete",
  "wall_time_seconds": 65.47501000098418
}
