{
  "clean": {
    "episode_seeds": [
      9200,
      9201,
      9202,
      9203,
      9204,
      9205,
      9206,
      9207,
      9208,
      9209
    ],
    "lengths": [
      879,
      1000,
      1000,
      1000,
      1000,
      1000,
      1000,
      1000,
      1000,
      1000
    ],
    "normalized_score_mean": 80.58628129862305,
    "normalized_score_std": 2.5253840896036652,
    "return_mean": 3701.0800471074094,
    "return_std": 115.9320748380187,
    "returns": [
      3368.426198524061,
      3713.7122507383115,
      3741.1539307877247,
      3789.515914421907,
      3755.4136302370716,
      3712.3205873190172,
      3777.701670322007,
      3676.1230699015155,
      3768.440979222358,
      3707.9922396001234
    ]
  },
  "elapsed_seconds": 271.5338695120299,
  "event": "evaluation",
  "persistent_action_noise": {
    "action_clip_fraction": 0.11647368811697469,
    "action_noise_beta": 0.5,
    "action_noise_distribution": "iid_uniform_minus_beta_plus_beta_per_step",
    "action_noise_seeds": [
      19200,
      19201,
      19202,
      19203,
      19204,
      19205,
      19206,
      19207,
      19208,
      19209
    ],
    "command_saturation_definition": "fraction_of_scaled_command_values_strictly_outside_environment_bounds_before_clip",
    "command_saturation_fraction": 0.0,
    "command_scale": 1.0,
    "command_transform": "identity",
    "command_transform_beta": 0.5,
    "command_transform_saturation_definition": "fraction_of_desired_mean_action_values_outside_the_uniform_clipped_channel_mean_range_achievable_by_bounded_commands",
    "command_transform_saturation_fraction": 0.0,
    "environment_seeds": [
      9200,
      9201,
      9202,
      9203,
      9204,
      9205,
      9206,
      9207,
      9208,
      9209
    ],
    "executed_commanded_action_mse": 0.07395698909361813,
    "lengths": [
      1000,
      587,
      1000,
      1000,
      1000,
      1000,
      750,
      1000,
      1000,
      645
    ],
    "normalized_score_mean": 72.55757109199797,
    "normalized_score_std": 14.396536475983646,
    "return_mean": 3332.508376620128,
    "return_std": 660.8976238556803,
    "returns": [
      3790.1611734747567,
      2107.041685625339,
      3731.2376652527055,
      3775.4495885467095,
      3678.4831254503383,
      3798.3411780347033,
      2720.2713954870405,
      3781.283253881137,
      3722.3202600813656,
      2220.4944403671843
    ],
    "transformed_command_at_bound_fraction": 0.0
  },
  "step": 25000
}
