{
  "arms": {
    "adapted": {
      "action_noise_beta": 0.9,
      "action_noise_seeds": [
        61500,
        61501,
        61502,
        61503,
        61504,
        61505,
        61506,
        61507,
        61508,
        61509,
        61510,
        61511,
        61512,
        61513,
        61514,
        61515,
        61516,
        61517,
        61518,
        61519,
        61520,
        61521,
        61522,
        61523,
        61524,
        61525,
        61526,
        61527,
        61528,
        61529,
        61530,
        61531,
        61532,
        61533,
        61534,
        61535,
        61536,
        61537,
        61538,
        61539,
        61540,
        61541,
        61542,
        61543,
        61544,
        61545,
        61546,
        61547,
        61548,
        61549
      ],
      "actuator_clip_fraction": 0.3029131737027927,
      "applied_residual_abs_max": 0.2500000298023224,
      "applied_residual_abs_mean": 0.06773242925867459,
      "arm": "channel_opex",
      "command_at_bound_fraction": 0.1656836169536335,
      "environment_seeds": [
        51500,
        51501,
        51502,
        51503,
        51504,
        51505,
        51506,
        51507,
        51508,
        51509,
        51510,
        51511,
        51512,
        51513,
        51514,
        51515,
        51516,
        51517,
        51518,
        51519,
        51520,
        51521,
        51522,
        51523,
        51524,
        51525,
        51526,
        51527,
        51528,
        51529,
        51530,
        51531,
        51532,
        51533,
        51534,
        51535,
        51536,
        51537,
        51538,
        51539,
        51540,
        51541,
        51542,
        51543,
        51544,
        51545,
        51546,
        51547,
        51548,
        51549
      ],
      "executed_commanded_action_mse": 0.18607952364382413,
      "gradient_abs_max": 5.029597282409668,
      "gradient_l2_mean": 1.326946700888035,
      "gradient_noise_draw_calls": 79684,
      "gradient_noise_sampling_frequency": "per_gradient_step",
      "gradient_noise_seeds": [
        71500,
        71501,
        71502,
        71503,
        71504,
        71505,
        71506,
        71507,
        71508,
        71509,
        71510,
        71511,
        71512,
        71513,
        71514,
        71515,
        71516,
        71517,
        71518,
        71519,
        71520,
        71521,
        71522,
        71523,
        71524,
        71525,
        71526,
        71527,
        71528,
        71529,
        71530,
        71531,
        71532,
        71533,
        71534,
        71535,
        71536,
        71537,
        71538,
        71539,
        71540,
        71541,
        71542,
        71543,
        71544,
        71545,
        71546,
        71547,
        71548,
        71549
      ],
      "gradient_noise_stream_used": true,
      "inverse_saturation_fraction": 0.18483844519184112,
      "lengths": [
        690,
        943,
        753,
        1000,
        1000,
        791,
        1000,
        576,
        1000,
        1000,
        1000,
        667,
        620,
        493,
        536,
        356,
        983,
        1000,
        1000,
        1000,
        1000,
        491,
        663,
        457,
        709,
        1000,
        1000,
        1000,
        1000,
        1000,
        620,
        1000,
        791,
        1000,
        411,
        1000,
        881,
        671,
        807,
        804,
        335,
        1000,
        1000,
        1000,
        524,
        714,
        390,
        1000,
        631,
        535
      ],
      "normalized_score_mean": 60.98668763695585,
      "normalized_score_std": 17.15390439481393,
      "proposed_residual_abs_mean": 0.06773242925867459,
      "q1_expected_before_update_mean": 86.77765004194413,
      "q1_gradient_calls": 79684,
      "q1_rows_by_episode": [
        11040,
        15088,
        12048,
        16000,
        16000,
        12656,
        16000,
        9216,
        16000,
        16000,
        16000,
        10672,
        9920,
        7888,
        8576,
        5696,
        15728,
        16000,
        16000,
        16000,
        16000,
        7856,
        10608,
        7312,
        11344,
        16000,
        16000,
        16000,
        16000,
        16000,
        9920,
        16000,
        12656,
        16000,
        6576,
        16000,
        14096,
        10736,
        12912,
        12864,
        5360,
        16000,
        16000,
        16000,
        8384,
        11424,
        6240,
        16000,
        10096,
        8560
      ],
      "q1_rows_per_action": 16,
      "q1_rows_total": 637472,
      "raw_residual_abs_max": 0.5029597282409668,
      "return_mean": 2801.327186331383,
      "return_std": 787.4793130481364,
      "returns": [
        2553.0469610319974,
        3183.281458660272,
        2657.790857437999,
        3619.2442087489762,
        3507.712918361019,
        2736.8670219317387,
        3594.772126183016,
        2141.486712165111,
        3434.914829166819,
        3474.9373366618347,
        3379.1917348156826,
        2337.34989759151,
        2087.378634599226,
        1749.1785489722888,
        1867.864213423394,
        1139.8639739753503,
        3663.236983918438,
        3430.827978523607,
        3527.7607194014026,
        3476.5270286618434,
        3586.949770022514,
        1758.3200649128253,
        2323.2977404605413,
        1540.5723389698887,
        2660.8524216046385,
        3417.047249975455,
        3557.773324060926,
        3501.1517683828665,
        3572.945732877624,
        3550.8619067957457,
        2184.1421773873267,
        3444.839371399732,
        2830.168023688987,
        3457.425227389157,
        1432.8567642450175,
        3418.94799449046,
        3268.993335296311,
        2361.276857183657,
        2947.75648304122,
        2809.651161385026,
        1119.626216600613,
        3709.7949315682354,
        3381.697873716151,
        3597.1646185745867,
        1826.1094622558676,
        2527.9691080415723,
        1300.629770441145,
        3447.9564981497315,
        2143.595942607427,
        1822.751036812362
      ],
      "trust_region_clipped_fraction": 0.17962828171276543,
      "wall_time_seconds": 360.9739864990115
    },
    "baseline_only": {
      "action_noise_beta": 0.9,
      "action_noise_seeds": [
        61500,
        61501,
        61502,
        61503,
        61504,
        61505,
        61506,
        61507,
        61508,
        61509,
        61510,
        61511,
        61512,
        61513,
        61514,
        61515,
        61516,
        61517,
        61518,
        61519,
        61520,
        61521,
        61522,
        61523,
        61524,
        61525,
        61526,
        61527,
        61528,
        61529,
        61530,
        61531,
        61532,
        61533,
        61534,
        61535,
        61536,
        61537,
        61538,
        61539,
        61540,
        61541,
        61542,
        61543,
        61544,
        61545,
        61546,
        61547,
        61548,
        61549
      ],
      "actuator_clip_fraction": 0.301583975412919,
      "applied_residual_abs_max": 0.0,
      "applied_residual_abs_mean": 0.0,
      "arm": "inverse_anchor_baseline",
      "command_at_bound_fraction": 0.18903467767067497,
      "environment_seeds": [
        51500,
        51501,
        51502,
        51503,
        51504,
        51505,
        51506,
        51507,
        51508,
        51509,
        51510,
        51511,
        51512,
        51513,
        51514,
        51515,
        51516,
        51517,
        51518,
        51519,
        51520,
        51521,
        51522,
        51523,
        51524,
        51525,
        51526,
        51527,
        51528,
        51529,
        51530,
        51531,
        51532,
        51533,
        51534,
        51535,
        51536,
        51537,
        51538,
        51539,
        51540,
        51541,
        51542,
        51543,
        51544,
        51545,
        51546,
        51547,
        51548,
        51549
      ],
      "executed_commanded_action_mse": 0.18730772743277765,
      "gradient_abs_max": null,
      "gradient_l2_mean": null,
      "gradient_noise_draw_calls": 0,
      "gradient_noise_sampling_frequency": "none_beta_zero_or_baseline_arm",
      "gradient_noise_seeds": [
        71500,
        71501,
        71502,
        71503,
        71504,
        71505,
        71506,
        71507,
        71508,
        71509,
        71510,
        71511,
        71512,
        71513,
        71514,
        71515,
        71516,
        71517,
        71518,
        71519,
        71520,
        71521,
        71522,
        71523,
        71524,
        71525,
        71526,
        71527,
        71528,
        71529,
        71530,
        71531,
        71532,
        71533,
        71534,
        71535,
        71536,
        71537,
        71538,
        71539,
        71540,
        71541,
        71542,
        71543,
        71544,
        71545,
        71546,
        71547,
        71548,
        71549
      ],
      "gradient_noise_stream_used": false,
      "inverse_saturation_fraction": 0.18903467767067497,
      "lengths": [
        1000,
        650,
        1000,
        303,
        1000,
        314,
        245,
        728,
        362,
        1000,
        347,
        679,
        502,
        264,
        511,
        729,
        407,
        574,
        443,
        1000,
        881,
        784,
        467,
        768,
        535,
        201,
        507,
        1000,
        567,
        666,
        1000,
        410,
        302,
        592,
        1000,
        471,
        333,
        640,
        727,
        836,
        775,
        555,
        419,
        358,
        1000,
        379,
        332,
        1000,
        456,
        1000
      ],
      "normalized_score_mean": 47.80303056038516,
      "normalized_score_std": 21.579746596917023,
      "proposed_residual_abs_mean": 0.0,
      "q1_expected_before_update_mean": null,
      "q1_gradient_calls": 0,
      "q1_rows_by_episode": [
        0,
        0,
        0,
        0,
        0,
        0,
        0,
        0,
        0,
        0,
        0,
        0,
        0,
        0,
        0,
        0,
        0,
        0,
        0,
        0,
        0,
        0,
        0,
        0,
        0,
        0,
        0,
        0,
        0,
        0,
        0,
        0,
        0,
        0,
        0,
        0,
        0,
        0,
        0,
        0,
        0,
        0,
        0,
        0,
        0,
        0,
        0,
        0,
        0,
        0
      ],
      "q1_rows_per_action": 0,
      "q1_rows_total": 0,
      "raw_residual_abs_max": null,
      "return_mean": 2196.1088652324966,
      "return_std": 990.655167171777,
      "returns": [
        3699.7004353019934,
        2265.676213791842,
        3669.5963452878027,
        980.2974440201838,
        3664.0098286523457,
        936.5623110839306,
        759.8476942049459,
        2659.4605535998926,
        1217.6193489114012,
        3570.035046940107,
        1183.0951986772016,
        2408.033359018155,
        1782.632249522992,
        797.1702395798765,
        1830.1736251543375,
        2758.2302318799357,
        1296.7084821220644,
        1936.6789598989428,
        1517.851282901404,
        3741.4146553468026,
        3151.4406328041205,
        2929.709119145005,
        1550.8709573257354,
        2799.3476061646593,
        1937.6212710421482,
        557.1050125854559,
        1835.7007500987268,
        3558.2397142162426,
        1927.3600589798484,
        2394.2556903255822,
        3564.1177221248595,
        1353.0176721324747,
        975.187781996303,
        2035.8191426384549,
        3573.642440645366,
        1596.9469803963868,
        1078.8721199933452,
        2388.5943622431128,
        2436.712614330341,
        3099.6991423198015,
        2895.354436996229,
        2022.9809854722903,
        1421.5822776218797,
        1048.450549213839,
        3809.9432026133504,
        1290.919156257372,
        1119.1877173930197,
        3580.22589534503,
        1583.4205259394903,
        3614.3242173681942
      ],
      "trust_region_clipped_fraction": 0.0,
      "wall_time_seconds": 84.52158972900361
    }
  },
  "base_checkpoint": {
    "format": null,
    "path": "/root/hubl_research_20260914/results/inverse_residual_confirm/base_hubl_executed_25k_seed1/latest.pt",
    "sha256": "22b47965695bfa312533741abaa1e17e3cbbc091f3c5e6ba7fc8953fbc8ca6ae",
    "step": 25000
  },
  "calibration": {
    "action_dim": 6,
    "action_high": 1.0,
    "action_low": -1.0,
    "beta": 0.8995844721794128,
    "calibration_path": "/root/hubl_research_20260914/results/betagrid/calibration/beta0.9_n512_seed27012_calibration.json",
    "calibration_sha256": "700b3e4fc112e78679b7c75d2b4f6e8915e75244f101a71eeab80f8f19af7eab",
    "commands_sha256": "2c2168831d31376ebd05886f7782c6811904ae5a97f04c39cf42116545d037e6",
    "estimator": "censored_uniform_plus_clip_mle",
    "executed_sha256": "60b54eb0747088ca9c5924d9f20a15d525a06fd8f3f2c64372af02ef2a4dfe3f",
    "input_provenance": {
      "action_dim": 6,
      "action_high": 1.0,
      "action_low": -1.0,
      "beta": 0.9,
      "bit_generator": "PCG64",
      "channel": "iid_uniform_additive_then_clip",
      "commands_sha256": "2c2168831d31376ebd05886f7782c6811904ae5a97f04c39cf42116545d037e6",
      "contains_state_or_transition_fields": false,
      "executed_sha256": "60b54eb0747088ca9c5924d9f20a15d525a06fd8f3f2c64372af02ef2a4dfe3f",
      "generator_script_sha256": "d12213d8b61d49bc550adb6079d5274058ab64fa194950ec1f911ee74a57e12f",
      "noise_spawn_key": [
        1
      ],
      "pair_count": 512,
      "root_seed": 27012,
      "schema": "paired_uniform_clip_channel_v1",
      "selection": "uniform_without_replacement",
      "selection_spawn_key": [
        0
      ],
      "source_command_count": 1000000,
      "source_dataset_path": "/root/hubl_backup_data/action_noise_dev/walker2d_v4_beta1_seed1201.hdf5",
      "source_dataset_sha256": "159a49faaa7786a8444369a1aef758b1a43f26eaaa56146358ace6f9c5b3882a",
      "source_hdf5_schema": "flat"
    },
    "pair_archive_path": "/root/hubl_research_20260914/results/betagrid/calibration/beta0.9_n512_seed27012.npz",
    "pair_archive_sha256": "0fab97ea9a1a6b5b608b3bf75f486356c1f57f283c069dcc12adb8c3e52a305d",
    "pair_count": 512,
    "source": "censored_uniform_plus_clip_pair_calibration",
    "uncertainty_beta_interval": [
      0.8974562607705593,
      0.8995716065168381
    ]
  },
  "channel": {
    "beta_mismatch": true,
    "environment_rollout_beta": 0.9,
    "gradient_model": "iid_uniform_additive_then_clip",
    "model_or_calibration_beta": 0.8995844721794128
  },
  "controller": {
    "K": 8,
    "actor_parameter_updates": 0,
    "baseline_transform": "inverse",
    "calibration_mode": "censored_uniform_plus_clip_pair_calibration",
    "critic": "frozen_q1",
    "critic_parameter_updates": 0,
    "delta_max": 0.25,
    "execution_noise_samples": 8,
    "gradient_noise_seed": 71500,
    "gradient_objective": "mean_k_q1_of_clipped_command_plus_fresh_antithetic_uniform_noise_per_gradient_step",
    "gradient_steps": 2,
    "gradient_steps_per_action": 2,
    "model_beta": 0.8995844721794128,
    "q_reducer": "mean_q1",
    "step_size": 0.1
  },
  "cost": {
    "adapted_backward_calls": 79684,
    "adapted_q1_rows_per_environment_step": 16,
    "adapted_q1_rows_total": 637472,
    "base_actor_rows": 39842,
    "baseline_base_actor_rows": 31019,
    "baseline_environment_steps": 31019,
    "baseline_q1_rows_total": 0,
    "baseline_wall_time_seconds": 84.52158972900361,
    "cost_scope": "adapted_arm_deployment_controller_only",
    "environment_steps": 39842,
    "paired_evaluation_environment_steps": 70861,
    "paired_evaluation_wall_time_seconds": 446.4336687329924,
    "q1_backward_calls": 79684,
    "q1_backward_rows": 637472,
    "q1_forward_rows": 637472,
    "wall_time_seconds": 360.9739864990115
  },
  "environment": "Walker2d-v4",
  "evaluation_protocol": {
    "action_noise_seed_start": 61500,
    "actuator_noise_rng_namespace": "numpy_generator_per_episode",
    "environment": "Walker2d-v4",
    "environment_rng_namespace": "gymnasium_env_reset",
    "environment_seed_start": 51500,
    "episode_count_per_arm": 50,
    "episode_local_gradient_streams_prevent_cross_episode_call_order_coupling": true,
    "gradient_noise_antithetic": true,
    "gradient_noise_rng_namespace": "torch_generator_per_episode_fresh_antithetic_per_gradient_step",
    "gradient_noise_sampling_frequency": "per_gradient_step",
    "gradient_noise_seed_start": 71500,
    "paired_environment_and_action_noise_seeds": true,
    "selection_rule": "all requested episodes retained"
  },
  "implementation": {
    "evaluate_sha256": "cf659f47fddd8f848c84f5f114be1fcb9081a55470fe59e8c073d4f84af0bff1",
    "evaluation_controls_sha256": "24318269a6696fd22c8112b2d96913bdceb830d83de9df31ca234e1505f1aec9",
    "inverse_residual_core_sha256": "5700efa8bbefac91c991a76878c3b78c5b3e84aea83568987f7a7e8919e50041",
    "td3bc_core_sha256": "e27cec131b533dd542e77ba9de2de492db4890c6fb9723796f59a02002d1f052",
    "train_inverse_residual_adapter_sha256": "fb065682c78e6c058d1165fa68f680fb682d235ec8c9c3abe70b8098177ee0e4",
    "train_td3bc_sha256": "28094abb38441633f3e52386a9d3ac0747b9df8a4f2bd03403bf46d1d5234737"
  },
  "method_id": "channel_aware_opex_inverse_anchor",
  "method_scope": "stronger channel-aware extension of OPEX; not an unchanged reproduction of the original paper",
  "normalization": {
    "reference_max_score": 4592.3,
    "reference_min_score": 1.629008
  },
  "opex_reference": {
    "original_single_step_rule": "a <- a + step_size * grad_a Q(s, a)",
    "paper": "Is Value Learning Really the Main Bottleneck in Offline RL?",
    "url": "https://proceedings.neurips.cc/paper_files/paper/2024/hash/8ffb4e3118280a66b192b6f06e0e2596-Abstract-Conference.html",
    "venue": "NeurIPS 2024"
  },
  "paired": {
    "adapted_minus_baseline_returns": [
      -1146.653474269996,
      917.60524486843,
      -1011.8054878498037,
      2638.9467647287925,
      -156.29691029132664,
      1800.304710847808,
      2834.92443197807,
      -517.9738414347817,
      2217.2954802554177,
      -95.09771027827219,
      2196.096536138481,
      -70.68346142664495,
      304.7463850762342,
      952.0083093924123,
      37.690588269056434,
      -1618.3662579045854,
      2366.5285017963733,
      1494.149018624664,
      2009.9094364999987,
      -264.8876266849593,
      435.50913721839333,
      -1171.3890542321797,
      772.4267831348059,
      -1258.7752671947705,
      723.2311505624903,
      2859.9422373899993,
      1722.0725739621992,
      -57.087945833376125,
      1645.5856738977755,
      1156.6062164701634,
      -1379.9755447375328,
      2091.8216992672574,
      1854.980241692684,
      1421.6060847507022,
      -2140.7856764003486,
      1822.0010140940733,
      2190.121215302966,
      -27.317505059455925,
      511.043868710879,
      -290.0479809347753,
      -1775.7282203956163,
      1686.813946095945,
      1960.1155960942715,
      2548.714069360748,
      -1983.8337403574828,
      1237.0499517842004,
      181.44205304812522,
      -132.26939719529855,
      560.1754166679366,
      -1791.5731805558323
    ],
    "episode_count": 50,
    "positive_episode_count": 31,
    "return_difference_mean": 605.2183210988863,
    "return_difference_std": 1402.4269598853293
  },
  "raw_schema": "channel_opex_v1",
  "status": "complete",
  "wall_time_seconds": 446.4336687329924
}
