{
  "action_pipeline": "agent_command -> multiply_by_command_scale -> clip_to_environment_bounds -> command_transform -> clip_to_environment_bounds -> add_seeded_actuator_noise_if_noisy -> clip_to_environment_bounds -> env.step",
  "checkpoint": "/root/hubl_research_20260914/results/inverse_residual_confirm/base_hubl_executed_25k_seed1/latest.pt",
  "checkpoint_sha256": "22b47965695bfa312533741abaa1e17e3cbbc091f3c5e6ba7fc8953fbc8ca6ae",
  "checkpoint_step": 25000,
  "clean": {
    "command_saturation_definition": "fraction_of_scaled_command_values_strictly_outside_environment_bounds_before_clip",
    "command_saturation_fraction": 0.0,
    "command_scale": 1.0,
    "command_transform": "identity",
    "command_transform_beta": 0.9,
    "command_transform_saturation_definition": "fraction_of_desired_mean_action_values_outside_the_uniform_clipped_channel_mean_range_achievable_by_bounded_commands",
    "command_transform_saturation_fraction": 0.0,
    "episode_seeds": [
      51500,
      51501,
      51502,
      51503,
      51504,
      51505,
      51506,
      51507,
      51508,
      51509,
      51510,
      51511,
      51512,
      51513,
      51514,
      51515,
      51516,
      51517,
      51518,
      51519,
      51520,
      51521,
      51522,
      51523,
      51524,
      51525,
      51526,
      51527,
      51528,
      51529,
      51530,
      51531,
      51532,
      51533,
      51534,
      51535,
      51536,
      51537,
      51538,
      51539,
      51540,
      51541,
      51542,
      51543,
      51544,
      51545,
      51546,
      51547,
      51548,
      51549
    ],
    "lengths": [
      1000,
      1000,
      1000,
      1000,
      1000,
      1000,
      1000,
      1000,
      778,
      883,
      1000,
      1000,
      1000,
      1000,
      923,
      929,
      1000,
      1000,
      647,
      952,
      703,
      1000,
      1000,
      1000,
      1000,
      1000,
      1000,
      1000,
      1000,
      1000,
      1000,
      1000,
      1000,
      1000,
      1000,
      1000,
      943,
      1000,
      1000,
      1000,
      1000,
      889,
      1000,
      1000,
      1000,
      1000,
      1000,
      1000,
      1000,
      1000
    ],
    "normalized_score_mean": 81.4976933027752,
    "normalized_score_std": 6.067749471164296,
    "return_mean": 3742.919973599628,
    "return_std": 278.55041483997275,
    "returns": [
      3823.4787356198794,
      3805.601845867393,
      3861.3206722915743,
      3843.0889272577156,
      3862.690619986041,
      3784.144721863289,
      3873.3979739285764,
      3743.2740479254494,
      3034.2500034675386,
      3416.1865722550388,
      3864.6052952052555,
      3787.4568037639106,
      3841.5553983720815,
      3776.842079171628,
      3625.5839586959582,
      3628.6509875447514,
      3894.4563348407655,
      3828.046262547837,
      2421.1075659331486,
      3707.758774984596,
      2768.546202994321,
      3922.0994324910716,
      3877.2444123654286,
      3796.567511729052,
      3860.1764391867814,
      3851.2497649129236,
      3806.0492224851796,
      3800.323033567658,
      3835.6215780735038,
      3898.626637471167,
      3787.20198900182,
      3846.279757421396,
      3846.2466260413767,
      3793.8528242826605,
      3882.141749130237,
      3886.919967422377,
      3627.7249803632053,
      3811.370718113305,
      3821.6089625028308,
      3843.65027475545,
      3879.3276445404986,
      3456.424778798817,
      3865.810568904041,
      3799.6718560365334,
      3861.424451527483,
      3859.461226143801,
      3878.3599658967532,
      3839.154942863195,
      3857.3019966410175,
      3862.0615827950814
    ],
    "transformed_command_at_bound_fraction": 6.852084061367265e-06
  },
  "command_scale": 1.0,
  "command_transform": "identity",
  "command_transform_beta": 0.9,
  "environment": "Walker2d-v4",
  "implementation": {
    "evaluate_td3bc_sha256": "770a690f06ee30ba84213fc35948e9f6f8a242a9976288d32d6a3845d3a4df26",
    "evaluation_controls_sha256": "24318269a6696fd22c8112b2d96913bdceb830d83de9df31ca234e1505f1aec9",
    "train_td3bc_sha256": "28094abb38441633f3e52386a9d3ac0747b9df8a4f2bd03403bf46d1d5234737"
  },
  "implementation_sha256": "770a690f06ee30ba84213fc35948e9f6f8a242a9976288d32d6a3845d3a4df26",
  "persistent_action_noise": {
    "action_clip_fraction": 0.24770117263755942,
    "action_noise_beta": 0.9,
    "action_noise_distribution": "iid_uniform_minus_beta_plus_beta_per_step",
    "action_noise_seeds": [
      61500,
      61501,
      61502,
      61503,
      61504,
      61505,
      61506,
      61507,
      61508,
      61509,
      61510,
      61511,
      61512,
      61513,
      61514,
      61515,
      61516,
      61517,
      61518,
      61519,
      61520,
      61521,
      61522,
      61523,
      61524,
      61525,
      61526,
      61527,
      61528,
      61529,
      61530,
      61531,
      61532,
      61533,
      61534,
      61535,
      61536,
      61537,
      61538,
      61539,
      61540,
      61541,
      61542,
      61543,
      61544,
      61545,
      61546,
      61547,
      61548,
      61549
    ],
    "command_saturation_definition": "fraction_of_scaled_command_values_strictly_outside_environment_bounds_before_clip",
    "command_saturation_fraction": 0.0,
    "command_scale": 1.0,
    "command_transform": "identity",
    "command_transform_beta": 0.9,
    "command_transform_saturation_definition": "fraction_of_desired_mean_action_values_outside_the_uniform_clipped_channel_mean_range_achievable_by_bounded_commands",
    "command_transform_saturation_fraction": 0.0,
    "environment_seeds": [
      51500,
      51501,
      51502,
      51503,
      51504,
      51505,
      51506,
      51507,
      51508,
      51509,
      51510,
      51511,
      51512,
      51513,
      51514,
      51515,
      51516,
      51517,
      51518,
      51519,
      51520,
      51521,
      51522,
      51523,
      51524,
      51525,
      51526,
      51527,
      51528,
      51529,
      51530,
      51531,
      51532,
      51533,
      51534,
      51535,
      51536,
      51537,
      51538,
      51539,
      51540,
      51541,
      51542,
      51543,
      51544,
      51545,
      51546,
      51547,
      51548,
      51549
    ],
    "executed_commanded_action_mse": 0.20068454770643313,
    "lengths": [
      469,
      889,
      411,
      317,
      624,
      353,
      237,
      544,
      1000,
      1000,
      371,
      988,
      630,
      1000,
      550,
      412,
      384,
      419,
      579,
      529,
      549,
      593,
      514,
      518,
      215,
      598,
      180,
      295,
      225,
      669,
      239,
      615,
      664,
      420,
      284,
      314,
      341,
      654,
      889,
      437,
      523,
      193,
      395,
      344,
      511,
      188,
      206,
      315,
      431,
      734
    ],
    "normalized_score_mean": 36.17094011855747,
    "normalized_score_std": 18.342202917880883,
    "return_mean": 1662.117863556308,
    "return_std": 842.0301886449354,
    "returns": [
      1581.3997545180025,
      3251.9041079373555,
      1348.2320319822734,
      1095.9489165308712,
      2153.385830280125,
      1116.590924038387,
      726.7498789106739,
      1848.7828175075765,
      3474.7060442034744,
      3455.7215075859963,
      1201.391240985394,
      3619.5785547442797,
      2170.7739074648957,
      3348.5457501314863,
      1868.5584941906839,
      1385.0915524039046,
      1306.931396225421,
      1384.0003296588702,
      1983.7231345480639,
      1817.9136308259474,
      1910.3603398821642,
      2219.089082360166,
      1605.1818442430242,
      1872.7151374896812,
      596.0711495880998,
      2028.477851986558,
      498.25489509719034,
      894.4021880843093,
      573.3444883244549,
      2379.0932422383967,
      725.3773196610297,
      1969.5631286864814,
      2262.2561375189193,
      1213.5805228329866,
      912.800571282614,
      961.9300412105227,
      1085.331781956293,
      2397.975914072517,
      3142.620187158872,
      1522.7073021783456,
      1847.4831649082535,
      514.7588716171181,
      1244.7631988972053,
      1032.0331412126352,
      1720.6198952984987,
      449.73721267134954,
      563.8437469970218,
      916.7529163692118,
      1395.84901906287,
      2508.989080254931
    ],
    "transformed_command_at_bound_fraction": 6.0584030049678906e-05
  },
  "status": "complete",
  "wall_time_seconds": 62.365629165025894
}
