{
  "arms": {
    "adapted": {
      "action_noise_beta": 0.5,
      "action_noise_seeds": [
        61400,
        61401,
        61402,
        61403,
        61404,
        61405,
        61406,
        61407,
        61408,
        61409,
        61410,
        61411,
        61412,
        61413,
        61414,
        61415,
        61416,
        61417,
        61418,
        61419,
        61420,
        61421,
        61422,
        61423,
        61424,
        61425,
        61426,
        61427,
        61428,
        61429,
        61430,
        61431,
        61432,
        61433,
        61434,
        61435,
        61436,
        61437,
        61438,
        61439,
        61440,
        61441,
        61442,
        61443,
        61444,
        61445,
        61446,
        61447,
        61448,
        61449
      ],
      "actuator_clip_fraction": 0.134265676396963,
      "applied_residual_abs_max": 0.2500000298023224,
      "applied_residual_abs_mean": 0.09447294057698456,
      "arm": "channel_opex",
      "command_at_bound_fraction": 0.04365530890760011,
      "environment_seeds": [
        51400,
        51401,
        51402,
        51403,
        51404,
        51405,
        51406,
        51407,
        51408,
        51409,
        51410,
        51411,
        51412,
        51413,
        51414,
        51415,
        51416,
        51417,
        51418,
        51419,
        51420,
        51421,
        51422,
        51423,
        51424,
        51425,
        51426,
        51427,
        51428,
        51429,
        51430,
        51431,
        51432,
        51433,
        51434,
        51435,
        51436,
        51437,
        51438,
        51439,
        51440,
        51441,
        51442,
        51443,
        51444,
        51445,
        51446,
        51447,
        51448,
        51449
      ],
      "executed_commanded_action_mse": 0.07232972851381812,
      "gradient_abs_max": 4.784905433654785,
      "gradient_l2_mean": 1.602046733683903,
      "gradient_noise_draw_calls": 96674,
      "gradient_noise_sampling_frequency": "per_gradient_step",
      "gradient_noise_seeds": [
        71400,
        71401,
        71402,
        71403,
        71404,
        71405,
        71406,
        71407,
        71408,
        71409,
        71410,
        71411,
        71412,
        71413,
        71414,
        71415,
        71416,
        71417,
        71418,
        71419,
        71420,
        71421,
        71422,
        71423,
        71424,
        71425,
        71426,
        71427,
        71428,
        71429,
        71430,
        71431,
        71432,
        71433,
        71434,
        71435,
        71436,
        71437,
        71438,
        71439,
        71440,
        71441,
        71442,
        71443,
        71444,
        71445,
        71446,
        71447,
        71448,
        71449
      ],
      "gradient_noise_stream_used": true,
      "inverse_saturation_fraction": 0.02535324906386412,
      "lengths": [
        1000,
        1000,
        1000,
        1000,
        1000,
        1000,
        1000,
        1000,
        1000,
        1000,
        1000,
        1000,
        1000,
        1000,
        1000,
        1000,
        1000,
        1000,
        1000,
        1000,
        371,
        1000,
        1000,
        1000,
        1000,
        1000,
        1000,
        1000,
        1000,
        1000,
        1000,
        1000,
        1000,
        1000,
        1000,
        1000,
        1000,
        1000,
        1000,
        1000,
        1000,
        1000,
        1000,
        342,
        1000,
        1000,
        1000,
        1000,
        1000,
        624
      ],
      "normalized_score_mean": 76.27288776775362,
      "normalized_score_std": 11.042103221257129,
      "proposed_residual_abs_mean": 0.09447294057698456,
      "q1_expected_before_update_mean": 91.9120665778825,
      "q1_gradient_calls": 96674,
      "q1_rows_by_episode": [
        16000,
        16000,
        16000,
        16000,
        16000,
        16000,
        16000,
        16000,
        16000,
        16000,
        16000,
        16000,
        16000,
        16000,
        16000,
        16000,
        16000,
        16000,
        16000,
        16000,
        5936,
        16000,
        16000,
        16000,
        16000,
        16000,
        16000,
        16000,
        16000,
        16000,
        16000,
        16000,
        16000,
        16000,
        16000,
        16000,
        16000,
        16000,
        16000,
        16000,
        16000,
        16000,
        16000,
        5472,
        16000,
        16000,
        16000,
        16000,
        16000,
        9984
      ],
      "q1_rows_per_action": 16,
      "q1_rows_total": 773392,
      "raw_residual_abs_max": 0.47849056124687195,
      "return_mean": 3503.066341514981,
      "return_std": 506.9066294849486,
      "returns": [
        3673.4970293687343,
        3692.528729444692,
        3573.0782038773855,
        3580.1518576474955,
        3621.421731269536,
        3605.278474984626,
        3616.6255813799967,
        3719.6935316730264,
        3716.108245409026,
        3650.829784274735,
        3650.091739383195,
        3601.955835650336,
        3648.5532235438486,
        3708.4449754256407,
        3706.684929445704,
        3719.176351855426,
        3584.4008190431327,
        3662.8037157819604,
        3608.7541370301733,
        3492.2950991938474,
        1264.2029075698633,
        3582.7871305844264,
        3652.7983899965257,
        3558.397248965587,
        3603.3372803779216,
        3606.73668265102,
        3554.7768578112077,
        3651.883458677857,
        3633.2544016768898,
        3540.6966984723317,
        3725.013669777118,
        3467.114353925926,
        3670.8095127382558,
        3626.4310945164584,
        3658.6812749172395,
        3694.0199796244287,
        3656.234561451391,
        3524.537415668964,
        3622.091012697753,
        3502.80211353961,
        3608.518156588852,
        3529.7939218332695,
        3669.5818983974764,
        1196.098694495309,
        3582.9042418009276,
        3688.609271478859,
        3724.408469601621,
        3663.115919988253,
        3623.730636848111,
        2237.5758233931056
      ],
      "trust_region_clipped_fraction": 0.07655453724200233,
      "wall_time_seconds": 440.2446838939795
    },
    "baseline_only": {
      "action_noise_beta": 0.5,
      "action_noise_seeds": [
        61400,
        61401,
        61402,
        61403,
        61404,
        61405,
        61406,
        61407,
        61408,
        61409,
        61410,
        61411,
        61412,
        61413,
        61414,
        61415,
        61416,
        61417,
        61418,
        61419,
        61420,
        61421,
        61422,
        61423,
        61424,
        61425,
        61426,
        61427,
        61428,
        61429,
        61430,
        61431,
        61432,
        61433,
        61434,
        61435,
        61436,
        61437,
        61438,
        61439,
        61440,
        61441,
        61442,
        61443,
        61444,
        61445,
        61446,
        61447,
        61448,
        61449
      ],
      "actuator_clip_fraction": 0.1304980139066818,
      "applied_residual_abs_max": 0.0,
      "applied_residual_abs_mean": 0.0,
      "arm": "inverse_anchor_baseline",
      "command_at_bound_fraction": 0.03994343864059365,
      "environment_seeds": [
        51400,
        51401,
        51402,
        51403,
        51404,
        51405,
        51406,
        51407,
        51408,
        51409,
        51410,
        51411,
        51412,
        51413,
        51414,
        51415,
        51416,
        51417,
        51418,
        51419,
        51420,
        51421,
        51422,
        51423,
        51424,
        51425,
        51426,
        51427,
        51428,
        51429,
        51430,
        51431,
        51432,
        51433,
        51434,
        51435,
        51436,
        51437,
        51438,
        51439,
        51440,
        51441,
        51442,
        51443,
        51444,
        51445,
        51446,
        51447,
        51448,
        51449
      ],
      "executed_commanded_action_mse": 0.0728590133305461,
      "gradient_abs_max": null,
      "gradient_l2_mean": null,
      "gradient_noise_draw_calls": 0,
      "gradient_noise_sampling_frequency": "none_beta_zero_or_baseline_arm",
      "gradient_noise_seeds": [
        71400,
        71401,
        71402,
        71403,
        71404,
        71405,
        71406,
        71407,
        71408,
        71409,
        71410,
        71411,
        71412,
        71413,
        71414,
        71415,
        71416,
        71417,
        71418,
        71419,
        71420,
        71421,
        71422,
        71423,
        71424,
        71425,
        71426,
        71427,
        71428,
        71429,
        71430,
        71431,
        71432,
        71433,
        71434,
        71435,
        71436,
        71437,
        71438,
        71439,
        71440,
        71441,
        71442,
        71443,
        71444,
        71445,
        71446,
        71447,
        71448,
        71449
      ],
      "gradient_noise_stream_used": false,
      "inverse_saturation_fraction": 0.03994343864059365,
      "lengths": [
        1000,
        984,
        1000,
        1000,
        1000,
        1000,
        1000,
        505,
        895,
        1000,
        1000,
        1000,
        1000,
        337,
        648,
        943,
        1000,
        1000,
        934,
        818,
        1000,
        1000,
        732,
        485,
        734,
        526,
        1000,
        609,
        1000,
        726,
        932,
        1000,
        647,
        1000,
        419,
        821,
        1000,
        322,
        1000,
        486,
        688,
        1000,
        367,
        1000,
        1000,
        399,
        611,
        803,
        1000,
        1000
      ],
      "normalized_score_mean": 66.65183728770698,
      "normalized_score_std": 19.125589866487275,
      "proposed_residual_abs_mean": 0.0,
      "q1_expected_before_update_mean": null,
      "q1_gradient_calls": 0,
      "q1_rows_by_episode": [
        0,
        0,
        0,
        0,
        0,
        0,
        0,
        0,
        0,
        0,
        0,
        0,
        0,
        0,
        0,
        0,
        0,
        0,
        0,
        0,
        0,
        0,
        0,
        0,
        0,
        0,
        0,
        0,
        0,
        0,
        0,
        0,
        0,
        0,
        0,
        0,
        0,
        0,
        0,
        0,
        0,
        0,
        0,
        0,
        0,
        0,
        0,
        0,
        0,
        0
      ],
      "q1_rows_per_action": 0,
      "q1_rows_total": 0,
      "raw_residual_abs_max": null,
      "return_mean": 3061.395568001804,
      "return_std": 877.9929060497229,
      "returns": [
        3738.604509933093,
        3767.9988015635304,
        3657.386512623271,
        3710.0590886216364,
        3769.3678879745944,
        3703.0628855395053,
        3735.065358784329,
        1712.4791626249869,
        3319.4279948032436,
        3616.9261442933457,
        3828.379570643644,
        3769.254661050593,
        3760.173944535601,
        1131.3962345163782,
        2306.3494811729756,
        3520.112261028782,
        3748.9512939422452,
        3729.498154402348,
        3479.858180360063,
        3161.6180550771096,
        3563.0778184661203,
        3785.0027618984823,
        2649.718333100309,
        1735.9823802106364,
        2793.3468245372487,
        1826.0259066778626,
        3755.9063290258914,
        2202.2812805127774,
        3787.1045753910084,
        2686.3363089905315,
        3656.82291736219,
        3572.742834930275,
        2353.4496296031675,
        3642.3871593214835,
        1492.8729819549437,
        2974.6523727506865,
        3737.8530325903557,
        1035.4563798039976,
        3763.925106475832,
        1746.121058176402,
        2561.422772369508,
        3708.42166908244,
        1298.5602203062422,
        3800.3559485993837,
        3779.0685164579086,
        1388.102766232483,
        2185.8343895032654,
        3063.9473976857844,
        3672.706674466227,
        3684.321870115469
      ],
      "trust_region_clipped_fraction": 0.0,
      "wall_time_seconds": 116.22961258899886
    }
  },
  "base_checkpoint": {
    "format": null,
    "path": "/root/hubl_research_20260914/results/scaleup/walker_seed2/base/latest.pt",
    "sha256": "d94b05044c9071c2a987aa28bd2dabbf04a91a7164d4215f851f37aaff06a75e",
    "step": 25000
  },
  "calibration": {
    "action_dim": 6,
    "action_high": 1.0,
    "action_low": -1.0,
    "beta": 0.4999445229768753,
    "calibration_path": "/root/hubl_research_20260914/results/betagrid/calibration/beta0.5_n512_seed27011_calibration.json",
    "calibration_sha256": "d92c5d047eb89b3a99febef6f9e9c5831c2c4e438de322da8dad2e3eb78ad661",
    "commands_sha256": "529e626eb2417145ac8d3700bcfc555d769031623933b0b5bfdeba44b02296c9",
    "estimator": "censored_uniform_plus_clip_mle",
    "executed_sha256": "3c9b3241c890f34e5cec71d3d62adb31808a140a89a276fbf6ccbd881ade682c",
    "input_provenance": {
      "action_dim": 6,
      "action_high": 1.0,
      "action_low": -1.0,
      "beta": 0.5,
      "bit_generator": "PCG64",
      "channel": "iid_uniform_additive_then_clip",
      "commands_sha256": "529e626eb2417145ac8d3700bcfc555d769031623933b0b5bfdeba44b02296c9",
      "contains_state_or_transition_fields": false,
      "executed_sha256": "3c9b3241c890f34e5cec71d3d62adb31808a140a89a276fbf6ccbd881ade682c",
      "generator_script_sha256": "d12213d8b61d49bc550adb6079d5274058ab64fa194950ec1f911ee74a57e12f",
      "noise_spawn_key": [
        1
      ],
      "pair_count": 512,
      "root_seed": 27011,
      "schema": "paired_uniform_clip_channel_v1",
      "selection": "uniform_without_replacement",
      "selection_spawn_key": [
        0
      ],
      "source_command_count": 1000000,
      "source_dataset_path": "/root/hubl_backup_data/action_noise_dev/walker2d_v4_beta1_seed1201.hdf5",
      "source_dataset_sha256": "159a49faaa7786a8444369a1aef758b1a43f26eaaa56146358ace6f9c5b3882a",
      "source_hdf5_schema": "flat"
    },
    "pair_archive_path": "/root/hubl_research_20260914/results/betagrid/calibration/beta0.5_n512_seed27011.npz",
    "pair_archive_sha256": "39da750ad0476d4923aec335c0dda6805a9aab4385b840fec66ec0b4e167414f",
    "pair_count": 512,
    "source": "censored_uniform_plus_clip_pair_calibration",
    "uncertainty_beta_interval": [
      0.49902014881372453,
      0.49993819147348406
    ]
  },
  "channel": {
    "beta_mismatch": true,
    "environment_rollout_beta": 0.5,
    "gradient_model": "iid_uniform_additive_then_clip",
    "model_or_calibration_beta": 0.4999445229768753
  },
  "controller": {
    "K": 8,
    "actor_parameter_updates": 0,
    "baseline_transform": "inverse",
    "calibration_mode": "censored_uniform_plus_clip_pair_calibration",
    "critic": "frozen_q1",
    "critic_parameter_updates": 0,
    "delta_max": 0.25,
    "execution_noise_samples": 8,
    "gradient_noise_seed": 71400,
    "gradient_objective": "mean_k_q1_of_clipped_command_plus_fresh_antithetic_uniform_noise_per_gradient_step",
    "gradient_steps": 2,
    "gradient_steps_per_action": 2,
    "model_beta": 0.4999445229768753,
    "q_reducer": "mean_q1",
    "step_size": 0.1
  },
  "cost": {
    "adapted_backward_calls": 96674,
    "adapted_q1_rows_per_environment_step": 16,
    "adapted_q1_rows_total": 773392,
    "base_actor_rows": 48337,
    "baseline_base_actor_rows": 41371,
    "baseline_environment_steps": 41371,
    "baseline_q1_rows_total": 0,
    "baseline_wall_time_seconds": 116.22961258899886,
    "cost_scope": "adapted_arm_deployment_controller_only",
    "environment_steps": 48337,
    "paired_evaluation_environment_steps": 89708,
    "paired_evaluation_wall_time_seconds": 557.4738466679701,
    "q1_backward_calls": 96674,
    "q1_backward_rows": 773392,
    "q1_forward_rows": 773392,
    "wall_time_seconds": 440.2446838939795
  },
  "environment": "Walker2d-v4",
  "evaluation_protocol": {
    "action_noise_seed_start": 61400,
    "actuator_noise_rng_namespace": "numpy_generator_per_episode",
    "environment": "Walker2d-v4",
    "environment_rng_namespace": "gymnasium_env_reset",
    "environment_seed_start": 51400,
    "episode_count_per_arm": 50,
    "episode_local_gradient_streams_prevent_cross_episode_call_order_coupling": true,
    "gradient_noise_antithetic": true,
    "gradient_noise_rng_namespace": "torch_generator_per_episode_fresh_antithetic_per_gradient_step",
    "gradient_noise_sampling_frequency": "per_gradient_step",
    "gradient_noise_seed_start": 71400,
    "paired_environment_and_action_noise_seeds": true,
    "selection_rule": "all requested episodes retained"
  },
  "implementation": {
    "evaluate_sha256": "cf659f47fddd8f848c84f5f114be1fcb9081a55470fe59e8c073d4f84af0bff1",
    "evaluation_controls_sha256": "24318269a6696fd22c8112b2d96913bdceb830d83de9df31ca234e1505f1aec9",
    "inverse_residual_core_sha256": "5700efa8bbefac91c991a76878c3b78c5b3e84aea83568987f7a7e8919e50041",
    "td3bc_core_sha256": "e27cec131b533dd542e77ba9de2de492db4890c6fb9723796f59a02002d1f052",
    "train_inverse_residual_adapter_sha256": "fb065682c78e6c058d1165fa68f680fb682d235ec8c9c3abe70b8098177ee0e4",
    "train_td3bc_sha256": "28094abb38441633f3e52386a9d3ac0747b9df8a4f2bd03403bf46d1d5234737"
  },
  "method_id": "channel_aware_opex_inverse_anchor",
  "method_scope": "stronger channel-aware extension of OPEX; not an unchanged reproduction of the original paper",
  "normalization": {
    "reference_max_score": 4592.3,
    "reference_min_score": 1.629008
  },
  "opex_reference": {
    "original_single_step_rule": "a <- a + step_size * grad_a Q(s, a)",
    "paper": "Is Value Learning Really the Main Bottleneck in Offline RL?",
    "url": "https://proceedings.neurips.cc/paper_files/paper/2024/hash/8ffb4e3118280a66b192b6f06e0e2596-Abstract-Conference.html",
    "venue": "NeurIPS 2024"
  },
  "paired": {
    "adapted_minus_baseline_returns": [
      -65.10748056435887,
      -75.47007211883829,
      -84.30830874588537,
      -129.90723097414093,
      -147.94615670505846,
      -97.78441055487929,
      -118.43977740433229,
      2007.2143690480395,
      396.6802506057825,
      33.90363998138946,
      -178.2878312604489,
      -167.29882540025665,
      -111.62072099175248,
      2577.0487409092625,
      1400.3354482727282,
      199.06409082664413,
      -164.5504748991125,
      -66.6944386203877,
      128.89595667011008,
      330.67704411673776,
      -2298.874910896257,
      -202.21563131405583,
      1003.0800568962168,
      1822.4148687549507,
      809.9904558406729,
      1780.7107759731575,
      -201.1294712146837,
      1449.6021781650797,
      -153.85017371411868,
      854.3603894818002,
      68.19075241492828,
      -105.62848100434894,
      1317.3598831350882,
      -15.956064805025107,
      2165.808292962296,
      719.3676068737423,
      -81.61847113896465,
      2489.0810358649665,
      -141.83409377807902,
      1756.6810553632083,
      1047.095384219344,
      -178.62774724917062,
      2371.021678091234,
      -2604.2572541040745,
      -196.16427465698098,
      2300.506505246376,
      1538.5740800983558,
      599.1685223024688,
      -48.97603761811615,
      -1446.7460467223636
    ],
    "episode_count": 50,
    "positive_episode_count": 25,
    "return_difference_mean": 441.67077351317783,
    "return_difference_std": 1092.8200355468305
  },
  "raw_schema": "channel_opex_v1",
  "status": "complete",
  "wall_time_seconds": 557.4738466679701
}
