{
  "action_pipeline": "agent_command -> multiply_by_command_scale -> clip_to_environment_bounds -> command_transform -> clip_to_environment_bounds -> add_seeded_actuator_noise_if_noisy -> clip_to_environment_bounds -> env.step",
  "checkpoint": "/root/hubl_research_20260914/results/scaleup/walker_seed2/base/latest.pt",
  "checkpoint_sha256": "d94b05044c9071c2a987aa28bd2dabbf04a91a7164d4215f851f37aaff06a75e",
  "checkpoint_step": 25000,
  "clean": {
    "command_saturation_definition": "fraction_of_scaled_command_values_strictly_outside_environment_bounds_before_clip",
    "command_saturation_fraction": 0.0,
    "command_scale": 1.0,
    "command_transform": "identity",
    "command_transform_beta": 0.5,
    "command_transform_saturation_definition": "fraction_of_desired_mean_action_values_outside_the_uniform_clipped_channel_mean_range_achievable_by_bounded_commands",
    "command_transform_saturation_fraction": 0.0,
    "episode_seeds": [
      51400,
      51401,
      51402,
      51403,
      51404,
      51405,
      51406,
      51407,
      51408,
      51409,
      51410,
      51411,
      51412,
      51413,
      51414,
      51415,
      51416,
      51417,
      51418,
      51419,
      51420,
      51421,
      51422,
      51423,
      51424,
      51425,
      51426,
      51427,
      51428,
      51429,
      51430,
      51431,
      51432,
      51433,
      51434,
      51435,
      51436,
      51437,
      51438,
      51439,
      51440,
      51441,
      51442,
      51443,
      51444,
      51445,
      51446,
      51447,
      51448,
      51449
    ],
    "lengths": [
      1000,
      1000,
      1000,
      1000,
      1000,
      1000,
      1000,
      1000,
      1000,
      1000,
      1000,
      1000,
      1000,
      1000,
      1000,
      1000,
      1000,
      1000,
      1000,
      1000,
      1000,
      1000,
      1000,
      1000,
      1000,
      1000,
      1000,
      1000,
      1000,
      1000,
      1000,
      1000,
      589,
      1000,
      1000,
      1000,
      1000,
      1000,
      1000,
      1000,
      1000,
      1000,
      1000,
      1000,
      1000,
      1000,
      1000,
      1000,
      1000,
      1000
    ],
    "normalized_score_mean": 80.80912615680418,
    "normalized_score_std": 4.941346338718176,
    "return_mean": 3711.3101213690943,
    "return_std": 226.8409529857894,
    "returns": [
      3746.593659346477,
      3739.985279115501,
      3730.959036081602,
      3731.8634780547245,
      3722.666249179907,
      3756.8465885467594,
      3722.37320925522,
      3721.7051415250457,
      3769.303349857223,
      3752.9547139838483,
      3768.3164637769905,
      3736.749030367945,
      3789.4342953038226,
      3763.9157990784497,
      3793.907179925902,
      3744.2481282885333,
      3762.746786479269,
      3742.776737642108,
      3750.7228414786223,
      3793.2812928893245,
      3699.1641135039317,
      3739.7325168111984,
      3708.0337895683324,
      3707.7650615345756,
      3708.6885059021997,
      3754.211969790546,
      3719.074256435422,
      3717.9758291729636,
      3726.175935886526,
      3747.3566118525855,
      3751.979400692135,
      3758.8149385769425,
      2133.3261806409796,
      3676.203086360132,
      3697.0360778626905,
      3747.636469189283,
      3745.651554441417,
      3731.2352022889804,
      3755.211523029325,
      3747.8262016794474,
      3791.102168957547,
      3740.788187781518,
      3758.302307396566,
      3743.24449708909,
      3782.93903340325,
      3754.609699779749,
      3714.602492087856,
      3736.6144986279687,
      3757.359733308104,
      3771.4949646261703
    ],
    "transformed_command_at_bound_fraction": 0.0
  },
  "command_scale": 1.0,
  "command_transform": "identity",
  "command_transform_beta": 0.5,
  "environment": "Walker2d-v4",
  "implementation": {
    "evaluate_td3bc_sha256": "770a690f06ee30ba84213fc35948e9f6f8a242a9976288d32d6a3845d3a4df26",
    "evaluation_controls_sha256": "24318269a6696fd22c8112b2d96913bdceb830d83de9df31ca234e1505f1aec9",
    "train_td3bc_sha256": "28094abb38441633f3e52386a9d3ac0747b9df8a4f2bd03403bf46d1d5234737"
  },
  "implementation_sha256": "770a690f06ee30ba84213fc35948e9f6f8a242a9976288d32d6a3845d3a4df26",
  "persistent_action_noise": {
    "action_clip_fraction": 0.1156973177527957,
    "action_noise_beta": 0.5,
    "action_noise_distribution": "iid_uniform_minus_beta_plus_beta_per_step",
    "action_noise_seeds": [
      61400,
      61401,
      61402,
      61403,
      61404,
      61405,
      61406,
      61407,
      61408,
      61409,
      61410,
      61411,
      61412,
      61413,
      61414,
      61415,
      61416,
      61417,
      61418,
      61419,
      61420,
      61421,
      61422,
      61423,
      61424,
      61425,
      61426,
      61427,
      61428,
      61429,
      61430,
      61431,
      61432,
      61433,
      61434,
      61435,
      61436,
      61437,
      61438,
      61439,
      61440,
      61441,
      61442,
      61443,
      61444,
      61445,
      61446,
      61447,
      61448,
      61449
    ],
    "command_saturation_definition": "fraction_of_scaled_command_values_strictly_outside_environment_bounds_before_clip",
    "command_saturation_fraction": 0.0,
    "command_scale": 1.0,
    "command_transform": "identity",
    "command_transform_beta": 0.5,
    "command_transform_saturation_definition": "fraction_of_desired_mean_action_values_outside_the_uniform_clipped_channel_mean_range_achievable_by_bounded_commands",
    "command_transform_saturation_fraction": 0.0,
    "environment_seeds": [
      51400,
      51401,
      51402,
      51403,
      51404,
      51405,
      51406,
      51407,
      51408,
      51409,
      51410,
      51411,
      51412,
      51413,
      51414,
      51415,
      51416,
      51417,
      51418,
      51419,
      51420,
      51421,
      51422,
      51423,
      51424,
      51425,
      51426,
      51427,
      51428,
      51429,
      51430,
      51431,
      51432,
      51433,
      51434,
      51435,
      51436,
      51437,
      51438,
      51439,
      51440,
      51441,
      51442,
      51443,
      51444,
      51445,
      51446,
      51447,
      51448,
      51449
    ],
    "executed_commanded_action_mse": 0.07426608881267295,
    "lengths": [
      731,
      990,
      1000,
      1000,
      770,
      1000,
      821,
      1000,
      1000,
      1000,
      954,
      1000,
      1000,
      1000,
      1000,
      1000,
      690,
      1000,
      523,
      967,
      1000,
      1000,
      525,
      704,
      1000,
      506,
      767,
      1000,
      433,
      1000,
      1000,
      1000,
      1000,
      1000,
      1000,
      1000,
      788,
      1000,
      1000,
      924,
      1000,
      1000,
      1000,
      720,
      917,
      369,
      1000,
      1000,
      1000,
      1000
    ],
    "normalized_score_mean": 73.02123417732533,
    "normalized_score_std": 14.291597991514351,
    "return_mean": 3353.793623378863,
    "return_std": 656.0802432897038,
    "returns": [
      2768.948876244204,
      3723.1397994319236,
      3733.486343360001,
      3780.448712555152,
      2845.1783392622065,
      3678.19039352426,
      2988.4032005567306,
      3622.898289384443,
      3646.29721145703,
      3758.018120451529,
      3678.7944951967465,
      3690.903525781239,
      3755.9892229762495,
      3803.9528780606097,
      3648.502702986545,
      3688.5988197154475,
      2694.7206144877214,
      3689.5820808462404,
      1891.5127905606037,
      3608.2551329254397,
      3745.250241636986,
      3721.4696399456384,
      1858.241025474389,
      2602.171274843954,
      3693.189045758946,
      1804.6743743357329,
      2928.526996233236,
      3897.297310185629,
      1555.1256674050228,
      3674.508118121507,
      3716.067136174228,
      3600.1905949146108,
      3676.538605426372,
      3724.249512407818,
      3715.4513857479706,
      3582.2489357006853,
      2979.1722458612594,
      3812.418678794132,
      3819.7594279068467,
      3467.3289832002906,
      3572.752742681226,
      3707.2171145974917,
      3743.0326036491097,
      2723.9407857446545,
      3506.052854949874,
      1251.1956206814941,
      3805.2273637374988,
      3608.5311484860395,
      3756.2912761643843,
      3745.7389084118195
    ],
    "transformed_command_at_bound_fraction": 0.0
  },
  "status": "complete",
  "wall_time_seconds": 74.77388615900418
}
