{
  "arms": {
    "adapted": {
      "action_noise_beta": 1.25,
      "action_noise_seeds": [
        51500,
        51501,
        51502,
        51503,
        51504,
        51505,
        51506,
        51507,
        51508,
        51509,
        51510,
        51511,
        51512,
        51513,
        51514,
        51515,
        51516,
        51517,
        51518,
        51519,
        51520,
        51521,
        51522,
        51523,
        51524,
        51525,
        51526,
        51527,
        51528,
        51529,
        51530,
        51531,
        51532,
        51533,
        51534,
        51535,
        51536,
        51537,
        51538,
        51539,
        51540,
        51541,
        51542,
        51543,
        51544,
        51545,
        51546,
        51547,
        51548,
        51549
      ],
      "actuator_clip_fraction": 0.3409751871790112,
      "applied_residual_abs_max": 1.9553303718566895,
      "applied_residual_abs_mean": 0.35237951499617465,
      "arm": "channel_opex",
      "command_at_bound_fraction": 0.21796299733927357,
      "environment_seeds": [
        41500,
        41501,
        41502,
        41503,
        41504,
        41505,
        41506,
        41507,
        41508,
        41509,
        41510,
        41511,
        41512,
        41513,
        41514,
        41515,
        41516,
        41517,
        41518,
        41519,
        41520,
        41521,
        41522,
        41523,
        41524,
        41525,
        41526,
        41527,
        41528,
        41529,
        41530,
        41531,
        41532,
        41533,
        41534,
        41535,
        41536,
        41537,
        41538,
        41539,
        41540,
        41541,
        41542,
        41543,
        41544,
        41545,
        41546,
        41547,
        41548,
        41549
      ],
      "executed_commanded_action_mse": 0.3468085112666164,
      "gradient_abs_max": 8.943292617797852,
      "gradient_l2_mean": 1.931446108633401,
      "gradient_noise_draw_calls": 21548,
      "gradient_noise_sampling_frequency": "per_gradient_step",
      "gradient_noise_seeds": [
        61500,
        61501,
        61502,
        61503,
        61504,
        61505,
        61506,
        61507,
        61508,
        61509,
        61510,
        61511,
        61512,
        61513,
        61514,
        61515,
        61516,
        61517,
        61518,
        61519,
        61520,
        61521,
        61522,
        61523,
        61524,
        61525,
        61526,
        61527,
        61528,
        61529,
        61530,
        61531,
        61532,
        61533,
        61534,
        61535,
        61536,
        61537,
        61538,
        61539,
        61540,
        61541,
        61542,
        61543,
        61544,
        61545,
        61546,
        61547,
        61548,
        61549
      ],
      "gradient_noise_stream_used": true,
      "inverse_saturation_fraction": 0.0,
      "lengths": [
        149,
        224,
        230,
        249,
        286,
        245,
        62,
        274,
        18,
        120,
        323,
        150,
        176,
        492,
        152,
        17,
        336,
        120,
        263,
        293,
        122,
        325,
        162,
        419,
        218,
        120,
        134,
        288,
        324,
        22,
        276,
        296,
        343,
        109,
        170,
        25,
        390,
        108,
        269,
        353,
        257,
        224,
        250,
        153,
        252,
        85,
        107,
        199,
        256,
        339
      ],
      "normalized_score_mean": 17.908908461791803,
      "normalized_score_std": 10.159178745714854,
      "proposed_residual_abs_mean": 0.35237951499617465,
      "q1_expected_before_update_mean": 187.48081513845415,
      "q1_gradient_calls": 21548,
      "q1_rows_by_episode": [
        2384,
        3584,
        3680,
        3984,
        4576,
        3920,
        992,
        4384,
        288,
        1920,
        5168,
        2400,
        2816,
        7872,
        2432,
        272,
        5376,
        1920,
        4208,
        4688,
        1952,
        5200,
        2592,
        6704,
        3488,
        1920,
        2144,
        4608,
        5184,
        352,
        4416,
        4736,
        5488,
        1744,
        2720,
        400,
        6240,
        1728,
        4304,
        5648,
        4112,
        3584,
        4000,
        2448,
        4032,
        1360,
        1712,
        3184,
        4096,
        5424
      ],
      "q1_rows_per_action": 16,
      "q1_rows_total": 172384,
      "raw_residual_abs_max": 2.682987928390503,
      "return_mean": 562.5860699252776,
      "return_std": 330.6378178734821,
      "returns": [
        322.86201214993827,
        605.5726363165666,
        611.3675327739928,
        727.24618910201,
        852.6186869590515,
        671.4057501951481,
        109.57224017487181,
        823.4991049591449,
        22.619343240668304,
        241.47828050391158,
        913.6193245367358,
        365.4770899109616,
        393.91909579338187,
        1376.8807417674564,
        290.15997357942416,
        22.299998449867804,
        977.0112723557028,
        248.83724151738753,
        750.0063371941185,
        802.2034470328166,
        247.91099966106293,
        916.5563999402052,
        375.4393828934421,
        1053.50577227283,
        599.0744558515453,
        258.9882646142155,
        277.751667610593,
        804.0541523997097,
        922.702543165059,
        29.543361332777433,
        765.1801250024242,
        689.4241676646204,
        977.1308058268983,
        200.84717076421214,
        358.22423006612905,
        37.17049987848792,
        1074.8385093002187,
        211.22775231771794,
        768.6877612530542,
        1015.5041435165751,
        624.4545751225462,
        576.0872952977536,
        718.926610078013,
        349.16257039429667,
        630.5418309995177,
        146.99438633797664,
        228.28157306266098,
        473.460979017817,
        670.55940667168,
        998.4158054366824
      ],
      "trust_region_clipped_fraction": 0.18097580595260193,
      "wall_time_seconds": 77.52327086403966
    },
    "baseline_only": {
      "action_noise_beta": 1.25,
      "action_noise_seeds": [
        51500,
        51501,
        51502,
        51503,
        51504,
        51505,
        51506,
        51507,
        51508,
        51509,
        51510,
        51511,
        51512,
        51513,
        51514,
        51515,
        51516,
        51517,
        51518,
        51519,
        51520,
        51521,
        51522,
        51523,
        51524,
        51525,
        51526,
        51527,
        51528,
        51529,
        51530,
        51531,
        51532,
        51533,
        51534,
        51535,
        51536,
        51537,
        51538,
        51539,
        51540,
        51541,
        51542,
        51543,
        51544,
        51545,
        51546,
        51547,
        51548,
        51549
      ],
      "actuator_clip_fraction": 0.31823829047086594,
      "applied_residual_abs_max": 0.0,
      "applied_residual_abs_mean": 0.0,
      "arm": "identity_anchor_baseline",
      "command_at_bound_fraction": 0.0,
      "environment_seeds": [
        41500,
        41501,
        41502,
        41503,
        41504,
        41505,
        41506,
        41507,
        41508,
        41509,
        41510,
        41511,
        41512,
        41513,
        41514,
        41515,
        41516,
        41517,
        41518,
        41519,
        41520,
        41521,
        41522,
        41523,
        41524,
        41525,
        41526,
        41527,
        41528,
        41529,
        41530,
        41531,
        41532,
        41533,
        41534,
        41535,
        41536,
        41537,
        41538,
        41539,
        41540,
        41541,
        41542,
        41543,
        41544,
        41545,
        41546,
        41547,
        41548,
        41549
      ],
      "executed_commanded_action_mse": 0.3524531343838613,
      "gradient_abs_max": null,
      "gradient_l2_mean": null,
      "gradient_noise_draw_calls": 0,
      "gradient_noise_sampling_frequency": "none_beta_zero_or_baseline_arm",
      "gradient_noise_seeds": [
        61500,
        61501,
        61502,
        61503,
        61504,
        61505,
        61506,
        61507,
        61508,
        61509,
        61510,
        61511,
        61512,
        61513,
        61514,
        61515,
        61516,
        61517,
        61518,
        61519,
        61520,
        61521,
        61522,
        61523,
        61524,
        61525,
        61526,
        61527,
        61528,
        61529,
        61530,
        61531,
        61532,
        61533,
        61534,
        61535,
        61536,
        61537,
        61538,
        61539,
        61540,
        61541,
        61542,
        61543,
        61544,
        61545,
        61546,
        61547,
        61548,
        61549
      ],
      "gradient_noise_stream_used": false,
      "inverse_saturation_fraction": 0.0,
      "lengths": [
        212,
        168,
        210,
        235,
        233,
        264,
        250,
        190,
        271,
        239,
        208,
        215,
        210,
        188,
        316,
        240,
        180,
        175,
        175,
        298,
        190,
        298,
        193,
        191,
        189,
        205,
        230,
        235,
        201,
        213,
        198,
        224,
        198,
        254,
        238,
        180,
        211,
        194,
        212,
        214,
        242,
        229,
        212,
        233,
        50,
        270,
        154,
        209,
        246,
        142
      ],
      "normalized_score_mean": 18.155353902338728,
      "normalized_score_std": 3.8575604018798506,
      "proposed_residual_abs_mean": 0.0,
      "q1_expected_before_update_mean": null,
      "q1_gradient_calls": 0,
      "q1_rows_by_episode": [
        0,
        0,
        0,
        0,
        0,
        0,
        0,
        0,
        0,
        0,
        0,
        0,
        0,
        0,
        0,
        0,
        0,
        0,
        0,
        0,
        0,
        0,
        0,
        0,
        0,
        0,
        0,
        0,
        0,
        0,
        0,
        0,
        0,
        0,
        0,
        0,
        0,
        0,
        0,
        0,
        0,
        0,
        0,
        0,
        0,
        0,
        0,
        0,
        0,
        0
      ],
      "q1_rows_per_action": 0,
      "q1_rows_total": 0,
      "raw_residual_abs_max": null,
      "return_mean": 570.6068149802531,
      "return_std": 125.54709248822833,
      "returns": [
        573.5957891674277,
        461.95305794408705,
        583.2261339984358,
        664.30117503179,
        682.3648592467006,
        694.985768070883,
        607.517792715963,
        514.3863217281828,
        716.0104931758102,
        609.0375937915248,
        594.9017610852678,
        537.8615587646738,
        551.1445628009901,
        538.4232714626278,
        865.4440338463511,
        692.0839718788253,
        499.1970431038823,
        392.1796430065471,
        485.37413770349843,
        816.4041221122078,
        507.89043094406196,
        812.9881067749968,
        490.99806829865696,
        490.1584663910251,
        532.9832560355761,
        554.2671615140306,
        598.5629123028634,
        555.008195297213,
        510.1434876145625,
        528.6882624180363,
        416.09086150532664,
        560.2038754430612,
        557.1801126571781,
        657.988441418094,
        686.5491469564051,
        473.9694139005501,
        586.5387520141713,
        512.6115271607774,
        526.6978903243004,
        604.2388467950626,
        710.9291722740663,
        614.2073286694393,
        515.1009618215106,
        672.2256730360893,
        83.26039348231198,
        670.5146834730544,
        413.6673211182461,
        532.8387095197646,
        690.2829538997842,
        383.1632453167612
      ],
      "trust_region_clipped_fraction": 0.0,
      "wall_time_seconds": 8.10798753000563
    }
  },
  "base_checkpoint": {
    "format": null,
    "path": "/root/hubl_research_20260914/results/crosstask_hopper/hopper_seed4/base/latest.pt",
    "sha256": "55d3482f9f8e143702b6a29614ebb6f2a1e3d1c83cb6e8eb25fd49d95e85973a",
    "step": 25000
  },
  "calibration": {
    "action_dim": 3,
    "action_high": 1.0,
    "action_low": -1.0,
    "beta": 1.249945044517517,
    "calibration_path": "/root/hubl_research_20260914/results/channel_calibration/hopper_beta125_n512_seed27002_calibration.json",
    "calibration_sha256": "d7f273b39ae935bb31e62d12f41861ca216f89c8c5086899f355b6ebfd7941f0",
    "commands_sha256": "c9243a78dcdad148124a4aeb3a8cc372fd77c0598b5ae423270c25fe9b5b8369",
    "estimator": "censored_uniform_plus_clip_mle",
    "executed_sha256": "785b08dff21c97ec2ae224c1c67dabeebe42109a4146445d2142db3439a3fb5b",
    "input_provenance": {
      "action_dim": 3,
      "action_high": 1.0,
      "action_low": -1.0,
      "beta": 1.25,
      "bit_generator": "PCG64",
      "channel": "iid_uniform_additive_then_clip",
      "commands_sha256": "c9243a78dcdad148124a4aeb3a8cc372fd77c0598b5ae423270c25fe9b5b8369",
      "contains_state_or_transition_fields": false,
      "executed_sha256": "785b08dff21c97ec2ae224c1c67dabeebe42109a4146445d2142db3439a3fb5b",
      "generator_script_sha256": "d12213d8b61d49bc550adb6079d5274058ab64fa194950ec1f911ee74a57e12f",
      "noise_spawn_key": [
        1
      ],
      "pair_count": 512,
      "root_seed": 27002,
      "schema": "paired_uniform_clip_channel_v1",
      "selection": "uniform_without_replacement",
      "selection_spawn_key": [
        0
      ],
      "source_command_count": 1000000,
      "source_dataset_path": "/root/hubl_backup_data/action_noise_dev/hopper_v4_beta1_seed2201.hdf5",
      "source_dataset_sha256": "19bff1e68edef8fdd3ef8b4911a74d0c898e7b81970ca73975b6a0c9f04b9ee1",
      "source_hdf5_schema": "flat"
    },
    "pair_archive_path": "/root/hubl_research_20260914/results/channel_calibration/hopper_beta125_n512_seed27002.npz",
    "pair_archive_sha256": "46ef6df6d2b9f197e7b7e4147ad653e247fc986a618845f290bf761c6117bfa4",
    "pair_count": 512,
    "source": "censored_uniform_plus_clip_pair_calibration",
    "uncertainty_beta_interval": [
      1.2428684413433075,
      1.249893632531166
    ]
  },
  "channel": {
    "beta_mismatch": true,
    "environment_rollout_beta": 1.25,
    "gradient_model": "iid_uniform_additive_then_clip",
    "model_or_calibration_beta": 1.249945044517517
  },
  "controller": {
    "K": 8,
    "actor_parameter_updates": 0,
    "baseline_transform": "identity",
    "calibration_mode": "censored_uniform_plus_clip_pair_calibration",
    "critic": "frozen_q1",
    "critic_parameter_updates": 0,
    "delta_max": 2.0,
    "execution_noise_samples": 8,
    "gradient_noise_seed": 61500,
    "gradient_objective": "mean_k_q1_of_clipped_command_plus_fresh_antithetic_uniform_noise_per_gradient_step",
    "gradient_steps": 2,
    "gradient_steps_per_action": 2,
    "model_beta": 1.249945044517517,
    "q_reducer": "mean_q1",
    "step_size": 0.3
  },
  "cost": {
    "adapted_backward_calls": 21548,
    "adapted_q1_rows_per_environment_step": 16,
    "adapted_q1_rows_total": 172384,
    "base_actor_rows": 10774,
    "baseline_base_actor_rows": 10732,
    "baseline_environment_steps": 10732,
    "baseline_q1_rows_total": 0,
    "baseline_wall_time_seconds": 8.10798753000563,
    "cost_scope": "adapted_arm_deployment_controller_only",
    "environment_steps": 10774,
    "paired_evaluation_environment_steps": 21506,
    "paired_evaluation_wall_time_seconds": 86.61987703596242,
    "q1_backward_calls": 21548,
    "q1_backward_rows": 172384,
    "q1_forward_rows": 172384,
    "wall_time_seconds": 77.52327086403966
  },
  "environment": "Hopper-v4",
  "evaluation_protocol": {
    "action_noise_seed_start": 51500,
    "actuator_noise_rng_namespace": "numpy_generator_per_episode",
    "environment": "Hopper-v4",
    "environment_rng_namespace": "gymnasium_env_reset",
    "environment_seed_start": 41500,
    "episode_count_per_arm": 50,
    "episode_local_gradient_streams_prevent_cross_episode_call_order_coupling": true,
    "gradient_noise_antithetic": true,
    "gradient_noise_rng_namespace": "torch_generator_per_episode_fresh_antithetic_per_gradient_step",
    "gradient_noise_sampling_frequency": "per_gradient_step",
    "gradient_noise_seed_start": 61500,
    "paired_environment_and_action_noise_seeds": true,
    "selection_rule": "all requested episodes retained"
  },
  "implementation": {
    "evaluate_sha256": "cf659f47fddd8f848c84f5f114be1fcb9081a55470fe59e8c073d4f84af0bff1",
    "evaluation_controls_sha256": "24318269a6696fd22c8112b2d96913bdceb830d83de9df31ca234e1505f1aec9",
    "inverse_residual_core_sha256": "5700efa8bbefac91c991a76878c3b78c5b3e84aea83568987f7a7e8919e50041",
    "td3bc_core_sha256": "e27cec131b533dd542e77ba9de2de492db4890c6fb9723796f59a02002d1f052",
    "train_inverse_residual_adapter_sha256": "fb065682c78e6c058d1165fa68f680fb682d235ec8c9c3abe70b8098177ee0e4",
    "train_td3bc_sha256": "28094abb38441633f3e52386a9d3ac0747b9df8a4f2bd03403bf46d1d5234737"
  },
  "method_id": "channel_aware_opex_identity_anchor",
  "method_scope": "stronger channel-aware extension of OPEX; not an unchanged reproduction of the original paper",
  "normalization": {
    "reference_max_score": 3234.3,
    "reference_min_score": -20.272305
  },
  "opex_reference": {
    "original_single_step_rule": "a <- a + step_size * grad_a Q(s, a)",
    "paper": "Is Value Learning Really the Main Bottleneck in Offline RL?",
    "url": "https://proceedings.neurips.cc/paper_files/paper/2024/hash/8ffb4e3118280a66b192b6f06e0e2596-Abstract-Conference.html",
    "venue": "NeurIPS 2024"
  },
  "paired": {
    "adapted_minus_baseline_returns": [
      -250.73377701748944,
      143.6195783724795,
      28.141398775557036,
      62.945014070220054,
      170.25382771235093,
      -23.580017875734825,
      -497.94555254109116,
      309.1127832309621,
      -693.3911499351419,
      -367.55931328761324,
      318.717563451468,
      -172.38446885371218,
      -157.22546700760824,
      838.4574703048286,
      -575.2840602669269,
      -669.7839734289576,
      477.81422925182045,
      -143.34240148915958,
      264.63219949062005,
      -14.200675079391203,
      -259.97943128299903,
      103.56829316520839,
      -115.55868540521487,
      563.3473058818049,
      66.09119981596916,
      -295.2788968998151,
      -320.8112446922704,
      249.0459571024967,
      412.55905555049645,
      -499.1449010852589,
      349.0892634970976,
      129.22029222155925,
      419.9506931697201,
      -457.14127065388186,
      -328.3249168902761,
      -436.79891402206215,
      488.29975728604734,
      -301.3837748430595,
      241.98987092875382,
      411.2652967215125,
      -86.47459715152013,
      -38.120033371685736,
      203.8256482565024,
      -323.0631026417927,
      547.2814375172057,
      -523.5202971350778,
      -185.3857480555851,
      -59.37773050194761,
      -19.723547228104167,
      615.2525601199211
    ],
    "episode_count": 50,
    "positive_episode_count": 23,
    "return_difference_mean": -8.020745054975494,
    "return_difference_std": 364.4511722897731
  },
  "raw_schema": "channel_opex_v1",
  "status": "complete",
  "wall_time_seconds": 86.61987703596242
}
