{
  "arms": {
    "adapted": {
      "action_noise_beta": 1.25,
      "action_noise_seeds": [
        51500,
        51501,
        51502,
        51503,
        51504,
        51505,
        51506,
        51507,
        51508,
        51509,
        51510,
        51511,
        51512,
        51513,
        51514,
        51515,
        51516,
        51517,
        51518,
        51519,
        51520,
        51521,
        51522,
        51523,
        51524,
        51525,
        51526,
        51527,
        51528,
        51529,
        51530,
        51531,
        51532,
        51533,
        51534,
        51535,
        51536,
        51537,
        51538,
        51539,
        51540,
        51541,
        51542,
        51543,
        51544,
        51545,
        51546,
        51547,
        51548,
        51549
      ],
      "actuator_clip_fraction": 0.3643439699817037,
      "applied_residual_abs_max": 0.2500000298023224,
      "applied_residual_abs_mean": 0.09428649985736125,
      "arm": "channel_opex",
      "command_at_bound_fraction": 0.22640865816975222,
      "environment_seeds": [
        41500,
        41501,
        41502,
        41503,
        41504,
        41505,
        41506,
        41507,
        41508,
        41509,
        41510,
        41511,
        41512,
        41513,
        41514,
        41515,
        41516,
        41517,
        41518,
        41519,
        41520,
        41521,
        41522,
        41523,
        41524,
        41525,
        41526,
        41527,
        41528,
        41529,
        41530,
        41531,
        41532,
        41533,
        41534,
        41535,
        41536,
        41537,
        41538,
        41539,
        41540,
        41541,
        41542,
        41543,
        41544,
        41545,
        41546,
        41547,
        41548,
        41549
      ],
      "executed_commanded_action_mse": 0.3277396869861104,
      "gradient_abs_max": 8.240137100219727,
      "gradient_l2_mean": 2.095184766665879,
      "gradient_noise_draw_calls": 21498,
      "gradient_noise_sampling_frequency": "per_gradient_step",
      "gradient_noise_seeds": [
        61500,
        61501,
        61502,
        61503,
        61504,
        61505,
        61506,
        61507,
        61508,
        61509,
        61510,
        61511,
        61512,
        61513,
        61514,
        61515,
        61516,
        61517,
        61518,
        61519,
        61520,
        61521,
        61522,
        61523,
        61524,
        61525,
        61526,
        61527,
        61528,
        61529,
        61530,
        61531,
        61532,
        61533,
        61534,
        61535,
        61536,
        61537,
        61538,
        61539,
        61540,
        61541,
        61542,
        61543,
        61544,
        61545,
        61546,
        61547,
        61548,
        61549
      ],
      "gradient_noise_stream_used": true,
      "inverse_saturation_fraction": 0.29320556951034205,
      "lengths": [
        257,
        177,
        194,
        181,
        208,
        171,
        236,
        152,
        335,
        233,
        243,
        219,
        309,
        244,
        223,
        219,
        210,
        265,
        226,
        201,
        190,
        254,
        209,
        164,
        200,
        168,
        175,
        213,
        197,
        191,
        222,
        300,
        251,
        261,
        216,
        179,
        178,
        186,
        217,
        212,
        234,
        229,
        255,
        189,
        164,
        205,
        150,
        210,
        251,
        176
      ],
      "normalized_score_mean": 19.965678701349454,
      "normalized_score_std": 4.026875983781216,
      "proposed_residual_abs_mean": 0.09428649985736125,
      "q1_expected_before_update_mean": 164.1614566932352,
      "q1_gradient_calls": 21498,
      "q1_rows_by_episode": [
        4112,
        2832,
        3104,
        2896,
        3328,
        2736,
        3776,
        2432,
        5360,
        3728,
        3888,
        3504,
        4944,
        3904,
        3568,
        3504,
        3360,
        4240,
        3616,
        3216,
        3040,
        4064,
        3344,
        2624,
        3200,
        2688,
        2800,
        3408,
        3152,
        3056,
        3552,
        4800,
        4016,
        4176,
        3456,
        2864,
        2848,
        2976,
        3472,
        3392,
        3744,
        3664,
        4080,
        3024,
        2624,
        3280,
        2400,
        3360,
        4016,
        2816
      ],
      "q1_rows_per_action": 16,
      "q1_rows_total": 171984,
      "raw_residual_abs_max": 0.8240137100219727,
      "return_mean": 629.525144519403,
      "return_std": 131.05759052483978,
      "returns": [
        838.5678646435767,
        486.95589553227364,
        576.960945964383,
        524.6724569854099,
        606.98951038249,
        506.93985807037035,
        704.0809116488412,
        424.86788840176865,
        991.8457765168105,
        678.2391012124633,
        755.1521007722924,
        650.390588356872,
        949.6365157040992,
        733.4079229197728,
        656.4227038560184,
        661.1056198902985,
        624.8086870133927,
        788.2366207762628,
        659.4138561885215,
        587.9447949678777,
        526.1411898255047,
        801.3918755584921,
        609.2716059511545,
        464.348525167552,
        560.501594238354,
        483.2231652688212,
        465.8918408564025,
        646.4300379914026,
        574.6378649195307,
        542.3771424316177,
        646.2358307449623,
        897.0353505974713,
        751.252109315465,
        782.2897868188168,
        630.4807284171698,
        488.55182882771857,
        522.51818656276,
        508.27358115023844,
        615.9756610975038,
        604.3568863143207,
        705.2730442371038,
        672.2627645820304,
        701.1277205685841,
        525.8256368608793,
        457.7374462503312,
        602.4175573843509,
        397.94875929386194,
        589.3245765938211,
        764.720651459919,
        531.7946568802157
      ],
      "trust_region_clipped_fraction": 0.29643067572177256,
      "wall_time_seconds": 98.57218182599172
    },
    "baseline_only": {
      "action_noise_beta": 1.25,
      "action_noise_seeds": [
        51500,
        51501,
        51502,
        51503,
        51504,
        51505,
        51506,
        51507,
        51508,
        51509,
        51510,
        51511,
        51512,
        51513,
        51514,
        51515,
        51516,
        51517,
        51518,
        51519,
        51520,
        51521,
        51522,
        51523,
        51524,
        51525,
        51526,
        51527,
        51528,
        51529,
        51530,
        51531,
        51532,
        51533,
        51534,
        51535,
        51536,
        51537,
        51538,
        51539,
        51540,
        51541,
        51542,
        51543,
        51544,
        51545,
        51546,
        51547,
        51548,
        51549
      ],
      "actuator_clip_fraction": 0.3602884082085413,
      "applied_residual_abs_max": 0.0,
      "applied_residual_abs_mean": 0.0,
      "arm": "inverse_anchor_baseline",
      "command_at_bound_fraction": 0.2684969495285635,
      "environment_seeds": [
        41500,
        41501,
        41502,
        41503,
        41504,
        41505,
        41506,
        41507,
        41508,
        41509,
        41510,
        41511,
        41512,
        41513,
        41514,
        41515,
        41516,
        41517,
        41518,
        41519,
        41520,
        41521,
        41522,
        41523,
        41524,
        41525,
        41526,
        41527,
        41528,
        41529,
        41530,
        41531,
        41532,
        41533,
        41534,
        41535,
        41536,
        41537,
        41538,
        41539,
        41540,
        41541,
        41542,
        41543,
        41544,
        41545,
        41546,
        41547,
        41548,
        41549
      ],
      "executed_commanded_action_mse": 0.3304412766061166,
      "gradient_abs_max": null,
      "gradient_l2_mean": null,
      "gradient_noise_draw_calls": 0,
      "gradient_noise_sampling_frequency": "none_beta_zero_or_baseline_arm",
      "gradient_noise_seeds": [
        61500,
        61501,
        61502,
        61503,
        61504,
        61505,
        61506,
        61507,
        61508,
        61509,
        61510,
        61511,
        61512,
        61513,
        61514,
        61515,
        61516,
        61517,
        61518,
        61519,
        61520,
        61521,
        61522,
        61523,
        61524,
        61525,
        61526,
        61527,
        61528,
        61529,
        61530,
        61531,
        61532,
        61533,
        61534,
        61535,
        61536,
        61537,
        61538,
        61539,
        61540,
        61541,
        61542,
        61543,
        61544,
        61545,
        61546,
        61547,
        61548,
        61549
      ],
      "gradient_noise_stream_used": false,
      "inverse_saturation_fraction": 0.2684969495285635,
      "lengths": [
        263,
        189,
        215,
        254,
        275,
        257,
        283,
        161,
        418,
        244,
        225,
        262,
        260,
        254,
        311,
        225,
        253,
        212,
        190,
        343,
        197,
        303,
        217,
        258,
        210,
        159,
        269,
        288,
        240,
        250,
        243,
        274,
        303,
        231,
        203,
        197,
        266,
        209,
        224,
        237,
        204,
        165,
        250,
        232,
        199,
        291,
        233,
        183,
        213,
        178
      ],
      "normalized_score_mean": 21.195195160506188,
      "normalized_score_std": 4.134383230257969,
      "proposed_residual_abs_mean": 0.0,
      "q1_expected_before_update_mean": null,
      "q1_gradient_calls": 0,
      "q1_rows_by_episode": [
        0,
        0,
        0,
        0,
        0,
        0,
        0,
        0,
        0,
        0,
        0,
        0,
        0,
        0,
        0,
        0,
        0,
        0,
        0,
        0,
        0,
        0,
        0,
        0,
        0,
        0,
        0,
        0,
        0,
        0,
        0,
        0,
        0,
        0,
        0,
        0,
        0,
        0,
        0,
        0,
        0,
        0,
        0,
        0,
        0,
        0,
        0,
        0,
        0,
        0
      ],
      "q1_rows_per_action": 0,
      "q1_rows_total": 0,
      "raw_residual_abs_max": null,
      "return_mean": 669.5406466845349,
      "return_std": 134.55649159454026,
      "returns": [
        754.0163208675358,
        527.6926983891074,
        661.8249764159488,
        710.9818255624685,
        821.1536729038542,
        670.5445734040692,
        758.1377644548237,
        451.006136883291,
        1046.9533907882412,
        663.2090985775534,
        687.7464932755051,
        671.7011139147568,
        759.1248626390471,
        749.0056560346909,
        901.7001273668399,
        673.8830962744989,
        742.0864860098067,
        528.0911801539024,
        537.6565348465411,
        992.7644133012328,
        543.6982233716354,
        843.0094548770609,
        591.2816638744323,
        715.85167512938,
        590.1016688434585,
        456.63241529123775,
        730.358947415503,
        746.8868545497784,
        692.3333126231516,
        649.6785973279307,
        568.9437716145646,
        774.0688085615685,
        914.589517817655,
        611.9278382593966,
        578.5930202814765,
        532.3070496544566,
        742.7565612878693,
        573.0695929260124,
        658.2702527197789,
        685.893792503264,
        592.6527873912078,
        389.58554783116745,
        647.2032877930816,
        708.3635432564797,
        506.50807097605764,
        829.7689688600955,
        667.2216304405204,
        481.5128021461852,
        614.880010797588,
        529.8022437410305
      ],
      "trust_region_clipped_fraction": 0.0,
      "wall_time_seconds": 33.09682428598171
    }
  },
  "base_checkpoint": {
    "format": null,
    "path": "/root/hubl_research_20260914/results/crosstask_hopper/hopper_seed4/base/latest.pt",
    "sha256": "55d3482f9f8e143702b6a29614ebb6f2a1e3d1c83cb6e8eb25fd49d95e85973a",
    "step": 25000
  },
  "calibration": {
    "action_dim": 3,
    "action_high": 1.0,
    "action_low": -1.0,
    "beta": 1.249945044517517,
    "calibration_path": "/root/hubl_research_20260914/results/channel_calibration/hopper_beta125_n512_seed27002_calibration.json",
    "calibration_sha256": "d7f273b39ae935bb31e62d12f41861ca216f89c8c5086899f355b6ebfd7941f0",
    "commands_sha256": "c9243a78dcdad148124a4aeb3a8cc372fd77c0598b5ae423270c25fe9b5b8369",
    "estimator": "censored_uniform_plus_clip_mle",
    "executed_sha256": "785b08dff21c97ec2ae224c1c67dabeebe42109a4146445d2142db3439a3fb5b",
    "input_provenance": {
      "action_dim": 3,
      "action_high": 1.0,
      "action_low": -1.0,
      "beta": 1.25,
      "bit_generator": "PCG64",
      "channel": "iid_uniform_additive_then_clip",
      "commands_sha256": "c9243a78dcdad148124a4aeb3a8cc372fd77c0598b5ae423270c25fe9b5b8369",
      "contains_state_or_transition_fields": false,
      "executed_sha256": "785b08dff21c97ec2ae224c1c67dabeebe42109a4146445d2142db3439a3fb5b",
      "generator_script_sha256": "d12213d8b61d49bc550adb6079d5274058ab64fa194950ec1f911ee74a57e12f",
      "noise_spawn_key": [
        1
      ],
      "pair_count": 512,
      "root_seed": 27002,
      "schema": "paired_uniform_clip_channel_v1",
      "selection": "uniform_without_replacement",
      "selection_spawn_key": [
        0
      ],
      "source_command_count": 1000000,
      "source_dataset_path": "/root/hubl_backup_data/action_noise_dev/hopper_v4_beta1_seed2201.hdf5",
      "source_dataset_sha256": "19bff1e68edef8fdd3ef8b4911a74d0c898e7b81970ca73975b6a0c9f04b9ee1",
      "source_hdf5_schema": "flat"
    },
    "pair_archive_path": "/root/hubl_research_20260914/results/channel_calibration/hopper_beta125_n512_seed27002.npz",
    "pair_archive_sha256": "46ef6df6d2b9f197e7b7e4147ad653e247fc986a618845f290bf761c6117bfa4",
    "pair_count": 512,
    "source": "censored_uniform_plus_clip_pair_calibration",
    "uncertainty_beta_interval": [
      1.2428684413433075,
      1.249893632531166
    ]
  },
  "channel": {
    "beta_mismatch": true,
    "environment_rollout_beta": 1.25,
    "gradient_model": "iid_uniform_additive_then_clip",
    "model_or_calibration_beta": 1.249945044517517
  },
  "controller": {
    "K": 8,
    "actor_parameter_updates": 0,
    "baseline_transform": "inverse",
    "calibration_mode": "censored_uniform_plus_clip_pair_calibration",
    "critic": "frozen_q1",
    "critic_parameter_updates": 0,
    "delta_max": 0.25,
    "execution_noise_samples": 8,
    "gradient_noise_seed": 61500,
    "gradient_objective": "mean_k_q1_of_clipped_command_plus_fresh_antithetic_uniform_noise_per_gradient_step",
    "gradient_steps": 2,
    "gradient_steps_per_action": 2,
    "model_beta": 1.249945044517517,
    "q_reducer": "mean_q1",
    "step_size": 0.1
  },
  "cost": {
    "adapted_backward_calls": 21498,
    "adapted_q1_rows_per_environment_step": 16,
    "adapted_q1_rows_total": 171984,
    "base_actor_rows": 10749,
    "baseline_base_actor_rows": 12020,
    "baseline_environment_steps": 12020,
    "baseline_q1_rows_total": 0,
    "baseline_wall_time_seconds": 33.09682428598171,
    "cost_scope": "adapted_arm_deployment_controller_only",
    "environment_steps": 10749,
    "paired_evaluation_environment_steps": 22769,
    "paired_evaluation_wall_time_seconds": 132.57752436795272,
    "q1_backward_calls": 21498,
    "q1_backward_rows": 171984,
    "q1_forward_rows": 171984,
    "wall_time_seconds": 98.57218182599172
  },
  "environment": "Hopper-v4",
  "evaluation_protocol": {
    "action_noise_seed_start": 51500,
    "actuator_noise_rng_namespace": "numpy_generator_per_episode",
    "environment": "Hopper-v4",
    "environment_rng_namespace": "gymnasium_env_reset",
    "environment_seed_start": 41500,
    "episode_count_per_arm": 50,
    "episode_local_gradient_streams_prevent_cross_episode_call_order_coupling": true,
    "gradient_noise_antithetic": true,
    "gradient_noise_rng_namespace": "torch_generator_per_episode_fresh_antithetic_per_gradient_step",
    "gradient_noise_sampling_frequency": "per_gradient_step",
    "gradient_noise_seed_start": 61500,
    "paired_environment_and_action_noise_seeds": true,
    "selection_rule": "all requested episodes retained"
  },
  "implementation": {
    "evaluate_sha256": "cf659f47fddd8f848c84f5f114be1fcb9081a55470fe59e8c073d4f84af0bff1",
    "evaluation_controls_sha256": "24318269a6696fd22c8112b2d96913bdceb830d83de9df31ca234e1505f1aec9",
    "inverse_residual_core_sha256": "5700efa8bbefac91c991a76878c3b78c5b3e84aea83568987f7a7e8919e50041",
    "td3bc_core_sha256": "e27cec131b533dd542e77ba9de2de492db4890c6fb9723796f59a02002d1f052",
    "train_inverse_residual_adapter_sha256": "fb065682c78e6c058d1165fa68f680fb682d235ec8c9c3abe70b8098177ee0e4",
    "train_td3bc_sha256": "28094abb38441633f3e52386a9d3ac0747b9df8a4f2bd03403bf46d1d5234737"
  },
  "method_id": "channel_aware_opex_inverse_anchor",
  "method_scope": "stronger channel-aware extension of OPEX; not an unchanged reproduction of the original paper",
  "normalization": {
    "reference_max_score": 3234.3,
    "reference_min_score": -20.272305
  },
  "opex_reference": {
    "original_single_step_rule": "a <- a + step_size * grad_a Q(s, a)",
    "paper": "Is Value Learning Really the Main Bottleneck in Offline RL?",
    "url": "https://proceedings.neurips.cc/paper_files/paper/2024/hash/8ffb4e3118280a66b192b6f06e0e2596-Abstract-Conference.html",
    "venue": "NeurIPS 2024"
  },
  "paired": {
    "adapted_minus_baseline_returns": [
      84.55154377604094,
      -40.73680285683372,
      -84.86403045156578,
      -186.30936857705865,
      -214.16416252136412,
      -163.60471533369883,
      -54.056852805982544,
      -26.13824848152234,
      -55.10761427143075,
      15.03000263490992,
      67.4056074967873,
      -21.31052555788483,
      190.5116530650521,
      -15.597733114918128,
      -245.27742351082145,
      -12.77747638420044,
      -117.27779899641394,
      260.1454406223604,
      121.7573213419804,
      -404.81961833335515,
      -17.557033546130697,
      -41.6175793185688,
      17.989942076722173,
      -251.50314996182806,
      -29.60007460510451,
      26.59074997758347,
      -264.46710655910056,
      -100.45681655837575,
      -117.69544770362097,
      -107.30145489631298,
      77.29205913039766,
      122.96654203590276,
      -163.33740850219,
      170.36194855942017,
      51.88770813569329,
      -43.755220826738025,
      -220.23837472510934,
      -64.79601177577399,
      -42.29459162227511,
      -81.53690618894325,
      112.62025684589605,
      282.67721675086295,
      53.92443277550251,
      -182.53790639560043,
      -48.770624725726464,
      -227.3514114757446,
      -269.2728711466584,
      107.81177444763591,
      149.840640662331,
      1.9924131391852598
    ],
    "episode_count": 50,
    "positive_episode_count": 18,
    "return_difference_mean": -40.015502165131764,
    "return_difference_std": 142.60238008508537
  },
  "raw_schema": "channel_opex_v1",
  "status": "complete",
  "wall_time_seconds": 132.57752436795272
}
