{
  "arms": {
    "adapted": {
      "action_noise_beta": 1.25,
      "action_noise_seeds": [
        51500,
        51501,
        51502,
        51503,
        51504,
        51505,
        51506,
        51507,
        51508,
        51509,
        51510,
        51511,
        51512,
        51513,
        51514,
        51515,
        51516,
        51517,
        51518,
        51519,
        51520,
        51521,
        51522,
        51523,
        51524,
        51525,
        51526,
        51527,
        51528,
        51529,
        51530,
        51531,
        51532,
        51533,
        51534,
        51535,
        51536,
        51537,
        51538,
        51539,
        51540,
        51541,
        51542,
        51543,
        51544,
        51545,
        51546,
        51547,
        51548,
        51549
      ],
      "actuator_clip_fraction": 0.3264658303574154,
      "applied_residual_abs_max": 1.2984764575958252,
      "applied_residual_abs_mean": 0.19474506201022704,
      "arm": "channel_opex",
      "command_at_bound_fraction": 0.16775020602508928,
      "environment_seeds": [
        41500,
        41501,
        41502,
        41503,
        41504,
        41505,
        41506,
        41507,
        41508,
        41509,
        41510,
        41511,
        41512,
        41513,
        41514,
        41515,
        41516,
        41517,
        41518,
        41519,
        41520,
        41521,
        41522,
        41523,
        41524,
        41525,
        41526,
        41527,
        41528,
        41529,
        41530,
        41531,
        41532,
        41533,
        41534,
        41535,
        41536,
        41537,
        41538,
        41539,
        41540,
        41541,
        41542,
        41543,
        41544,
        41545,
        41546,
        41547,
        41548,
        41549
      ],
      "executed_commanded_action_mse": 0.3521642637928204,
      "gradient_abs_max": 17.33948516845703,
      "gradient_l2_mean": 3.663108784961235,
      "gradient_noise_draw_calls": 0,
      "gradient_noise_sampling_frequency": "none_beta_zero_or_baseline_arm",
      "gradient_noise_seeds": [
        61500,
        61501,
        61502,
        61503,
        61504,
        61505,
        61506,
        61507,
        61508,
        61509,
        61510,
        61511,
        61512,
        61513,
        61514,
        61515,
        61516,
        61517,
        61518,
        61519,
        61520,
        61521,
        61522,
        61523,
        61524,
        61525,
        61526,
        61527,
        61528,
        61529,
        61530,
        61531,
        61532,
        61533,
        61534,
        61535,
        61536,
        61537,
        61538,
        61539,
        61540,
        61541,
        61542,
        61543,
        61544,
        61545,
        61546,
        61547,
        61548,
        61549
      ],
      "gradient_noise_stream_used": false,
      "inverse_saturation_fraction": 0.0,
      "lengths": [
        259,
        161,
        167,
        188,
        195,
        164,
        189,
        164,
        401,
        201,
        282,
        240,
        225,
        359,
        236,
        270,
        321,
        312,
        183,
        195,
        43,
        494,
        213,
        245,
        225,
        161,
        202,
        192,
        195,
        272,
        198,
        256,
        183,
        196,
        258,
        170,
        171,
        209,
        178,
        200,
        259,
        178,
        193,
        178,
        216,
        220,
        142,
        231,
        164,
        167
      ],
      "normalized_score_mean": 20.033947153852726,
      "normalized_score_std": 6.603066086012087,
      "proposed_residual_abs_mean": 0.19474506201022704,
      "q1_expected_before_update_mean": 168.90856026317837,
      "q1_gradient_calls": 21842,
      "q1_rows_by_episode": [
        4144,
        2576,
        2672,
        3008,
        3120,
        2624,
        3024,
        2624,
        6416,
        3216,
        4512,
        3840,
        3600,
        5744,
        3776,
        4320,
        5136,
        4992,
        2928,
        3120,
        688,
        7904,
        3408,
        3920,
        3600,
        2576,
        3232,
        3072,
        3120,
        4352,
        3168,
        4096,
        2928,
        3136,
        4128,
        2720,
        2736,
        3344,
        2848,
        3200,
        4144,
        2848,
        3088,
        2848,
        3456,
        3520,
        2272,
        3696,
        2624,
        2672
      ],
      "q1_rows_per_action": 16,
      "q1_rows_total": 174736,
      "raw_residual_abs_max": 1.7339485883712769,
      "return_mean": 631.7469906676266,
      "return_std": 214.90156011619695,
      "returns": [
        835.7869668445144,
        439.0691935837537,
        486.7352478213907,
        548.4762917827346,
        553.3678836992386,
        482.3322626373803,
        553.1266778655423,
        447.1343553008883,
        1143.0458775903703,
        551.2759902219815,
        870.8981885835028,
        726.1523943382822,
        649.7433750199385,
        1057.8808901002562,
        646.765389539353,
        783.8178815321592,
        961.9561118418509,
        955.8728201063425,
        546.8687286201987,
        569.5734210708972,
        68.57107617047612,
        1448.3852892093314,
        640.2033222637103,
        722.5820306659149,
        635.5774494755551,
        458.4861462868645,
        571.8819184863551,
        566.7933532853751,
        569.1773204842153,
        811.2801348026261,
        516.2536360431437,
        796.3568137147306,
        526.4192143637956,
        555.0053751527264,
        741.8034961316084,
        472.14357115658356,
        500.6850568064359,
        572.8644032728364,
        525.9445731436753,
        548.2644395698129,
        769.5879769560248,
        487.1213551846506,
        546.9322721187824,
        515.8200648033348,
        603.9800832846498,
        649.9586452645145,
        375.8657370306656,
        601.4402130346319,
        477.06944339322587,
        501.01517372450394
      ],
      "trust_region_clipped_fraction": 0.14644568568201935,
      "wall_time_seconds": 67.88794139696984
    },
    "baseline_only": {
      "action_noise_beta": 1.25,
      "action_noise_seeds": [
        51500,
        51501,
        51502,
        51503,
        51504,
        51505,
        51506,
        51507,
        51508,
        51509,
        51510,
        51511,
        51512,
        51513,
        51514,
        51515,
        51516,
        51517,
        51518,
        51519,
        51520,
        51521,
        51522,
        51523,
        51524,
        51525,
        51526,
        51527,
        51528,
        51529,
        51530,
        51531,
        51532,
        51533,
        51534,
        51535,
        51536,
        51537,
        51538,
        51539,
        51540,
        51541,
        51542,
        51543,
        51544,
        51545,
        51546,
        51547,
        51548,
        51549
      ],
      "actuator_clip_fraction": 0.31823829047086594,
      "applied_residual_abs_max": 0.0,
      "applied_residual_abs_mean": 0.0,
      "arm": "identity_anchor_baseline",
      "command_at_bound_fraction": 0.0,
      "environment_seeds": [
        41500,
        41501,
        41502,
        41503,
        41504,
        41505,
        41506,
        41507,
        41508,
        41509,
        41510,
        41511,
        41512,
        41513,
        41514,
        41515,
        41516,
        41517,
        41518,
        41519,
        41520,
        41521,
        41522,
        41523,
        41524,
        41525,
        41526,
        41527,
        41528,
        41529,
        41530,
        41531,
        41532,
        41533,
        41534,
        41535,
        41536,
        41537,
        41538,
        41539,
        41540,
        41541,
        41542,
        41543,
        41544,
        41545,
        41546,
        41547,
        41548,
        41549
      ],
      "executed_commanded_action_mse": 0.3524531343838613,
      "gradient_abs_max": null,
      "gradient_l2_mean": null,
      "gradient_noise_draw_calls": 0,
      "gradient_noise_sampling_frequency": "none_beta_zero_or_baseline_arm",
      "gradient_noise_seeds": [
        61500,
        61501,
        61502,
        61503,
        61504,
        61505,
        61506,
        61507,
        61508,
        61509,
        61510,
        61511,
        61512,
        61513,
        61514,
        61515,
        61516,
        61517,
        61518,
        61519,
        61520,
        61521,
        61522,
        61523,
        61524,
        61525,
        61526,
        61527,
        61528,
        61529,
        61530,
        61531,
        61532,
        61533,
        61534,
        61535,
        61536,
        61537,
        61538,
        61539,
        61540,
        61541,
        61542,
        61543,
        61544,
        61545,
        61546,
        61547,
        61548,
        61549
      ],
      "gradient_noise_stream_used": false,
      "inverse_saturation_fraction": 0.0,
      "lengths": [
        212,
        168,
        210,
        235,
        233,
        264,
        250,
        190,
        271,
        239,
        208,
        215,
        210,
        188,
        316,
        240,
        180,
        175,
        175,
        298,
        190,
        298,
        193,
        191,
        189,
        205,
        230,
        235,
        201,
        213,
        198,
        224,
        198,
        254,
        238,
        180,
        211,
        194,
        212,
        214,
        242,
        229,
        212,
        233,
        50,
        270,
        154,
        209,
        246,
        142
      ],
      "normalized_score_mean": 18.155353902338728,
      "normalized_score_std": 3.8575604018798506,
      "proposed_residual_abs_mean": 0.0,
      "q1_expected_before_update_mean": null,
      "q1_gradient_calls": 0,
      "q1_rows_by_episode": [
        0,
        0,
        0,
        0,
        0,
        0,
        0,
        0,
        0,
        0,
        0,
        0,
        0,
        0,
        0,
        0,
        0,
        0,
        0,
        0,
        0,
        0,
        0,
        0,
        0,
        0,
        0,
        0,
        0,
        0,
        0,
        0,
        0,
        0,
        0,
        0,
        0,
        0,
        0,
        0,
        0,
        0,
        0,
        0,
        0,
        0,
        0,
        0,
        0,
        0
      ],
      "q1_rows_per_action": 0,
      "q1_rows_total": 0,
      "raw_residual_abs_max": null,
      "return_mean": 570.6068149802531,
      "return_std": 125.54709248822833,
      "returns": [
        573.5957891674277,
        461.95305794408705,
        583.2261339984358,
        664.30117503179,
        682.3648592467006,
        694.985768070883,
        607.517792715963,
        514.3863217281828,
        716.0104931758102,
        609.0375937915248,
        594.9017610852678,
        537.8615587646738,
        551.1445628009901,
        538.4232714626278,
        865.4440338463511,
        692.0839718788253,
        499.1970431038823,
        392.1796430065471,
        485.37413770349843,
        816.4041221122078,
        507.89043094406196,
        812.9881067749968,
        490.99806829865696,
        490.1584663910251,
        532.9832560355761,
        554.2671615140306,
        598.5629123028634,
        555.008195297213,
        510.1434876145625,
        528.6882624180363,
        416.09086150532664,
        560.2038754430612,
        557.1801126571781,
        657.988441418094,
        686.5491469564051,
        473.9694139005501,
        586.5387520141713,
        512.6115271607774,
        526.6978903243004,
        604.2388467950626,
        710.9291722740663,
        614.2073286694393,
        515.1009618215106,
        672.2256730360893,
        83.26039348231198,
        670.5146834730544,
        413.6673211182461,
        532.8387095197646,
        690.2829538997842,
        383.1632453167612
      ],
      "trust_region_clipped_fraction": 0.0,
      "wall_time_seconds": 8.18704967701342
    }
  },
  "base_checkpoint": {
    "format": null,
    "path": "/root/hubl_research_20260914/results/crosstask_hopper/hopper_seed4/base/latest.pt",
    "sha256": "55d3482f9f8e143702b6a29614ebb6f2a1e3d1c83cb6e8eb25fd49d95e85973a",
    "step": 25000
  },
  "calibration": {
    "beta": 0.0,
    "calibration_path": null,
    "calibration_sha256": null,
    "pair_count": null,
    "source": "cli_known_beta_without_pair_calibration"
  },
  "channel": {
    "beta_mismatch": true,
    "environment_rollout_beta": 1.25,
    "gradient_model": "iid_uniform_additive_then_clip",
    "model_or_calibration_beta": 0.0
  },
  "controller": {
    "K": 8,
    "actor_parameter_updates": 0,
    "baseline_transform": "identity",
    "calibration_mode": "cli_known_beta_without_pair_calibration",
    "critic": "frozen_q1",
    "critic_parameter_updates": 0,
    "delta_max": 2.0,
    "execution_noise_samples": 8,
    "gradient_noise_seed": 61500,
    "gradient_objective": "q1_of_action_bounded_command_with_deterministic_zero_channel_noise",
    "gradient_steps": 2,
    "gradient_steps_per_action": 2,
    "model_beta": 0.0,
    "q_reducer": "mean_q1",
    "step_size": 0.1
  },
  "cost": {
    "adapted_backward_calls": 21842,
    "adapted_q1_rows_per_environment_step": 16,
    "adapted_q1_rows_total": 174736,
    "base_actor_rows": 10921,
    "baseline_base_actor_rows": 10732,
    "baseline_environment_steps": 10732,
    "baseline_q1_rows_total": 0,
    "baseline_wall_time_seconds": 8.18704967701342,
    "cost_scope": "adapted_arm_deployment_controller_only",
    "environment_steps": 10921,
    "paired_evaluation_environment_steps": 21653,
    "paired_evaluation_wall_time_seconds": 77.0648744800128,
    "q1_backward_calls": 21842,
    "q1_backward_rows": 174736,
    "q1_forward_rows": 174736,
    "wall_time_seconds": 67.88794139696984
  },
  "environment": "Hopper-v4",
  "evaluation_protocol": {
    "action_noise_seed_start": 51500,
    "actuator_noise_rng_namespace": "numpy_generator_per_episode",
    "environment": "Hopper-v4",
    "environment_rng_namespace": "gymnasium_env_reset",
    "environment_seed_start": 41500,
    "episode_count_per_arm": 50,
    "episode_local_gradient_streams_prevent_cross_episode_call_order_coupling": true,
    "gradient_noise_antithetic": false,
    "gradient_noise_rng_namespace": "none_beta_zero_deterministic_objective",
    "gradient_noise_sampling_frequency": "none_beta_zero",
    "gradient_noise_seed_start": 61500,
    "paired_environment_and_action_noise_seeds": true,
    "selection_rule": "all requested episodes retained"
  },
  "implementation": {
    "evaluate_sha256": "cf659f47fddd8f848c84f5f114be1fcb9081a55470fe59e8c073d4f84af0bff1",
    "evaluation_controls_sha256": "24318269a6696fd22c8112b2d96913bdceb830d83de9df31ca234e1505f1aec9",
    "inverse_residual_core_sha256": "5700efa8bbefac91c991a76878c3b78c5b3e84aea83568987f7a7e8919e50041",
    "td3bc_core_sha256": "e27cec131b533dd542e77ba9de2de492db4890c6fb9723796f59a02002d1f052",
    "train_inverse_residual_adapter_sha256": "fb065682c78e6c058d1165fa68f680fb682d235ec8c9c3abe70b8098177ee0e4",
    "train_td3bc_sha256": "28094abb38441633f3e52386a9d3ac0747b9df8a4f2bd03403bf46d1d5234737"
  },
  "method_id": "channel_aware_opex_identity_anchor",
  "method_scope": "stronger channel-aware extension of OPEX; not an unchanged reproduction of the original paper",
  "normalization": {
    "reference_max_score": 3234.3,
    "reference_min_score": -20.272305
  },
  "opex_reference": {
    "original_single_step_rule": "a <- a + step_size * grad_a Q(s, a)",
    "paper": "Is Value Learning Really the Main Bottleneck in Offline RL?",
    "url": "https://proceedings.neurips.cc/paper_files/paper/2024/hash/8ffb4e3118280a66b192b6f06e0e2596-Abstract-Conference.html",
    "venue": "NeurIPS 2024"
  },
  "paired": {
    "adapted_minus_baseline_returns": [
      262.19117767708667,
      -22.883864360333348,
      -96.49088617704507,
      -115.82488324905535,
      -128.99697554746194,
      -212.65350543350263,
      -54.39111485042065,
      -67.25196642729452,
      427.0353844145601,
      -57.761603569543354,
      275.996427498235,
      188.29083557360843,
      98.59881221894841,
      519.4576186376285,
      -218.67864430699808,
      91.73390965333385,
      462.75906873796856,
      563.6931770997953,
      61.49459091670025,
      -246.8307010413106,
      -439.3193547735858,
      635.3971824343346,
      149.20525396505337,
      232.42356427488977,
      102.594193439979,
      -95.78101522716611,
      -26.680993816508362,
      11.785157988162155,
      59.03383286965283,
      282.5918723845898,
      100.16277453781709,
      236.15293827166943,
      -30.760898293382525,
      -102.9830662653676,
      55.25434917520329,
      -1.8258427439665184,
      -85.85369520773543,
      60.25287611205897,
      -0.7533171806251175,
      -55.974407225249706,
      58.658804681958486,
      -127.08597348478872,
      31.831310297271784,
      -156.4056082327545,
      520.7196898023378,
      -20.556038208539917,
      -37.801584087580466,
      68.60150351486732,
      -213.2135105065583,
      117.85192840774272
    ],
    "episode_count": 50,
    "positive_episode_count": 26,
    "return_difference_mean": 61.14017568737358,
    "return_difference_std": 221.70813583203218
  },
  "raw_schema": "channel_opex_v1",
  "status": "complete",
  "wall_time_seconds": 77.0648744800128
}
