{
  "absolute_scores": [
    {
      "contract": {
        "K": 8,
        "T": 2,
        "baseline_transform": "inverse",
        "delta_max": 0.25,
        "model_beta": 1.2498948872089386,
        "step_size": 0.1
      },
      "control_id": "complete",
      "environment_steps": 27438,
      "episode_count": 50,
      "normalized_score_mean_recomputed": 38.74923545259737,
      "normalized_score_std_ddof0_recomputed": 21.72725516087589,
      "raw_path": "/root/hubl_research_20260914/results/scaleup/walker_seed4/controls/complete.json",
      "raw_score_mean_recomputed": 1780.4789195441672,
      "raw_score_std_ddof0_recomputed": 997.4268000281525,
      "raw_sha256": "35afa8159cf0965044554bfdf6b683c0851b2950ad7d19bfaace648d64ca217d"
    },
    {
      "contract": {
        "K": 8,
        "T": 2,
        "baseline_transform": "identity",
        "delta_max": 2.0,
        "model_beta": 1.2498948872089386,
        "step_size": 0.3
      },
      "control_id": "calibrated_identity",
      "environment_steps": 20288,
      "episode_count": 50,
      "normalized_score_mean_recomputed": 26.39093933336029,
      "normalized_score_std_ddof0_recomputed": 15.46751388333409,
      "raw_path": "/root/hubl_research_20260914/results/scaleup/walker_seed4/controls/calibrated_identity.json",
      "raw_score_mean_recomputed": 1213.150204492889,
      "raw_score_std_ddof0_recomputed": 710.0626730257909,
      "raw_sha256": "f19dd906a3039fc6657b46f7490023f2dc51bb4a8abdb488e8bcdb84d7aedb33"
    },
    {
      "contract": {
        "K": 8,
        "T": 2,
        "baseline_transform": "identity",
        "delta_max": 2.0,
        "model_beta": 0.0,
        "step_size": 0.1
      },
      "control_id": "nominal_k8t2",
      "environment_steps": 17655,
      "episode_count": 50,
      "normalized_score_mean_recomputed": 22.258141672545097,
      "normalized_score_std_ddof0_recomputed": 14.786582497867263,
      "raw_path": "/root/hubl_research_20260914/results/scaleup/walker_seed4/controls/nominal_k8t2.json",
      "raw_score_mean_recomputed": 1023.4270611197918,
      "raw_score_std_ddof0_recomputed": 678.8033534377415,
      "raw_sha256": "0bf122c4676fd315dcbcdc2624ff48f9adc554ac679e3cc945789562da9322c9"
    },
    {
      "contract": {
        "K": 1,
        "T": 1,
        "baseline_transform": "identity",
        "delta_max": 2.0,
        "model_beta": 0.0,
        "step_size": 0.1
      },
      "control_id": "original_opex",
      "environment_steps": 15827,
      "episode_count": 50,
      "normalized_score_mean_recomputed": 19.876683155933353,
      "normalized_score_std_ddof0_recomputed": 14.303452397975418,
      "raw_path": "/root/hubl_research_20260914/results/scaleup/walker_seed4/controls/original_opex.json",
      "raw_score_mean_recomputed": 914.1021358111826,
      "raw_score_std_ddof0_recomputed": 656.624440088386,
      "raw_sha256": "efeb6442520cddb6caec4021866a83e11c1791bf1f534e5cb636dd2573e272a0"
    },
    {
      "contract": {
        "K": 0,
        "T": 0,
        "baseline_transform": "uniform_mean_inverse",
        "delta_max": 0.0,
        "model_beta": 1.25,
        "step_size": 0.0
      },
      "control_id": "inverse_only",
      "environment_steps": 17877,
      "episode_count": 50,
      "normalized_score_mean_recomputed": 23.981158391565945,
      "normalized_score_std_ddof0_recomputed": 14.613631388220249,
      "raw_path": "/root/hubl_research_20260914/results/scaleup/walker_seed4/controls/inverse_only.json",
      "raw_score_mean_recomputed": 1102.5250898271918,
      "raw_score_std_ddof0_recomputed": 670.8637370168341,
      "raw_sha256": "9a7065895fed14262f3ecc528114bbec8a8caa59f65bf3b6173a97f021d2572e"
    }
  ],
  "aggregator": {
    "path": "/root/hubl_research_20260914/code/aggregate_ca_opex_walker_scaleup.py",
    "sha256": "20b8ddfe74ab253d29a74be7b0c39bb58423a74950b369516958a040975e3cac"
  },
  "calibration_path": "/root/hubl_research_20260914/results/channel_calibration/beta125_n512_seed27001_calibration.json",
  "calibration_sha256": "b1769bdeb0eb99aa653ae5d98ef00e3f843e938fb62963821e0f2e348f904354",
  "checkpoint": {
    "all_five_arms_same_sha256": true,
    "config_path": "/root/hubl_research_20260914/results/scaleup/walker_seed4/base/config.json",
    "config_sha256": "40781dc3b5d7c549928d6da996f321009382737c2676fcd78d0bee3e46473baf",
    "path": "/root/hubl_research_20260914/results/scaleup/walker_seed4/base/latest.pt",
    "sha256": "ed6bdf90d2f82beea16eba3ba4107e4719bf45245cd3a4db6faf60cea90d9da2",
    "training_seed_source": "base/config.json arguments.train_seed"
  },
  "cost_scope_note": "Neural costs are reconstructed per adapted decision; total costs vary with episode length. Inverse transforms add 48 deterministic scalar bisection iterations and are not exact-FLOP matched.",
  "environment": "Walker2d-v4",
  "evaluation_protocol": {
    "action_noise_seeds": [
      231500,
      231501,
      231502,
      231503,
      231504,
      231505,
      231506,
      231507,
      231508,
      231509,
      231510,
      231511,
      231512,
      231513,
      231514,
      231515,
      231516,
      231517,
      231518,
      231519,
      231520,
      231521,
      231522,
      231523,
      231524,
      231525,
      231526,
      231527,
      231528,
      231529,
      231530,
      231531,
      231532,
      231533,
      231534,
      231535,
      231536,
      231537,
      231538,
      231539,
      231540,
      231541,
      231542,
      231543,
      231544,
      231545,
      231546,
      231547,
      231548,
      231549
    ],
    "all_five_arms_elementwise_paired": true,
    "channel_gradient_noise_seeds": [
      331500,
      331501,
      331502,
      331503,
      331504,
      331505,
      331506,
      331507,
      331508,
      331509,
      331510,
      331511,
      331512,
      331513,
      331514,
      331515,
      331516,
      331517,
      331518,
      331519,
      331520,
      331521,
      331522,
      331523,
      331524,
      331525,
      331526,
      331527,
      331528,
      331529,
      331530,
      331531,
      331532,
      331533,
      331534,
      331535,
      331536,
      331537,
      331538,
      331539,
      331540,
      331541,
      331542,
      331543,
      331544,
      331545,
      331546,
      331547,
      331548,
      331549
    ],
    "environment_seeds": [
      131500,
      131501,
      131502,
      131503,
      131504,
      131505,
      131506,
      131507,
      131508,
      131509,
      131510,
      131511,
      131512,
      131513,
      131514,
      131515,
      131516,
      131517,
      131518,
      131519,
      131520,
      131521,
      131522,
      131523,
      131524,
      131525,
      131526,
      131527,
      131528,
      131529,
      131530,
      131531,
      131532,
      131533,
      131534,
      131535,
      131536,
      131537,
      131538,
      131539,
      131540,
      131541,
      131542,
      131543,
      131544,
      131545,
      131546,
      131547,
      131548,
      131549
    ],
    "episode_count": 50,
    "reserved_formal_and_supplemental_seed_blocks_excluded": true,
    "rollout_action_noise_beta": 1.25
  },
  "frozen_calibration_sha256_contract_satisfied": true,
  "input_files": [
    {
      "path": "/root/hubl_research_20260914/results/scaleup/walker_seed4/base/latest.pt",
      "role": "base_checkpoint",
      "sha256": "ed6bdf90d2f82beea16eba3ba4107e4719bf45245cd3a4db6faf60cea90d9da2",
      "size_bytes": 3492510
    },
    {
      "path": "/root/hubl_research_20260914/results/scaleup/walker_seed4/base/config.json",
      "role": "base_config",
      "sha256": "40781dc3b5d7c549928d6da996f321009382737c2676fcd78d0bee3e46473baf",
      "size_bytes": 7480
    },
    {
      "path": "/root/hubl_research_20260914/results/scaleup/walker_seed4/controls/complete.json",
      "role": "control:complete",
      "sha256": "35afa8159cf0965044554bfdf6b683c0851b2950ad7d19bfaace648d64ca217d",
      "size_bytes": 20189
    },
    {
      "path": "/root/hubl_research_20260914/results/scaleup/walker_seed4/controls/calibrated_identity.json",
      "role": "control:calibrated_identity",
      "sha256": "f19dd906a3039fc6657b46f7490023f2dc51bb4a8abdb488e8bcdb84d7aedb33",
      "size_bytes": 20100
    },
    {
      "path": "/root/hubl_research_20260914/results/scaleup/walker_seed4/controls/nominal_k8t2.json",
      "role": "control:nominal_k8t2",
      "sha256": "0bf122c4676fd315dcbcdc2624ff48f9adc554ac679e3cc945789562da9322c9",
      "size_bytes": 18191
    },
    {
      "path": "/root/hubl_research_20260914/results/scaleup/walker_seed4/controls/original_opex.json",
      "role": "control:original_opex",
      "sha256": "efeb6442520cddb6caec4021866a83e11c1791bf1f534e5cb636dd2573e272a0",
      "size_bytes": 18127
    },
    {
      "path": "/root/hubl_research_20260914/results/scaleup/walker_seed4/controls/inverse_only.json",
      "role": "control:inverse_only",
      "sha256": "9a7065895fed14262f3ecc528114bbec8a8caa59f65bf3b6173a97f021d2572e",
      "size_bytes": 8794
    },
    {
      "path": "/root/hubl_research_20260914/results/channel_calibration/beta125_n512_seed27001_calibration.json",
      "role": "channel_calibration",
      "sha256": "b1769bdeb0eb99aa653ae5d98ef00e3f843e938fb62963821e0f2e348f904354",
      "size_bytes": 28649
    },
    {
      "path": "/root/hubl_research_20260914/code/evaluate_channel_opex.py",
      "role": "implementation:evaluate_sha256",
      "sha256": "cf659f47fddd8f848c84f5f114be1fcb9081a55470fe59e8c073d4f84af0bff1",
      "size_bytes": 37240
    },
    {
      "path": "/root/hubl_research_20260914/code/inverse_residual_core.py",
      "role": "implementation:inverse_residual_core_sha256",
      "sha256": "5700efa8bbefac91c991a76878c3b78c5b3e84aea83568987f7a7e8919e50041",
      "size_bytes": 23777
    },
    {
      "path": "/root/hubl_research_20260914/code/td3bc_core.py",
      "role": "implementation:td3bc_core_sha256",
      "sha256": "e27cec131b533dd542e77ba9de2de492db4890c6fb9723796f59a02002d1f052",
      "size_bytes": 31956
    },
    {
      "path": "/root/hubl_research_20260914/code/train_td3bc.py",
      "role": "implementation:train_td3bc_sha256",
      "sha256": "28094abb38441633f3e52386a9d3ac0747b9df8a4f2bd03403bf46d1d5234737",
      "size_bytes": 27912
    },
    {
      "path": "/root/hubl_research_20260914/code/evaluation_controls.py",
      "role": "implementation:evaluation_controls_sha256",
      "sha256": "24318269a6696fd22c8112b2d96913bdceb830d83de9df31ca234e1505f1aec9",
      "size_bytes": 8507
    },
    {
      "path": "/root/hubl_research_20260914/code/train_inverse_residual_adapter.py",
      "role": "implementation:train_inverse_residual_adapter_sha256",
      "sha256": "fb065682c78e6c058d1165fa68f680fb682d235ec8c9c3abe70b8098177ee0e4",
      "size_bytes": 57182
    },
    {
      "path": "/root/hubl_research_20260914/code/run_ca_opex_walker_scaleup.sh",
      "role": "scaleup_driver",
      "sha256": "9f78809ac62d7e3a931ded3130d3a91f979baef5d65553a06977d61625d7911d",
      "size_bytes": 11641
    }
  ],
  "normalization": {
    "cached_raw_means_used": false,
    "reference_max_score": 4592.3,
    "reference_min_score": 1.629008,
    "scores_recomputed_from_episode_returns": true
  },
  "paired_comparisons": [
    {
      "bootstrap95_high": 19.552008376708432,
      "bootstrap95_low": 5.332535259673669,
      "bootstrap_bit_generator": "PCG64",
      "bootstrap_quantile_method": "linear",
      "bootstrap_replicates": 20000,
      "bootstrap_seed": 20264915,
      "comparison_id": "complete_minus_calibrated_identity",
      "left": "complete",
      "mean": 12.358296119237076,
      "n_episode_pairs": 50,
      "negative_episode_count": 15,
      "normalized_delta_orientation": "complete_minus_control",
      "positive_episode_count": 35,
      "raw_delta_mean_recomputed": 567.3287150512783,
      "right": "calibrated_identity",
      "sample_std_ddof1": 25.826765837817415,
      "standard_error": 3.6524562520075516,
      "t95_high": 19.698181757969326,
      "t95_low": 5.018410480504826,
      "zero_episode_count": 0
    },
    {
      "bootstrap95_high": 22.861322764589215,
      "bootstrap95_low": 10.253533457589498,
      "bootstrap_bit_generator": "PCG64",
      "bootstrap_quantile_method": "linear",
      "bootstrap_replicates": 20000,
      "bootstrap_seed": 20264916,
      "comparison_id": "complete_minus_nominal_k8t2",
      "left": "complete",
      "mean": 16.491093780052264,
      "n_episode_pairs": 50,
      "negative_episode_count": 12,
      "normalized_delta_orientation": "complete_minus_control",
      "positive_episode_count": 38,
      "raw_delta_mean_recomputed": 757.0518584243757,
      "right": "nominal_k8t2",
      "sample_std_ddof1": 22.94291107781414,
      "standard_error": 3.244617600656468,
      "t95_high": 23.01139696428519,
      "t95_low": 9.970790595819338,
      "zero_episode_count": 0
    },
    {
      "bootstrap95_high": 25.86606022264751,
      "bootstrap95_low": 12.206923052291017,
      "bootstrap_bit_generator": "PCG64",
      "bootstrap_quantile_method": "linear",
      "bootstrap_replicates": 20000,
      "bootstrap_seed": 20264917,
      "comparison_id": "complete_minus_original_opex",
      "left": "complete",
      "mean": 18.872552296664015,
      "n_episode_pairs": 50,
      "negative_episode_count": 9,
      "normalized_delta_orientation": "complete_minus_control",
      "positive_episode_count": 41,
      "raw_delta_mean_recomputed": 866.3767837329848,
      "right": "original_opex",
      "sample_std_ddof1": 25.085596538775107,
      "standard_error": 3.5476390845355326,
      "t95_high": 26.001799951218466,
      "t95_low": 11.743304642109564,
      "zero_episode_count": 0
    },
    {
      "bootstrap95_high": 22.696894430705797,
      "bootstrap95_low": 6.7575317907950065,
      "bootstrap_bit_generator": "PCG64",
      "bootstrap_quantile_method": "linear",
      "bootstrap_replicates": 20000,
      "bootstrap_seed": 20264918,
      "comparison_id": "complete_minus_inverse_only",
      "left": "complete",
      "mean": 14.768077061031418,
      "n_episode_pairs": 50,
      "negative_episode_count": 17,
      "normalized_delta_orientation": "complete_minus_control",
      "positive_episode_count": 33,
      "raw_delta_mean_recomputed": 677.9538297169756,
      "right": "inverse_only",
      "sample_std_ddof1": 28.817815927306075,
      "standard_error": 4.075454612236764,
      "t95_high": 22.958009729826564,
      "t95_low": 6.57814439223627,
      "zero_episode_count": 0
    }
  ],
  "per_decision_and_total_cost": [
    {
      "base_actor_rows_per_decision": 1,
      "control_id": "complete",
      "environment_steps": 27438,
      "inverse_bisection_iterations_per_decision": 48,
      "q1_backward_calls_per_decision": 2,
      "q1_backward_calls_total": 54876,
      "q1_backward_rows_per_decision": 16,
      "q1_backward_rows_total": 439008,
      "q1_forward_rows_per_decision": 16,
      "q1_forward_rows_total": 439008,
      "wall_time_scope": "adapted_arm_deployment_controller_only",
      "wall_time_seconds": 245.924527923984
    },
    {
      "base_actor_rows_per_decision": 1,
      "control_id": "calibrated_identity",
      "environment_steps": 20288,
      "inverse_bisection_iterations_per_decision": 0,
      "q1_backward_calls_per_decision": 2,
      "q1_backward_calls_total": 40576,
      "q1_backward_rows_per_decision": 16,
      "q1_backward_rows_total": 324608,
      "q1_forward_rows_per_decision": 16,
      "q1_forward_rows_total": 324608,
      "wall_time_scope": "adapted_arm_deployment_controller_only",
      "wall_time_seconds": 162.7488189470023
    },
    {
      "base_actor_rows_per_decision": 1,
      "control_id": "nominal_k8t2",
      "environment_steps": 17655,
      "inverse_bisection_iterations_per_decision": 0,
      "q1_backward_calls_per_decision": 2,
      "q1_backward_calls_total": 35310,
      "q1_backward_rows_per_decision": 16,
      "q1_backward_rows_total": 282480,
      "q1_forward_rows_per_decision": 16,
      "q1_forward_rows_total": 282480,
      "wall_time_scope": "adapted_arm_deployment_controller_only",
      "wall_time_seconds": 104.42534015903948
    },
    {
      "base_actor_rows_per_decision": 1,
      "control_id": "original_opex",
      "environment_steps": 15827,
      "inverse_bisection_iterations_per_decision": 0,
      "q1_backward_calls_per_decision": 1,
      "q1_backward_calls_total": 15827,
      "q1_backward_rows_per_decision": 1,
      "q1_backward_rows_total": 15827,
      "q1_forward_rows_per_decision": 1,
      "q1_forward_rows_total": 15827,
      "wall_time_scope": "adapted_arm_deployment_controller_only",
      "wall_time_seconds": 55.370209173008334
    },
    {
      "base_actor_rows_per_decision": 1,
      "control_id": "inverse_only",
      "environment_steps": 17877,
      "inverse_bisection_iterations_per_decision": 48,
      "q1_backward_calls_per_decision": 0,
      "q1_backward_calls_total": 0,
      "q1_backward_rows_per_decision": 0,
      "q1_backward_rows_total": 0,
      "q1_forward_rows_per_decision": 0,
      "q1_forward_rows_total": 0,
      "wall_time_scope": "combined_clean_and_persistent_evaluation",
      "wall_time_seconds": 201.68073118798202
    }
  ],
  "run_root": "/root/hubl_research_20260914/results/scaleup/walker_seed4",
  "schema_version": "ca-opex-walker-scaleup-aggregate-v1",
  "statistics": {
    "bootstrap_replicates": 20000,
    "bootstrap_seed_formula": "20260915 + 1000 * training_seed + comparison_index",
    "cross_training_seed_inference": null,
    "sample_standard_deviation_ddof": 1,
    "t_interval_confidence": 0.95,
    "unit": "paired_rollout_case_within_one_fixed_training_checkpoint"
  },
  "status": "complete",
  "training_seed": 4
}
