{
  "action_pipeline": "agent_command -> multiply_by_command_scale -> clip_to_environment_bounds -> command_transform -> clip_to_environment_bounds -> add_seeded_actuator_noise_if_noisy -> clip_to_environment_bounds -> env.step",
  "checkpoint": "/root/hubl_research_20260914/results/scaleup/walker_seed2/base/latest.pt",
  "checkpoint_sha256": "d94b05044c9071c2a987aa28bd2dabbf04a91a7164d4215f851f37aaff06a75e",
  "checkpoint_step": 25000,
  "clean": {
    "command_saturation_definition": "fraction_of_scaled_command_values_strictly_outside_environment_bounds_before_clip",
    "command_saturation_fraction": 0.0,
    "command_scale": 1.0,
    "command_transform": "identity",
    "command_transform_beta": 1.1,
    "command_transform_saturation_definition": "fraction_of_desired_mean_action_values_outside_the_uniform_clipped_channel_mean_range_achievable_by_bounded_commands",
    "command_transform_saturation_fraction": 0.0,
    "episode_seeds": [
      51600,
      51601,
      51602,
      51603,
      51604,
      51605,
      51606,
      51607,
      51608,
      51609,
      51610,
      51611,
      51612,
      51613,
      51614,
      51615,
      51616,
      51617,
      51618,
      51619,
      51620,
      51621,
      51622,
      51623,
      51624,
      51625,
      51626,
      51627,
      51628,
      51629,
      51630,
      51631,
      51632,
      51633,
      51634,
      51635,
      51636,
      51637,
      51638,
      51639,
      51640,
      51641,
      51642,
      51643,
      51644,
      51645,
      51646,
      51647,
      51648,
      51649
    ],
    "lengths": [
      1000,
      1000,
      1000,
      1000,
      1000,
      1000,
      1000,
      1000,
      1000,
      1000,
      1000,
      1000,
      1000,
      1000,
      1000,
      1000,
      1000,
      1000,
      1000,
      1000,
      1000,
      1000,
      1000,
      954,
      1000,
      973,
      1000,
      1000,
      1000,
      1000,
      1000,
      1000,
      1000,
      1000,
      1000,
      1000,
      1000,
      1000,
      1000,
      1000,
      1000,
      1000,
      1000,
      1000,
      1000,
      1000,
      1000,
      1000,
      1000,
      1000
    ],
    "normalized_score_mean": 81.34131065847,
    "normalized_score_std": 0.6165144908766577,
    "return_mean": 3735.740960910987,
    "return_std": 28.302151894151176,
    "returns": [
      3717.15815437006,
      3712.7294631877216,
      3705.8367907953175,
      3722.0344141187365,
      3724.200815366088,
      3757.8561005762667,
      3741.8203373085353,
      3758.1483987756706,
      3714.6791447591045,
      3785.1045530975853,
      3724.0463463820533,
      3751.5644976119747,
      3713.898010672624,
      3747.391506406552,
      3720.218221550225,
      3733.665078442947,
      3757.86753333872,
      3735.5135174050324,
      3729.0809265990188,
      3716.9599101923745,
      3768.4235893851665,
      3766.393456924677,
      3743.0924075984135,
      3676.668654534219,
      3715.1469904006203,
      3767.647177043233,
      3703.359497227637,
      3761.6137991096466,
      3813.355620721043,
      3706.505051620573,
      3745.2890955341004,
      3737.068200438354,
      3775.0120279088583,
      3722.564148282214,
      3737.6982054070468,
      3735.554109344971,
      3717.0229848024856,
      3708.8025656404275,
      3813.0033476946546,
      3728.838600993751,
      3744.9504057735057,
      3669.9301915528704,
      3727.1730921253366,
      3751.8202603732657,
      3748.8115602946937,
      3711.6422442045455,
      3739.8153680468217,
      3735.941312462773,
      3694.3714422822845,
      3749.7589168645495
    ],
    "transformed_command_at_bound_fraction": 0.0
  },
  "command_scale": 1.0,
  "command_transform": "identity",
  "command_transform_beta": 1.1,
  "environment": "Walker2d-v4",
  "implementation": {
    "evaluate_td3bc_sha256": "770a690f06ee30ba84213fc35948e9f6f8a242a9976288d32d6a3845d3a4df26",
    "evaluation_controls_sha256": "24318269a6696fd22c8112b2d96913bdceb830d83de9df31ca234e1505f1aec9",
    "train_td3bc_sha256": "28094abb38441633f3e52386a9d3ac0747b9df8a4f2bd03403bf46d1d5234737"
  },
  "implementation_sha256": "770a690f06ee30ba84213fc35948e9f6f8a242a9976288d32d6a3845d3a4df26",
  "persistent_action_noise": {
    "action_clip_fraction": 0.28943213834644904,
    "action_noise_beta": 1.1,
    "action_noise_distribution": "iid_uniform_minus_beta_plus_beta_per_step",
    "action_noise_seeds": [
      61600,
      61601,
      61602,
      61603,
      61604,
      61605,
      61606,
      61607,
      61608,
      61609,
      61610,
      61611,
      61612,
      61613,
      61614,
      61615,
      61616,
      61617,
      61618,
      61619,
      61620,
      61621,
      61622,
      61623,
      61624,
      61625,
      61626,
      61627,
      61628,
      61629,
      61630,
      61631,
      61632,
      61633,
      61634,
      61635,
      61636,
      61637,
      61638,
      61639,
      61640,
      61641,
      61642,
      61643,
      61644,
      61645,
      61646,
      61647,
      61648,
      61649
    ],
    "command_saturation_definition": "fraction_of_scaled_command_values_strictly_outside_environment_bounds_before_clip",
    "command_saturation_fraction": 0.0,
    "command_scale": 1.0,
    "command_transform": "identity",
    "command_transform_beta": 1.1,
    "command_transform_saturation_definition": "fraction_of_desired_mean_action_values_outside_the_uniform_clipped_channel_mean_range_achievable_by_bounded_commands",
    "command_transform_saturation_fraction": 0.0,
    "environment_seeds": [
      51600,
      51601,
      51602,
      51603,
      51604,
      51605,
      51606,
      51607,
      51608,
      51609,
      51610,
      51611,
      51612,
      51613,
      51614,
      51615,
      51616,
      51617,
      51618,
      51619,
      51620,
      51621,
      51622,
      51623,
      51624,
      51625,
      51626,
      51627,
      51628,
      51629,
      51630,
      51631,
      51632,
      51633,
      51634,
      51635,
      51636,
      51637,
      51638,
      51639,
      51640,
      51641,
      51642,
      51643,
      51644,
      51645,
      51646,
      51647,
      51648,
      51649
    ],
    "executed_commanded_action_mse": 0.28475333664223534,
    "lengths": [
      265,
      240,
      209,
      313,
      209,
      238,
      221,
      380,
      351,
      170,
      476,
      263,
      190,
      190,
      247,
      161,
      245,
      138,
      599,
      204,
      304,
      333,
      306,
      386,
      130,
      341,
      200,
      291,
      275,
      219,
      292,
      246,
      154,
      518,
      232,
      261,
      204,
      145,
      275,
      324,
      321,
      166,
      278,
      627,
      192,
      257,
      277,
      298,
      343,
      220
    ],
    "normalized_score_mean": 17.379018026267147,
    "normalized_score_std": 8.350027553390646,
    "return_mean": 799.4425472262972,
    "return_std": 383.32229271751174,
    "returns": [
      733.9474173658675,
      742.0262668875469,
      513.8247403483728,
      937.8812428446308,
      534.3521943502641,
      643.732325748104,
      657.6851418056847,
      1172.6559457918063,
      1035.6749505791624,
      419.44376206438676,
      1537.4773187237965,
      807.7386437495392,
      490.64451355279806,
      481.42217981273524,
      724.0897644600863,
      392.43015152078647,
      737.7299513794026,
      316.09090996987203,
      1977.5458632776083,
      501.0168411096286,
      900.8525204194259,
      984.8124025646473,
      870.1462607703346,
      1267.283258809262,
      301.44893034056656,
      1107.2382731089967,
      572.9529800713249,
      807.8952584398074,
      804.9116609208854,
      615.9009819795833,
      866.615694862427,
      714.9841832129616,
      347.1479278850478,
      1626.214881985392,
      698.2064265338612,
      687.3850171297285,
      555.5267798487387,
      299.59227840492247,
      844.6549842393729,
      942.2088225728249,
      1033.7413836883431,
      390.59628346538153,
      755.7935901768177,
      2136.859042477786,
      491.4851919423125,
      754.3010100738846,
      859.2680316127111,
      804.7175439585185,
      1001.8287440483622,
      570.1468904285397
    ],
    "transformed_command_at_bound_fraction": 0.0
  },
  "status": "complete",
  "wall_time_seconds": 47.44410857697949
}
