{
  "arms": {
    "adapted": {
      "action_noise_beta": 0.9,
      "action_noise_seeds": [
        61500,
        61501,
        61502,
        61503,
        61504,
        61505,
        61506,
        61507,
        61508,
        61509,
        61510,
        61511,
        61512,
        61513,
        61514,
        61515,
        61516,
        61517,
        61518,
        61519,
        61520,
        61521,
        61522,
        61523,
        61524,
        61525,
        61526,
        61527,
        61528,
        61529,
        61530,
        61531,
        61532,
        61533,
        61534,
        61535,
        61536,
        61537,
        61538,
        61539,
        61540,
        61541,
        61542,
        61543,
        61544,
        61545,
        61546,
        61547,
        61548,
        61549
      ],
      "actuator_clip_fraction": 0.2901675781125076,
      "applied_residual_abs_max": 0.2500000298023224,
      "applied_residual_abs_mean": 0.06931629000804385,
      "arm": "channel_opex",
      "command_at_bound_fraction": 0.14712254948991013,
      "environment_seeds": [
        51500,
        51501,
        51502,
        51503,
        51504,
        51505,
        51506,
        51507,
        51508,
        51509,
        51510,
        51511,
        51512,
        51513,
        51514,
        51515,
        51516,
        51517,
        51518,
        51519,
        51520,
        51521,
        51522,
        51523,
        51524,
        51525,
        51526,
        51527,
        51528,
        51529,
        51530,
        51531,
        51532,
        51533,
        51534,
        51535,
        51536,
        51537,
        51538,
        51539,
        51540,
        51541,
        51542,
        51543,
        51544,
        51545,
        51546,
        51547,
        51548,
        51549
      ],
      "executed_commanded_action_mse": 0.19040980071321295,
      "gradient_abs_max": 4.6040167808532715,
      "gradient_l2_mean": 1.3236006479365439,
      "gradient_noise_draw_calls": 83384,
      "gradient_noise_sampling_frequency": "per_gradient_step",
      "gradient_noise_seeds": [
        71500,
        71501,
        71502,
        71503,
        71504,
        71505,
        71506,
        71507,
        71508,
        71509,
        71510,
        71511,
        71512,
        71513,
        71514,
        71515,
        71516,
        71517,
        71518,
        71519,
        71520,
        71521,
        71522,
        71523,
        71524,
        71525,
        71526,
        71527,
        71528,
        71529,
        71530,
        71531,
        71532,
        71533,
        71534,
        71535,
        71536,
        71537,
        71538,
        71539,
        71540,
        71541,
        71542,
        71543,
        71544,
        71545,
        71546,
        71547,
        71548,
        71549
      ],
      "gradient_noise_stream_used": true,
      "inverse_saturation_fraction": 0.1475582845629857,
      "lengths": [
        416,
        1000,
        1000,
        1000,
        1000,
        1000,
        1000,
        1000,
        1000,
        651,
        1000,
        1000,
        1000,
        1000,
        1000,
        1000,
        1000,
        1000,
        1000,
        762,
        1000,
        512,
        534,
        1000,
        1000,
        1000,
        1000,
        850,
        1000,
        595,
        625,
        904,
        318,
        337,
        1000,
        321,
        1000,
        548,
        938,
        1000,
        1000,
        1000,
        687,
        379,
        466,
        1000,
        471,
        917,
        461,
        1000
      ],
      "normalized_score_mean": 63.5879471474052,
      "normalized_score_std": 19.018516551696035,
      "proposed_residual_abs_mean": 0.06931629000804385,
      "q1_expected_before_update_mean": 88.6767936898273,
      "q1_gradient_calls": 83384,
      "q1_rows_by_episode": [
        6656,
        16000,
        16000,
        16000,
        16000,
        16000,
        16000,
        16000,
        16000,
        10416,
        16000,
        16000,
        16000,
        16000,
        16000,
        16000,
        16000,
        16000,
        16000,
        12192,
        16000,
        8192,
        8544,
        16000,
        16000,
        16000,
        16000,
        13600,
        16000,
        9520,
        10000,
        14464,
        5088,
        5392,
        16000,
        5136,
        16000,
        8768,
        15008,
        16000,
        16000,
        16000,
        10992,
        6064,
        7456,
        16000,
        7536,
        14672,
        7376,
        16000
      ],
      "q1_rows_per_action": 16,
      "q1_rows_total": 667072,
      "raw_residual_abs_max": 0.4604016840457916,
      "return_mean": 2920.742452104222,
      "return_std": 873.0775224474284,
      "returns": [
        1391.5680853985095,
        3595.2747108551803,
        3534.948056320223,
        3427.981912324549,
        3734.388223955732,
        3459.1903288210733,
        3642.0891911828244,
        3463.594564437695,
        3558.991169272517,
        2174.4239688138628,
        3421.5878074996804,
        3541.525460658107,
        3633.3061042089867,
        3465.79071306457,
        3498.8729160730695,
        3620.158317290098,
        3554.8252965127404,
        3596.8117053389738,
        3498.015959470066,
        2623.9685622147986,
        3516.5762927576334,
        1835.9274305757808,
        1897.9562139180664,
        3500.7957039967955,
        3534.3174322813816,
        3432.484688707109,
        3513.7461862441246,
        3011.217722369108,
        3537.6996873971934,
        2023.7987535627065,
        2227.9204009807877,
        3200.1065718440946,
        946.3726677510039,
        1058.9339332376453,
        3375.3560296396126,
        1065.363597748605,
        3530.2743074438486,
        1876.4465258888602,
        3426.505684091421,
        3499.7173299105007,
        3454.038387435603,
        3552.519996941036,
        2428.059124090785,
        1234.0751761875936,
        1558.785333517456,
        3399.2265025382176,
        1677.0889341807028,
        3202.9436626027946,
        1561.8581211570129,
        3519.6971525003682
      ],
      "trust_region_clipped_fraction": 0.16062633918577504,
      "wall_time_seconds": 362.6082373590325
    },
    "baseline_only": {
      "action_noise_beta": 0.9,
      "action_noise_seeds": [
        61500,
        61501,
        61502,
        61503,
        61504,
        61505,
        61506,
        61507,
        61508,
        61509,
        61510,
        61511,
        61512,
        61513,
        61514,
        61515,
        61516,
        61517,
        61518,
        61519,
        61520,
        61521,
        61522,
        61523,
        61524,
        61525,
        61526,
        61527,
        61528,
        61529,
        61530,
        61531,
        61532,
        61533,
        61534,
        61535,
        61536,
        61537,
        61538,
        61539,
        61540,
        61541,
        61542,
        61543,
        61544,
        61545,
        61546,
        61547,
        61548,
        61549
      ],
      "actuator_clip_fraction": 0.2910831461663804,
      "applied_residual_abs_max": 0.0,
      "applied_residual_abs_mean": 0.0,
      "arm": "inverse_anchor_baseline",
      "command_at_bound_fraction": 0.16278570484872507,
      "environment_seeds": [
        51500,
        51501,
        51502,
        51503,
        51504,
        51505,
        51506,
        51507,
        51508,
        51509,
        51510,
        51511,
        51512,
        51513,
        51514,
        51515,
        51516,
        51517,
        51518,
        51519,
        51520,
        51521,
        51522,
        51523,
        51524,
        51525,
        51526,
        51527,
        51528,
        51529,
        51530,
        51531,
        51532,
        51533,
        51534,
        51535,
        51536,
        51537,
        51538,
        51539,
        51540,
        51541,
        51542,
        51543,
        51544,
        51545,
        51546,
        51547,
        51548,
        51549
      ],
      "executed_commanded_action_mse": 0.19046560201639567,
      "gradient_abs_max": null,
      "gradient_l2_mean": null,
      "gradient_noise_draw_calls": 0,
      "gradient_noise_sampling_frequency": "none_beta_zero_or_baseline_arm",
      "gradient_noise_seeds": [
        71500,
        71501,
        71502,
        71503,
        71504,
        71505,
        71506,
        71507,
        71508,
        71509,
        71510,
        71511,
        71512,
        71513,
        71514,
        71515,
        71516,
        71517,
        71518,
        71519,
        71520,
        71521,
        71522,
        71523,
        71524,
        71525,
        71526,
        71527,
        71528,
        71529,
        71530,
        71531,
        71532,
        71533,
        71534,
        71535,
        71536,
        71537,
        71538,
        71539,
        71540,
        71541,
        71542,
        71543,
        71544,
        71545,
        71546,
        71547,
        71548,
        71549
      ],
      "gradient_noise_stream_used": false,
      "inverse_saturation_fraction": 0.16278570484872507,
      "lengths": [
        851,
        398,
        550,
        384,
        361,
        324,
        508,
        925,
        822,
        460,
        224,
        545,
        517,
        391,
        720,
        1000,
        375,
        398,
        571,
        1000,
        348,
        568,
        370,
        188,
        982,
        884,
        420,
        305,
        198,
        803,
        651,
        648,
        421,
        1000,
        822,
        451,
        648,
        551,
        1000,
        671,
        923,
        285,
        1000,
        678,
        862,
        582,
        666,
        605,
        867,
        555
      ],
      "normalized_score_mean": 46.40824747530739,
      "normalized_score_std": 20.44756224580319,
      "proposed_residual_abs_mean": 0.0,
      "q1_expected_before_update_mean": null,
      "q1_gradient_calls": 0,
      "q1_rows_by_episode": [
        0,
        0,
        0,
        0,
        0,
        0,
        0,
        0,
        0,
        0,
        0,
        0,
        0,
        0,
        0,
        0,
        0,
        0,
        0,
        0,
        0,
        0,
        0,
        0,
        0,
        0,
        0,
        0,
        0,
        0,
        0,
        0,
        0,
        0,
        0,
        0,
        0,
        0,
        0,
        0,
        0,
        0,
        0,
        0,
        0,
        0,
        0,
        0,
        0,
        0
      ],
      "q1_rows_per_action": 0,
      "q1_rows_total": 0,
      "raw_residual_abs_max": null,
      "return_mean": 2132.0789627445088,
      "return_std": 938.6803085892308,
      "returns": [
        3188.211303731611,
        1385.5561398338943,
        1933.391414298717,
        1305.1354592885646,
        1234.5412531305255,
        986.3803663120905,
        1770.435846833091,
        3396.9588161929128,
        3168.0482679538827,
        1515.4408915147408,
        643.4953998963435,
        1855.3312135067654,
        1606.0141753732821,
        1178.247896133176,
        2474.0926202352803,
        3586.239388129015,
        1297.9702282398223,
        1448.8577496915038,
        2006.5107827180461,
        3690.1090527003253,
        1033.7367772782713,
        2127.8148216653804,
        1232.2374803062917,
        488.18476278822305,
        3643.8923314049766,
        3282.6478491464004,
        1387.0549017382505,
        890.4148684101013,
        510.12874515621075,
        2971.2285010255923,
        2233.2102526715757,
        2253.201014664558,
        1525.0549556629944,
        3564.3532505480707,
        2958.282164239325,
        1564.8290201723332,
        2190.0199291487493,
        1873.877493280077,
        3581.031569423878,
        2495.1184392497084,
        3443.3069311323306,
        911.3684466677737,
        3537.014126156589,
        2423.1687539494897,
        3098.114613820582,
        2046.010311589289,
        2379.204289661416,
        2030.5299637050684,
        3244.380893069974,
        2013.562413778379
      ],
      "trust_region_clipped_fraction": 0.0,
      "wall_time_seconds": 87.46368627401534
    }
  },
  "base_checkpoint": {
    "format": null,
    "path": "/root/hubl_research_20260914/results/scaleup/walker_seed2/base/latest.pt",
    "sha256": "d94b05044c9071c2a987aa28bd2dabbf04a91a7164d4215f851f37aaff06a75e",
    "step": 25000
  },
  "calibration": {
    "action_dim": 6,
    "action_high": 1.0,
    "action_low": -1.0,
    "beta": 0.8995844721794128,
    "calibration_path": "/root/hubl_research_20260914/results/betagrid/calibration/beta0.9_n512_seed27012_calibration.json",
    "calibration_sha256": "700b3e4fc112e78679b7c75d2b4f6e8915e75244f101a71eeab80f8f19af7eab",
    "commands_sha256": "2c2168831d31376ebd05886f7782c6811904ae5a97f04c39cf42116545d037e6",
    "estimator": "censored_uniform_plus_clip_mle",
    "executed_sha256": "60b54eb0747088ca9c5924d9f20a15d525a06fd8f3f2c64372af02ef2a4dfe3f",
    "input_provenance": {
      "action_dim": 6,
      "action_high": 1.0,
      "action_low": -1.0,
      "beta": 0.9,
      "bit_generator": "PCG64",
      "channel": "iid_uniform_additive_then_clip",
      "commands_sha256": "2c2168831d31376ebd05886f7782c6811904ae5a97f04c39cf42116545d037e6",
      "contains_state_or_transition_fields": false,
      "executed_sha256": "60b54eb0747088ca9c5924d9f20a15d525a06fd8f3f2c64372af02ef2a4dfe3f",
      "generator_script_sha256": "d12213d8b61d49bc550adb6079d5274058ab64fa194950ec1f911ee74a57e12f",
      "noise_spawn_key": [
        1
      ],
      "pair_count": 512,
      "root_seed": 27012,
      "schema": "paired_uniform_clip_channel_v1",
      "selection": "uniform_without_replacement",
      "selection_spawn_key": [
        0
      ],
      "source_command_count": 1000000,
      "source_dataset_path": "/root/hubl_backup_data/action_noise_dev/walker2d_v4_beta1_seed1201.hdf5",
      "source_dataset_sha256": "159a49faaa7786a8444369a1aef758b1a43f26eaaa56146358ace6f9c5b3882a",
      "source_hdf5_schema": "flat"
    },
    "pair_archive_path": "/root/hubl_research_20260914/results/betagrid/calibration/beta0.9_n512_seed27012.npz",
    "pair_archive_sha256": "0fab97ea9a1a6b5b608b3bf75f486356c1f57f283c069dcc12adb8c3e52a305d",
    "pair_count": 512,
    "source": "censored_uniform_plus_clip_pair_calibration",
    "uncertainty_beta_interval": [
      0.8974562607705593,
      0.8995716065168381
    ]
  },
  "channel": {
    "beta_mismatch": true,
    "environment_rollout_beta": 0.9,
    "gradient_model": "iid_uniform_additive_then_clip",
    "model_or_calibration_beta": 0.8995844721794128
  },
  "controller": {
    "K": 8,
    "actor_parameter_updates": 0,
    "baseline_transform": "inverse",
    "calibration_mode": "censored_uniform_plus_clip_pair_calibration",
    "critic": "frozen_q1",
    "critic_parameter_updates": 0,
    "delta_max": 0.25,
    "execution_noise_samples": 8,
    "gradient_noise_seed": 71500,
    "gradient_objective": "mean_k_q1_of_clipped_command_plus_fresh_antithetic_uniform_noise_per_gradient_step",
    "gradient_steps": 2,
    "gradient_steps_per_action": 2,
    "model_beta": 0.8995844721794128,
    "q_reducer": "mean_q1",
    "step_size": 0.1
  },
  "cost": {
    "adapted_backward_calls": 83384,
    "adapted_q1_rows_per_environment_step": 16,
    "adapted_q1_rows_total": 667072,
    "base_actor_rows": 41692,
    "baseline_base_actor_rows": 30276,
    "baseline_environment_steps": 30276,
    "baseline_q1_rows_total": 0,
    "baseline_wall_time_seconds": 87.46368627401534,
    "cost_scope": "adapted_arm_deployment_controller_only",
    "environment_steps": 41692,
    "paired_evaluation_environment_steps": 71968,
    "paired_evaluation_wall_time_seconds": 450.9777822860051,
    "q1_backward_calls": 83384,
    "q1_backward_rows": 667072,
    "q1_forward_rows": 667072,
    "wall_time_seconds": 362.6082373590325
  },
  "environment": "Walker2d-v4",
  "evaluation_protocol": {
    "action_noise_seed_start": 61500,
    "actuator_noise_rng_namespace": "numpy_generator_per_episode",
    "environment": "Walker2d-v4",
    "environment_rng_namespace": "gymnasium_env_reset",
    "environment_seed_start": 51500,
    "episode_count_per_arm": 50,
    "episode_local_gradient_streams_prevent_cross_episode_call_order_coupling": true,
    "gradient_noise_antithetic": true,
    "gradient_noise_rng_namespace": "torch_generator_per_episode_fresh_antithetic_per_gradient_step",
    "gradient_noise_sampling_frequency": "per_gradient_step",
    "gradient_noise_seed_start": 71500,
    "paired_environment_and_action_noise_seeds": true,
    "selection_rule": "all requested episodes retained"
  },
  "implementation": {
    "evaluate_sha256": "cf659f47fddd8f848c84f5f114be1fcb9081a55470fe59e8c073d4f84af0bff1",
    "evaluation_controls_sha256": "24318269a6696fd22c8112b2d96913bdceb830d83de9df31ca234e1505f1aec9",
    "inverse_residual_core_sha256": "5700efa8bbefac91c991a76878c3b78c5b3e84aea83568987f7a7e8919e50041",
    "td3bc_core_sha256": "e27cec131b533dd542e77ba9de2de492db4890c6fb9723796f59a02002d1f052",
    "train_inverse_residual_adapter_sha256": "fb065682c78e6c058d1165fa68f680fb682d235ec8c9c3abe70b8098177ee0e4",
    "train_td3bc_sha256": "28094abb38441633f3e52386a9d3ac0747b9df8a4f2bd03403bf46d1d5234737"
  },
  "method_id": "channel_aware_opex_inverse_anchor",
  "method_scope": "stronger channel-aware extension of OPEX; not an unchanged reproduction of the original paper",
  "normalization": {
    "reference_max_score": 4592.3,
    "reference_min_score": 1.629008
  },
  "opex_reference": {
    "original_single_step_rule": "a <- a + step_size * grad_a Q(s, a)",
    "paper": "Is Value Learning Really the Main Bottleneck in Offline RL?",
    "url": "https://proceedings.neurips.cc/paper_files/paper/2024/hash/8ffb4e3118280a66b192b6f06e0e2596-Abstract-Conference.html",
    "venue": "NeurIPS 2024"
  },
  "paired": {
    "adapted_minus_baseline_returns": [
      -1796.6432183331017,
      2209.718571021286,
      1601.5566420215057,
      2122.8464530359843,
      2499.8469708252064,
      2472.8099625089826,
      1871.6533443497333,
      66.63574824478246,
      390.9429013186341,
      658.983077299122,
      2778.092407603337,
      1686.1942471513416,
      2027.2919288357045,
      2287.5428169313936,
      1024.7802958377893,
      33.918929161082815,
      2256.8550682729183,
      2147.95395564747,
      1491.5051767520197,
      -1066.1404904855267,
      2482.839515479362,
      -291.88739108959953,
      665.7187336117747,
      3012.6109412085725,
      -109.57489912359506,
      149.83683956070854,
      2126.691284505874,
      2120.8028539590064,
      3027.5709422409827,
      -947.4297474628859,
      -5.289851690788055,
      946.9055571795366,
      -578.6822879119906,
      -2505.4193173104254,
      417.07386540028756,
      -499.46542242372834,
      1340.2543782950993,
      2.569032608783118,
      -154.52588533245716,
      1004.5988906607922,
      10.731456303272353,
      2641.1515502732623,
      -1108.955002065804,
      -1189.093577761896,
      -1539.3292803031259,
      1353.2161909489287,
      -702.1153554807133,
      1172.4136988977261,
      -1682.522771912961,
      1506.1347387219892
    ],
    "episode_count": 50,
    "positive_episode_count": 35,
    "return_difference_mean": 788.663489359713,
    "return_difference_std": 1421.2741075648198
  },
  "raw_schema": "channel_opex_v1",
  "status": "complete",
  "wall_time_seconds": 450.9777822860051
}
