nohup: ignoring input
{
  "cross_checkpoint_descriptive_means": {
    "calibrated_identity_minus_nominal_matched_eta_0.3": 6.706215992291627,
    "calibrated_identity_minus_nominal_tuned": 3.4841120181839953,
    "complete_minus_calibrated_identity_eta_0.3": 7.32503969213848,
    "complete_minus_nominal_matched_eta_0.3": 14.031255684430107,
    "complete_minus_nominal_tuned": 10.809151710322476
  },
  "cross_checkpoint_inference_guardrail": "descriptive_mean_of_two_checkpoint_level_means_only_no_training_seed_interval_or_p_value",
  "evidence_label": "post_confirmation_fresh_rollout_mechanism_audit",
  "identity_baseline_elementwise_identical": true,
  "paired_comparisons": [
    {
      "bootstrap95_high": 13.962747865951101,
      "bootstrap95_low": 2.011863879105819,
      "bootstrap_replicates": 20000,
      "bootstrap_seed": 20261915,
      "comparison_id": "complete_minus_nominal_tuned",
      "left": "complete_calibrated_inverse_eta_0.1",
      "mean": 8.01959302458608,
      "n_episode_pairs": 50,
      "positive_episode_count": 33,
      "right": "nominal_tuned",
      "sample_std_ddof1": 21.662408203773413,
      "standard_error": 3.0635271475438555,
      "t95_high": 14.175981318563386,
      "t95_low": 1.8632047306087731,
      "training_seed": 1
    },
    {
      "bootstrap95_high": 20.196524987574495,
      "bootstrap95_low": 7.141191432742752,
      "bootstrap_replicates": 20000,
      "bootstrap_seed": 20270915,
      "comparison_id": "complete_minus_nominal_tuned",
      "left": "complete_calibrated_inverse_eta_0.1",
      "mean": 13.598710396058873,
      "n_episode_pairs": 50,
      "positive_episode_count": 34,
      "right": "nominal_tuned",
      "sample_std_ddof1": 23.501962852322478,
      "standard_error": 3.323679460814312,
      "t95_high": 20.277894336666378,
      "t95_low": 6.919526455451369,
      "training_seed": 10
    },
    {
      "bootstrap95_high": 19.016504513018166,
      "bootstrap95_low": 9.33168571877729,
      "bootstrap_replicates": 20000,
      "bootstrap_seed": 20261916,
      "comparison_id": "complete_minus_nominal_matched_eta_0.3",
      "left": "complete_calibrated_inverse_eta_0.1",
      "mean": 14.046705955740608,
      "n_episode_pairs": 50,
      "positive_episode_count": 41,
      "right": "nominal_matched_eta_0.3",
      "sample_std_ddof1": 17.537139825919173,
      "standard_error": 2.4801260987048233,
      "t95_high": 19.03070594865577,
      "t95_low": 9.062705962825447,
      "training_seed": 1
    },
    {
      "bootstrap95_high": 20.21880938953335,
      "bootstrap95_low": 8.109989428252133,
      "bootstrap_replicates": 20000,
      "bootstrap_seed": 20270916,
      "comparison_id": "complete_minus_nominal_matched_eta_0.3",
      "left": "complete_calibrated_inverse_eta_0.1",
      "mean": 14.015805413119608,
      "n_episode_pairs": 50,
      "positive_episode_count": 36,
      "right": "nominal_matched_eta_0.3",
      "sample_std_ddof1": 22.107473342296952,
      "standard_error": 3.1264688630478004,
      "t95_high": 20.298679819956078,
      "t95_low": 7.73293100628314,
      "training_seed": 10
    },
    {
      "bootstrap95_high": 12.515176452589902,
      "bootstrap95_low": 2.877539139926093,
      "bootstrap_replicates": 20000,
      "bootstrap_seed": 20261917,
      "comparison_id": "complete_minus_calibrated_identity_eta_0.3",
      "left": "complete_calibrated_inverse_eta_0.1",
      "mean": 7.680414201941273,
      "n_episode_pairs": 50,
      "positive_episode_count": 33,
      "right": "calibrated_identity_eta_0.3",
      "sample_std_ddof1": 17.57902678866963,
      "standard_error": 2.4860498097856545,
      "t95_high": 12.676318337956381,
      "t95_low": 2.6845100659261654,
      "training_seed": 1
    },
    {
      "bootstrap95_high": 13.926844582439982,
      "bootstrap95_low": -0.01713988924583857,
      "bootstrap_replicates": 20000,
      "bootstrap_seed": 20270917,
      "comparison_id": "complete_minus_calibrated_identity_eta_0.3",
      "left": "complete_calibrated_inverse_eta_0.1",
      "mean": 6.969665182335686,
      "n_episode_pairs": 50,
      "positive_episode_count": 30,
      "right": "calibrated_identity_eta_0.3",
      "sample_std_ddof1": 25.69598877111374,
      "standard_error": 3.6339615818695807,
      "t95_high": 14.272384389939795,
      "t95_low": -0.33305402526842354,
      "training_seed": 10
    },
    {
      "bootstrap95_high": 5.400341389273463,
      "bootstrap95_low": -4.757674267192003,
      "bootstrap_replicates": 20000,
      "bootstrap_seed": 20261918,
      "comparison_id": "calibrated_identity_minus_nominal_tuned",
      "left": "calibrated_identity_eta_0.3",
      "mean": 0.3391788226448043,
      "n_episode_pairs": 50,
      "positive_episode_count": 31,
      "right": "nominal_tuned",
      "sample_std_ddof1": 18.476880912961434,
      "standard_error": 2.6130255577462633,
      "t95_high": 5.590250277477515,
      "t95_low": -4.911892632187906,
      "training_seed": 1
    },
    {
      "bootstrap95_high": 11.835639669380237,
      "bootstrap95_low": 1.465839030011866,
      "bootstrap_replicates": 20000,
      "bootstrap_seed": 20270918,
      "comparison_id": "calibrated_identity_minus_nominal_tuned",
      "left": "calibrated_identity_eta_0.3",
      "mean": 6.629045213723186,
      "n_episode_pairs": 50,
      "positive_episode_count": 35,
      "right": "nominal_tuned",
      "sample_std_ddof1": 18.961401123218195,
      "standard_error": 2.6815470630051608,
      "t95_high": 12.017815788735,
      "t95_low": 1.240274638711374,
      "training_seed": 10
    },
    {
      "bootstrap95_high": 10.611990908403955,
      "bootstrap95_low": 2.1497443983893567,
      "bootstrap_replicates": 20000,
      "bootstrap_seed": 20261919,
      "comparison_id": "calibrated_identity_minus_nominal_matched_eta_0.3",
      "left": "calibrated_identity_eta_0.3",
      "mean": 6.36629175379933,
      "n_episode_pairs": 50,
      "positive_episode_count": 39,
      "right": "nominal_matched_eta_0.3",
      "sample_std_ddof1": 15.431220328052637,
      "standard_error": 2.182304107189944,
      "t95_high": 10.751796047493675,
      "t95_low": 1.9807874601049846,
      "training_seed": 1
    },
    {
      "bootstrap95_high": 12.426237286532846,
      "bootstrap95_low": 1.7682659063901471,
      "bootstrap_replicates": 20000,
      "bootstrap_seed": 20270919,
      "comparison_id": "calibrated_identity_minus_nominal_matched_eta_0.3",
      "left": "calibrated_identity_eta_0.3",
      "mean": 7.046140230783923,
      "n_episode_pairs": 50,
      "positive_episode_count": 34,
      "right": "nominal_matched_eta_0.3",
      "sample_std_ddof1": 19.376428283301326,
      "standard_error": 2.7402407668594364,
      "t95_high": 12.552860219636685,
      "t95_low": 1.5394202419311611,
      "training_seed": 10
    }
  ],
  "protocol_sha256": "fc8fb274f283cd32ef6d45d8a944bff9cdb6757f3927816af9b8a9f17d7cf034",
  "raw_artifacts": [
    {
      "controller_id": "nominal_tuned",
      "path": "/root/hubl_research_20260914/results/equal_compute_nominal_control/holdout/nominal_tuned_seed1_fresh50.json",
      "semantic_alias": "equal_compute_nominal_q_identity_tuned",
      "sha256": "8ababfa7389b67ebfd0fb4827e799880b97e71be2e08b7c15b1811018f299f40",
      "training_seed": 1
    },
    {
      "controller_id": "nominal_matched_eta_0.3",
      "path": "/root/hubl_research_20260914/results/equal_compute_nominal_control/holdout/nominal_matched_eta_0.3_seed1_fresh50.json",
      "semantic_alias": "equal_compute_nominal_q_identity_eta_0p3",
      "sha256": "7e733cb667c6ae80f85a7353fcf5b28ad048a1de0b5107186795a08d1788a4e5",
      "training_seed": 1
    },
    {
      "controller_id": "calibrated_identity_eta_0.3",
      "path": "/root/hubl_research_20260914/results/equal_compute_nominal_control/holdout/calibrated_identity_eta_0.3_seed1_fresh50.json",
      "semantic_alias": "equal_compute_calibrated_q_identity_eta_0p3",
      "sha256": "5a123d8cadffb7b47c77069482262ab82b9e7bbaded1da8b329ba4559247e8fe",
      "training_seed": 1
    },
    {
      "controller_id": "complete_calibrated_inverse_eta_0.1",
      "path": "/root/hubl_research_20260914/results/equal_compute_nominal_control/holdout/complete_calibrated_inverse_eta_0.1_seed1_fresh50.json",
      "semantic_alias": "complete_ca_opex_calibrated_inverse_eta_0p1",
      "sha256": "a962af60ee972428b67ac4ae91fdb619399ab04394aeebf37804570c12670cdc",
      "training_seed": 1
    },
    {
      "controller_id": "nominal_tuned",
      "path": "/root/hubl_research_20260914/results/equal_compute_nominal_control/holdout/nominal_tuned_seed10_fresh50.json",
      "semantic_alias": "equal_compute_nominal_q_identity_tuned",
      "sha256": "4f35cedf07cd7af5ebdbcb4bdd7d8a69a6eab46fb77b0a62ea50987fe914a1b3",
      "training_seed": 10
    },
    {
      "controller_id": "nominal_matched_eta_0.3",
      "path": "/root/hubl_research_20260914/results/equal_compute_nominal_control/holdout/nominal_matched_eta_0.3_seed10_fresh50.json",
      "semantic_alias": "equal_compute_nominal_q_identity_eta_0p3",
      "sha256": "6f10f56aeda12c847bc6ff0d934cba8e4aaa5b02f0f5bf08d92d004e5860b1ed",
      "training_seed": 10
    },
    {
      "controller_id": "calibrated_identity_eta_0.3",
      "path": "/root/hubl_research_20260914/results/equal_compute_nominal_control/holdout/calibrated_identity_eta_0.3_seed10_fresh50.json",
      "semantic_alias": "equal_compute_calibrated_q_identity_eta_0p3",
      "sha256": "2dd7a42d4b54f76f09e7b22856d8c2a663524c653020016977ea569c2f9e05cd",
      "training_seed": 10
    },
    {
      "controller_id": "complete_calibrated_inverse_eta_0.1",
      "path": "/root/hubl_research_20260914/results/equal_compute_nominal_control/holdout/complete_calibrated_inverse_eta_0.1_seed10_fresh50.json",
      "semantic_alias": "complete_ca_opex_calibrated_inverse_eta_0p1",
      "sha256": "553b7ff3bfca058be2f15684222fa4a2a101357c5f8e04e503596089fbae3dd6",
      "training_seed": 10
    }
  ],
  "runner_sha256": "c5cd5a3631ffc38e8806c16471f77ab48c00894aff266a44e9e9ee6490a564c1",
  "schema_version": "equal-compute-nominal-control-aggregate-v1",
  "selected_nominal_step_size": 0.1,
  "selection_sha256": "71af36661fbaa5d2340fbb23897abacc7398576343f742f66bd3ed31c5677ae4",
  "skipped_comparisons": [],
  "status": "complete"
}
