{
  "arms": {
    "adapted": {
      "action_noise_beta": 1.25,
      "action_noise_seeds": [
        51300,
        51301,
        51302,
        51303,
        51304,
        51305,
        51306,
        51307,
        51308,
        51309,
        51310,
        51311,
        51312,
        51313,
        51314,
        51315,
        51316,
        51317,
        51318,
        51319,
        51320,
        51321,
        51322,
        51323,
        51324,
        51325,
        51326,
        51327,
        51328,
        51329,
        51330,
        51331,
        51332,
        51333,
        51334,
        51335,
        51336,
        51337,
        51338,
        51339,
        51340,
        51341,
        51342,
        51343,
        51344,
        51345,
        51346,
        51347,
        51348,
        51349
      ],
      "actuator_clip_fraction": 0.37087845968712396,
      "applied_residual_abs_max": 0.2500000298023224,
      "applied_residual_abs_mean": 0.08927727894252054,
      "arm": "channel_opex",
      "command_at_bound_fraction": 0.2203971119133574,
      "environment_seeds": [
        41300,
        41301,
        41302,
        41303,
        41304,
        41305,
        41306,
        41307,
        41308,
        41309,
        41310,
        41311,
        41312,
        41313,
        41314,
        41315,
        41316,
        41317,
        41318,
        41319,
        41320,
        41321,
        41322,
        41323,
        41324,
        41325,
        41326,
        41327,
        41328,
        41329,
        41330,
        41331,
        41332,
        41333,
        41334,
        41335,
        41336,
        41337,
        41338,
        41339,
        41340,
        41341,
        41342,
        41343,
        41344,
        41345,
        41346,
        41347,
        41348,
        41349
      ],
      "executed_commanded_action_mse": 0.32859641396189226,
      "gradient_abs_max": 8.017753601074219,
      "gradient_l2_mean": 1.9032827927032065,
      "gradient_noise_draw_calls": 22160,
      "gradient_noise_sampling_frequency": "per_gradient_step",
      "gradient_noise_seeds": [
        61300,
        61301,
        61302,
        61303,
        61304,
        61305,
        61306,
        61307,
        61308,
        61309,
        61310,
        61311,
        61312,
        61313,
        61314,
        61315,
        61316,
        61317,
        61318,
        61319,
        61320,
        61321,
        61322,
        61323,
        61324,
        61325,
        61326,
        61327,
        61328,
        61329,
        61330,
        61331,
        61332,
        61333,
        61334,
        61335,
        61336,
        61337,
        61338,
        61339,
        61340,
        61341,
        61342,
        61343,
        61344,
        61345,
        61346,
        61347,
        61348,
        61349
      ],
      "gradient_noise_stream_used": true,
      "inverse_saturation_fraction": 0.3047533092659446,
      "lengths": [
        198,
        151,
        237,
        245,
        241,
        275,
        235,
        216,
        209,
        209,
        214,
        198,
        189,
        218,
        213,
        323,
        173,
        46,
        230,
        322,
        247,
        239,
        299,
        228,
        255,
        220,
        256,
        276,
        321,
        245,
        257,
        242,
        204,
        166,
        197,
        209,
        271,
        167,
        208,
        264,
        42,
        279,
        182,
        199,
        255,
        193,
        213,
        218,
        167,
        219
      ],
      "normalized_score_mean": 20.523200618019338,
      "normalized_score_std": 5.394967566813705,
      "proposed_residual_abs_mean": 0.08927727894252054,
      "q1_expected_before_update_mean": 169.34982518001664,
      "q1_gradient_calls": 22160,
      "q1_rows_by_episode": [
        3168,
        2416,
        3792,
        3920,
        3856,
        4400,
        3760,
        3456,
        3344,
        3344,
        3424,
        3168,
        3024,
        3488,
        3408,
        5168,
        2768,
        736,
        3680,
        5152,
        3952,
        3824,
        4784,
        3648,
        4080,
        3520,
        4096,
        4416,
        5136,
        3920,
        4112,
        3872,
        3264,
        2656,
        3152,
        3344,
        4336,
        2672,
        3328,
        4224,
        672,
        4464,
        2912,
        3184,
        4080,
        3088,
        3408,
        3488,
        2672,
        3504
      ],
      "q1_rows_per_action": 16,
      "q1_rows_total": 177280,
      "raw_residual_abs_max": 0.8017753958702087,
      "return_mean": 647.6700984136464,
      "return_std": 175.5831202932512,
      "returns": [
        560.8696723614123,
        419.361207305319,
        668.5905423350252,
        712.6229879440473,
        704.1642918085657,
        825.9397127360245,
        674.9700340594096,
        631.7741308034331,
        601.8365799699997,
        596.5831597655923,
        608.576644053881,
        544.9114806361792,
        544.0347045497559,
        593.4762438160436,
        621.6782210801641,
        974.906565702969,
        470.18613341280013,
        75.11371060291883,
        694.4490534715301,
        987.5956428539882,
        764.0693118847225,
        702.4699479257397,
        846.0203524849131,
        692.9212045618207,
        833.8711615806636,
        647.1868557723492,
        774.8891915942771,
        824.7613638542982,
        972.4167663089752,
        702.3363038567268,
        822.0504855672237,
        735.7726314424806,
        604.8698284133395,
        465.9772264864638,
        559.7995181447519,
        591.4451213454585,
        737.4539661184835,
        480.6319954375876,
        619.610138047615,
        765.0192985816508,
        67.17934897937192,
        855.4295816415192,
        528.8406828920129,
        576.9341523320053,
        738.5109033043276,
        584.9265843676493,
        617.5912833351852,
        625.7594052334593,
        474.6983708141265,
        658.4212191040601
      ],
      "trust_region_clipped_fraction": 0.2786853188929001,
      "wall_time_seconds": 103.75616254401393
    },
    "baseline_only": {
      "action_noise_beta": 1.25,
      "action_noise_seeds": [
        51300,
        51301,
        51302,
        51303,
        51304,
        51305,
        51306,
        51307,
        51308,
        51309,
        51310,
        51311,
        51312,
        51313,
        51314,
        51315,
        51316,
        51317,
        51318,
        51319,
        51320,
        51321,
        51322,
        51323,
        51324,
        51325,
        51326,
        51327,
        51328,
        51329,
        51330,
        51331,
        51332,
        51333,
        51334,
        51335,
        51336,
        51337,
        51338,
        51339,
        51340,
        51341,
        51342,
        51343,
        51344,
        51345,
        51346,
        51347,
        51348,
        51349
      ],
      "actuator_clip_fraction": 0.36530246658398785,
      "applied_residual_abs_max": 0.0,
      "applied_residual_abs_mean": 0.0,
      "arm": "inverse_anchor_baseline",
      "command_at_bound_fraction": 0.27755270773046714,
      "environment_seeds": [
        41300,
        41301,
        41302,
        41303,
        41304,
        41305,
        41306,
        41307,
        41308,
        41309,
        41310,
        41311,
        41312,
        41313,
        41314,
        41315,
        41316,
        41317,
        41318,
        41319,
        41320,
        41321,
        41322,
        41323,
        41324,
        41325,
        41326,
        41327,
        41328,
        41329,
        41330,
        41331,
        41332,
        41333,
        41334,
        41335,
        41336,
        41337,
        41338,
        41339,
        41340,
        41341,
        41342,
        41343,
        41344,
        41345,
        41346,
        41347,
        41348,
        41349
      ],
      "executed_commanded_action_mse": 0.33220129754083466,
      "gradient_abs_max": null,
      "gradient_l2_mean": null,
      "gradient_noise_draw_calls": 0,
      "gradient_noise_sampling_frequency": "none_beta_zero_or_baseline_arm",
      "gradient_noise_seeds": [
        61300,
        61301,
        61302,
        61303,
        61304,
        61305,
        61306,
        61307,
        61308,
        61309,
        61310,
        61311,
        61312,
        61313,
        61314,
        61315,
        61316,
        61317,
        61318,
        61319,
        61320,
        61321,
        61322,
        61323,
        61324,
        61325,
        61326,
        61327,
        61328,
        61329,
        61330,
        61331,
        61332,
        61333,
        61334,
        61335,
        61336,
        61337,
        61338,
        61339,
        61340,
        61341,
        61342,
        61343,
        61344,
        61345,
        61346,
        61347,
        61348,
        61349
      ],
      "gradient_noise_stream_used": false,
      "inverse_saturation_fraction": 0.27755270773046714,
      "lengths": [
        202,
        188,
        246,
        280,
        239,
        297,
        250,
        221,
        192,
        177,
        216,
        259,
        274,
        211,
        224,
        312,
        179,
        163,
        204,
        387,
        210,
        245,
        196,
        258,
        221,
        284,
        269,
        266,
        408,
        367,
        249,
        244,
        234,
        162,
        239,
        226,
        267,
        196,
        233,
        238,
        189,
        361,
        230,
        195,
        295,
        200,
        204,
        232,
        236,
        220
      ],
      "normalized_score_mean": 21.234982190843898,
      "normalized_score_std": 5.034780263358262,
      "proposed_residual_abs_mean": 0.0,
      "q1_expected_before_update_mean": null,
      "q1_gradient_calls": 0,
      "q1_rows_by_episode": [
        0,
        0,
        0,
        0,
        0,
        0,
        0,
        0,
        0,
        0,
        0,
        0,
        0,
        0,
        0,
        0,
        0,
        0,
        0,
        0,
        0,
        0,
        0,
        0,
        0,
        0,
        0,
        0,
        0,
        0,
        0,
        0,
        0,
        0,
        0,
        0,
        0,
        0,
        0,
        0,
        0,
        0,
        0,
        0,
        0,
        0,
        0,
        0,
        0,
        0
      ],
      "q1_rows_per_action": 0,
      "q1_rows_total": 0,
      "raw_residual_abs_max": null,
      "return_mean": 670.8355443548877,
      "return_std": 163.86056406886408,
      "returns": [
        554.100574616,
        535.2512543347939,
        679.4835700428946,
        718.8192792064634,
        712.7791928525102,
        799.1382014307571,
        697.0586968520125,
        613.4168752467269,
        408.79223410831776,
        418.08623900375176,
        610.4691981910069,
        704.8584381903925,
        694.9675083406742,
        555.6223315606237,
        673.2864994796972,
        884.3285061466249,
        481.85640757701617,
        451.2400031451022,
        584.2449178541034,
        1188.6798061472116,
        603.5875068604123,
        621.079764678597,
        449.1916675972475,
        796.9015926329812,
        687.0125882808123,
        829.6722629416729,
        785.6814248237168,
        757.6041406599463,
        1148.645378092348,
        996.9646832888111,
        737.9288426981017,
        558.6815051893228,
        668.9673054648463,
        440.14645340867776,
        681.8223872251124,
        575.8513093840482,
        713.5566598061596,
        539.5133545930099,
        616.08230762651,
        674.9876747263423,
        524.554449767308,
        1017.4910454567728,
        645.0903397266413,
        567.5318955456296,
        763.750741592685,
        593.0776590813844,
        584.8286447490232,
        669.479645948625,
        664.4607662086661,
        661.1534853622966
      ],
      "trust_region_clipped_fraction": 0.0,
      "wall_time_seconds": 34.89914580399636
    }
  },
  "base_checkpoint": {
    "format": null,
    "path": "/root/hubl_research_20260914/results/crosstask_hopper/hopper_seed2/base/latest.pt",
    "sha256": "48683de2076b995937858de84ba2a99f1725fd4956f2118d9b5e8745422fe64f",
    "step": 25000
  },
  "calibration": {
    "action_dim": 3,
    "action_high": 1.0,
    "action_low": -1.0,
    "beta": 1.249945044517517,
    "calibration_path": "/root/hubl_research_20260914/results/channel_calibration/hopper_beta125_n512_seed27002_calibration.json",
    "calibration_sha256": "d7f273b39ae935bb31e62d12f41861ca216f89c8c5086899f355b6ebfd7941f0",
    "commands_sha256": "c9243a78dcdad148124a4aeb3a8cc372fd77c0598b5ae423270c25fe9b5b8369",
    "estimator": "censored_uniform_plus_clip_mle",
    "executed_sha256": "785b08dff21c97ec2ae224c1c67dabeebe42109a4146445d2142db3439a3fb5b",
    "input_provenance": {
      "action_dim": 3,
      "action_high": 1.0,
      "action_low": -1.0,
      "beta": 1.25,
      "bit_generator": "PCG64",
      "channel": "iid_uniform_additive_then_clip",
      "commands_sha256": "c9243a78dcdad148124a4aeb3a8cc372fd77c0598b5ae423270c25fe9b5b8369",
      "contains_state_or_transition_fields": false,
      "executed_sha256": "785b08dff21c97ec2ae224c1c67dabeebe42109a4146445d2142db3439a3fb5b",
      "generator_script_sha256": "d12213d8b61d49bc550adb6079d5274058ab64fa194950ec1f911ee74a57e12f",
      "noise_spawn_key": [
        1
      ],
      "pair_count": 512,
      "root_seed": 27002,
      "schema": "paired_uniform_clip_channel_v1",
      "selection": "uniform_without_replacement",
      "selection_spawn_key": [
        0
      ],
      "source_command_count": 1000000,
      "source_dataset_path": "/root/hubl_backup_data/action_noise_dev/hopper_v4_beta1_seed2201.hdf5",
      "source_dataset_sha256": "19bff1e68edef8fdd3ef8b4911a74d0c898e7b81970ca73975b6a0c9f04b9ee1",
      "source_hdf5_schema": "flat"
    },
    "pair_archive_path": "/root/hubl_research_20260914/results/channel_calibration/hopper_beta125_n512_seed27002.npz",
    "pair_archive_sha256": "46ef6df6d2b9f197e7b7e4147ad653e247fc986a618845f290bf761c6117bfa4",
    "pair_count": 512,
    "source": "censored_uniform_plus_clip_pair_calibration",
    "uncertainty_beta_interval": [
      1.2428684413433075,
      1.249893632531166
    ]
  },
  "channel": {
    "beta_mismatch": true,
    "environment_rollout_beta": 1.25,
    "gradient_model": "iid_uniform_additive_then_clip",
    "model_or_calibration_beta": 1.249945044517517
  },
  "controller": {
    "K": 8,
    "actor_parameter_updates": 0,
    "baseline_transform": "inverse",
    "calibration_mode": "censored_uniform_plus_clip_pair_calibration",
    "critic": "frozen_q1",
    "critic_parameter_updates": 0,
    "delta_max": 0.25,
    "execution_noise_samples": 8,
    "gradient_noise_seed": 61300,
    "gradient_objective": "mean_k_q1_of_clipped_command_plus_fresh_antithetic_uniform_noise_per_gradient_step",
    "gradient_steps": 2,
    "gradient_steps_per_action": 2,
    "model_beta": 1.249945044517517,
    "q_reducer": "mean_q1",
    "step_size": 0.1
  },
  "cost": {
    "adapted_backward_calls": 22160,
    "adapted_q1_rows_per_environment_step": 16,
    "adapted_q1_rows_total": 177280,
    "base_actor_rows": 11080,
    "baseline_base_actor_rows": 12095,
    "baseline_environment_steps": 12095,
    "baseline_q1_rows_total": 0,
    "baseline_wall_time_seconds": 34.89914580399636,
    "cost_scope": "adapted_arm_deployment_controller_only",
    "environment_steps": 11080,
    "paired_evaluation_environment_steps": 23175,
    "paired_evaluation_wall_time_seconds": 139.6593018900021,
    "q1_backward_calls": 22160,
    "q1_backward_rows": 177280,
    "q1_forward_rows": 177280,
    "wall_time_seconds": 103.75616254401393
  },
  "environment": "Hopper-v4",
  "evaluation_protocol": {
    "action_noise_seed_start": 51300,
    "actuator_noise_rng_namespace": "numpy_generator_per_episode",
    "environment": "Hopper-v4",
    "environment_rng_namespace": "gymnasium_env_reset",
    "environment_seed_start": 41300,
    "episode_count_per_arm": 50,
    "episode_local_gradient_streams_prevent_cross_episode_call_order_coupling": true,
    "gradient_noise_antithetic": true,
    "gradient_noise_rng_namespace": "torch_generator_per_episode_fresh_antithetic_per_gradient_step",
    "gradient_noise_sampling_frequency": "per_gradient_step",
    "gradient_noise_seed_start": 61300,
    "paired_environment_and_action_noise_seeds": true,
    "selection_rule": "all requested episodes retained"
  },
  "implementation": {
    "evaluate_sha256": "cf659f47fddd8f848c84f5f114be1fcb9081a55470fe59e8c073d4f84af0bff1",
    "evaluation_controls_sha256": "24318269a6696fd22c8112b2d96913bdceb830d83de9df31ca234e1505f1aec9",
    "inverse_residual_core_sha256": "5700efa8bbefac91c991a76878c3b78c5b3e84aea83568987f7a7e8919e50041",
    "td3bc_core_sha256": "e27cec131b533dd542e77ba9de2de492db4890c6fb9723796f59a02002d1f052",
    "train_inverse_residual_adapter_sha256": "fb065682c78e6c058d1165fa68f680fb682d235ec8c9c3abe70b8098177ee0e4",
    "train_td3bc_sha256": "28094abb38441633f3e52386a9d3ac0747b9df8a4f2bd03403bf46d1d5234737"
  },
  "method_id": "channel_aware_opex_inverse_anchor",
  "method_scope": "stronger channel-aware extension of OPEX; not an unchanged reproduction of the original paper",
  "normalization": {
    "reference_max_score": 3234.3,
    "reference_min_score": -20.272305
  },
  "opex_reference": {
    "original_single_step_rule": "a <- a + step_size * grad_a Q(s, a)",
    "paper": "Is Value Learning Really the Main Bottleneck in Offline RL?",
    "url": "https://proceedings.neurips.cc/paper_files/paper/2024/hash/8ffb4e3118280a66b192b6f06e0e2596-Abstract-Conference.html",
    "venue": "NeurIPS 2024"
  },
  "paired": {
    "adapted_minus_baseline_returns": [
      6.769097745412296,
      -115.89004702947489,
      -10.89302770786935,
      -6.196291262416139,
      -8.614901043944428,
      26.801511305267354,
      -22.088662792602918,
      18.35725555670615,
      193.0443458616819,
      178.49692076184056,
      -1.8925541371258987,
      -159.9469575542132,
      -150.93280379091823,
      37.853912255419914,
      -51.608278399533106,
      90.5780595563441,
      -11.670274164216039,
      -376.12629254218336,
      110.20413561742669,
      -201.08416329322336,
      160.48180502431023,
      81.39018324714266,
      396.82868488766564,
      -103.98038807116052,
      146.8585732998513,
      -182.4854071693237,
      -10.792233229439717,
      67.1572231943519,
      -176.2286117833728,
      -294.62837943208433,
      84.12164286912207,
      177.09112625315777,
      -64.09747705150676,
      25.830773077786034,
      -122.02286908036046,
      15.59381196141021,
      23.897306312323963,
      -58.88135915542233,
      3.5278304211050227,
      90.03162385530845,
      -457.3751007879361,
      -162.06146381525355,
      -116.24965683462847,
      9.402256786375688,
      -25.23983828835742,
      -8.151074713735056,
      32.762638586161984,
      -43.72024071516569,
      -189.76239539453957,
      -2.73226625823645
    ],
    "episode_count": 50,
    "positive_episode_count": 22,
    "return_difference_mean": -23.16544594124144,
    "return_difference_std": 144.8922708960321
  },
  "raw_schema": "channel_opex_v1",
  "status": "complete",
  "wall_time_seconds": 139.6593018900021
}
