{
  "action_pipeline": "agent_command -> multiply_by_command_scale -> clip_to_environment_bounds -> command_transform -> clip_to_environment_bounds -> add_seeded_actuator_noise_if_noisy -> clip_to_environment_bounds -> env.step",
  "checkpoint": "/root/hubl_research_20260914/results/crosstask_hopper/hopper_seed2/base/latest.pt",
  "checkpoint_sha256": "48683de2076b995937858de84ba2a99f1725fd4956f2118d9b5e8745422fe64f",
  "checkpoint_step": 25000,
  "clean": {
    "command_saturation_definition": "fraction_of_scaled_command_values_strictly_outside_environment_bounds_before_clip",
    "command_saturation_fraction": 0.0,
    "command_scale": 1.0,
    "command_transform": "uniform_mean_inverse",
    "command_transform_beta": 1.25,
    "command_transform_saturation_definition": "fraction_of_desired_mean_action_values_outside_the_uniform_clipped_channel_mean_range_achievable_by_bounded_commands",
    "command_transform_saturation_fraction": 0.164456450556647,
    "episode_seeds": [
      41300,
      41301,
      41302,
      41303,
      41304,
      41305,
      41306,
      41307,
      41308,
      41309,
      41310,
      41311,
      41312,
      41313,
      41314,
      41315,
      41316,
      41317,
      41318,
      41319,
      41320,
      41321,
      41322,
      41323,
      41324,
      41325,
      41326,
      41327,
      41328,
      41329,
      41330,
      41331,
      41332,
      41333,
      41334,
      41335,
      41336,
      41337,
      41338,
      41339,
      41340,
      41341,
      41342,
      41343,
      41344,
      41345,
      41346,
      41347,
      41348,
      41349
    ],
    "lengths": [
      407,
      406,
      406,
      408,
      405,
      403,
      403,
      409,
      405,
      402,
      409,
      400,
      401,
      402,
      417,
      404,
      403,
      406,
      414,
      408,
      407,
      406,
      412,
      408,
      408,
      415,
      403,
      409,
      412,
      408,
      414,
      406,
      409,
      408,
      409,
      405,
      415,
      402,
      400,
      404,
      411,
      408,
      400,
      407,
      405,
      412,
      409,
      410,
      414,
      406
    ],
    "normalized_score_mean": 38.34981255907315,
    "normalized_score_std": 0.6241718997581611,
    "return_mean": 1227.8500735670066,
    "return_std": 20.31412578512148,
    "returns": [
      1207.853593542409,
      1244.6916764326102,
      1234.5307576128585,
      1241.2566598220415,
      1211.5121051245912,
      1188.1646190315969,
      1218.8678609342992,
      1245.4061531355298,
      1234.2188510055594,
      1218.2562595993006,
      1242.5792972455074,
      1185.8485025209097,
      1210.2943087599656,
      1213.6547432395073,
      1273.8342907968502,
      1217.6778533991094,
      1203.8750375812267,
      1206.2734088640302,
      1274.788449047648,
      1230.4903718213448,
      1209.0283868466113,
      1202.9022183583138,
      1251.1581909350691,
      1249.830495132323,
      1229.2920785716747,
      1228.2966916470416,
      1214.435142114771,
      1242.050483147189,
      1229.284041167245,
      1202.730409856007,
      1245.179180535933,
      1242.7086709309763,
      1227.3383402057493,
      1248.5762477277942,
      1233.3093900478723,
      1217.893592515186,
      1252.847184920905,
      1201.0825870811939,
      1201.5951832375563,
      1233.0384778577359,
      1244.7265134724626,
      1239.131039783343,
      1185.7623650622043,
      1233.9521902068307,
      1234.5435715642936,
      1247.9185271171602,
      1235.1064203359538,
      1229.887558318965,
      1250.3977206488503,
      1224.4259794862298
    ],
    "transformed_command_at_bound_fraction": 0.164456450556647
  },
  "command_scale": 1.0,
  "command_transform": "uniform_mean_inverse",
  "command_transform_beta": 1.25,
  "environment": "Hopper-v4",
  "implementation": {
    "evaluate_td3bc_sha256": "770a690f06ee30ba84213fc35948e9f6f8a242a9976288d32d6a3845d3a4df26",
    "evaluation_controls_sha256": "24318269a6696fd22c8112b2d96913bdceb830d83de9df31ca234e1505f1aec9",
    "train_td3bc_sha256": "28094abb38441633f3e52386a9d3ac0747b9df8a4f2bd03403bf46d1d5234737"
  },
  "implementation_sha256": "770a690f06ee30ba84213fc35948e9f6f8a242a9976288d32d6a3845d3a4df26",
  "persistent_action_noise": {
    "action_clip_fraction": 0.36510954940057877,
    "action_noise_beta": 1.25,
    "action_noise_distribution": "iid_uniform_minus_beta_plus_beta_per_step",
    "action_noise_seeds": [
      51300,
      51301,
      51302,
      51303,
      51304,
      51305,
      51306,
      51307,
      51308,
      51309,
      51310,
      51311,
      51312,
      51313,
      51314,
      51315,
      51316,
      51317,
      51318,
      51319,
      51320,
      51321,
      51322,
      51323,
      51324,
      51325,
      51326,
      51327,
      51328,
      51329,
      51330,
      51331,
      51332,
      51333,
      51334,
      51335,
      51336,
      51337,
      51338,
      51339,
      51340,
      51341,
      51342,
      51343,
      51344,
      51345,
      51346,
      51347,
      51348,
      51349
    ],
    "command_saturation_definition": "fraction_of_scaled_command_values_strictly_outside_environment_bounds_before_clip",
    "command_saturation_fraction": 0.0,
    "command_scale": 1.0,
    "command_transform": "uniform_mean_inverse",
    "command_transform_beta": 1.25,
    "command_transform_saturation_definition": "fraction_of_desired_mean_action_values_outside_the_uniform_clipped_channel_mean_range_achievable_by_bounded_commands",
    "command_transform_saturation_fraction": 0.2774975885352074,
    "environment_seeds": [
      41300,
      41301,
      41302,
      41303,
      41304,
      41305,
      41306,
      41307,
      41308,
      41309,
      41310,
      41311,
      41312,
      41313,
      41314,
      41315,
      41316,
      41317,
      41318,
      41319,
      41320,
      41321,
      41322,
      41323,
      41324,
      41325,
      41326,
      41327,
      41328,
      41329,
      41330,
      41331,
      41332,
      41333,
      41334,
      41335,
      41336,
      41337,
      41338,
      41339,
      41340,
      41341,
      41342,
      41343,
      41344,
      41345,
      41346,
      41347,
      41348,
      41349
    ],
    "executed_commanded_action_mse": 0.3322424595810658,
    "lengths": [
      202,
      188,
      246,
      280,
      239,
      297,
      250,
      221,
      192,
      177,
      216,
      259,
      274,
      211,
      224,
      312,
      179,
      163,
      204,
      388,
      210,
      245,
      196,
      258,
      221,
      284,
      269,
      266,
      408,
      367,
      249,
      244,
      234,
      162,
      239,
      226,
      266,
      196,
      233,
      238,
      189,
      361,
      230,
      195,
      295,
      200,
      204,
      232,
      236,
      220
    ],
    "normalized_score_mean": 21.23338532639804,
    "normalized_score_std": 5.037985821156589,
    "return_mean": 670.7835732468844,
    "return_std": 163.9648912651892,
    "returns": [
      554.0975791285393,
      535.258287786211,
      679.4795246177437,
      718.8108238270619,
      712.7797348586721,
      799.1081764795938,
      696.9727702552452,
      613.4156645514959,
      408.81045155210757,
      418.0860477479493,
      610.4680131033393,
      704.7672221630247,
      694.9683726157675,
      555.6233692570584,
      673.2818635573476,
      884.8096702010253,
      481.72516661963533,
      451.23962914606744,
      584.2447390941429,
      1190.4366698679776,
      603.5869100815265,
      621.0732691232411,
      449.1890719279117,
      796.9278540100923,
      687.0188141409069,
      829.67754283756,
      785.6911401108733,
      757.6081524558102,
      1148.6409959730101,
      996.9908804322642,
      737.9237404029797,
      558.6804446672623,
      668.9626922827795,
      440.1446715354225,
      681.8192336994065,
      575.8458888786004,
      709.0416033886638,
      539.5146719376621,
      616.0557920126192,
      674.9889825018197,
      524.5545579967925,
      1017.4856378274288,
      645.098985445244,
      567.5307591113122,
      763.7523864172949,
      593.0741776678778,
      584.8276451069142,
      669.479377890581,
      664.4619694804886,
      661.1470365698725
    ],
    "transformed_command_at_bound_fraction": 0.2774975885352074
  },
  "status": "complete",
  "wall_time_seconds": 88.96959047298878
}
