{
  "arms": {
    "adapted": {
      "action_noise_beta": 1.25,
      "action_noise_seeds": [
        51300,
        51301,
        51302,
        51303,
        51304,
        51305,
        51306,
        51307,
        51308,
        51309,
        51310,
        51311,
        51312,
        51313,
        51314,
        51315,
        51316,
        51317,
        51318,
        51319,
        51320,
        51321,
        51322,
        51323,
        51324,
        51325,
        51326,
        51327,
        51328,
        51329,
        51330,
        51331,
        51332,
        51333,
        51334,
        51335,
        51336,
        51337,
        51338,
        51339,
        51340,
        51341,
        51342,
        51343,
        51344,
        51345,
        51346,
        51347,
        51348,
        51349
      ],
      "actuator_clip_fraction": 0.33457003875010305,
      "applied_residual_abs_max": 1.3238680362701416,
      "applied_residual_abs_mean": 0.18817833934453188,
      "arm": "channel_opex",
      "command_at_bound_fraction": 0.16542996124989695,
      "environment_seeds": [
        41300,
        41301,
        41302,
        41303,
        41304,
        41305,
        41306,
        41307,
        41308,
        41309,
        41310,
        41311,
        41312,
        41313,
        41314,
        41315,
        41316,
        41317,
        41318,
        41319,
        41320,
        41321,
        41322,
        41323,
        41324,
        41325,
        41326,
        41327,
        41328,
        41329,
        41330,
        41331,
        41332,
        41333,
        41334,
        41335,
        41336,
        41337,
        41338,
        41339,
        41340,
        41341,
        41342,
        41343,
        41344,
        41345,
        41346,
        41347,
        41348,
        41349
      ],
      "executed_commanded_action_mse": 0.3498477199862987,
      "gradient_abs_max": 16.511615753173828,
      "gradient_l2_mean": 3.4997862814155076,
      "gradient_noise_draw_calls": 0,
      "gradient_noise_sampling_frequency": "none_beta_zero_or_baseline_arm",
      "gradient_noise_seeds": [
        61300,
        61301,
        61302,
        61303,
        61304,
        61305,
        61306,
        61307,
        61308,
        61309,
        61310,
        61311,
        61312,
        61313,
        61314,
        61315,
        61316,
        61317,
        61318,
        61319,
        61320,
        61321,
        61322,
        61323,
        61324,
        61325,
        61326,
        61327,
        61328,
        61329,
        61330,
        61331,
        61332,
        61333,
        61334,
        61335,
        61336,
        61337,
        61338,
        61339,
        61340,
        61341,
        61342,
        61343,
        61344,
        61345,
        61346,
        61347,
        61348,
        61349
      ],
      "gradient_noise_stream_used": false,
      "inverse_saturation_fraction": 0.0,
      "lengths": [
        39,
        165,
        251,
        195,
        161,
        232,
        215,
        237,
        230,
        43,
        189,
        56,
        135,
        42,
        35,
        43,
        129,
        42,
        260,
        41,
        40,
        245,
        46,
        184,
        200,
        259,
        254,
        230,
        203,
        94,
        224,
        246,
        40,
        42,
        217,
        218,
        192,
        166,
        132,
        40,
        41,
        287,
        324,
        188,
        267,
        185,
        226,
        158,
        168,
        230
      ],
      "normalized_score_mean": 14.704664278544353,
      "normalized_score_std": 8.650082592006983,
      "proposed_residual_abs_mean": 0.18817833934453188,
      "q1_expected_before_update_mean": 171.0920116914574,
      "q1_gradient_calls": 16172,
      "q1_rows_by_episode": [
        624,
        2640,
        4016,
        3120,
        2576,
        3712,
        3440,
        3792,
        3680,
        688,
        3024,
        896,
        2160,
        672,
        560,
        688,
        2064,
        672,
        4160,
        656,
        640,
        3920,
        736,
        2944,
        3200,
        4144,
        4064,
        3680,
        3248,
        1504,
        3584,
        3936,
        640,
        672,
        3472,
        3488,
        3072,
        2656,
        2112,
        640,
        656,
        4592,
        5184,
        3008,
        4272,
        2960,
        3616,
        2528,
        2688,
        3680
      ],
      "q1_rows_per_action": 16,
      "q1_rows_total": 129376,
      "raw_residual_abs_max": 1.651161551475525,
      "return_mean": 458.3016261527327,
      "return_std": 281.5231923990854,
      "returns": [
        61.772553681641305,
        465.1261535878916,
        737.1014974199023,
        577.6620592946545,
        385.32721773210807,
        758.5408596269092,
        621.1691997477377,
        717.3939617684264,
        671.5361604682324,
        68.57967434655698,
        551.3133740166993,
        99.06464924552898,
        354.0782330380567,
        67.43251019415945,
        54.98539691681689,
        69.79115876051979,
        333.2129300346074,
        67.60915697980464,
        810.3335367116765,
        64.70046122646005,
        63.306434906370505,
        726.9207936087847,
        75.34600582920224,
        560.172017208029,
        613.794519489425,
        789.8802235391299,
        762.7284407668708,
        648.5567629782801,
        600.8755929029,
        206.87511540908864,
        704.6525330682596,
        749.9304918391264,
        64.91551784402556,
        68.45589614584213,
        631.2192530741163,
        596.1516812976096,
        544.1394242516413,
        421.20917004974496,
        364.4548370676488,
        63.42170497047026,
        65.25318585781325,
        890.5554317164903,
        997.6724557930913,
        552.6208404132826,
        782.5905676813275,
        561.0592942194287,
        657.958877108955,
        439.7829068345143,
        468.21820206453407,
        705.6323849022396
      ],
      "trust_region_clipped_fraction": 0.14459147497732708,
      "wall_time_seconds": 49.79583057598211
    },
    "baseline_only": {
      "action_noise_beta": 1.25,
      "action_noise_seeds": [
        51300,
        51301,
        51302,
        51303,
        51304,
        51305,
        51306,
        51307,
        51308,
        51309,
        51310,
        51311,
        51312,
        51313,
        51314,
        51315,
        51316,
        51317,
        51318,
        51319,
        51320,
        51321,
        51322,
        51323,
        51324,
        51325,
        51326,
        51327,
        51328,
        51329,
        51330,
        51331,
        51332,
        51333,
        51334,
        51335,
        51336,
        51337,
        51338,
        51339,
        51340,
        51341,
        51342,
        51343,
        51344,
        51345,
        51346,
        51347,
        51348,
        51349
      ],
      "actuator_clip_fraction": 0.3185714727818525,
      "applied_residual_abs_max": 0.0,
      "applied_residual_abs_mean": 0.0,
      "arm": "identity_anchor_baseline",
      "command_at_bound_fraction": 0.0,
      "environment_seeds": [
        41300,
        41301,
        41302,
        41303,
        41304,
        41305,
        41306,
        41307,
        41308,
        41309,
        41310,
        41311,
        41312,
        41313,
        41314,
        41315,
        41316,
        41317,
        41318,
        41319,
        41320,
        41321,
        41322,
        41323,
        41324,
        41325,
        41326,
        41327,
        41328,
        41329,
        41330,
        41331,
        41332,
        41333,
        41334,
        41335,
        41336,
        41337,
        41338,
        41339,
        41340,
        41341,
        41342,
        41343,
        41344,
        41345,
        41346,
        41347,
        41348,
        41349
      ],
      "executed_commanded_action_mse": 0.35629100825203996,
      "gradient_abs_max": null,
      "gradient_l2_mean": null,
      "gradient_noise_draw_calls": 0,
      "gradient_noise_sampling_frequency": "none_beta_zero_or_baseline_arm",
      "gradient_noise_seeds": [
        61300,
        61301,
        61302,
        61303,
        61304,
        61305,
        61306,
        61307,
        61308,
        61309,
        61310,
        61311,
        61312,
        61313,
        61314,
        61315,
        61316,
        61317,
        61318,
        61319,
        61320,
        61321,
        61322,
        61323,
        61324,
        61325,
        61326,
        61327,
        61328,
        61329,
        61330,
        61331,
        61332,
        61333,
        61334,
        61335,
        61336,
        61337,
        61338,
        61339,
        61340,
        61341,
        61342,
        61343,
        61344,
        61345,
        61346,
        61347,
        61348,
        61349
      ],
      "gradient_noise_stream_used": false,
      "inverse_saturation_fraction": 0.0,
      "lengths": [
        196,
        243,
        202,
        259,
        197,
        239,
        212,
        194,
        237,
        172,
        201,
        56,
        223,
        246,
        188,
        331,
        147,
        47,
        215,
        231,
        195,
        209,
        183,
        326,
        257,
        266,
        243,
        260,
        329,
        95,
        269,
        300,
        268,
        165,
        225,
        295,
        120,
        179,
        250,
        238,
        43,
        214,
        291,
        186,
        290,
        194,
        195,
        233,
        239,
        178
      ],
      "normalized_score_mean": 18.161442614535154,
      "normalized_score_std": 6.184356632960036,
      "proposed_residual_abs_mean": 0.0,
      "q1_expected_before_update_mean": null,
      "q1_gradient_calls": 0,
      "q1_rows_by_episode": [
        0,
        0,
        0,
        0,
        0,
        0,
        0,
        0,
        0,
        0,
        0,
        0,
        0,
        0,
        0,
        0,
        0,
        0,
        0,
        0,
        0,
        0,
        0,
        0,
        0,
        0,
        0,
        0,
        0,
        0,
        0,
        0,
        0,
        0,
        0,
        0,
        0,
        0,
        0,
        0,
        0,
        0,
        0,
        0,
        0,
        0,
        0,
        0,
        0,
        0
      ],
      "q1_rows_per_action": 0,
      "q1_rows_total": 0,
      "raw_residual_abs_max": null,
      "return_mean": 570.8049765211291,
      "return_std": 201.27435821874786,
      "returns": [
        534.6106498607703,
        683.0801582450854,
        489.7052376898543,
        638.4347947519973,
        480.2157460084457,
        648.2197153201702,
        574.0956450597207,
        546.655440207226,
        558.858516523624,
        400.17192362483513,
        570.5776915406346,
        88.56798087843464,
        533.7799715619941,
        680.0933201228488,
        548.1596877363529,
        894.754187441755,
        372.58056655396405,
        78.26695284907429,
        592.752618199802,
        719.7864066235275,
        548.8557655634422,
        498.6663343648084,
        412.18232430296115,
        905.4548756446657,
        808.0527197064682,
        764.851433746842,
        696.9475575885955,
        727.3210316581602,
        825.0727897928629,
        111.25648358101407,
        708.715250424725,
        793.9841126552758,
        751.282635135177,
        436.2554297534578,
        570.4165918101577,
        846.2548843753489,
        146.39732942956545,
        451.4099000794393,
        646.9138783430111,
        658.3425681885295,
        69.61831932803382,
        511.20784337234693,
        779.5763220903949,
        534.1116884450003,
        729.1721368328975,
        575.2297867288661,
        560.7321948756211,
        639.8161780057249,
        680.1987208336002,
        518.5845285993505
      ],
      "trust_region_clipped_fraction": 0.0,
      "wall_time_seconds": 8.216221598966513
    }
  },
  "base_checkpoint": {
    "format": null,
    "path": "/root/hubl_research_20260914/results/crosstask_hopper/hopper_seed2/base/latest.pt",
    "sha256": "48683de2076b995937858de84ba2a99f1725fd4956f2118d9b5e8745422fe64f",
    "step": 25000
  },
  "calibration": {
    "beta": 0.0,
    "calibration_path": null,
    "calibration_sha256": null,
    "pair_count": null,
    "source": "cli_known_beta_without_pair_calibration"
  },
  "channel": {
    "beta_mismatch": true,
    "environment_rollout_beta": 1.25,
    "gradient_model": "iid_uniform_additive_then_clip",
    "model_or_calibration_beta": 0.0
  },
  "controller": {
    "K": 8,
    "actor_parameter_updates": 0,
    "baseline_transform": "identity",
    "calibration_mode": "cli_known_beta_without_pair_calibration",
    "critic": "frozen_q1",
    "critic_parameter_updates": 0,
    "delta_max": 2.0,
    "execution_noise_samples": 8,
    "gradient_noise_seed": 61300,
    "gradient_objective": "q1_of_action_bounded_command_with_deterministic_zero_channel_noise",
    "gradient_steps": 2,
    "gradient_steps_per_action": 2,
    "model_beta": 0.0,
    "q_reducer": "mean_q1",
    "step_size": 0.1
  },
  "cost": {
    "adapted_backward_calls": 16172,
    "adapted_q1_rows_per_environment_step": 16,
    "adapted_q1_rows_total": 129376,
    "base_actor_rows": 8086,
    "baseline_base_actor_rows": 10771,
    "baseline_environment_steps": 10771,
    "baseline_q1_rows_total": 0,
    "baseline_wall_time_seconds": 8.216221598966513,
    "cost_scope": "adapted_arm_deployment_controller_only",
    "environment_steps": 8086,
    "paired_evaluation_environment_steps": 18857,
    "paired_evaluation_wall_time_seconds": 58.98477577697486,
    "q1_backward_calls": 16172,
    "q1_backward_rows": 129376,
    "q1_forward_rows": 129376,
    "wall_time_seconds": 49.79583057598211
  },
  "environment": "Hopper-v4",
  "evaluation_protocol": {
    "action_noise_seed_start": 51300,
    "actuator_noise_rng_namespace": "numpy_generator_per_episode",
    "environment": "Hopper-v4",
    "environment_rng_namespace": "gymnasium_env_reset",
    "environment_seed_start": 41300,
    "episode_count_per_arm": 50,
    "episode_local_gradient_streams_prevent_cross_episode_call_order_coupling": true,
    "gradient_noise_antithetic": false,
    "gradient_noise_rng_namespace": "none_beta_zero_deterministic_objective",
    "gradient_noise_sampling_frequency": "none_beta_zero",
    "gradient_noise_seed_start": 61300,
    "paired_environment_and_action_noise_seeds": true,
    "selection_rule": "all requested episodes retained"
  },
  "implementation": {
    "evaluate_sha256": "cf659f47fddd8f848c84f5f114be1fcb9081a55470fe59e8c073d4f84af0bff1",
    "evaluation_controls_sha256": "24318269a6696fd22c8112b2d96913bdceb830d83de9df31ca234e1505f1aec9",
    "inverse_residual_core_sha256": "5700efa8bbefac91c991a76878c3b78c5b3e84aea83568987f7a7e8919e50041",
    "td3bc_core_sha256": "e27cec131b533dd542e77ba9de2de492db4890c6fb9723796f59a02002d1f052",
    "train_inverse_residual_adapter_sha256": "fb065682c78e6c058d1165fa68f680fb682d235ec8c9c3abe70b8098177ee0e4",
    "train_td3bc_sha256": "28094abb38441633f3e52386a9d3ac0747b9df8a4f2bd03403bf46d1d5234737"
  },
  "method_id": "channel_aware_opex_identity_anchor",
  "method_scope": "stronger channel-aware extension of OPEX; not an unchanged reproduction of the original paper",
  "normalization": {
    "reference_max_score": 3234.3,
    "reference_min_score": -20.272305
  },
  "opex_reference": {
    "original_single_step_rule": "a <- a + step_size * grad_a Q(s, a)",
    "paper": "Is Value Learning Really the Main Bottleneck in Offline RL?",
    "url": "https://proceedings.neurips.cc/paper_files/paper/2024/hash/8ffb4e3118280a66b192b6f06e0e2596-Abstract-Conference.html",
    "venue": "NeurIPS 2024"
  },
  "paired": {
    "adapted_minus_baseline_returns": [
      -472.838096179129,
      -217.95400465719376,
      247.39625973004803,
      -60.77273545734283,
      -94.88852827633764,
      110.32114430673903,
      47.073554688017,
      170.7385215612004,
      112.67764394460846,
      -331.59224927827813,
      -19.264317523935347,
      10.496668367094344,
      -179.70173852393742,
      -612.6608099286893,
      -493.174290819536,
      -824.9630286812352,
      -39.367636519356665,
      -10.657795869269648,
      217.58091851187453,
      -655.0859453970675,
      -485.5493306570717,
      228.25445924397633,
      -336.8363184737589,
      -345.2828584366366,
      -194.25820021704317,
      25.028789792287967,
      65.7808831782753,
      -78.76426867988016,
      -224.1971968899628,
      95.61863182807457,
      -4.062717356465441,
      -44.05362081614942,
      -686.3671172911514,
      -367.7995336076157,
      60.80266126395861,
      -250.1032030777393,
      397.7420948220759,
      -30.20073002969434,
      -282.4590412753623,
      -594.9208632180593,
      -4.36513347022057,
      379.34758834414333,
      218.09613370269642,
      18.509151968282367,
      53.41843084842992,
      -14.170492509437395,
      97.22668223333392,
      -200.03327117121057,
      -211.98051876906612,
      187.04785630288904
    ],
    "episode_count": 50,
    "positive_episode_count": 19,
    "return_difference_mean": -112.50335036839657,
    "return_difference_std": 279.60310488409925
  },
  "raw_schema": "channel_opex_v1",
  "status": "complete",
  "wall_time_seconds": 58.98477577697486
}
