{
  "arms": {
    "adapted": {
      "action_noise_beta": 1.25,
      "action_noise_seeds": [
        51300,
        51301,
        51302,
        51303,
        51304,
        51305,
        51306,
        51307,
        51308,
        51309,
        51310,
        51311,
        51312,
        51313,
        51314,
        51315,
        51316,
        51317,
        51318,
        51319,
        51320,
        51321,
        51322,
        51323,
        51324,
        51325,
        51326,
        51327,
        51328,
        51329,
        51330,
        51331,
        51332,
        51333,
        51334,
        51335,
        51336,
        51337,
        51338,
        51339,
        51340,
        51341,
        51342,
        51343,
        51344,
        51345,
        51346,
        51347,
        51348,
        51349
      ],
      "actuator_clip_fraction": 0.3294169283230359,
      "applied_residual_abs_max": 0.7724648714065552,
      "applied_residual_abs_mean": 0.10617815889941658,
      "arm": "channel_opex",
      "command_at_bound_fraction": 0.12100340997332792,
      "environment_seeds": [
        41300,
        41301,
        41302,
        41303,
        41304,
        41305,
        41306,
        41307,
        41308,
        41309,
        41310,
        41311,
        41312,
        41313,
        41314,
        41315,
        41316,
        41317,
        41318,
        41319,
        41320,
        41321,
        41322,
        41323,
        41324,
        41325,
        41326,
        41327,
        41328,
        41329,
        41330,
        41331,
        41332,
        41333,
        41334,
        41335,
        41336,
        41337,
        41338,
        41339,
        41340,
        41341,
        41342,
        41343,
        41344,
        41345,
        41346,
        41347,
        41348,
        41349
      ],
      "executed_commanded_action_mse": 0.3496750056502316,
      "gradient_abs_max": 15.71493911743164,
      "gradient_l2_mean": 3.53618470341749,
      "gradient_noise_draw_calls": 0,
      "gradient_noise_sampling_frequency": "none_beta_zero_or_baseline_arm",
      "gradient_noise_seeds": [
        61300,
        61301,
        61302,
        61303,
        61304,
        61305,
        61306,
        61307,
        61308,
        61309,
        61310,
        61311,
        61312,
        61313,
        61314,
        61315,
        61316,
        61317,
        61318,
        61319,
        61320,
        61321,
        61322,
        61323,
        61324,
        61325,
        61326,
        61327,
        61328,
        61329,
        61330,
        61331,
        61332,
        61333,
        61334,
        61335,
        61336,
        61337,
        61338,
        61339,
        61340,
        61341,
        61342,
        61343,
        61344,
        61345,
        61346,
        61347,
        61348,
        61349
      ],
      "gradient_noise_stream_used": false,
      "inverse_saturation_fraction": 0.0,
      "lengths": [
        151,
        142,
        248,
        220,
        252,
        272,
        238,
        152,
        205,
        248,
        216,
        56,
        188,
        50,
        196,
        44,
        132,
        43,
        265,
        51,
        217,
        215,
        328,
        208,
        263,
        220,
        266,
        269,
        224,
        222,
        392,
        194,
        200,
        179,
        186,
        209,
        265,
        153,
        228,
        53,
        39,
        242,
        280,
        187,
        255,
        173,
        202,
        239,
        171,
        225
      ],
      "normalized_score_mean": 17.997117657332325,
      "normalized_score_std": 7.528513237563699,
      "proposed_residual_abs_mean": 0.10617815889941658,
      "q1_expected_before_update_mean": 169.26991032490335,
      "q1_gradient_calls": 9873,
      "q1_rows_by_episode": [
        151,
        142,
        248,
        220,
        252,
        272,
        238,
        152,
        205,
        248,
        216,
        56,
        188,
        50,
        196,
        44,
        132,
        43,
        265,
        51,
        217,
        215,
        328,
        208,
        263,
        220,
        266,
        269,
        224,
        222,
        392,
        194,
        200,
        179,
        186,
        209,
        265,
        153,
        228,
        53,
        39,
        242,
        280,
        187,
        255,
        173,
        202,
        239,
        171,
        225
      ],
      "q1_rows_per_action": 1,
      "q1_rows_total": 9873,
      "raw_residual_abs_max": 1.5714939832687378,
      "return_mean": 565.4569019738027,
      "return_std": 245.02090680800703,
      "returns": [
        437.7254867019264,
        374.39292388704536,
        715.4007464856167,
        596.0092939885462,
        719.343723610318,
        795.6434818651751,
        688.5636480604531,
        382.1091477296051,
        586.8286123855646,
        716.6015241820631,
        608.684087977475,
        99.68273241568454,
        546.5627526733213,
        83.81959728471023,
        581.1589802379717,
        71.96488070913809,
        342.0177272625411,
        69.0661492370405,
        792.3756098156446,
        86.6025446503094,
        641.057827865226,
        604.0186271107217,
        973.1291315267003,
        630.9014101356247,
        843.9185774578164,
        646.7222314061065,
        791.3970174587558,
        789.1917394651057,
        624.2786654040032,
        623.1850889821072,
        1204.680334555959,
        573.021686706395,
        599.0150856473628,
        489.4418735253522,
        535.8443644729266,
        585.7302223703259,
        723.847899006704,
        432.282467396285,
        673.0511788911922,
        90.30016181718392,
        61.34379999837234,
        764.5165081750947,
        839.1013622750045,
        540.9053180523005,
        734.8236547062272,
        522.0354108962564,
        576.9850708278799,
        695.3883564596028,
        482.94117111155214,
        685.2352038258427
      ],
      "trust_region_clipped_fraction": 0.12100340997332792,
      "wall_time_seconds": 37.88947505899705
    },
    "baseline_only": {
      "action_noise_beta": 1.25,
      "action_noise_seeds": [
        51300,
        51301,
        51302,
        51303,
        51304,
        51305,
        51306,
        51307,
        51308,
        51309,
        51310,
        51311,
        51312,
        51313,
        51314,
        51315,
        51316,
        51317,
        51318,
        51319,
        51320,
        51321,
        51322,
        51323,
        51324,
        51325,
        51326,
        51327,
        51328,
        51329,
        51330,
        51331,
        51332,
        51333,
        51334,
        51335,
        51336,
        51337,
        51338,
        51339,
        51340,
        51341,
        51342,
        51343,
        51344,
        51345,
        51346,
        51347,
        51348,
        51349
      ],
      "actuator_clip_fraction": 0.3185714727818525,
      "applied_residual_abs_max": 0.0,
      "applied_residual_abs_mean": 0.0,
      "arm": "identity_anchor_baseline",
      "command_at_bound_fraction": 0.0,
      "environment_seeds": [
        41300,
        41301,
        41302,
        41303,
        41304,
        41305,
        41306,
        41307,
        41308,
        41309,
        41310,
        41311,
        41312,
        41313,
        41314,
        41315,
        41316,
        41317,
        41318,
        41319,
        41320,
        41321,
        41322,
        41323,
        41324,
        41325,
        41326,
        41327,
        41328,
        41329,
        41330,
        41331,
        41332,
        41333,
        41334,
        41335,
        41336,
        41337,
        41338,
        41339,
        41340,
        41341,
        41342,
        41343,
        41344,
        41345,
        41346,
        41347,
        41348,
        41349
      ],
      "executed_commanded_action_mse": 0.35629100825203996,
      "gradient_abs_max": null,
      "gradient_l2_mean": null,
      "gradient_noise_draw_calls": 0,
      "gradient_noise_sampling_frequency": "none_beta_zero_or_baseline_arm",
      "gradient_noise_seeds": [
        61300,
        61301,
        61302,
        61303,
        61304,
        61305,
        61306,
        61307,
        61308,
        61309,
        61310,
        61311,
        61312,
        61313,
        61314,
        61315,
        61316,
        61317,
        61318,
        61319,
        61320,
        61321,
        61322,
        61323,
        61324,
        61325,
        61326,
        61327,
        61328,
        61329,
        61330,
        61331,
        61332,
        61333,
        61334,
        61335,
        61336,
        61337,
        61338,
        61339,
        61340,
        61341,
        61342,
        61343,
        61344,
        61345,
        61346,
        61347,
        61348,
        61349
      ],
      "gradient_noise_stream_used": false,
      "inverse_saturation_fraction": 0.0,
      "lengths": [
        196,
        243,
        202,
        259,
        197,
        239,
        212,
        194,
        237,
        172,
        201,
        56,
        223,
        246,
        188,
        331,
        147,
        47,
        215,
        231,
        195,
        209,
        183,
        326,
        257,
        266,
        243,
        260,
        329,
        95,
        269,
        300,
        268,
        165,
        225,
        295,
        120,
        179,
        250,
        238,
        43,
        214,
        291,
        186,
        290,
        194,
        195,
        233,
        239,
        178
      ],
      "normalized_score_mean": 18.161442614535154,
      "normalized_score_std": 6.184356632960036,
      "proposed_residual_abs_mean": 0.0,
      "q1_expected_before_update_mean": null,
      "q1_gradient_calls": 0,
      "q1_rows_by_episode": [
        0,
        0,
        0,
        0,
        0,
        0,
        0,
        0,
        0,
        0,
        0,
        0,
        0,
        0,
        0,
        0,
        0,
        0,
        0,
        0,
        0,
        0,
        0,
        0,
        0,
        0,
        0,
        0,
        0,
        0,
        0,
        0,
        0,
        0,
        0,
        0,
        0,
        0,
        0,
        0,
        0,
        0,
        0,
        0,
        0,
        0,
        0,
        0,
        0,
        0
      ],
      "q1_rows_per_action": 0,
      "q1_rows_total": 0,
      "raw_residual_abs_max": null,
      "return_mean": 570.8049765211291,
      "return_std": 201.27435821874786,
      "returns": [
        534.6106498607703,
        683.0801582450854,
        489.7052376898543,
        638.4347947519973,
        480.2157460084457,
        648.2197153201702,
        574.0956450597207,
        546.655440207226,
        558.858516523624,
        400.17192362483513,
        570.5776915406346,
        88.56798087843464,
        533.7799715619941,
        680.0933201228488,
        548.1596877363529,
        894.754187441755,
        372.58056655396405,
        78.26695284907429,
        592.752618199802,
        719.7864066235275,
        548.8557655634422,
        498.6663343648084,
        412.18232430296115,
        905.4548756446657,
        808.0527197064682,
        764.851433746842,
        696.9475575885955,
        727.3210316581602,
        825.0727897928629,
        111.25648358101407,
        708.715250424725,
        793.9841126552758,
        751.282635135177,
        436.2554297534578,
        570.4165918101577,
        846.2548843753489,
        146.39732942956545,
        451.4099000794393,
        646.9138783430111,
        658.3425681885295,
        69.61831932803382,
        511.20784337234693,
        779.5763220903949,
        534.1116884450003,
        729.1721368328975,
        575.2297867288661,
        560.7321948756211,
        639.8161780057249,
        680.1987208336002,
        518.5845285993505
      ],
      "trust_region_clipped_fraction": 0.0,
      "wall_time_seconds": 9.279883257986512
    }
  },
  "base_checkpoint": {
    "format": null,
    "path": "/root/hubl_research_20260914/results/crosstask_hopper/hopper_seed2/base/latest.pt",
    "sha256": "48683de2076b995937858de84ba2a99f1725fd4956f2118d9b5e8745422fe64f",
    "step": 25000
  },
  "calibration": {
    "beta": 0.0,
    "calibration_path": null,
    "calibration_sha256": null,
    "pair_count": null,
    "source": "cli_known_beta_without_pair_calibration"
  },
  "channel": {
    "beta_mismatch": true,
    "environment_rollout_beta": 1.25,
    "gradient_model": "iid_uniform_additive_then_clip",
    "model_or_calibration_beta": 0.0
  },
  "controller": {
    "K": 1,
    "actor_parameter_updates": 0,
    "baseline_transform": "identity",
    "calibration_mode": "cli_known_beta_without_pair_calibration",
    "critic": "frozen_q1",
    "critic_parameter_updates": 0,
    "delta_max": 2.0,
    "execution_noise_samples": 1,
    "gradient_noise_seed": 61300,
    "gradient_objective": "q1_of_action_bounded_command_with_deterministic_zero_channel_noise",
    "gradient_steps": 1,
    "gradient_steps_per_action": 1,
    "model_beta": 0.0,
    "q_reducer": "mean_q1",
    "step_size": 0.1
  },
  "cost": {
    "adapted_backward_calls": 9873,
    "adapted_q1_rows_per_environment_step": 1,
    "adapted_q1_rows_total": 9873,
    "base_actor_rows": 9873,
    "baseline_base_actor_rows": 10771,
    "baseline_environment_steps": 10771,
    "baseline_q1_rows_total": 0,
    "baseline_wall_time_seconds": 9.279883257986512,
    "cost_scope": "adapted_arm_deployment_controller_only",
    "environment_steps": 9873,
    "paired_evaluation_environment_steps": 20644,
    "paired_evaluation_wall_time_seconds": 48.124755374970846,
    "q1_backward_calls": 9873,
    "q1_backward_rows": 9873,
    "q1_forward_rows": 9873,
    "wall_time_seconds": 37.88947505899705
  },
  "environment": "Hopper-v4",
  "evaluation_protocol": {
    "action_noise_seed_start": 51300,
    "actuator_noise_rng_namespace": "numpy_generator_per_episode",
    "environment": "Hopper-v4",
    "environment_rng_namespace": "gymnasium_env_reset",
    "environment_seed_start": 41300,
    "episode_count_per_arm": 50,
    "episode_local_gradient_streams_prevent_cross_episode_call_order_coupling": true,
    "gradient_noise_antithetic": false,
    "gradient_noise_rng_namespace": "none_beta_zero_deterministic_objective",
    "gradient_noise_sampling_frequency": "none_beta_zero",
    "gradient_noise_seed_start": 61300,
    "paired_environment_and_action_noise_seeds": true,
    "selection_rule": "all requested episodes retained"
  },
  "implementation": {
    "evaluate_sha256": "cf659f47fddd8f848c84f5f114be1fcb9081a55470fe59e8c073d4f84af0bff1",
    "evaluation_controls_sha256": "24318269a6696fd22c8112b2d96913bdceb830d83de9df31ca234e1505f1aec9",
    "inverse_residual_core_sha256": "5700efa8bbefac91c991a76878c3b78c5b3e84aea83568987f7a7e8919e50041",
    "td3bc_core_sha256": "e27cec131b533dd542e77ba9de2de492db4890c6fb9723796f59a02002d1f052",
    "train_inverse_residual_adapter_sha256": "fb065682c78e6c058d1165fa68f680fb682d235ec8c9c3abe70b8098177ee0e4",
    "train_td3bc_sha256": "28094abb38441633f3e52386a9d3ac0747b9df8a4f2bd03403bf46d1d5234737"
  },
  "method_id": "original_structure_opex_t1",
  "method_scope": "original single-step OPEX structure with deterministic TD3+BC actor/Q1 and action-bound projection",
  "normalization": {
    "reference_max_score": 3234.3,
    "reference_min_score": -20.272305
  },
  "opex_reference": {
    "original_single_step_rule": "a <- a + step_size * grad_a Q(s, a)",
    "paper": "Is Value Learning Really the Main Bottleneck in Offline RL?",
    "url": "https://proceedings.neurips.cc/paper_files/paper/2024/hash/8ffb4e3118280a66b192b6f06e0e2596-Abstract-Conference.html",
    "venue": "NeurIPS 2024"
  },
  "paired": {
    "adapted_minus_baseline_returns": [
      -96.88516315884391,
      -308.68723435804003,
      225.69550879576235,
      -42.425500763451055,
      239.12797760187226,
      147.42376654500492,
      114.46800300073244,
      -164.54629247762085,
      27.97009586194065,
      316.429600557228,
      38.10639643684033,
      11.114751537249902,
      12.782781111327154,
      -596.2737228381386,
      32.99929250161881,
      -822.7893067326169,
      -30.56283929142296,
      -9.20080361203378,
      199.62299161584258,
      -633.1838619732181,
      92.20206230178383,
      105.3522927459133,
      560.9468072237391,
      -274.55346550904096,
      35.86585775134813,
      -118.12920234073545,
      94.44945987016035,
      61.87070780694546,
      -200.7941243888597,
      511.92860540109314,
      495.965084131234,
      -220.96242594888076,
      -152.26754948781422,
      53.1864437718944,
      -34.572227337231084,
      -260.52466200502295,
      577.4505695771386,
      -19.127432683154268,
      26.137300548181088,
      -568.0424063713456,
      -8.27451932966148,
      253.30866480274778,
      59.525040184609566,
      6.793629607300204,
      5.651517873329681,
      -53.194375832609694,
      16.25287595225882,
      55.572178453877996,
      -197.25754972204805,
      166.65067522649224
    ],
    "episode_count": 50,
    "positive_episode_count": 29,
    "return_difference_mean": -5.348074547326462,
    "return_difference_std": 274.9883067786225
  },
  "raw_schema": "channel_opex_v1",
  "status": "complete",
  "wall_time_seconds": 48.124755374970846
}
