{
  "action_dim": 6,
  "action_high": 1.0,
  "action_low": -1.0,
  "calibration_script_sha256": "4dcf35d8425cc78ef4f5da39a69b527c060831a8238028c3e9d54858905d01f8",
  "commands_sha256": "ae0165b161141d69c3362dd0bd37195eca78f25c724bad257a71e0ed55fea387",
  "estimate": {
    "beta_mle": 1.3988778591156006,
    "boundary_tolerance": 1e-07,
    "censored_fraction": 0.3938802083333333,
    "censored_scalar_count": 1210,
    "clipping_treatment": "exact boundary observations are censored atoms",
    "interior_scalar_count": 1862,
    "left_censored_scalar_count": 406,
    "likelihood_reference_measure": "Lebesgue density on the open action interval plus point masses at both clipping bounds",
    "log_likelihood_at_mle": -3082.172653702677,
    "optimum_type": "uncensored_support_endpoint",
    "right_censored_scalar_count": 804,
    "scalar_observation_count": 3072
  },
  "estimator": "censored_uniform_plus_clip_mle",
  "estimator_uses_provenance_beta": false,
  "executed_sha256": "a23a0a9164908f87a8d6f24601638f8ea3b995163a2266a1d4b71b4511d2ba1f",
  "input_provenance": {
    "action_dim": 6,
    "action_high": 1.0,
    "action_low": -1.0,
    "beta": 1.4,
    "bit_generator": "PCG64",
    "channel": "iid_uniform_additive_then_clip",
    "commands_sha256": "ae0165b161141d69c3362dd0bd37195eca78f25c724bad257a71e0ed55fea387",
    "contains_state_or_transition_fields": false,
    "executed_sha256": "a23a0a9164908f87a8d6f24601638f8ea3b995163a2266a1d4b71b4511d2ba1f",
    "generator_script_sha256": "d12213d8b61d49bc550adb6079d5274058ab64fa194950ec1f911ee74a57e12f",
    "noise_spawn_key": [
      1
    ],
    "pair_count": 512,
    "root_seed": 27014,
    "schema": "paired_uniform_clip_channel_v1",
    "selection": "uniform_without_replacement",
    "selection_spawn_key": [
      0
    ],
    "source_command_count": 1000000,
    "source_dataset_path": "/root/hubl_backup_data/action_noise_dev/walker2d_v4_beta1_seed1201.hdf5",
    "source_dataset_sha256": "159a49faaa7786a8444369a1aef758b1a43f26eaaa56146358ace6f9c5b3882a",
    "source_hdf5_schema": "flat"
  },
  "pair_archive_path": "/root/hubl_research_20260914/results/betagrid/calibration/beta1.4_n512_seed27014.npz",
  "pair_archive_sha256": "2f6d5730cb10ea7027babd5ff36c380728d092e9153538ad15d7fdfdb4c13b37",
  "pair_count": 512,
  "status": "complete",
  "uncertainty": {
    "beta_estimates": [
      1.3970935344696045,
      1.3967981338500977,
      1.396358609199524,
      1.3982521295547485,
      1.3982782363891602,
      1.3984715938568115,
      1.3975801467895508,
      1.3988295793533325,
      1.3967716693878174,
      1.3979642391204834,
      1.3974261283874512,
      1.3966660499572754,
      1.3971173763275146,
      1.3971730470657349,
      1.398113489151001,
      1.3985973596572876,
      1.3970372676849365,
      1.3968573808670044,
      1.397682547569275,
      1.3940249681472778,
      1.3967267274856567,
      1.3981316089630127,
      1.3985739946365356,
      1.3976542949676514,
      1.3968629837036133,
      1.3984998762607574,
      1.3980849981307983,
      1.3976541757583618,
      1.3974398374557495,
      1.3988221883773804,
      1.3979065418243408,
      1.398738980293274,
      1.3984054327011108,
      1.3988463878631592,
      1.3980202674865723,
      1.397149920463562,
      1.3978841304779053,
      1.3956561088562012,
      1.3987690210342407,
      1.3987327814102173,
      1.3981393575668335,
      1.3988494873046875,
      1.3978568315505981,
      1.398366093635559,
      1.3970458507537842,
      1.398769736289978,
      1.3984076976776123,
      1.3978474140167236,
      1.3964848518371582,
      1.3982114791870117,
      1.3984647989273071,
      1.3980711698532104,
      1.3987843990325928,
      1.3983620405197144,
      1.3983737230300903,
      1.3977322578430176,
      1.3987815380096436,
      1.3973742723464966,
      1.3987523317337036,
      1.3984812498092651,
      1.3986159563064575,
      1.3948527574539185,
      1.3985067903995514,
      1.398245096206665,
      1.3981503248214722,
      1.397423267364502,
      1.3948876857757568,
      1.3969441652297974,
      1.3980751037597656,
      1.3986765146255493,
      1.3988535404205322,
      1.3967136144638062,
      1.3988310098648071,
      1.3969199657440186,
      1.3985234498977661,
      1.3987048864364624,
      1.3981540203094482,
      1.3987555503845215,
      1.3964858055114746,
      1.3976008892059326,
      1.3981064558029175,
      1.3979828357696533,
      1.398224115371704,
      1.3981173038482666,
      1.3980824947357178,
      1.3987936973571777,
      1.3979984521865845,
      1.3967299461364746,
      1.3982765674591064,
      1.396710604429245,
      1.398449182510376,
      1.3978859186172485,
      1.3978734016418457,
      1.3984558582305908,
      1.3972103595733643,
      1.3986077308654785,
      1.3983947038650513,
      1.3979804515838623,
      1.3977875709533691,
      1.398823618888855,
      1.3980903625488281,
      1.3973393440246582,
      1.3984715938568115,
      1.3965176343917847,
      1.3984853029251099,
      1.3978779315948486,
      1.3988546133041382,
      1.398337960243225,
      1.3979625701904297,
      1.3984096050262451,
      1.3972340822219849,
      1.3981127738952637,
      1.3986577987670898,
      1.3983652889728546,
      1.3983421325683594,
      1.3960204124450684,
      1.3952709436416626,
      1.3987034559249878,
      1.398598074913025,
      1.3986202478408813,
      1.3963818550109863,
      1.3981918096542358,
      1.3988189697265625,
      1.3981190919876099,
      1.3987115621566772,
      1.3988219499588013,
      1.3981424570083618,
      1.3986396789550781,
      1.3979552090168,
      1.398622989654541,
      1.3966559171676636,
      1.3969978094100952,
      1.3976709842681885,
      1.3983922898769379,
      1.3975186347961426,
      1.3971831798553467,
      1.3985087871551514,
      1.3977168798446655,
      1.398616909980774,
      1.398436188697815,
      1.3960578739643097,
      1.39308762550354,
      1.3979926109313965,
      1.3984801769256592,
      1.397164225578308,
      1.3971327543258667,
      1.3982908725738525,
      1.3980566263198853,
      1.3974767923355103,
      1.3981705904006958,
      1.3985789716243744,
      1.3983305394649506,
      1.3958948850631714,
      1.396645188331604,
      1.398555040359497,
      1.3966542482376099,
      1.398762822151184,
      1.3979861736297607,
      1.3981038331985474,
      1.3988051414489746,
      1.3986492156982422,
      1.3979098796844482,
      1.398017406463623,
      1.3981159925460815,
      1.3987743854522705,
      1.3988492488861084,
      1.398771047592163,
      1.3965848684310913,
      1.3970425128936768,
      1.3987293243408203,
      1.398687720298767,
      1.3981095552444458,
      1.3980822563171387,
      1.3967458009719849,
      1.3979480266571045,
      1.3970911502838135,
      1.3983385562896729,
      1.3977842330932617,
      1.3983237445354462,
      1.3981077671051025,
      1.3988080024719238,
      1.3973257541656494,
      1.3983848094940186,
      1.3973971605300903,
      1.398858904838562,
      1.3988735973834991,
      1.3978538513183594,
      1.3975850343704224,
      1.3975354433059692,
      1.3982003927230835,
      1.398462176322937,
      1.3979671001434326,
      1.398794412612915,
      1.3986703157424927,
      1.3978631496429443,
      1.3960214853286743,
      1.3978644609451294,
      1.3961768448352814,
      1.3950345516204834,
      1.3982979357242584,
      1.3963254690170288,
      1.3982021808624268,
      1.3986831903457642,
      1.3938899040222168,
      1.3947027921676636,
      1.3987728357315063,
      1.397376298904419,
      1.397464394569397,
      1.3988349437713623,
      1.3965686559677124,
      1.3988409042358398,
      1.3972879648208618,
      1.3964881896972656,
      1.3965568542480469,
      1.3977009057998657,
      1.3987116813659668,
      1.3970835208892822,
      1.394819974899292,
      1.3977344036102295,
      1.3966264724731445,
      1.398697853088379,
      1.3988564014434814,
      1.3984112739562988,
      1.3971614837646484,
      1.397281289100647,
      1.3961511850357056,
      1.3972125053405762,
      1.398808479309082,
      1.3988187313079834,
      1.3987200260162354,
      1.3975121974945068,
      1.3974307775497437,
      1.3983169794082642,
      1.3982582092285156,
      1.3985882997512817,
      1.398721694946289,
      1.398414134979248,
      1.3984495401382446,
      1.394811749458313,
      1.397220253944397,
      1.3984379768371582,
      1.3978959321975708,
      1.3965684175491333,
      1.398574709892273,
      1.3987876176834106,
      1.3983968496322632,
      1.3982311487197876,
      1.3972327709197998,
      1.3964550495147705,
      1.3984302282333374,
      1.39810049533844,
      1.3960751295089722,
      1.3988420963287354,
      1.3976045846939087,
      1.3982586860656738,
      1.3988007307052612,
      1.3985178470611572,
      1.39699387550354,
      1.3973618745803833,
      1.3986728191375732,
      1.3984521627426147,
      1.398603230714798,
      1.39835786819458,
      1.3974957466125488,
      1.396933913230896,
      1.3961466550827026,
      1.3975906372070312,
      1.3986639976501465,
      1.3979345560073853,
      1.3988242149353027,
      1.3974441289901733,
      1.398743987083435,
      1.3982248306274414,
      1.3978055715560913,
      1.397517204284668,
      1.3959259986877441,
      1.3976199626922607,
      1.3983495235443115,
      1.3981499671936035,
      1.3982367515563965,
      1.3969227075576782,
      1.3979133367538452,
      1.3988697528839111,
      1.3986098766326904,
      1.3968994617462158,
      1.3975893259048462,
      1.398058146238327,
      1.3975987434387207,
      1.3985100984573364,
      1.3988171815872192,
      1.3979523181915283,
      1.3974413871765137,
      1.3975478410720825,
      1.398068904876709,
      1.3974002599716187,
      1.3976839780807495,
      1.3988065719604492,
      1.398743987083435,
      1.3979326486587524,
      1.398537516593933,
      1.3966217041015625,
      1.3972712755203247,
      1.3982967138290405,
      1.3970013856887817,
      1.3985893726348877,
      1.3946655094623566,
      1.3940695524215698,
      1.3977952003479004,
      1.3969773054122925,
      1.3979793787002563,
      1.3983371257781982,
      1.3986520767211914,
      1.3986083269119263,
      1.3979476690292358,
      1.397399663925171,
      1.3978163003921509,
      1.3987576961517334,
      1.3984590768814087,
      1.3986711502075195,
      1.3984723091125488,
      1.3988633155822754,
      1.3987809419631958,
      1.3973548412322998,
      1.3984143733978271,
      1.3974698781967163,
      1.3978573083877563,
      1.397221565246582,
      1.3983659744262695,
      1.398485779762268,
      1.3978039026260376,
      1.394945740699768,
      1.3955787420272827,
      1.3984914124011993,
      1.3988232612609863,
      1.3979759216308594,
      1.3979406356811523,
      1.3977528810501099,
      1.398584008216858,
      1.3974746465682983,
      1.3983086347579956,
      1.3983255624771118,
      1.3988219499588013,
      1.3937983512878418,
      1.398119568824768,
      1.3982863426208496,
      1.3986685276031494,
      1.3980700969696045,
      1.3970509767532349,
      1.398328423500061,
      1.3980461359024048,
      1.398603916168213,
      1.3968476057052612,
      1.3976292610168457,
      1.3978089094161987,
      1.3983451128005981,
      1.3952150344848633,
      1.3986583948135376,
      1.3980096578598022,
      1.39780592918396,
      1.3974597454071045,
      1.3988256454467773,
      1.3977116346359253,
      1.3977595567703247,
      1.398719310760498,
      1.3984997272491455,
      1.3969922065734863,
      1.3987787961959839,
      1.3985145092010498,
      1.3983343839645386,
      1.3977584838867188,
      1.398171067237854,
      1.3974649906158447,
      1.398819923400879,
      1.3986749649047852,
      1.3955166339874268,
      1.3974322080612183,
      1.3985742330551147,
      1.3978674411773682,
      1.396538257598877,
      1.3987847566604614,
      1.3983516693115234,
      1.3988728523254395,
      1.3982224464416504,
      1.396925687789917,
      1.3981006145477295,
      1.398484468460083,
      1.396748572587967,
      1.3954424858093262,
      1.3980889320373535,
      1.3943712413311005,
      1.3988771438598633,
      1.3971714973449707,
      1.3987975120544434,
      1.3965859413146973,
      1.3980270624160767,
      1.3948750495910645,
      1.3982083797454834,
      1.3982185125350952,
      1.398328185081482,
      1.3985636234283447,
      1.3988367319107056,
      1.3974775075912476,
      1.3970125913619995,
      1.3978270292282104,
      1.398565649986267,
      1.3986108005046844,
      1.398870587348938,
      1.3987257480621338,
      1.396647334098816,
      1.398331642150879,
      1.3985278606414795,
      1.39702570438385,
      1.398806244134903,
      1.3985868692398071,
      1.397854208946228,
      1.398213505744934,
      1.3986170291900635,
      1.3982716798782349,
      1.397554636001587,
      1.3951457738876343,
      1.3983349800109863,
      1.3988345861434937,
      1.397153615951538,
      1.3985333442687988,
      1.3986233472824097,
      1.398132085800171,
      1.3984714448451996,
      1.3982208967208862,
      1.3949172496795654,
      1.398127555847168,
      1.3983017206192017,
      1.3981705904006958,
      1.3987445831298828,
      1.3985610008239746,
      1.3975472152233124,
      1.3987747430801392,
      1.3976671695709229,
      1.3952795267105103,
      1.3966941833496094,
      1.3978880643844604,
      1.39875328540802,
      1.3977761268615723,
      1.3971896171569824,
      1.398331642150879,
      1.3952916860580444,
      1.3982579708099365,
      1.396967887878418,
      1.3977622985839844,
      1.394059658050537,
      1.398759126663208,
      1.3983101844787598,
      1.39829683303833,
      1.3978607654571533,
      1.3979699611663818,
      1.3971503973007202,
      1.3980704545974731,
      1.3966037929058075,
      1.3983783721923828,
      1.3977959156036377,
      1.3974220752716064,
      1.3977583944797516,
      1.3976269960403442,
      1.3975534439086914,
      1.3979721069335938,
      1.3983681201934814,
      1.3986223936080933,
      1.397538423538208,
      1.3984659910202026,
      1.3966717720031738,
      1.3979032039642334,
      1.3986587524414062,
      1.398638367652893,
      1.3985910415649414,
      1.3973885774612427,
      1.3988546133041382,
      1.3987420797348022,
      1.3969087600708008,
      1.3985894918441772,
      1.3985079526901245,
      1.3987540006637573,
      1.395755648612976,
      1.3971014022827148,
      1.3982250690460205,
      1.3982702493667603,
      1.3972126245498657,
      1.3979401588439941,
      1.3966856002807617,
      1.398789882659912,
      1.3987157344818115,
      1.3987886905670166,
      1.3983616828918457,
      1.3988335132598877,
      1.3978426456451416,
      1.3982493877410889,
      1.3951869010925293,
      1.3982142508029938,
      1.3987568616867065,
      1.3970973491668701,
      1.3984699249267578,
      1.3963404893875122,
      1.3987575471401215,
      1.3979114294052124,
      1.3974251747131348,
      1.3981499671936035,
      1.3988391160964966,
      1.3986685276031494,
      1.398165225982666,
      1.3988051414489746,
      1.3987021446228027,
      1.3982665538787842,
      1.3987382650375366,
      1.3970719575881958,
      1.3988166749477386,
      1.39884352684021,
      1.398373007774353,
      1.3984438180923462,
      1.3987619578838348,
      1.3984284400939941,
      1.398627758026123,
      1.3986811637878418,
      1.3972729444503784,
      1.398748755455017,
      1.3983556032180786,
      1.3982069492340088,
      1.398833155632019,
      1.3981268405914307,
      1.3960930109024048,
      1.398513913154602,
      1.3964847326278687,
      1.3986170291900635,
      1.3979324102401733,
      1.3988429307937622,
      1.3987376689910889,
      1.3982793092727661,
      1.3978372812271118,
      1.3988430500030518,
      1.3984957933425903,
      1.3987083435058594,
      1.3975480794906616,
      1.3985825777053833,
      1.3980239629745483,
      1.397771954536438,
      1.398819088935852,
      1.3984442949295044,
      1.396844744682312,
      1.3985453844070435,
      1.3985344171524048,
      1.3982570171356201,
      1.397782802581787,
      1.3985401391983032,
      1.3987728357315063,
      1.398748755455017,
      1.3976740837097168,
      1.3975805044174194,
      1.398450255393982,
      1.3987224102020264,
      1.3984748125076294,
      1.3984628915786743,
      1.3973307609558105,
      1.3986492156982422,
      1.3979830741882324,
      1.3963184356689453,
      1.3944870233535767,
      1.3973538875579834,
      1.3983607292175293,
      1.3984259366989136,
      1.3963062763214111,
      1.3971894979476929,
      1.3985892534255981,
      1.3986037969589233,
      1.3975346088409424,
      1.397044062614441,
      1.3976131677627563,
      1.3971576690673828,
      1.3968350887298584,
      1.3981415033340454,
      1.3969461917877197,
      1.3986845016479492,
      1.396775722503662,
      1.3988382816314697,
      1.3963865041732788,
      1.3982840776443481,
      1.3967088460922241,
      1.39832603931427,
      1.3967095911502838,
      1.3981349468231201,
      1.3985342979431152,
      1.3965332508087158,
      1.3947433233261108,
      1.398768424987793,
      1.3987853527069092,
      1.3979747295379639,
      1.3972179889678955,
      1.397550344467163,
      1.3978465795516968,
      1.3986760377883911,
      1.3975106477737427,
      1.3985191583633423,
      1.398820549249649,
      1.3981371223926544,
      1.3985726833343506,
      1.3982150554656982,
      1.3984692096710205,
      1.3972450494766235,
      1.3976117372512817,
      1.3986862897872925,
      1.398375391960144,
      1.397914171218872,
      1.3950929641723633,
      1.3969789743423462,
      1.397873878479004,
      1.398153305053711,
      1.39803147315979,
      1.3980309963226318,
      1.3984216451644897,
      1.3958184719085693,
      1.3950295448303223,
      1.3975995779037476,
      1.3949966430664062,
      1.3981060683727264,
      1.3984496593475342,
      1.3979792594909668,
      1.398292899131775,
      1.397778868675232,
      1.3965229988098145,
      1.3982269763946533,
      1.3978327512741089,
      1.3985174894332886,
      1.3966618776321411,
      1.3975551128387451,
      1.397722840309143,
      1.398865818977356,
      1.3980051279067993,
      1.3985246419906616,
      1.3986490964889526,
      1.3985549211502075,
      1.3963432312011719,
      1.3966566324234009,
      1.398456335067749,
      1.3979843854904175,
      1.3952699899673462,
      1.398697853088379,
      1.3969653844833374,
      1.3988429307937622,
      1.397055745124817,
      1.3965749740600586,
      1.3965336084365845,
      1.398636370897293,
      1.3983583450317383,
      1.3979076147079468,
      1.3980084657669067,
      1.398775577545166,
      1.3978101015090942,
      1.396666169166565,
      1.3987531661987305,
      1.396435022354126,
      1.3957557678222656,
      1.39653480052948,
      1.3986719846725464,
      1.3965779542922974,
      1.3987845182418823,
      1.3987261056900024,
      1.3974826335906982,
      1.3988029956817627,
      1.398848295211792,
      1.398488163948059,
      1.3970869779586792,
      1.3963449001312256,
      1.3979014158248901,
      1.3988624811172485,
      1.3967182636260986,
      1.3968374729156494,
      1.3949514627456665,
      1.3986579179763794,
      1.3957915306091309,
      1.398439884185791,
      1.3948742151260376,
      1.398016333580017,
      1.397745966911316,
      1.398123025894165,
      1.3986932039260864,
      1.3984233438968658,
      1.3985049724578857,
      1.3981274366378784,
      1.3981802463531494,
      1.3967931270599365,
      1.3982752561569214,
      1.3986283540725708,
      1.3981506824493408,
      1.3987784385681152,
      1.3962818384170532,
      1.39833402633667,
      1.3974344730377197,
      1.3980432748794556,
      1.3988198041915894,
      1.3981218338012695,
      1.3986958265304565,
      1.3973629474639893,
      1.3987985849380493,
      1.3977338075637817,
      1.397595763206482,
      1.3987256288528442,
      1.3977792263031006,
      1.3984456062316895,
      1.3979631662368774,
      1.396517276763916,
      1.3983503580093384,
      1.398424506187439,
      1.397428035736084,
      1.3987120389938354,
      1.3979376554489136,
      1.3984222412109375,
      1.397178053855896,
      1.39840829372406,
      1.397542119026184,
      1.3988142013549805,
      1.3984471559524536,
      1.3987189531326294,
      1.3986473083496094,
      1.3978848457336426,
      1.3981162309646606,
      1.3977664709091187,
      1.396551489830017,
      1.398563265800476,
      1.3963922262191772,
      1.3982446193695068,
      1.3972585201263428,
      1.3981164693832397,
      1.3972573280334473,
      1.398398518562317,
      1.3959777355194092,
      1.3980467319488525,
      1.398432731628418,
      1.3982352018356323,
      1.3972692489624023,
      1.398324728012085,
      1.3973233699798584,
      1.398537278175354,
      1.396090030670166,
      1.398684024810791,
      1.398605465888977,
      1.3981047868728638,
      1.3985646963119507,
      1.3957817554473877,
      1.3965390920639038,
      1.3972070515155792,
      1.3985910415649414,
      1.3971441686153412,
      1.3964629173278809,
      1.397533655166626,
      1.398776888847351,
      1.3982752561569214,
      1.3988349437713623,
      1.3939207792282104,
      1.3956949710845947,
      1.3969229459762573,
      1.3986923694610596,
      1.398604393005371,
      1.3988206386566162,
      1.3980399370193481,
      1.398566335439682,
      1.3982834815979004,
      1.3988251686096191,
      1.3980859518051147,
      1.3985483646392822,
      1.3981904685497284,
      1.394063949584961,
      1.395929217338562,
      1.3987646102905273,
      1.398309588432312,
      1.3979816436767578,
      1.398258090019226,
      1.3988546133041382,
      1.398761510848999,
      1.3985106945037842,
      1.3968805074691772,
      1.397564172744751,
      1.3983243703842163,
      1.3988476991653442,
      1.3983442783355713,
      1.3985596895217896,
      1.3988518714904785,
      1.3976801633834839,
      1.3977205753326416,
      1.398744821548462,
      1.3987617492675781,
      1.397850751876831,
      1.398677110671997,
      1.3983336687088013,
      1.3972934484481812,
      1.398256540298462,
      1.3972946405410767,
      1.3984756469726562,
      1.3967441320419312,
      1.3986599743366241,
      1.3986468315124512,
      1.3979920148849487,
      1.3984683752059937,
      1.396423101425171,
      1.3973119258880615,
      1.3988747596740723,
      1.396895408630371,
      1.3988170623779297,
      1.3963178396224976,
      1.3977763652801514,
      1.3986632823944092,
      1.3987032175064087,
      1.398540735244751,
      1.3986736536026,
      1.398077368736267,
      1.3988388776779175,
      1.3980588912963867,
      1.3984018564224243,
      1.3985223472118378,
      1.3983570635318756,
      1.3978667259216309,
      1.3969182968139648,
      1.3937816619873047,
      1.3985868692398071,
      1.3967751264572144,
      1.3973790407180786,
      1.398203730583191,
      1.3976874351501465,
      1.3987165689468384,
      1.398713231086731,
      1.3988769054412842,
      1.3988702297210693,
      1.398301124572754,
      1.3988410234451294,
      1.398629069328308,
      1.3956009149551392,
      1.3970680236816406,
      1.3973164558410645,
      1.3976272344589233,
      1.397859811782837,
      1.3986263275146484,
      1.395775556564331,
      1.3977007865905762,
      1.3970636129379272,
      1.3978452682495117,
      1.3964210748672485,
      1.3983579874038696,
      1.397329330444336,
      1.3973380327224731,
      1.3980481624603271,
      1.3987382650375366,
      1.3986417055130005,
      1.3984451293945312,
      1.3965516090393066,
      1.3942500352859497,
      1.394429326057434,
      1.3986161947250366,
      1.3987562656402588,
      1.3979569673538208,
      1.3943310976028442,
      1.3962184190750122,
      1.3982595205307007,
      1.3949662446975708,
      1.3981612920761108,
      1.3982597589492798,
      1.3985031843185425,
      1.3974744081497192,
      1.398153156042099,
      1.3978750705718994,
      1.3968857526779175,
      1.3987536430358887,
      1.3977915048599243,
      1.3977201282978058,
      1.396579384803772,
      1.397862434387207,
      1.3954516649246216,
      1.3984211683273315,
      1.3978146314620972,
      1.3976702690124512,
      1.3983385562896729,
      1.3986022472381592,
      1.3985531330108643,
      1.3962386846542358,
      1.3953547477722168,
      1.3983877897262573,
      1.3948811292648315,
      1.396774172782898,
      1.3986512422561646,
      1.3969218730926514,
      1.3987770080566406,
      1.3982889652252197,
      1.3967065811157227,
      1.3984090089797974,
      1.397568702697754,
      1.398616909980774,
      1.3966988325119019,
      1.3966844081878662,
      1.3988652229309082,
      1.3980501890182495,
      1.398422122001648,
      1.3987054824829102,
      1.3988163471221924,
      1.398258924484253,
      1.398202896118164,
      1.3986092805862427,
      1.3982594013214111,
      1.3988481760025024,
      1.3969922065734863,
      1.3980722427368164,
      1.3987185955047607,
      1.3980711698532104,
      1.3983557224273682,
      1.3987016677856445,
      1.3979490995407104,
      1.3988639116287231,
      1.3986213207244873,
      1.3980313539505005,
      1.398222416639328,
      1.3955953121185303,
      1.3988769054412842,
      1.3959733247756958,
      1.3973544836044312,
      1.3987253904342651,
      1.3975180387496948,
      1.3958606719970703,
      1.3954888582229614,
      1.3980673551559448,
      1.3959343433380127,
      1.3988239765167236,
      1.3976953029632568,
      1.3985825777053833,
      1.3973169326782227,
      1.3988559246063232,
      1.3941519260406494,
      1.397542953491211,
      1.3969846963882446,
      1.3977292776107788,
      1.3987843990325928,
      1.3987245559692383,
      1.3982629776000977,
      1.3984631299972534,
      1.398853063583374,
      1.3984376192092896,
      1.3966948986053467,
      1.3973814249038696,
      1.3985610008239746,
      1.3977924585342407,
      1.3973592519760132,
      1.3981233835220337,
      1.3978549242019653,
      1.3984782695770264,
      1.3978461027145386,
      1.3980863094329834,
      1.3983715772628784,
      1.3987886905670166,
      1.397857427597046,
      1.3982431888580322,
      1.3974225521087646,
      1.3985928297042847,
      1.397942215204239,
      1.3977679014205933,
      1.3985605239868164,
      1.397560954093933,
      1.396833062171936,
      1.3988182544708252,
      1.3983920812606812,
      1.398600459098816,
      1.3973772525787354,
      1.398871898651123,
      1.398510456085205,
      1.3987709283828735,
      1.3986161947250366,
      1.3988229036331177,
      1.3983920812606812,
      1.398855835199356,
      1.3973356485366821,
      1.3965890407562256,
      1.3979835510253906,
      1.3949193954467773,
      1.39805006980896,
      1.3985517024993896,
      1.3980289697647095,
      1.3979158401489258,
      1.3973231315612793,
      1.3981738090515137,
      1.3985520601272583,
      1.3970739841461182,
      1.3982973098754883,
      1.3969745635986328,
      1.3984572887420654,
      1.3966439962387085,
      1.3981635570526123,
      1.397765874862671,
      1.3965988159179688,
      1.398829460144043,
      1.3979791402816772,
      1.3981255292892456,
      1.3980969190597534,
      1.3971750736236572,
      1.3981859683990479,
      1.3987122774124146,
      1.3987294435501099,
      1.3966596126556396,
      1.3975634574890137,
      1.3980612754821777
    ],
    "beta_estimates_sha256": "52629b32f884a0a6401dc03ca78541202a91438edb795d85b03d16e6baa5e5a9",
    "beta_interval": [
      1.3949165105819703,
      1.3988495469093323
    ],
    "bootstrap_mean": 1.3978138281404973,
    "bootstrap_std": 0.0010165504266980295,
    "conditions_on_observed_commands": true,
    "confidence_level": 0.95,
    "method": "conditional_parametric_percentile_bootstrap",
    "replicates_finite": 1000,
    "replicates_requested": 1000,
    "replicates_unbounded": 0,
    "seed": 28014
  }
}
