{
  "arms": {
    "adapted": {
      "action_noise_beta": 1.25,
      "action_noise_seeds": [
        49300,
        49301,
        49302,
        49303,
        49304,
        49305,
        49306,
        49307,
        49308,
        49309,
        49310,
        49311,
        49312,
        49313,
        49314,
        49315,
        49316,
        49317,
        49318,
        49319,
        49320,
        49321,
        49322,
        49323,
        49324,
        49325,
        49326,
        49327,
        49328,
        49329,
        49330,
        49331,
        49332,
        49333,
        49334,
        49335,
        49336,
        49337,
        49338,
        49339,
        49340,
        49341,
        49342,
        49343,
        49344,
        49345,
        49346,
        49347,
        49348,
        49349
      ],
      "actuator_clip_fraction": 0.33526476742314504,
      "applied_residual_abs_max": 0.7342423796653748,
      "applied_residual_abs_mean": 0.06429160819166098,
      "arm": "channel_opex",
      "command_at_bound_fraction": 0.07019843185946517,
      "environment_seeds": [
        39300,
        39301,
        39302,
        39303,
        39304,
        39305,
        39306,
        39307,
        39308,
        39309,
        39310,
        39311,
        39312,
        39313,
        39314,
        39315,
        39316,
        39317,
        39318,
        39319,
        39320,
        39321,
        39322,
        39323,
        39324,
        39325,
        39326,
        39327,
        39328,
        39329,
        39330,
        39331,
        39332,
        39333,
        39334,
        39335,
        39336,
        39337,
        39338,
        39339,
        39340,
        39341,
        39342,
        39343,
        39344,
        39345,
        39346,
        39347,
        39348,
        39349
      ],
      "executed_commanded_action_mse": 0.3397163243424099,
      "gradient_abs_max": 7.897436141967773,
      "gradient_l2_mean": 2.3707432637952595,
      "gradient_noise_draw_calls": 0,
      "gradient_noise_sampling_frequency": "none_beta_zero_or_baseline_arm",
      "gradient_noise_seeds": [
        69300,
        69301,
        69302,
        69303,
        69304,
        69305,
        69306,
        69307,
        69308,
        69309,
        69310,
        69311,
        69312,
        69313,
        69314,
        69315,
        69316,
        69317,
        69318,
        69319,
        69320,
        69321,
        69322,
        69323,
        69324,
        69325,
        69326,
        69327,
        69328,
        69329,
        69330,
        69331,
        69332,
        69333,
        69334,
        69335,
        69336,
        69337,
        69338,
        69339,
        69340,
        69341,
        69342,
        69343,
        69344,
        69345,
        69346,
        69347,
        69348,
        69349
      ],
      "gradient_noise_stream_used": false,
      "inverse_saturation_fraction": 0.0,
      "lengths": [
        281,
        354,
        286,
        463,
        300,
        275,
        322,
        656,
        602,
        1000,
        165,
        464,
        244,
        244,
        406,
        640,
        257,
        249,
        193,
        351,
        212,
        157,
        198,
        211,
        213,
        390,
        170,
        214,
        131,
        190,
        187,
        645,
        183,
        261,
        125,
        176,
        216,
        162,
        198,
        221,
        363,
        109,
        188,
        189,
        166,
        205,
        316,
        125,
        216,
        408
      ],
      "normalized_score_mean": 18.504788736616103,
      "normalized_score_std": 12.927289822727014,
      "proposed_residual_abs_mean": 0.06429160819166098,
      "q1_expected_before_update_mean": 70.0725717366116,
      "q1_gradient_calls": 14497,
      "q1_rows_by_episode": [
        281,
        354,
        286,
        463,
        300,
        275,
        322,
        656,
        602,
        1000,
        165,
        464,
        244,
        244,
        406,
        640,
        257,
        249,
        193,
        351,
        212,
        157,
        198,
        211,
        213,
        390,
        170,
        214,
        131,
        190,
        187,
        645,
        183,
        261,
        125,
        176,
        216,
        162,
        198,
        221,
        363,
        109,
        188,
        189,
        166,
        205,
        316,
        125,
        216,
        408
      ],
      "q1_rows_per_action": 1,
      "q1_rows_total": 14497,
      "raw_residual_abs_max": 0.7897436022758484,
      "return_mean": 851.122976662719,
      "return_std": 593.4493439436973,
      "returns": [
        803.6049753662742,
        1062.4557404128936,
        835.3833183259579,
        1517.046426691615,
        939.9314009744586,
        783.4486058851288,
        931.8635926971754,
        2154.362882922609,
        2012.0118426924096,
        3123.373638152187,
        386.49069178309514,
        1406.8828274462705,
        642.6779722757122,
        692.8002577163066,
        1318.680753968543,
        2213.091532886124,
        709.5068560508777,
        666.5611899309134,
        529.6074176198325,
        1087.1942749789184,
        508.4650623491498,
        387.93273361977054,
        447.8575700177966,
        583.6805191370323,
        609.1937807810948,
        1203.2651084154365,
        401.2190465823556,
        568.5125745213453,
        316.1209536075828,
        443.4745226747256,
        510.7008086617943,
        2150.3994216685646,
        465.43854434081015,
        797.4571219643668,
        286.6234296424334,
        468.4953674444677,
        548.8459809969589,
        353.58340071775143,
        554.5684514251578,
        594.3375287640558,
        1308.3395506563859,
        225.98257804109528,
        492.3314933927112,
        531.2155483739004,
        403.32869285428694,
        507.83957526950013,
        976.2410883943372,
        286.06744278857497,
        655.2208960380638,
        1152.433841217132
      ],
      "trust_region_clipped_fraction": 0.07019843185946517,
      "wall_time_seconds": 52.09167319803964
    },
    "baseline_only": {
      "action_noise_beta": 1.25,
      "action_noise_seeds": [
        49300,
        49301,
        49302,
        49303,
        49304,
        49305,
        49306,
        49307,
        49308,
        49309,
        49310,
        49311,
        49312,
        49313,
        49314,
        49315,
        49316,
        49317,
        49318,
        49319,
        49320,
        49321,
        49322,
        49323,
        49324,
        49325,
        49326,
        49327,
        49328,
        49329,
        49330,
        49331,
        49332,
        49333,
        49334,
        49335,
        49336,
        49337,
        49338,
        49339,
        49340,
        49341,
        49342,
        49343,
        49344,
        49345,
        49346,
        49347,
        49348,
        49349
      ],
      "actuator_clip_fraction": 0.320330861032262,
      "applied_residual_abs_max": 0.0,
      "applied_residual_abs_mean": 0.0,
      "arm": "identity_anchor_baseline",
      "command_at_bound_fraction": 0.0,
      "environment_seeds": [
        39300,
        39301,
        39302,
        39303,
        39304,
        39305,
        39306,
        39307,
        39308,
        39309,
        39310,
        39311,
        39312,
        39313,
        39314,
        39315,
        39316,
        39317,
        39318,
        39319,
        39320,
        39321,
        39322,
        39323,
        39324,
        39325,
        39326,
        39327,
        39328,
        39329,
        39330,
        39331,
        39332,
        39333,
        39334,
        39335,
        39336,
        39337,
        39338,
        39339,
        39340,
        39341,
        39342,
        39343,
        39344,
        39345,
        39346,
        39347,
        39348,
        39349
      ],
      "executed_commanded_action_mse": 0.3489649286945188,
      "gradient_abs_max": null,
      "gradient_l2_mean": null,
      "gradient_noise_draw_calls": 0,
      "gradient_noise_sampling_frequency": "none_beta_zero_or_baseline_arm",
      "gradient_noise_seeds": [
        69300,
        69301,
        69302,
        69303,
        69304,
        69305,
        69306,
        69307,
        69308,
        69309,
        69310,
        69311,
        69312,
        69313,
        69314,
        69315,
        69316,
        69317,
        69318,
        69319,
        69320,
        69321,
        69322,
        69323,
        69324,
        69325,
        69326,
        69327,
        69328,
        69329,
        69330,
        69331,
        69332,
        69333,
        69334,
        69335,
        69336,
        69337,
        69338,
        69339,
        69340,
        69341,
        69342,
        69343,
        69344,
        69345,
        69346,
        69347,
        69348,
        69349
      ],
      "gradient_noise_stream_used": false,
      "inverse_saturation_fraction": 0.0,
      "lengths": [
        254,
        174,
        337,
        195,
        214,
        165,
        334,
        267,
        236,
        355,
        242,
        214,
        154,
        223,
        227,
        305,
        240,
        590,
        156,
        178,
        208,
        277,
        448,
        229,
        148,
        208,
        166,
        195,
        123,
        222,
        167,
        228,
        129,
        209,
        198,
        154,
        191,
        204,
        326,
        8,
        147,
        98,
        249,
        152,
        233,
        166,
        239,
        138,
        193,
        208
      ],
      "normalized_score_mean": 12.478390245384128,
      "normalized_score_std": 6.317082003758631,
      "proposed_residual_abs_mean": 0.0,
      "q1_expected_before_update_mean": null,
      "q1_gradient_calls": 0,
      "q1_rows_by_episode": [
        0,
        0,
        0,
        0,
        0,
        0,
        0,
        0,
        0,
        0,
        0,
        0,
        0,
        0,
        0,
        0,
        0,
        0,
        0,
        0,
        0,
        0,
        0,
        0,
        0,
        0,
        0,
        0,
        0,
        0,
        0,
        0,
        0,
        0,
        0,
        0,
        0,
        0,
        0,
        0,
        0,
        0,
        0,
        0,
        0,
        0,
        0,
        0,
        0,
        0
      ],
      "q1_rows_per_action": 0,
      "q1_rows_total": 0,
      "raw_residual_abs_max": null,
      "return_mean": 574.4708492634069,
      "return_std": 289.99645108739986,
      "returns": [
        736.8000826447019,
        365.395304791993,
        948.416453522995,
        505.0283819089369,
        593.6855174759102,
        331.4093180356478,
        994.0435647793643,
        766.6070124058397,
        657.5939356627557,
        966.0958039089603,
        598.0342393023388,
        598.120450001331,
        287.4567349487881,
        605.0112277936679,
        525.1835618578777,
        972.0088196134208,
        613.7388503675758,
        1633.3504041790354,
        355.05032361820537,
        432.42070312478415,
        569.7938939852568,
        872.4305583389188,
        1457.6434481279757,
        610.9322978652651,
        336.1882182261651,
        531.9443695850646,
        361.83832670918576,
        448.44834807342255,
        286.6287675719034,
        509.7522083211423,
        391.2914380585048,
        651.8508109012971,
        276.0730823683748,
        591.1489221626881,
        572.8221834927016,
        380.82582028793047,
        462.06471058764885,
        498.7322724260511,
        919.5695562879267,
        -1.8853502780207594,
        350.5124527754012,
        191.28872909196377,
        620.6985115809622,
        363.45017671715976,
        677.7549743295814,
        390.09037660592617,
        712.8190267914403,
        325.02931375842314,
        473.53515589514774,
        404.8191725808013
      ],
      "trust_region_clipped_fraction": 0.0,
      "wall_time_seconds": 7.746072544017807
    }
  },
  "base_checkpoint": {
    "format": null,
    "path": "/root/hubl_research_20260914/results/inverse_residual_confirm/base_hubl_executed_25k_seed1/latest.pt",
    "sha256": "22b47965695bfa312533741abaa1e17e3cbbc091f3c5e6ba7fc8953fbc8ca6ae",
    "step": 25000
  },
  "calibration": {
    "beta": 0.0,
    "calibration_path": null,
    "calibration_sha256": null,
    "pair_count": null,
    "source": "cli_known_beta_without_pair_calibration"
  },
  "channel": {
    "beta_mismatch": true,
    "environment_rollout_beta": 1.25,
    "gradient_model": "iid_uniform_additive_then_clip",
    "model_or_calibration_beta": 0.0
  },
  "controller": {
    "K": 1,
    "actor_parameter_updates": 0,
    "baseline_transform": "identity",
    "calibration_mode": "cli_known_beta_without_pair_calibration",
    "critic": "frozen_q1",
    "critic_parameter_updates": 0,
    "delta_max": 2.0,
    "execution_noise_samples": 1,
    "gradient_noise_seed": 69300,
    "gradient_objective": "q1_of_action_bounded_command_with_deterministic_zero_channel_noise",
    "gradient_steps": 1,
    "gradient_steps_per_action": 1,
    "model_beta": 0.0,
    "q_reducer": "mean_q1",
    "step_size": 0.1
  },
  "cost": {
    "adapted_backward_calls": 14497,
    "adapted_q1_rows_per_environment_step": 1,
    "adapted_q1_rows_total": 14497,
    "base_actor_rows": 14497,
    "baseline_base_actor_rows": 10921,
    "baseline_environment_steps": 10921,
    "baseline_q1_rows_total": 0,
    "baseline_wall_time_seconds": 7.746072544017807,
    "cost_scope": "adapted_arm_deployment_controller_only",
    "environment_steps": 14497,
    "paired_evaluation_environment_steps": 25418,
    "paired_evaluation_wall_time_seconds": 60.753882094984874,
    "q1_backward_calls": 14497,
    "q1_backward_rows": 14497,
    "q1_forward_rows": 14497,
    "wall_time_seconds": 52.09167319803964
  },
  "environment": "Walker2d-v4",
  "evaluation_protocol": {
    "action_noise_seed_start": 49300,
    "actuator_noise_rng_namespace": "numpy_generator_per_episode",
    "environment": "Walker2d-v4",
    "environment_rng_namespace": "gymnasium_env_reset",
    "environment_seed_start": 39300,
    "episode_count_per_arm": 50,
    "episode_local_gradient_streams_prevent_cross_episode_call_order_coupling": true,
    "gradient_noise_antithetic": false,
    "gradient_noise_rng_namespace": "none_beta_zero_deterministic_objective",
    "gradient_noise_sampling_frequency": "none_beta_zero",
    "gradient_noise_seed_start": 69300,
    "paired_environment_and_action_noise_seeds": true,
    "selection_rule": "all requested episodes retained"
  },
  "implementation": {
    "evaluate_sha256": "cf659f47fddd8f848c84f5f114be1fcb9081a55470fe59e8c073d4f84af0bff1",
    "evaluation_controls_sha256": "24318269a6696fd22c8112b2d96913bdceb830d83de9df31ca234e1505f1aec9",
    "inverse_residual_core_sha256": "5700efa8bbefac91c991a76878c3b78c5b3e84aea83568987f7a7e8919e50041",
    "td3bc_core_sha256": "e27cec131b533dd542e77ba9de2de492db4890c6fb9723796f59a02002d1f052",
    "train_inverse_residual_adapter_sha256": "fb065682c78e6c058d1165fa68f680fb682d235ec8c9c3abe70b8098177ee0e4",
    "train_td3bc_sha256": "28094abb38441633f3e52386a9d3ac0747b9df8a4f2bd03403bf46d1d5234737"
  },
  "method_id": "original_structure_opex_t1",
  "method_scope": "original single-step OPEX structure with deterministic TD3+BC actor/Q1 and action-bound projection",
  "normalization": {
    "reference_max_score": 4592.3,
    "reference_min_score": 1.629008
  },
  "opex_reference": {
    "original_single_step_rule": "a <- a + step_size * grad_a Q(s, a)",
    "paper": "Is Value Learning Really the Main Bottleneck in Offline RL?",
    "url": "https://proceedings.neurips.cc/paper_files/paper/2024/hash/8ffb4e3118280a66b192b6f06e0e2596-Abstract-Conference.html",
    "venue": "NeurIPS 2024"
  },
  "paired": {
    "adapted_minus_baseline_returns": [
      66.80489272157229,
      697.0604356209006,
      -113.03313519703704,
      1012.018044782678,
      346.24588349854844,
      452.039287849481,
      -62.1799720821889,
      1387.7558705167694,
      1354.4179070296539,
      2157.2778342432266,
      -211.5435475192437,
      808.7623774449395,
      355.22123732692415,
      87.78902992263875,
      793.4971921106653,
      1241.0827132727031,
      95.76800568330191,
      -966.789214248122,
      174.55709400162715,
      654.7735718541343,
      -61.328831636107,
      -484.49782471914824,
      -1009.785878110179,
      -27.251778728232807,
      273.0055625549297,
      671.320738830372,
      39.380719873169824,
      120.06422644792275,
      29.492186035679424,
      -66.27768564641667,
      119.40937060328952,
      1498.5486107672675,
      189.36546197243536,
      206.3081998016787,
      -286.1987538502682,
      87.66954715653725,
      86.78127040931008,
      -145.14887170829968,
      -365.0011048627689,
      596.2228790420766,
      957.8270978809846,
      34.69384894913151,
      -128.367018188251,
      167.76537165674068,
      -274.42628147529445,
      117.74919866357396,
      263.422061602897,
      -38.96187096984818,
      181.68574014291602,
      747.6146686363309
    ],
    "episode_count": 50,
    "positive_episode_count": 35,
    "return_difference_mean": 276.65212739931206,
    "return_difference_std": 588.4609281440937
  },
  "raw_schema": "channel_opex_v1",
  "status": "complete",
  "wall_time_seconds": 60.753882094984874
}
